00:03.625  blend            | Read blend: "C:\Users\d.grab\Desktop\the-game\ART\characters\act-1-enemies\forest-elite-wendigo\production\animation\reference_match_remaining\death_work\Death_Reference.blend"
00:03.703  render           | Rendering single frame
00:03.703  render           | Rendering frame 0
00:03.703  render           | Start rendering: Scene, ViewLayer
00:03.703  render           | Engine: EEVEE
00:04.953  render           | Fra: 0 | Rendering 1 / 64 samples
Blender 5.2.1 LTS (hash 9e2066aef7ef built 2026-08-25 02:38:20)
00:05.047  render           | Fra: 0 | Rendering 25 / 64 samples
00:05.109  render           | Fra: 0 | Rendering 50 / 64 samples
00:05.140  render           | Fra: 0 | Rendering 64 / 64 samples
00:05.265  render           | Saved: 'C:\Users\d.grab\Desktop\the-game\ART\characters\act-1-enemies\forest-elite-wendigo\production\animation\reference_match_remaining\death_work\frames\pose_0000.png'
00:05.265  render           | Time: 00:01.57 (Saving: 00:00.10)
00:05.265  render           | Rendering single frame
00:05.265  render           | Rendering frame 30
00:05.265  render           | Start rendering: Scene, ViewLayer
00:05.265  render           | Engine: EEVEE
00:05.344  render           | Fra: 30 | Rendering 1 / 64 samples
00:05.453  render           | Fra: 30 | Rendering 25 / 64 samples
00:05.531  render           | Fra: 30 | Rendering 50 / 64 samples
00:05.578  render           | Fra: 30 | Rendering 64 / 64 samples
00:05.640  render           | Saved: 'C:\Users\d.grab\Desktop\the-game\ART\characters\act-1-enemies\forest-elite-wendigo\production\animation\reference_match_remaining\death_work\frames\pose_0030.png'
00:05.640  render           | Time: 00:00.37 (Saving: 00:00.04)
00:05.640  render           | Rendering single frame
00:05.640  render           | Rendering frame 48
00:05.640  render           | Start rendering: Scene, ViewLayer
00:05.640  render           | Engine: EEVEE
00:05.719  render           | Fra: 48 | Rendering 1 / 64 samples
00:05.797  render           | Fra: 48 | Rendering 25 / 64 samples
00:05.890  render           | Fra: 48 | Rendering 50 / 64 samples
00:05.937  render           | Fra: 48 | Rendering 64 / 64 samples
00:06.015  render           | Saved: 'C:\Users\d.grab\Desktop\the-game\ART\characters\act-1-enemies\forest-elite-wendigo\production\animation\reference_match_remaining\death_work\frames\pose_0048.png'
00:06.015  render           | Time: 00:00.36 (Saving: 00:00.04)
00:06.015  render           | Rendering single frame
00:06.015  render           | Rendering frame 72
00:06.015  render           | Start rendering: Scene, ViewLayer
00:06.015  render           | Engine: EEVEE
00:06.094  render           | Fra: 72 | Rendering 1 / 64 samples
00:06.172  render           | Fra: 72 | Rendering 25 / 64 samples
00:06.250  render           | Fra: 72 | Rendering 50 / 64 samples
00:06.312  render           | Fra: 72 | Rendering 64 / 64 samples
00:06.375  render           | Saved: 'C:\Users\d.grab\Desktop\the-game\ART\characters\act-1-enemies\forest-elite-wendigo\production\animation\reference_match_remaining\death_work\frames\pose_0072.png'
00:06.375  render           | Time: 00:00.36 (Saving: 00:00.04)
Reloading external rigs...
Reloading external metarigs...
Exception in module unregister(): 'C:\\Users\\d.grab\\AppData\\Roaming\\Blender Foundation\\Blender\\5.2\\scripts\\addons\\a_Rodin\\__init__.py'

Blender quit
