00:02.188  blend            | Read blend: "C:\Users\d.grab\Desktop\the-game\ART\characters\act-1-enemies\forest-stonepoof\production\animation\windup_start\Stonehoof_WindupStart_r01.blend"
C:\Users\d.grab\Desktop\the-game\ART\characters\act-1-enemies\forest-stonepoof\production\animation\charge_loop\render_transition.py:13: DeprecationWarning: 'Material.use_nodes' is expected to be removed in Blender 6.0
  mat=bpy.data.materials.new('MAT_QA_FloorMarks');mat.use_nodes=True;mat.node_tree.nodes.get('Principled BSDF').inputs['Base Color'].default_value=(.035,.045,.045,1);mat.node_tree.nodes.get('Principled BSDF').inputs['Roughness'].default_value=.9;go.data.materials.append(mat)
00:03.828  render           | Saved: 'C:\Users\d.grab\Desktop\the-game\ART\characters\act-1-enemies\forest-stonepoof\production\review\animation_charge_loop\transition_side_frames\0000.png'
00:04.125  render           | Saved: 'C:\Users\d.grab\Desktop\the-game\ART\characters\act-1-enemies\forest-stonepoof\production\review\animation_charge_loop\transition_side_frames\0001.png'
00:04.391  render           | Saved: 'C:\Users\d.grab\Desktop\the-game\ART\characters\act-1-enemies\forest-stonepoof\production\review\animation_charge_loop\transition_side_frames\0002.png'
00:04.703  render           | Saved: 'C:\Users\d.grab\Desktop\the-game\ART\characters\act-1-enemies\forest-stonepoof\production\review\animation_charge_loop\transition_side_frames\0003.png'
00:05.016  render           | Saved: 'C:\Users\d.grab\Desktop\the-game\ART\characters\act-1-enemies\forest-stonepoof\production\review\animation_charge_loop\transition_side_frames\0004.png'
00:05.297  render           | Saved: 'C:\Users\d.grab\Desktop\the-game\ART\characters\act-1-enemies\forest-stonepoof\production\review\animation_charge_loop\transition_side_frames\0005.png'
00:05.563  render           | Saved: 'C:\Users\d.grab\Desktop\the-game\ART\characters\act-1-enemies\forest-stonepoof\production\review\animation_charge_loop\transition_side_frames\0006.png'
00:05.875  render           | Saved: 'C:\Users\d.grab\Desktop\the-game\ART\characters\act-1-enemies\forest-stonepoof\production\review\animation_charge_loop\transition_side_frames\0007.png'
00:06.188  render           | Saved: 'C:\Users\d.grab\Desktop\the-game\ART\characters\act-1-enemies\forest-stonepoof\production\review\animation_charge_loop\transition_side_frames\0008.png'
00:06.453  render           | Saved: 'C:\Users\d.grab\Desktop\the-game\ART\characters\act-1-enemies\forest-stonepoof\production\review\animation_charge_loop\transition_side_frames\0009.png'
00:06.735  render           | Saved: 'C:\Users\d.grab\Desktop\the-game\ART\characters\act-1-enemies\forest-stonepoof\production\review\animation_charge_loop\transition_side_frames\0010.png'
00:07.032  render           | Saved: 'C:\Users\d.grab\Desktop\the-game\ART\characters\act-1-enemies\forest-stonepoof\production\review\animation_charge_loop\transition_side_frames\0011.png'
00:07.328  render           | Saved: 'C:\Users\d.grab\Desktop\the-game\ART\characters\act-1-enemies\forest-stonepoof\production\review\animation_charge_loop\transition_side_frames\0012.png'
00:07.610  render           | Saved: 'C:\Users\d.grab\Desktop\the-game\ART\characters\act-1-enemies\forest-stonepoof\production\review\animation_charge_loop\transition_side_frames\0013.png'
00:07.875  render           | Saved: 'C:\Users\d.grab\Desktop\the-game\ART\characters\act-1-enemies\forest-stonepoof\production\review\animation_charge_loop\transition_side_frames\0014.png'
00:08.172  render           | Saved: 'C:\Users\d.grab\Desktop\the-game\ART\characters\act-1-enemies\forest-stonepoof\production\review\animation_charge_loop\transition_side_frames\0015.png'
00:08.453  render           | Saved: 'C:\Users\d.grab\Desktop\the-game\ART\characters\act-1-enemies\forest-stonepoof\production\review\animation_charge_loop\transition_side_frames\0016.png'
00:08.719  render           | Saved: 'C:\Users\d.grab\Desktop\the-game\ART\characters\act-1-enemies\forest-stonepoof\production\review\animation_charge_loop\transition_side_frames\0017.png'
00:09.000  render           | Saved: 'C:\Users\d.grab\Desktop\the-game\ART\characters\act-1-enemies\forest-stonepoof\production\review\animation_charge_loop\transition_side_frames\0018.png'
00:09.266  render           | Saved: 'C:\Users\d.grab\Desktop\the-game\ART\characters\act-1-enemies\forest-stonepoof\production\review\animation_charge_loop\transition_side_frames\0019.png'
00:09.547  render           | Saved: 'C:\Users\d.grab\Desktop\the-game\ART\characters\act-1-enemies\forest-stonepoof\production\review\animation_charge_loop\transition_side_frames\0020.png'
00:09.813  render           | Saved: 'C:\Users\d.grab\Desktop\the-game\ART\characters\act-1-enemies\forest-stonepoof\production\review\animation_charge_loop\transition_side_frames\0021.png'
00:10.094  render           | Saved: 'C:\Users\d.grab\Desktop\the-game\ART\characters\act-1-enemies\forest-stonepoof\production\review\animation_charge_loop\transition_side_frames\0022.png'
00:10.375  render           | Saved: 'C:\Users\d.grab\Desktop\the-game\ART\characters\act-1-enemies\forest-stonepoof\production\review\animation_charge_loop\transition_side_frames\0023.png'
00:10.672  render           | Saved: 'C:\Users\d.grab\Desktop\the-game\ART\characters\act-1-enemies\forest-stonepoof\production\review\animation_charge_loop\transition_side_frames\0024.png'
00:10.969  render           | Saved: 'C:\Users\d.grab\Desktop\the-game\ART\characters\act-1-enemies\forest-stonepoof\production\review\animation_charge_loop\transition_side_frames\0025.png'
00:11.235  render           | Saved: 'C:\Users\d.grab\Desktop\the-game\ART\characters\act-1-enemies\forest-stonepoof\production\review\animation_charge_loop\transition_side_frames\0026.png'
00:11.532  render           | Saved: 'C:\Users\d.grab\Desktop\the-game\ART\characters\act-1-enemies\forest-stonepoof\production\review\animation_charge_loop\transition_side_frames\0027.png'
00:11.813  render           | Saved: 'C:\Users\d.grab\Desktop\the-game\ART\characters\act-1-enemies\forest-stonepoof\production\review\animation_charge_loop\transition_side_frames\0028.png'
00:12.094  render           | Saved: 'C:\Users\d.grab\Desktop\the-game\ART\characters\act-1-enemies\forest-stonepoof\production\review\animation_charge_loop\transition_side_frames\0029.png'
00:12.360  render           | Saved: 'C:\Users\d.grab\Desktop\the-game\ART\characters\act-1-enemies\forest-stonepoof\production\review\animation_charge_loop\transition_side_frames\0030.png'
00:12.657  render           | Saved: 'C:\Users\d.grab\Desktop\the-game\ART\characters\act-1-enemies\forest-stonepoof\production\review\animation_charge_loop\transition_side_frames\0031.png'
00:12.938  render           | Saved: 'C:\Users\d.grab\Desktop\the-game\ART\characters\act-1-enemies\forest-stonepoof\production\review\animation_charge_loop\transition_side_frames\0032.png'
00:13.219  render           | Saved: 'C:\Users\d.grab\Desktop\the-game\ART\characters\act-1-enemies\forest-stonepoof\production\review\animation_charge_loop\transition_side_frames\0033.png'
00:13.485  render           | Saved: 'C:\Users\d.grab\Desktop\the-game\ART\characters\act-1-enemies\forest-stonepoof\production\review\animation_charge_loop\transition_side_frames\0034.png'
00:13.750  render           | Saved: 'C:\Users\d.grab\Desktop\the-game\ART\characters\act-1-enemies\forest-stonepoof\production\review\animation_charge_loop\transition_side_frames\0035.png'
00:14.032  render           | Saved: 'C:\Users\d.grab\Desktop\the-game\ART\characters\act-1-enemies\forest-stonepoof\production\review\animation_charge_loop\transition_game_frames\0000.png'
00:14.297  render           | Saved: 'C:\Users\d.grab\Desktop\the-game\ART\characters\act-1-enemies\forest-stonepoof\production\review\animation_charge_loop\transition_game_frames\0001.png'
00:14.563  render           | Saved: 'C:\Users\d.grab\Desktop\the-game\ART\characters\act-1-enemies\forest-stonepoof\production\review\animation_charge_loop\transition_game_frames\0002.png'
00:14.828  render           | Saved: 'C:\Users\d.grab\Desktop\the-game\ART\characters\act-1-enemies\forest-stonepoof\production\review\animation_charge_loop\transition_game_frames\0003.png'
00:15.094  render           | Saved: 'C:\Users\d.grab\Desktop\the-game\ART\characters\act-1-enemies\forest-stonepoof\production\review\animation_charge_loop\transition_game_frames\0004.png'
00:15.391  render           | Saved: 'C:\Users\d.grab\Desktop\the-game\ART\characters\act-1-enemies\forest-stonepoof\production\review\animation_charge_loop\transition_game_frames\0005.png'
00:15.672  render           | Saved: 'C:\Users\d.grab\Desktop\the-game\ART\characters\act-1-enemies\forest-stonepoof\production\review\animation_charge_loop\transition_game_frames\0006.png'
00:15.938  render           | Saved: 'C:\Users\d.grab\Desktop\the-game\ART\characters\act-1-enemies\forest-stonepoof\production\review\animation_charge_loop\transition_game_frames\0007.png'
00:16.219  render           | Saved: 'C:\Users\d.grab\Desktop\the-game\ART\characters\act-1-enemies\forest-stonepoof\production\review\animation_charge_loop\transition_game_frames\0008.png'
00:16.516  render           | Saved: 'C:\Users\d.grab\Desktop\the-game\ART\characters\act-1-enemies\forest-stonepoof\production\review\animation_charge_loop\transition_game_frames\0009.png'
00:16.813  render           | Saved: 'C:\Users\d.grab\Desktop\the-game\ART\characters\act-1-enemies\forest-stonepoof\production\review\animation_charge_loop\transition_game_frames\0010.png'
00:17.094  render           | Saved: 'C:\Users\d.grab\Desktop\the-game\ART\characters\act-1-enemies\forest-stonepoof\production\review\animation_charge_loop\transition_game_frames\0011.png'
00:17.375  render           | Saved: 'C:\Users\d.grab\Desktop\the-game\ART\characters\act-1-enemies\forest-stonepoof\production\review\animation_charge_loop\transition_game_frames\0012.png'
00:17.672  render           | Saved: 'C:\Users\d.grab\Desktop\the-game\ART\characters\act-1-enemies\forest-stonepoof\production\review\animation_charge_loop\transition_game_frames\0013.png'
00:17.969  render           | Saved: 'C:\Users\d.grab\Desktop\the-game\ART\characters\act-1-enemies\forest-stonepoof\production\review\animation_charge_loop\transition_game_frames\0014.png'
00:18.235  render           | Saved: 'C:\Users\d.grab\Desktop\the-game\ART\characters\act-1-enemies\forest-stonepoof\production\review\animation_charge_loop\transition_game_frames\0015.png'
00:18.516  render           | Saved: 'C:\Users\d.grab\Desktop\the-game\ART\characters\act-1-enemies\forest-stonepoof\production\review\animation_charge_loop\transition_game_frames\0016.png'
00:18.828  render           | Saved: 'C:\Users\d.grab\Desktop\the-game\ART\characters\act-1-enemies\forest-stonepoof\production\review\animation_charge_loop\transition_game_frames\0017.png'
00:19.110  render           | Saved: 'C:\Users\d.grab\Desktop\the-game\ART\characters\act-1-enemies\forest-stonepoof\production\review\animation_charge_loop\transition_game_frames\0018.png'
00:19.391  render           | Saved: 'C:\Users\d.grab\Desktop\the-game\ART\characters\act-1-enemies\forest-stonepoof\production\review\animation_charge_loop\transition_game_frames\0019.png'
00:19.672  render           | Saved: 'C:\Users\d.grab\Desktop\the-game\ART\characters\act-1-enemies\forest-stonepoof\production\review\animation_charge_loop\transition_game_frames\0020.png'
00:19.969  render           | Saved: 'C:\Users\d.grab\Desktop\the-game\ART\characters\act-1-enemies\forest-stonepoof\production\review\animation_charge_loop\transition_game_frames\0021.png'
00:20.266  render           | Saved: 'C:\Users\d.grab\Desktop\the-game\ART\characters\act-1-enemies\forest-stonepoof\production\review\animation_charge_loop\transition_game_frames\0022.png'
00:20.532  render           | Saved: 'C:\Users\d.grab\Desktop\the-game\ART\characters\act-1-enemies\forest-stonepoof\production\review\animation_charge_loop\transition_game_frames\0023.png'
00:20.828  render           | Saved: 'C:\Users\d.grab\Desktop\the-game\ART\characters\act-1-enemies\forest-stonepoof\production\review\animation_charge_loop\transition_game_frames\0024.png'
00:21.110  render           | Saved: 'C:\Users\d.grab\Desktop\the-game\ART\characters\act-1-enemies\forest-stonepoof\production\review\animation_charge_loop\transition_game_frames\0025.png'
00:21.391  render           | Saved: 'C:\Users\d.grab\Desktop\the-game\ART\characters\act-1-enemies\forest-stonepoof\production\review\animation_charge_loop\transition_game_frames\0026.png'
00:21.672  render           | Saved: 'C:\Users\d.grab\Desktop\the-game\ART\characters\act-1-enemies\forest-stonepoof\production\review\animation_charge_loop\transition_game_frames\0027.png'
00:21.953  render           | Saved: 'C:\Users\d.grab\Desktop\the-game\ART\characters\act-1-enemies\forest-stonepoof\production\review\animation_charge_loop\transition_game_frames\0028.png'
00:22.250  render           | Saved: 'C:\Users\d.grab\Desktop\the-game\ART\characters\act-1-enemies\forest-stonepoof\production\review\animation_charge_loop\transition_game_frames\0029.png'
00:22.532  render           | Saved: 'C:\Users\d.grab\Desktop\the-game\ART\characters\act-1-enemies\forest-stonepoof\production\review\animation_charge_loop\transition_game_frames\0030.png'
00:22.813  render           | Saved: 'C:\Users\d.grab\Desktop\the-game\ART\characters\act-1-enemies\forest-stonepoof\production\review\animation_charge_loop\transition_game_frames\0031.png'
00:23.094  render           | Saved: 'C:\Users\d.grab\Desktop\the-game\ART\characters\act-1-enemies\forest-stonepoof\production\review\animation_charge_loop\transition_game_frames\0032.png'
00:23.375  render           | Saved: 'C:\Users\d.grab\Desktop\the-game\ART\characters\act-1-enemies\forest-stonepoof\production\review\animation_charge_loop\transition_game_frames\0033.png'
00:23.688  render           | Saved: 'C:\Users\d.grab\Desktop\the-game\ART\characters\act-1-enemies\forest-stonepoof\production\review\animation_charge_loop\transition_game_frames\0034.png'
00:24.000  render           | Saved: 'C:\Users\d.grab\Desktop\the-game\ART\characters\act-1-enemies\forest-stonepoof\production\review\animation_charge_loop\transition_game_frames\0035.png'
TRANSITION_RENDERED f10a5f0747be7adb1b598cdbbddd0bd080af3ddd49e9ef25f6340ebb5510960e
Blender 5.2.1 LTS (hash 9e2066aef7ef built 2026-08-25 02:38:20)

Blender quit
