[a_Rodin.utils-DBG]: RodinBridge: register
[a_Rodin.utils-WRN]: Port 61863 is in use
[a_Rodin.utils-WRN]: Port 61864 is in use
[a_Rodin.utils-WRN]: Port 61865 is in use
[a_Rodin.utils-WRN]: Server running on port 61866
Traceback (most recent call last):
  File "C:\Program Files\Blender Foundation\Blender 5.2\5.2\scripts\modules\addon_utils.py", line 458, in enable
    mod = importlib.import_module(module_name)
  File "C:\Program Files\Blender Foundation\Blender 5.2\5.2\python\Lib\importlib\__init__.py", line 88, in import_module
    return _bootstrap._gcd_import(name[level:], package, level)
           ~~~~~~~~~~~~~~~~~~~~~~^^^^^^^^^^^^^^^^^^^^^^^^^^^^^^
  File "<frozen importlib._bootstrap>", line 1395, in _gcd_import
  File "<frozen importlib._bootstrap>", line 1360, in _find_and_load
  File "<frozen importlib._bootstrap>", line 1331, in _find_and_load_unlocked
  File "<frozen importlib._bootstrap>", line 935, in _load_unlocked
  File "<frozen importlib._bootstrap_external>", line 1023, in exec_module
  File "<frozen importlib._bootstrap>", line 488, in _call_with_frames_removed
  File "C:\Users\d.grab\AppData\Roaming\Blender Foundation\Blender\5.2\extensions\user_default\higgsfield_blender\__init__.py", line 60, in <module>
    from .features import bridge_gate, phonecam
  File "C:\Users\d.grab\AppData\Roaming\Blender Foundation\Blender\5.2\extensions\user_default\higgsfield_blender\features\bridge_gate.py", line 23, in <module>
    from ..fnf.session import _active_workspace_id, is_authenticated
  File "C:\Users\d.grab\AppData\Roaming\Blender Foundation\Blender\5.2\extensions\user_default\higgsfield_blender\fnf\session.py", line 31, in <module>
    import httpx
ModuleNotFoundError: No module named 'httpx'
[a_Rodin.utils-DBG]: on_scene_load
[a_Rodin.utils-DBG]: ensure_default_image
00:05.625  blend            | Read blend: "C:\Users\d.grab\Desktop\the-game\ART\characters\act-1-enemies\forest-elite-wendigo\production\animation\reference_match_leap\Leap_Final.blend"
00:05.875  render           | Rendering animation (frames 0..96)
00:05.875  render           | Rendering frame 0
00:05.875  render           | Start rendering: Scene, ViewLayer
00:05.875  render           | Engine: EEVEE
00:37.469  render           | Fra: 0 | Rendering 1 / 64 samples
Blender 5.2.1 LTS (hash 9e2066aef7ef built 2026-08-25 02:38:20)
00:37.641  render           | Fra: 0 | Rendering 25 / 64 samples
00:37.766  render           | Fra: 0 | Rendering 50 / 64 samples
00:37.875  render           | Fra: 0 | Rendering 64 / 64 samples
00:38.047  render           | Saved: 'C:\Users\d.grab\Desktop\the-game\ART\characters\act-1-enemies\forest-elite-wendigo\production\animation\reference_match_leap\final_frames\pose_0000.png'
00:38.047  render           | Time: 00:32.17 (Saving: 00:00.13)
00:38.047  render           | Rendering frame 1
00:38.047  render           | Start rendering: Scene, ViewLayer
00:38.047  render           | Engine: EEVEE
00:38.141  render           | Fra: 1 | Rendering 1 / 64 samples
00:38.282  render           | Fra: 1 | Rendering 25 / 64 samples
00:38.485  render           | Fra: 1 | Rendering 50 / 64 samples
00:38.610  render           | Fra: 1 | Rendering 64 / 64 samples
00:38.704  render           | Saved: 'C:\Users\d.grab\Desktop\the-game\ART\characters\act-1-enemies\forest-elite-wendigo\production\animation\reference_match_leap\final_frames\pose_0001.png'
00:38.704  render           | Time: 00:00.66 (Saving: 00:00.06)
00:38.704  render           | Rendering frame 2
00:38.704  render           | Start rendering: Scene, ViewLayer
00:38.704  render           | Engine: EEVEE
00:38.782  render           | Fra: 2 | Rendering 1 / 64 samples
00:38.907  render           | Fra: 2 | Rendering 25 / 64 samples
00:39.032  render           | Fra: 2 | Rendering 50 / 64 samples
00:39.110  render           | Fra: 2 | Rendering 64 / 64 samples
00:39.204  render           | Saved: 'C:\Users\d.grab\Desktop\the-game\ART\characters\act-1-enemies\forest-elite-wendigo\production\animation\reference_match_leap\final_frames\pose_0002.png'
00:39.204  render           | Time: 00:00.49 (Saving: 00:00.06)
00:39.204  render           | Rendering frame 3
00:39.204  render           | Start rendering: Scene, ViewLayer
00:39.204  render           | Engine: EEVEE
00:39.282  render           | Fra: 3 | Rendering 1 / 64 samples
00:39.391  render           | Fra: 3 | Rendering 25 / 64 samples
00:39.516  render           | Fra: 3 | Rendering 50 / 64 samples
00:39.594  render           | Fra: 3 | Rendering 64 / 64 samples
00:39.704  render           | Saved: 'C:\Users\d.grab\Desktop\the-game\ART\characters\act-1-enemies\forest-elite-wendigo\production\animation\reference_match_leap\final_frames\pose_0003.png'
00:39.704  render           | Time: 00:00.49 (Saving: 00:00.06)
00:39.704  render           | Rendering frame 4
00:39.704  render           | Start rendering: Scene, ViewLayer
00:39.704  render           | Engine: EEVEE
00:39.797  render           | Fra: 4 | Rendering 1 / 64 samples
00:39.891  render           | Fra: 4 | Rendering 25 / 64 samples
00:40.016  render           | Fra: 4 | Rendering 50 / 64 samples
00:40.094  render           | Fra: 4 | Rendering 64 / 64 samples
00:40.172  render           | Saved: 'C:\Users\d.grab\Desktop\the-game\ART\characters\act-1-enemies\forest-elite-wendigo\production\animation\reference_match_leap\final_frames\pose_0004.png'
00:40.172  render           | Time: 00:00.47 (Saving: 00:00.05)
00:40.172  render           | Rendering frame 5
00:40.172  render           | Start rendering: Scene, ViewLayer
00:40.172  render           | Engine: EEVEE
00:40.250  render           | Fra: 5 | Rendering 1 / 64 samples
00:40.360  render           | Fra: 5 | Rendering 25 / 64 samples
00:40.485  render           | Fra: 5 | Rendering 50 / 64 samples
00:40.563  render           | Fra: 5 | Rendering 64 / 64 samples
00:40.688  render           | Saved: 'C:\Users\d.grab\Desktop\the-game\ART\characters\act-1-enemies\forest-elite-wendigo\production\animation\reference_match_leap\final_frames\pose_0005.png'
00:40.688  render           | Time: 00:00.50 (Saving: 00:00.06)
00:40.688  render           | Rendering frame 6
00:40.688  render           | Start rendering: Scene, ViewLayer
00:40.688  render           | Engine: EEVEE
00:40.766  render           | Fra: 6 | Rendering 1 / 64 samples
00:40.875  render           | Fra: 6 | Rendering 25 / 64 samples
00:41.000  render           | Fra: 6 | Rendering 50 / 64 samples
00:41.079  render           | Fra: 6 | Rendering 64 / 64 samples
00:41.172  render           | Saved: 'C:\Users\d.grab\Desktop\the-game\ART\characters\act-1-enemies\forest-elite-wendigo\production\animation\reference_match_leap\final_frames\pose_0006.png'
00:41.172  render           | Time: 00:00.48 (Saving: 00:00.05)
00:41.172  render           | Rendering frame 7
00:41.172  render           | Start rendering: Scene, ViewLayer
00:41.172  render           | Engine: EEVEE
00:41.235  render           | Fra: 7 | Rendering 1 / 64 samples
00:41.344  render           | Fra: 7 | Rendering 25 / 64 samples
00:41.469  render           | Fra: 7 | Rendering 50 / 64 samples
00:41.547  render           | Fra: 7 | Rendering 64 / 64 samples
00:41.625  render           | Saved: 'C:\Users\d.grab\Desktop\the-game\ART\characters\act-1-enemies\forest-elite-wendigo\production\animation\reference_match_leap\final_frames\pose_0007.png'
00:41.625  render           | Time: 00:00.46 (Saving: 00:00.05)
00:41.625  render           | Rendering frame 8
00:41.625  render           | Start rendering: Scene, ViewLayer
00:41.625  render           | Engine: EEVEE
00:41.766  render           | Fra: 8 | Rendering 1 / 64 samples
00:41.860  render           | Fra: 8 | Rendering 25 / 64 samples
00:41.985  render           | Fra: 8 | Rendering 50 / 64 samples
00:42.063  render           | Fra: 8 | Rendering 64 / 64 samples
00:42.157  render           | Saved: 'C:\Users\d.grab\Desktop\the-game\ART\characters\act-1-enemies\forest-elite-wendigo\production\animation\reference_match_leap\final_frames\pose_0008.png'
00:42.157  render           | Time: 00:00.53 (Saving: 00:00.06)
00:42.157  render           | Rendering frame 9
00:42.157  render           | Start rendering: Scene, ViewLayer
00:42.157  render           | Engine: EEVEE
00:42.235  render           | Fra: 9 | Rendering 1 / 64 samples
00:42.329  render           | Fra: 9 | Rendering 25 / 64 samples
00:42.454  render           | Fra: 9 | Rendering 50 / 64 samples
00:42.532  render           | Fra: 9 | Rendering 64 / 64 samples
00:42.610  render           | Saved: 'C:\Users\d.grab\Desktop\the-game\ART\characters\act-1-enemies\forest-elite-wendigo\production\animation\reference_match_leap\final_frames\pose_0009.png'
00:42.610  render           | Time: 00:00.45 (Saving: 00:00.05)
00:42.610  render           | Rendering frame 10
00:42.610  render           | Start rendering: Scene, ViewLayer
00:42.610  render           | Engine: EEVEE
00:42.672  render           | Fra: 10 | Rendering 1 / 64 samples
00:42.782  render           | Fra: 10 | Rendering 25 / 64 samples
00:42.891  render           | Fra: 10 | Rendering 50 / 64 samples
00:42.969  render           | Fra: 10 | Rendering 64 / 64 samples
00:43.047  render           | Saved: 'C:\Users\d.grab\Desktop\the-game\ART\characters\act-1-enemies\forest-elite-wendigo\production\animation\reference_match_leap\final_frames\pose_0010.png'
00:43.047  render           | Time: 00:00.44 (Saving: 00:00.05)
00:43.047  render           | Rendering frame 11
00:43.047  render           | Start rendering: Scene, ViewLayer
00:43.047  render           | Engine: EEVEE
00:43.125  render           | Fra: 11 | Rendering 1 / 64 samples
00:43.235  render           | Fra: 11 | Rendering 25 / 64 samples
00:43.360  render           | Fra: 11 | Rendering 50 / 64 samples
00:43.438  render           | Fra: 11 | Rendering 64 / 64 samples
00:43.516  render           | Saved: 'C:\Users\d.grab\Desktop\the-game\ART\characters\act-1-enemies\forest-elite-wendigo\production\animation\reference_match_leap\final_frames\pose_0011.png'
00:43.516  render           | Time: 00:00.47 (Saving: 00:00.05)
00:43.516  render           | Rendering frame 12
00:43.516  render           | Start rendering: Scene, ViewLayer
00:43.516  render           | Engine: EEVEE
00:43.594  render           | Fra: 12 | Rendering 1 / 64 samples
00:43.688  render           | Fra: 12 | Rendering 25 / 64 samples
00:43.797  render           | Fra: 12 | Rendering 50 / 64 samples
00:43.875  render           | Fra: 12 | Rendering 64 / 64 samples
00:43.954  render           | Saved: 'C:\Users\d.grab\Desktop\the-game\ART\characters\act-1-enemies\forest-elite-wendigo\production\animation\reference_match_leap\final_frames\pose_0012.png'
00:43.954  render           | Time: 00:00.43 (Saving: 00:00.05)
00:43.954  render           | Rendering frame 13
00:43.954  render           | Start rendering: Scene, ViewLayer
00:43.954  render           | Engine: EEVEE
00:44.032  render           | Fra: 13 | Rendering 1 / 64 samples
00:44.141  render           | Fra: 13 | Rendering 25 / 64 samples
00:44.250  render           | Fra: 13 | Rendering 50 / 64 samples
00:44.329  render           | Fra: 13 | Rendering 64 / 64 samples
00:44.407  render           | Saved: 'C:\Users\d.grab\Desktop\the-game\ART\characters\act-1-enemies\forest-elite-wendigo\production\animation\reference_match_leap\final_frames\pose_0013.png'
00:44.407  render           | Time: 00:00.44 (Saving: 00:00.05)
00:44.407  render           | Rendering frame 14
00:44.407  render           | Start rendering: Scene, ViewLayer
00:44.407  render           | Engine: EEVEE
00:44.500  render           | Fra: 14 | Rendering 1 / 64 samples
00:44.594  render           | Fra: 14 | Rendering 25 / 64 samples
00:44.719  render           | Fra: 14 | Rendering 50 / 64 samples
00:44.797  render           | Fra: 14 | Rendering 64 / 64 samples
00:44.875  render           | Saved: 'C:\Users\d.grab\Desktop\the-game\ART\characters\act-1-enemies\forest-elite-wendigo\production\animation\reference_match_leap\final_frames\pose_0014.png'
00:44.875  render           | Time: 00:00.46 (Saving: 00:00.05)
00:44.875  render           | Rendering frame 15
00:44.875  render           | Start rendering: Scene, ViewLayer
00:44.875  render           | Engine: EEVEE
00:44.954  render           | Fra: 15 | Rendering 1 / 64 samples
00:45.047  render           | Fra: 15 | Rendering 25 / 64 samples
00:45.157  render           | Fra: 15 | Rendering 50 / 64 samples
00:45.235  render           | Fra: 15 | Rendering 64 / 64 samples
00:45.313  render           | Saved: 'C:\Users\d.grab\Desktop\the-game\ART\characters\act-1-enemies\forest-elite-wendigo\production\animation\reference_match_leap\final_frames\pose_0015.png'
00:45.313  render           | Time: 00:00.43 (Saving: 00:00.05)
00:45.313  render           | Rendering frame 16
00:45.313  render           | Start rendering: Scene, ViewLayer
00:45.313  render           | Engine: EEVEE
00:45.391  render           | Fra: 16 | Rendering 1 / 64 samples
00:45.485  render           | Fra: 16 | Rendering 25 / 64 samples
00:45.610  render           | Fra: 16 | Rendering 50 / 64 samples
00:45.688  render           | Fra: 16 | Rendering 64 / 64 samples
00:45.782  render           | Saved: 'C:\Users\d.grab\Desktop\the-game\ART\characters\act-1-enemies\forest-elite-wendigo\production\animation\reference_match_leap\final_frames\pose_0016.png'
00:45.782  render           | Time: 00:00.46 (Saving: 00:00.06)
00:45.782  render           | Rendering frame 17
00:45.782  render           | Start rendering: Scene, ViewLayer
00:45.782  render           | Engine: EEVEE
00:45.860  render           | Fra: 17 | Rendering 1 / 64 samples
00:45.985  render           | Fra: 17 | Rendering 25 / 64 samples
00:46.094  render           | Fra: 17 | Rendering 50 / 64 samples
00:46.172  render           | Fra: 17 | Rendering 64 / 64 samples
00:46.266  render           | Saved: 'C:\Users\d.grab\Desktop\the-game\ART\characters\act-1-enemies\forest-elite-wendigo\production\animation\reference_match_leap\final_frames\pose_0017.png'
00:46.266  render           | Time: 00:00.48 (Saving: 00:00.05)
00:46.266  render           | Rendering frame 18
00:46.266  render           | Start rendering: Scene, ViewLayer
00:46.266  render           | Engine: EEVEE
00:46.344  render           | Fra: 18 | Rendering 1 / 64 samples
00:46.438  render           | Fra: 18 | Rendering 25 / 64 samples
00:46.547  render           | Fra: 18 | Rendering 50 / 64 samples
00:46.625  render           | Fra: 18 | Rendering 64 / 64 samples
00:46.704  render           | Saved: 'C:\Users\d.grab\Desktop\the-game\ART\characters\act-1-enemies\forest-elite-wendigo\production\animation\reference_match_leap\final_frames\pose_0018.png'
00:46.704  render           | Time: 00:00.44 (Saving: 00:00.05)
00:46.704  render           | Rendering frame 19
00:46.704  render           | Start rendering: Scene, ViewLayer
00:46.704  render           | Engine: EEVEE
00:46.782  render           | Fra: 19 | Rendering 1 / 64 samples
00:46.891  render           | Fra: 19 | Rendering 25 / 64 samples
00:47.000  render           | Fra: 19 | Rendering 50 / 64 samples
00:47.079  render           | Fra: 19 | Rendering 64 / 64 samples
00:47.157  render           | Saved: 'C:\Users\d.grab\Desktop\the-game\ART\characters\act-1-enemies\forest-elite-wendigo\production\animation\reference_match_leap\final_frames\pose_0019.png'
00:47.157  render           | Time: 00:00.46 (Saving: 00:00.05)
00:47.157  render           | Rendering frame 20
00:47.157  render           | Start rendering: Scene, ViewLayer
00:47.157  render           | Engine: EEVEE
00:47.235  render           | Fra: 20 | Rendering 1 / 64 samples
00:47.329  render           | Fra: 20 | Rendering 25 / 64 samples
00:47.438  render           | Fra: 20 | Rendering 50 / 64 samples
00:47.532  render           | Fra: 20 | Rendering 64 / 64 samples
00:47.610  render           | Saved: 'C:\Users\d.grab\Desktop\the-game\ART\characters\act-1-enemies\forest-elite-wendigo\production\animation\reference_match_leap\final_frames\pose_0020.png'
00:47.610  render           | Time: 00:00.44 (Saving: 00:00.05)
00:47.610  render           | Rendering frame 21
00:47.610  render           | Start rendering: Scene, ViewLayer
00:47.610  render           | Engine: EEVEE
00:47.688  render           | Fra: 21 | Rendering 1 / 64 samples
00:47.766  render           | Fra: 21 | Rendering 25 / 64 samples
00:47.875  render           | Fra: 21 | Rendering 50 / 64 samples
00:47.954  render           | Fra: 21 | Rendering 64 / 64 samples
00:48.032  render           | Saved: 'C:\Users\d.grab\Desktop\the-game\ART\characters\act-1-enemies\forest-elite-wendigo\production\animation\reference_match_leap\final_frames\pose_0021.png'
00:48.032  render           | Time: 00:00.43 (Saving: 00:00.05)
00:48.032  render           | Rendering frame 22
00:48.032  render           | Start rendering: Scene, ViewLayer
00:48.032  render           | Engine: EEVEE
00:48.125  render           | Fra: 22 | Rendering 1 / 64 samples
00:48.219  render           | Fra: 22 | Rendering 25 / 64 samples
00:48.344  render           | Fra: 22 | Rendering 50 / 64 samples
00:48.422  render           | Fra: 22 | Rendering 64 / 64 samples
00:48.500  render           | Saved: 'C:\Users\d.grab\Desktop\the-game\ART\characters\act-1-enemies\forest-elite-wendigo\production\animation\reference_match_leap\final_frames\pose_0022.png'
00:48.500  render           | Time: 00:00.46 (Saving: 00:00.05)
00:48.500  render           | Rendering frame 23
00:48.500  render           | Start rendering: Scene, ViewLayer
00:48.500  render           | Engine: EEVEE
00:48.579  render           | Fra: 23 | Rendering 1 / 64 samples
00:48.657  render           | Fra: 23 | Rendering 25 / 64 samples
00:48.766  render           | Fra: 23 | Rendering 50 / 64 samples
00:48.844  render           | Fra: 23 | Rendering 64 / 64 samples
00:48.922  render           | Saved: 'C:\Users\d.grab\Desktop\the-game\ART\characters\act-1-enemies\forest-elite-wendigo\production\animation\reference_match_leap\final_frames\pose_0023.png'
00:48.922  render           | Time: 00:00.42 (Saving: 00:00.05)
00:48.922  render           | Rendering frame 24
00:48.922  render           | Start rendering: Scene, ViewLayer
00:48.922  render           | Engine: EEVEE
00:49.000  render           | Fra: 24 | Rendering 1 / 64 samples
00:49.094  render           | Fra: 24 | Rendering 25 / 64 samples
00:49.204  render           | Fra: 24 | Rendering 50 / 64 samples
00:49.282  render           | Fra: 24 | Rendering 64 / 64 samples
00:49.360  render           | Saved: 'C:\Users\d.grab\Desktop\the-game\ART\characters\act-1-enemies\forest-elite-wendigo\production\animation\reference_match_leap\final_frames\pose_0024.png'
00:49.360  render           | Time: 00:00.43 (Saving: 00:00.05)
00:49.360  render           | Rendering frame 25
00:49.360  render           | Start rendering: Scene, ViewLayer
00:49.360  render           | Engine: EEVEE
00:49.438  render           | Fra: 25 | Rendering 1 / 64 samples
00:49.547  render           | Fra: 25 | Rendering 25 / 64 samples
00:49.657  render           | Fra: 25 | Rendering 50 / 64 samples
00:49.735  render           | Fra: 25 | Rendering 64 / 64 samples
00:49.829  render           | Saved: 'C:\Users\d.grab\Desktop\the-game\ART\characters\act-1-enemies\forest-elite-wendigo\production\animation\reference_match_leap\final_frames\pose_0025.png'
00:49.829  render           | Time: 00:00.46 (Saving: 00:00.05)
00:49.829  render           | Rendering frame 26
00:49.829  render           | Start rendering: Scene, ViewLayer
00:49.829  render           | Engine: EEVEE
00:49.907  render           | Fra: 26 | Rendering 1 / 64 samples
00:50.000  render           | Fra: 26 | Rendering 25 / 64 samples
00:50.110  render           | Fra: 26 | Rendering 50 / 64 samples
00:50.188  render           | Fra: 26 | Rendering 64 / 64 samples
00:50.266  render           | Saved: 'C:\Users\d.grab\Desktop\the-game\ART\characters\act-1-enemies\forest-elite-wendigo\production\animation\reference_match_leap\final_frames\pose_0026.png'
00:50.266  render           | Time: 00:00.43 (Saving: 00:00.05)
00:50.266  render           | Rendering frame 27
00:50.266  render           | Start rendering: Scene, ViewLayer
00:50.266  render           | Engine: EEVEE
00:50.344  render           | Fra: 27 | Rendering 1 / 64 samples
00:50.454  render           | Fra: 27 | Rendering 25 / 64 samples
00:50.563  render           | Fra: 27 | Rendering 50 / 64 samples
00:50.641  render           | Fra: 27 | Rendering 64 / 64 samples
00:50.735  render           | Saved: 'C:\Users\d.grab\Desktop\the-game\ART\characters\act-1-enemies\forest-elite-wendigo\production\animation\reference_match_leap\final_frames\pose_0027.png'
00:50.735  render           | Time: 00:00.47 (Saving: 00:00.05)
00:50.735  render           | Rendering frame 28
00:50.735  render           | Start rendering: Scene, ViewLayer
00:50.735  render           | Engine: EEVEE
00:50.813  render           | Fra: 28 | Rendering 1 / 64 samples
00:50.922  render           | Fra: 28 | Rendering 25 / 64 samples
00:51.047  render           | Fra: 28 | Rendering 50 / 64 samples
00:51.110  render           | Fra: 28 | Rendering 64 / 64 samples
00:51.204  render           | Saved: 'C:\Users\d.grab\Desktop\the-game\ART\characters\act-1-enemies\forest-elite-wendigo\production\animation\reference_match_leap\final_frames\pose_0028.png'
00:51.204  render           | Time: 00:00.46 (Saving: 00:00.05)
00:51.204  render           | Rendering frame 29
00:51.204  render           | Start rendering: Scene, ViewLayer
00:51.204  render           | Engine: EEVEE
00:51.266  render           | Fra: 29 | Rendering 1 / 64 samples
00:51.360  render           | Fra: 29 | Rendering 25 / 64 samples
00:51.469  render           | Fra: 29 | Rendering 50 / 64 samples
00:51.547  render           | Fra: 29 | Rendering 64 / 64 samples
00:51.625  render           | Saved: 'C:\Users\d.grab\Desktop\the-game\ART\characters\act-1-enemies\forest-elite-wendigo\production\animation\reference_match_leap\final_frames\pose_0029.png'
00:51.625  render           | Time: 00:00.43 (Saving: 00:00.05)
00:51.625  render           | Rendering frame 30
00:51.625  render           | Start rendering: Scene, ViewLayer
00:51.625  render           | Engine: EEVEE
00:51.719  render           | Fra: 30 | Rendering 1 / 64 samples
00:51.813  render           | Fra: 30 | Rendering 25 / 64 samples
00:51.907  render           | Fra: 30 | Rendering 50 / 64 samples
00:51.985  render           | Fra: 30 | Rendering 64 / 64 samples
00:52.063  render           | Saved: 'C:\Users\d.grab\Desktop\the-game\ART\characters\act-1-enemies\forest-elite-wendigo\production\animation\reference_match_leap\final_frames\pose_0030.png'
00:52.063  render           | Time: 00:00.43 (Saving: 00:00.05)
00:52.063  render           | Rendering frame 31
00:52.063  render           | Start rendering: Scene, ViewLayer
00:52.063  render           | Engine: EEVEE
00:52.141  render           | Fra: 31 | Rendering 1 / 64 samples
00:52.250  render           | Fra: 31 | Rendering 25 / 64 samples
00:52.344  render           | Fra: 31 | Rendering 50 / 64 samples
00:52.422  render           | Fra: 31 | Rendering 64 / 64 samples
00:52.500  render           | Saved: 'C:\Users\d.grab\Desktop\the-game\ART\characters\act-1-enemies\forest-elite-wendigo\production\animation\reference_match_leap\final_frames\pose_0031.png'
00:52.500  render           | Time: 00:00.43 (Saving: 00:00.05)
00:52.500  render           | Rendering frame 32
00:52.500  render           | Start rendering: Scene, ViewLayer
00:52.500  render           | Engine: EEVEE
00:52.579  render           | Fra: 32 | Rendering 1 / 64 samples
00:52.688  render           | Fra: 32 | Rendering 25 / 64 samples
00:52.782  render           | Fra: 32 | Rendering 50 / 64 samples
00:52.844  render           | Fra: 32 | Rendering 64 / 64 samples
00:52.938  render           | Saved: 'C:\Users\d.grab\Desktop\the-game\ART\characters\act-1-enemies\forest-elite-wendigo\production\animation\reference_match_leap\final_frames\pose_0032.png'
00:52.938  render           | Time: 00:00.43 (Saving: 00:00.05)
00:52.938  render           | Rendering frame 33
00:52.938  render           | Start rendering: Scene, ViewLayer
00:52.938  render           | Engine: EEVEE
00:53.016  render           | Fra: 33 | Rendering 1 / 64 samples
00:53.125  render           | Fra: 33 | Rendering 25 / 64 samples
00:53.219  render           | Fra: 33 | Rendering 50 / 64 samples
00:53.297  render           | Fra: 33 | Rendering 64 / 64 samples
00:53.375  render           | Saved: 'C:\Users\d.grab\Desktop\the-game\ART\characters\act-1-enemies\forest-elite-wendigo\production\animation\reference_match_leap\final_frames\pose_0033.png'
00:53.375  render           | Time: 00:00.44 (Saving: 00:00.05)
00:53.375  render           | Rendering frame 34
00:53.375  render           | Start rendering: Scene, ViewLayer
00:53.375  render           | Engine: EEVEE
00:53.454  render           | Fra: 34 | Rendering 1 / 64 samples
00:53.563  render           | Fra: 34 | Rendering 25 / 64 samples
00:53.657  render           | Fra: 34 | Rendering 50 / 64 samples
00:53.735  render           | Fra: 34 | Rendering 64 / 64 samples
00:53.813  render           | Saved: 'C:\Users\d.grab\Desktop\the-game\ART\characters\act-1-enemies\forest-elite-wendigo\production\animation\reference_match_leap\final_frames\pose_0034.png'
00:53.813  render           | Time: 00:00.44 (Saving: 00:00.05)
00:53.813  render           | Rendering frame 35
00:53.829  render           | Start rendering: Scene, ViewLayer
00:53.829  render           | Engine: EEVEE
00:53.907  render           | Fra: 35 | Rendering 1 / 64 samples
00:54.016  render           | Fra: 35 | Rendering 25 / 64 samples
00:54.110  render           | Fra: 35 | Rendering 50 / 64 samples
00:54.188  render           | Fra: 35 | Rendering 64 / 64 samples
00:54.266  render           | Saved: 'C:\Users\d.grab\Desktop\the-game\ART\characters\act-1-enemies\forest-elite-wendigo\production\animation\reference_match_leap\final_frames\pose_0035.png'
00:54.266  render           | Time: 00:00.45 (Saving: 00:00.05)
00:54.266  render           | Rendering frame 36
00:54.266  render           | Start rendering: Scene, ViewLayer
00:54.266  render           | Engine: EEVEE
00:54.360  render           | Fra: 36 | Rendering 1 / 64 samples
00:54.469  render           | Fra: 36 | Rendering 25 / 64 samples
00:54.579  render           | Fra: 36 | Rendering 50 / 64 samples
00:54.641  render           | Fra: 36 | Rendering 64 / 64 samples
00:54.735  render           | Saved: 'C:\Users\d.grab\Desktop\the-game\ART\characters\act-1-enemies\forest-elite-wendigo\production\animation\reference_match_leap\final_frames\pose_0036.png'
00:54.735  render           | Time: 00:00.46 (Saving: 00:00.05)
00:54.735  render           | Rendering frame 37
00:54.735  render           | Start rendering: Scene, ViewLayer
00:54.735  render           | Engine: EEVEE
00:54.813  render           | Fra: 37 | Rendering 1 / 64 samples
00:54.938  render           | Fra: 37 | Rendering 25 / 64 samples
00:55.032  render           | Fra: 37 | Rendering 50 / 64 samples
00:55.094  render           | Fra: 37 | Rendering 64 / 64 samples
00:55.172  render           | Saved: 'C:\Users\d.grab\Desktop\the-game\ART\characters\act-1-enemies\forest-elite-wendigo\production\animation\reference_match_leap\final_frames\pose_0037.png'
00:55.172  render           | Time: 00:00.44 (Saving: 00:00.05)
00:55.172  render           | Rendering frame 38
00:55.172  render           | Start rendering: Scene, ViewLayer
00:55.172  render           | Engine: EEVEE
00:55.266  render           | Fra: 38 | Rendering 1 / 64 samples
00:55.375  render           | Fra: 38 | Rendering 25 / 64 samples
00:55.485  render           | Fra: 38 | Rendering 50 / 64 samples
00:55.563  render           | Fra: 38 | Rendering 64 / 64 samples
00:55.657  render           | Saved: 'C:\Users\d.grab\Desktop\the-game\ART\characters\act-1-enemies\forest-elite-wendigo\production\animation\reference_match_leap\final_frames\pose_0038.png'
00:55.657  render           | Time: 00:00.47 (Saving: 00:00.05)
00:55.657  render           | Rendering frame 39
00:55.657  render           | Start rendering: Scene, ViewLayer
00:55.657  render           | Engine: EEVEE
00:55.735  render           | Fra: 39 | Rendering 1 / 64 samples
00:55.860  render           | Fra: 39 | Rendering 25 / 64 samples
00:55.954  render           | Fra: 39 | Rendering 50 / 64 samples
00:56.032  render           | Fra: 39 | Rendering 64 / 64 samples
00:56.110  render           | Saved: 'C:\Users\d.grab\Desktop\the-game\ART\characters\act-1-enemies\forest-elite-wendigo\production\animation\reference_match_leap\final_frames\pose_0039.png'
00:56.110  render           | Time: 00:00.45 (Saving: 00:00.05)
00:56.110  render           | Rendering frame 40
00:56.110  render           | Start rendering: Scene, ViewLayer
00:56.110  render           | Engine: EEVEE
00:56.188  render           | Fra: 40 | Rendering 1 / 64 samples
00:56.297  render           | Fra: 40 | Rendering 25 / 64 samples
00:56.391  render           | Fra: 40 | Rendering 50 / 64 samples
00:56.469  render           | Fra: 40 | Rendering 64 / 64 samples
00:56.547  render           | Saved: 'C:\Users\d.grab\Desktop\the-game\ART\characters\act-1-enemies\forest-elite-wendigo\production\animation\reference_match_leap\final_frames\pose_0040.png'
00:56.547  render           | Time: 00:00.43 (Saving: 00:00.05)
00:56.547  render           | Rendering frame 41
00:56.547  render           | Start rendering: Scene, ViewLayer
00:56.547  render           | Engine: EEVEE
00:56.641  render           | Fra: 41 | Rendering 1 / 64 samples
00:56.750  render           | Fra: 41 | Rendering 25 / 64 samples
00:56.829  render           | Fra: 41 | Rendering 50 / 64 samples
00:56.891  render           | Fra: 41 | Rendering 64 / 64 samples
00:56.969  render           | Saved: 'C:\Users\d.grab\Desktop\the-game\ART\characters\act-1-enemies\forest-elite-wendigo\production\animation\reference_match_leap\final_frames\pose_0041.png'
00:56.969  render           | Time: 00:00.42 (Saving: 00:00.05)
00:56.969  render           | Rendering frame 42
00:56.969  render           | Start rendering: Scene, ViewLayer
00:56.969  render           | Engine: EEVEE
00:57.047  render           | Fra: 42 | Rendering 1 / 64 samples
00:57.188  render           | Fra: 42 | Rendering 25 / 64 samples
00:57.282  render           | Fra: 42 | Rendering 50 / 64 samples
00:57.344  render           | Fra: 42 | Rendering 64 / 64 samples
00:57.422  render           | Saved: 'C:\Users\d.grab\Desktop\the-game\ART\characters\act-1-enemies\forest-elite-wendigo\production\animation\reference_match_leap\final_frames\pose_0042.png'
00:57.422  render           | Time: 00:00.44 (Saving: 00:00.05)
00:57.422  render           | Rendering frame 43
00:57.422  render           | Start rendering: Scene, ViewLayer
00:57.422  render           | Engine: EEVEE
00:57.500  render           | Fra: 43 | Rendering 1 / 64 samples
00:57.625  render           | Fra: 43 | Rendering 25 / 64 samples
00:57.735  render           | Fra: 43 | Rendering 50 / 64 samples
00:57.797  render           | Fra: 43 | Rendering 64 / 64 samples
00:57.875  render           | Saved: 'C:\Users\d.grab\Desktop\the-game\ART\characters\act-1-enemies\forest-elite-wendigo\production\animation\reference_match_leap\final_frames\pose_0043.png'
00:57.875  render           | Time: 00:00.46 (Saving: 00:00.05)
00:57.875  render           | Rendering frame 44
00:57.875  render           | Start rendering: Scene, ViewLayer
00:57.875  render           | Engine: EEVEE
00:57.954  render           | Fra: 44 | Rendering 1 / 64 samples
00:58.094  render           | Fra: 44 | Rendering 25 / 64 samples
00:58.188  render           | Fra: 44 | Rendering 50 / 64 samples
00:58.235  render           | Fra: 44 | Rendering 64 / 64 samples
00:58.313  render           | Saved: 'C:\Users\d.grab\Desktop\the-game\ART\characters\act-1-enemies\forest-elite-wendigo\production\animation\reference_match_leap\final_frames\pose_0044.png'
00:58.313  render           | Time: 00:00.44 (Saving: 00:00.05)
00:58.313  render           | Rendering frame 45
00:58.313  render           | Start rendering: Scene, ViewLayer
00:58.313  render           | Engine: EEVEE
00:58.407  render           | Fra: 45 | Rendering 1 / 64 samples
00:58.532  render           | Fra: 45 | Rendering 25 / 64 samples
00:58.610  render           | Fra: 45 | Rendering 50 / 64 samples
00:58.672  render           | Fra: 45 | Rendering 64 / 64 samples
00:58.750  render           | Saved: 'C:\Users\d.grab\Desktop\the-game\ART\characters\act-1-enemies\forest-elite-wendigo\production\animation\reference_match_leap\final_frames\pose_0045.png'
00:58.750  render           | Time: 00:00.42 (Saving: 00:00.04)
00:58.750  render           | Rendering frame 46
00:58.750  render           | Start rendering: Scene, ViewLayer
00:58.750  render           | Engine: EEVEE
00:58.829  render           | Fra: 46 | Rendering 1 / 64 samples
00:58.954  render           | Fra: 46 | Rendering 25 / 64 samples
00:59.047  render           | Fra: 46 | Rendering 50 / 64 samples
00:59.110  render           | Fra: 46 | Rendering 64 / 64 samples
00:59.188  render           | Saved: 'C:\Users\d.grab\Desktop\the-game\ART\characters\act-1-enemies\forest-elite-wendigo\production\animation\reference_match_leap\final_frames\pose_0046.png'
00:59.188  render           | Time: 00:00.44 (Saving: 00:00.05)
00:59.188  render           | Rendering frame 47
00:59.188  render           | Start rendering: Scene, ViewLayer
00:59.188  render           | Engine: EEVEE
00:59.282  render           | Fra: 47 | Rendering 1 / 64 samples
00:59.407  render           | Fra: 47 | Rendering 25 / 64 samples
00:59.516  render           | Fra: 47 | Rendering 50 / 64 samples
00:59.563  render           | Fra: 47 | Rendering 64 / 64 samples
00:59.641  render           | Saved: 'C:\Users\d.grab\Desktop\the-game\ART\characters\act-1-enemies\forest-elite-wendigo\production\animation\reference_match_leap\final_frames\pose_0047.png'
00:59.641  render           | Time: 00:00.45 (Saving: 00:00.05)
00:59.641  render           | Rendering frame 48
00:59.641  render           | Start rendering: Scene, ViewLayer
00:59.641  render           | Engine: EEVEE
00:59.719  render           | Fra: 48 | Rendering 1 / 64 samples
00:59.844  render           | Fra: 48 | Rendering 25 / 64 samples
00:59.938  render           | Fra: 48 | Rendering 50 / 64 samples
01:00.000  render           | Fra: 48 | Rendering 64 / 64 samples
01:00.079  render           | Saved: 'C:\Users\d.grab\Desktop\the-game\ART\characters\act-1-enemies\forest-elite-wendigo\production\animation\reference_match_leap\final_frames\pose_0048.png'
01:00.079  render           | Time: 00:00.43 (Saving: 00:00.05)
01:00.079  render           | Rendering frame 49
01:00.079  render           | Start rendering: Scene, ViewLayer
01:00.079  render           | Engine: EEVEE
01:00.157  render           | Fra: 49 | Rendering 1 / 64 samples
01:00.297  render           | Fra: 49 | Rendering 25 / 64 samples
01:00.391  render           | Fra: 49 | Rendering 50 / 64 samples
01:00.454  render           | Fra: 49 | Rendering 64 / 64 samples
01:00.547  render           | Saved: 'C:\Users\d.grab\Desktop\the-game\ART\characters\act-1-enemies\forest-elite-wendigo\production\animation\reference_match_leap\final_frames\pose_0049.png'
01:00.547  render           | Time: 00:00.46 (Saving: 00:00.06)
01:00.547  render           | Rendering frame 50
01:00.547  render           | Start rendering: Scene, ViewLayer
01:00.547  render           | Engine: EEVEE
01:00.625  render           | Fra: 50 | Rendering 1 / 64 samples
01:00.750  render           | Fra: 50 | Rendering 25 / 64 samples
01:00.844  render           | Fra: 50 | Rendering 50 / 64 samples
01:00.891  render           | Fra: 50 | Rendering 64 / 64 samples
01:00.969  render           | Saved: 'C:\Users\d.grab\Desktop\the-game\ART\characters\act-1-enemies\forest-elite-wendigo\production\animation\reference_match_leap\final_frames\pose_0050.png'
01:00.969  render           | Time: 00:00.41 (Saving: 00:00.05)
01:00.969  render           | Rendering frame 51
01:00.969  render           | Start rendering: Scene, ViewLayer
01:00.969  render           | Engine: EEVEE
01:01.032  render           | Fra: 51 | Rendering 1 / 64 samples
01:01.110  render           | Fra: 51 | Rendering 25 / 64 samples
01:01.204  render           | Fra: 51 | Rendering 50 / 64 samples
01:01.250  render           | Fra: 51 | Rendering 64 / 64 samples
01:01.329  render           | Saved: 'C:\Users\d.grab\Desktop\the-game\ART\characters\act-1-enemies\forest-elite-wendigo\production\animation\reference_match_leap\final_frames\pose_0051.png'
01:01.329  render           | Time: 00:00.36 (Saving: 00:00.05)
01:01.329  render           | Rendering frame 52
01:01.329  render           | Start rendering: Scene, ViewLayer
01:01.329  render           | Engine: EEVEE
01:01.391  render           | Fra: 52 | Rendering 1 / 64 samples
01:01.500  render           | Fra: 52 | Rendering 25 / 64 samples
01:01.579  render           | Fra: 52 | Rendering 50 / 64 samples
01:01.641  render           | Fra: 52 | Rendering 64 / 64 samples
01:01.719  render           | Saved: 'C:\Users\d.grab\Desktop\the-game\ART\characters\act-1-enemies\forest-elite-wendigo\production\animation\reference_match_leap\final_frames\pose_0052.png'
01:01.719  render           | Time: 00:00.39 (Saving: 00:00.06)
01:01.719  render           | Rendering frame 53
01:01.719  render           | Start rendering: Scene, ViewLayer
01:01.719  render           | Engine: EEVEE
01:01.797  render           | Fra: 53 | Rendering 1 / 64 samples
01:01.891  render           | Fra: 53 | Rendering 25 / 64 samples
01:01.985  render           | Fra: 53 | Rendering 50 / 64 samples
01:02.032  render           | Fra: 53 | Rendering 64 / 64 samples
01:02.094  render           | Saved: 'C:\Users\d.grab\Desktop\the-game\ART\characters\act-1-enemies\forest-elite-wendigo\production\animation\reference_match_leap\final_frames\pose_0053.png'
01:02.094  render           | Time: 00:00.37 (Saving: 00:00.04)
01:02.094  render           | Rendering frame 54
01:02.094  render           | Start rendering: Scene, ViewLayer
01:02.094  render           | Engine: EEVEE
01:02.172  render           | Fra: 54 | Rendering 1 / 64 samples
01:02.250  render           | Fra: 54 | Rendering 25 / 64 samples
01:02.344  render           | Fra: 54 | Rendering 50 / 64 samples
01:02.391  render           | Fra: 54 | Rendering 64 / 64 samples
01:02.516  render           | Saved: 'C:\Users\d.grab\Desktop\the-game\ART\characters\act-1-enemies\forest-elite-wendigo\production\animation\reference_match_leap\final_frames\pose_0054.png'
01:02.516  render           | Time: 00:00.41 (Saving: 00:00.07)
01:02.516  render           | Rendering frame 55
01:02.516  render           | Start rendering: Scene, ViewLayer
01:02.516  render           | Engine: EEVEE
01:02.594  render           | Fra: 55 | Rendering 1 / 64 samples
01:02.672  render           | Fra: 55 | Rendering 25 / 64 samples
01:02.766  render           | Fra: 55 | Rendering 50 / 64 samples
01:02.813  render           | Fra: 55 | Rendering 64 / 64 samples
01:02.907  render           | Saved: 'C:\Users\d.grab\Desktop\the-game\ART\characters\act-1-enemies\forest-elite-wendigo\production\animation\reference_match_leap\final_frames\pose_0055.png'
01:02.907  render           | Time: 00:00.39 (Saving: 00:00.05)
01:02.907  render           | Rendering frame 56
01:02.907  render           | Start rendering: Scene, ViewLayer
01:02.907  render           | Engine: EEVEE
01:02.969  render           | Fra: 56 | Rendering 1 / 64 samples
01:03.063  render           | Fra: 56 | Rendering 25 / 64 samples
01:03.141  render           | Fra: 56 | Rendering 50 / 64 samples
01:03.188  render           | Fra: 56 | Rendering 64 / 64 samples
01:03.266  render           | Saved: 'C:\Users\d.grab\Desktop\the-game\ART\characters\act-1-enemies\forest-elite-wendigo\production\animation\reference_match_leap\final_frames\pose_0056.png'
01:03.266  render           | Time: 00:00.36 (Saving: 00:00.04)
01:03.266  render           | Rendering frame 57
01:03.266  render           | Start rendering: Scene, ViewLayer
01:03.266  render           | Engine: EEVEE
01:03.329  render           | Fra: 57 | Rendering 1 / 64 samples
01:03.422  render           | Fra: 57 | Rendering 25 / 64 samples
01:03.516  render           | Fra: 57 | Rendering 50 / 64 samples
01:03.563  render           | Fra: 57 | Rendering 64 / 64 samples
01:03.625  render           | Saved: 'C:\Users\d.grab\Desktop\the-game\ART\characters\act-1-enemies\forest-elite-wendigo\production\animation\reference_match_leap\final_frames\pose_0057.png'
01:03.625  render           | Time: 00:00.35 (Saving: 00:00.04)
01:03.625  render           | Rendering frame 58
01:03.625  render           | Start rendering: Scene, ViewLayer
01:03.625  render           | Engine: EEVEE
01:03.688  render           | Fra: 58 | Rendering 1 / 64 samples
01:03.782  render           | Fra: 58 | Rendering 25 / 64 samples
01:03.875  render           | Fra: 58 | Rendering 50 / 64 samples
01:03.922  render           | Fra: 58 | Rendering 64 / 64 samples
01:04.000  render           | Saved: 'C:\Users\d.grab\Desktop\the-game\ART\characters\act-1-enemies\forest-elite-wendigo\production\animation\reference_match_leap\final_frames\pose_0058.png'
01:04.000  render           | Time: 00:00.36 (Saving: 00:00.05)
01:04.000  render           | Rendering frame 59
01:04.000  render           | Start rendering: Scene, ViewLayer
01:04.000  render           | Engine: EEVEE
01:04.063  render           | Fra: 59 | Rendering 1 / 64 samples
01:04.157  render           | Fra: 59 | Rendering 25 / 64 samples
01:04.235  render           | Fra: 59 | Rendering 50 / 64 samples
01:04.282  render           | Fra: 59 | Rendering 64 / 64 samples
01:04.360  render           | Saved: 'C:\Users\d.grab\Desktop\the-game\ART\characters\act-1-enemies\forest-elite-wendigo\production\animation\reference_match_leap\final_frames\pose_0059.png'
01:04.360  render           | Time: 00:00.36 (Saving: 00:00.04)
01:04.360  render           | Rendering frame 60
01:04.360  render           | Start rendering: Scene, ViewLayer
01:04.360  render           | Engine: EEVEE
01:04.422  render           | Fra: 60 | Rendering 1 / 64 samples
01:04.500  render           | Fra: 60 | Rendering 25 / 64 samples
01:04.579  render           | Fra: 60 | Rendering 50 / 64 samples
01:04.625  render           | Fra: 60 | Rendering 64 / 64 samples
01:04.704  render           | Saved: 'C:\Users\d.grab\Desktop\the-game\ART\characters\act-1-enemies\forest-elite-wendigo\production\animation\reference_match_leap\final_frames\pose_0060.png'
01:04.704  render           | Time: 00:00.33 (Saving: 00:00.04)
01:04.704  render           | Rendering frame 61
01:04.704  render           | Start rendering: Scene, ViewLayer
01:04.704  render           | Engine: EEVEE
01:04.766  render           | Fra: 61 | Rendering 1 / 64 samples
01:04.844  render           | Fra: 61 | Rendering 25 / 64 samples
01:04.922  render           | Fra: 61 | Rendering 50 / 64 samples
01:04.969  render           | Fra: 61 | Rendering 64 / 64 samples
01:05.047  render           | Saved: 'C:\Users\d.grab\Desktop\the-game\ART\characters\act-1-enemies\forest-elite-wendigo\production\animation\reference_match_leap\final_frames\pose_0061.png'
01:05.047  render           | Time: 00:00.34 (Saving: 00:00.04)
01:05.047  render           | Rendering frame 62
01:05.047  render           | Start rendering: Scene, ViewLayer
01:05.047  render           | Engine: EEVEE
01:05.110  render           | Fra: 62 | Rendering 1 / 64 samples
01:05.204  render           | Fra: 62 | Rendering 25 / 64 samples
01:05.282  render           | Fra: 62 | Rendering 50 / 64 samples
01:05.329  render           | Fra: 62 | Rendering 64 / 64 samples
01:05.407  render           | Saved: 'C:\Users\d.grab\Desktop\the-game\ART\characters\act-1-enemies\forest-elite-wendigo\production\animation\reference_match_leap\final_frames\pose_0062.png'
01:05.407  render           | Time: 00:00.36 (Saving: 00:00.05)
01:05.407  render           | Rendering frame 63
01:05.407  render           | Start rendering: Scene, ViewLayer
01:05.407  render           | Engine: EEVEE
01:05.485  render           | Fra: 63 | Rendering 1 / 64 samples
01:05.563  render           | Fra: 63 | Rendering 25 / 64 samples
01:05.657  render           | Fra: 63 | Rendering 50 / 64 samples
01:05.688  render           | Fra: 63 | Rendering 64 / 64 samples
01:05.766  render           | Saved: 'C:\Users\d.grab\Desktop\the-game\ART\characters\act-1-enemies\forest-elite-wendigo\production\animation\reference_match_leap\final_frames\pose_0063.png'
01:05.766  render           | Time: 00:00.35 (Saving: 00:00.04)
01:05.766  render           | Rendering frame 64
01:05.766  render           | Start rendering: Scene, ViewLayer
01:05.766  render           | Engine: EEVEE
01:05.829  render           | Fra: 64 | Rendering 1 / 64 samples
01:05.907  render           | Fra: 64 | Rendering 25 / 64 samples
01:06.000  render           | Fra: 64 | Rendering 50 / 64 samples
01:06.032  render           | Fra: 64 | Rendering 64 / 64 samples
01:06.110  render           | Saved: 'C:\Users\d.grab\Desktop\the-game\ART\characters\act-1-enemies\forest-elite-wendigo\production\animation\reference_match_leap\final_frames\pose_0064.png'
01:06.110  render           | Time: 00:00.34 (Saving: 00:00.04)
01:06.110  render           | Rendering frame 65
01:06.110  render           | Start rendering: Scene, ViewLayer
01:06.110  render           | Engine: EEVEE
01:06.172  render           | Fra: 65 | Rendering 1 / 64 samples
01:06.266  render           | Fra: 65 | Rendering 25 / 64 samples
01:06.344  render           | Fra: 65 | Rendering 50 / 64 samples
01:06.391  render           | Fra: 65 | Rendering 64 / 64 samples
01:06.469  render           | Saved: 'C:\Users\d.grab\Desktop\the-game\ART\characters\act-1-enemies\forest-elite-wendigo\production\animation\reference_match_leap\final_frames\pose_0065.png'
01:06.469  render           | Time: 00:00.35 (Saving: 00:00.04)
01:06.469  render           | Rendering frame 66
01:06.469  render           | Start rendering: Scene, ViewLayer
01:06.469  render           | Engine: EEVEE
01:06.532  render           | Fra: 66 | Rendering 1 / 64 samples
01:06.625  render           | Fra: 66 | Rendering 25 / 64 samples
01:06.704  render           | Fra: 66 | Rendering 50 / 64 samples
01:06.750  render           | Fra: 66 | Rendering 64 / 64 samples
01:06.829  render           | Saved: 'C:\Users\d.grab\Desktop\the-game\ART\characters\act-1-enemies\forest-elite-wendigo\production\animation\reference_match_leap\final_frames\pose_0066.png'
01:06.829  render           | Time: 00:00.36 (Saving: 00:00.05)
01:06.829  render           | Rendering frame 67
01:06.829  render           | Start rendering: Scene, ViewLayer
01:06.829  render           | Engine: EEVEE
01:06.891  render           | Fra: 67 | Rendering 1 / 64 samples
01:06.969  render           | Fra: 67 | Rendering 25 / 64 samples
01:07.063  render           | Fra: 67 | Rendering 50 / 64 samples
01:07.094  render           | Fra: 67 | Rendering 64 / 64 samples
01:07.172  render           | Saved: 'C:\Users\d.grab\Desktop\the-game\ART\characters\act-1-enemies\forest-elite-wendigo\production\animation\reference_match_leap\final_frames\pose_0067.png'
01:07.172  render           | Time: 00:00.34 (Saving: 00:00.04)
01:07.172  render           | Rendering frame 68
01:07.172  render           | Start rendering: Scene, ViewLayer
01:07.172  render           | Engine: EEVEE
01:07.235  render           | Fra: 68 | Rendering 1 / 64 samples
01:07.313  render           | Fra: 68 | Rendering 25 / 64 samples
01:07.391  render           | Fra: 68 | Rendering 50 / 64 samples
01:07.438  render           | Fra: 68 | Rendering 64 / 64 samples
01:07.516  render           | Saved: 'C:\Users\d.grab\Desktop\the-game\ART\characters\act-1-enemies\forest-elite-wendigo\production\animation\reference_match_leap\final_frames\pose_0068.png'
01:07.516  render           | Time: 00:00.34 (Saving: 00:00.04)
01:07.516  render           | Rendering frame 69
01:07.516  render           | Start rendering: Scene, ViewLayer
01:07.516  render           | Engine: EEVEE
01:07.579  render           | Fra: 69 | Rendering 1 / 64 samples
01:07.672  render           | Fra: 69 | Rendering 25 / 64 samples
01:07.766  render           | Fra: 69 | Rendering 50 / 64 samples
01:07.813  render           | Fra: 69 | Rendering 64 / 64 samples
01:07.891  render           | Saved: 'C:\Users\d.grab\Desktop\the-game\ART\characters\act-1-enemies\forest-elite-wendigo\production\animation\reference_match_leap\final_frames\pose_0069.png'
01:07.891  render           | Time: 00:00.38 (Saving: 00:00.05)
01:07.891  render           | Rendering frame 70
01:07.891  render           | Start rendering: Scene, ViewLayer
01:07.891  render           | Engine: EEVEE
01:07.954  render           | Fra: 70 | Rendering 1 / 64 samples
01:08.047  render           | Fra: 70 | Rendering 25 / 64 samples
01:08.125  render           | Fra: 70 | Rendering 50 / 64 samples
01:08.172  render           | Fra: 70 | Rendering 64 / 64 samples
01:08.235  render           | Saved: 'C:\Users\d.grab\Desktop\the-game\ART\characters\act-1-enemies\forest-elite-wendigo\production\animation\reference_match_leap\final_frames\pose_0070.png'
01:08.235  render           | Time: 00:00.34 (Saving: 00:00.04)
01:08.235  render           | Rendering frame 71
01:08.235  render           | Start rendering: Scene, ViewLayer
01:08.235  render           | Engine: EEVEE
01:08.297  render           | Fra: 71 | Rendering 1 / 64 samples
01:08.391  render           | Fra: 71 | Rendering 25 / 64 samples
01:08.469  render           | Fra: 71 | Rendering 50 / 64 samples
01:08.516  render           | Fra: 71 | Rendering 64 / 64 samples
01:08.594  render           | Saved: 'C:\Users\d.grab\Desktop\the-game\ART\characters\act-1-enemies\forest-elite-wendigo\production\animation\reference_match_leap\final_frames\pose_0071.png'
01:08.594  render           | Time: 00:00.35 (Saving: 00:00.05)
01:08.594  render           | Rendering frame 72
01:08.594  render           | Start rendering: Scene, ViewLayer
01:08.594  render           | Engine: EEVEE
01:08.672  render           | Fra: 72 | Rendering 1 / 64 samples
01:08.750  render           | Fra: 72 | Rendering 25 / 64 samples
01:08.844  render           | Fra: 72 | Rendering 50 / 64 samples
01:08.891  render           | Fra: 72 | Rendering 64 / 64 samples
01:08.969  render           | Saved: 'C:\Users\d.grab\Desktop\the-game\ART\characters\act-1-enemies\forest-elite-wendigo\production\animation\reference_match_leap\final_frames\pose_0072.png'
01:08.969  render           | Time: 00:00.37 (Saving: 00:00.05)
01:08.969  render           | Rendering frame 73
01:08.969  render           | Start rendering: Scene, ViewLayer
01:08.969  render           | Engine: EEVEE
01:09.047  render           | Fra: 73 | Rendering 1 / 64 samples
01:09.125  render           | Fra: 73 | Rendering 25 / 64 samples
01:09.219  render           | Fra: 73 | Rendering 50 / 64 samples
01:09.266  render           | Fra: 73 | Rendering 64 / 64 samples
01:09.329  render           | Saved: 'C:\Users\d.grab\Desktop\the-game\ART\characters\act-1-enemies\forest-elite-wendigo\production\animation\reference_match_leap\final_frames\pose_0073.png'
01:09.329  render           | Time: 00:00.35 (Saving: 00:00.05)
01:09.329  render           | Rendering frame 74
01:09.329  render           | Start rendering: Scene, ViewLayer
01:09.329  render           | Engine: EEVEE
01:09.391  render           | Fra: 74 | Rendering 1 / 64 samples
01:09.485  render           | Fra: 74 | Rendering 25 / 64 samples
01:09.563  render           | Fra: 74 | Rendering 50 / 64 samples
01:09.610  render           | Fra: 74 | Rendering 64 / 64 samples
01:09.688  render           | Saved: 'C:\Users\d.grab\Desktop\the-game\ART\characters\act-1-enemies\forest-elite-wendigo\production\animation\reference_match_leap\final_frames\pose_0074.png'
01:09.688  render           | Time: 00:00.34 (Saving: 00:00.05)
01:09.688  render           | Rendering frame 75
01:09.688  render           | Start rendering: Scene, ViewLayer
01:09.688  render           | Engine: EEVEE
01:09.750  render           | Fra: 75 | Rendering 1 / 64 samples
01:09.829  render           | Fra: 75 | Rendering 25 / 64 samples
01:09.922  render           | Fra: 75 | Rendering 50 / 64 samples
01:09.969  render           | Fra: 75 | Rendering 64 / 64 samples
01:10.047  render           | Saved: 'C:\Users\d.grab\Desktop\the-game\ART\characters\act-1-enemies\forest-elite-wendigo\production\animation\reference_match_leap\final_frames\pose_0075.png'
01:10.047  render           | Time: 00:00.36 (Saving: 00:00.05)
01:10.047  render           | Rendering frame 76
01:10.047  render           | Start rendering: Scene, ViewLayer
01:10.047  render           | Engine: EEVEE
01:10.110  render           | Fra: 76 | Rendering 1 / 64 samples
01:10.204  render           | Fra: 76 | Rendering 25 / 64 samples
01:10.297  render           | Fra: 76 | Rendering 50 / 64 samples
01:10.344  render           | Fra: 76 | Rendering 64 / 64 samples
01:10.422  render           | Saved: 'C:\Users\d.grab\Desktop\the-game\ART\characters\act-1-enemies\forest-elite-wendigo\production\animation\reference_match_leap\final_frames\pose_0076.png'
01:10.422  render           | Time: 00:00.36 (Saving: 00:00.04)
01:10.422  render           | Rendering frame 77
01:10.422  render           | Start rendering: Scene, ViewLayer
01:10.422  render           | Engine: EEVEE
01:10.485  render           | Fra: 77 | Rendering 1 / 64 samples
01:10.579  render           | Fra: 77 | Rendering 25 / 64 samples
01:10.657  render           | Fra: 77 | Rendering 50 / 64 samples
01:10.704  render           | Fra: 77 | Rendering 64 / 64 samples
01:10.782  render           | Saved: 'C:\Users\d.grab\Desktop\the-game\ART\characters\act-1-enemies\forest-elite-wendigo\production\animation\reference_match_leap\final_frames\pose_0077.png'
01:10.782  render           | Time: 00:00.36 (Saving: 00:00.05)
01:10.782  render           | Rendering frame 78
01:10.782  render           | Start rendering: Scene, ViewLayer
01:10.782  render           | Engine: EEVEE
01:10.844  render           | Fra: 78 | Rendering 1 / 64 samples
01:10.938  render           | Fra: 78 | Rendering 25 / 64 samples
01:11.016  render           | Fra: 78 | Rendering 50 / 64 samples
01:11.063  render           | Fra: 78 | Rendering 64 / 64 samples
01:11.141  render           | Saved: 'C:\Users\d.grab\Desktop\the-game\ART\characters\act-1-enemies\forest-elite-wendigo\production\animation\reference_match_leap\final_frames\pose_0078.png'
01:11.141  render           | Time: 00:00.35 (Saving: 00:00.05)
01:11.141  render           | Rendering frame 79
01:11.141  render           | Start rendering: Scene, ViewLayer
01:11.141  render           | Engine: EEVEE
01:11.204  render           | Fra: 79 | Rendering 1 / 64 samples
01:11.297  render           | Fra: 79 | Rendering 25 / 64 samples
01:11.375  render           | Fra: 79 | Rendering 50 / 64 samples
01:11.422  render           | Fra: 79 | Rendering 64 / 64 samples
01:11.516  render           | Saved: 'C:\Users\d.grab\Desktop\the-game\ART\characters\act-1-enemies\forest-elite-wendigo\production\animation\reference_match_leap\final_frames\pose_0079.png'
01:11.516  render           | Time: 00:00.38 (Saving: 00:00.06)
01:11.516  render           | Rendering frame 80
01:11.516  render           | Start rendering: Scene, ViewLayer
01:11.516  render           | Engine: EEVEE
01:11.594  render           | Fra: 80 | Rendering 1 / 64 samples
01:11.672  render           | Fra: 80 | Rendering 25 / 64 samples
01:11.766  render           | Fra: 80 | Rendering 50 / 64 samples
01:11.813  render           | Fra: 80 | Rendering 64 / 64 samples
01:11.891  render           | Saved: 'C:\Users\d.grab\Desktop\the-game\ART\characters\act-1-enemies\forest-elite-wendigo\production\animation\reference_match_leap\final_frames\pose_0080.png'
01:11.891  render           | Time: 00:00.36 (Saving: 00:00.05)
01:11.891  render           | Rendering frame 81
01:11.891  render           | Start rendering: Scene, ViewLayer
01:11.891  render           | Engine: EEVEE
01:11.954  render           | Fra: 81 | Rendering 1 / 64 samples
01:12.032  render           | Fra: 81 | Rendering 25 / 64 samples
01:12.125  render           | Fra: 81 | Rendering 50 / 64 samples
01:12.157  render           | Fra: 81 | Rendering 64 / 64 samples
01:12.250  render           | Saved: 'C:\Users\d.grab\Desktop\the-game\ART\characters\act-1-enemies\forest-elite-wendigo\production\animation\reference_match_leap\final_frames\pose_0081.png'
01:12.250  render           | Time: 00:00.35 (Saving: 00:00.05)
01:12.250  render           | Rendering frame 82
01:12.250  render           | Start rendering: Scene, ViewLayer
01:12.250  render           | Engine: EEVEE
01:12.313  render           | Fra: 82 | Rendering 1 / 64 samples
01:12.407  render           | Fra: 82 | Rendering 25 / 64 samples
01:12.500  render           | Fra: 82 | Rendering 50 / 64 samples
01:12.547  render           | Fra: 82 | Rendering 64 / 64 samples
01:12.625  render           | Saved: 'C:\Users\d.grab\Desktop\the-game\ART\characters\act-1-enemies\forest-elite-wendigo\production\animation\reference_match_leap\final_frames\pose_0082.png'
01:12.625  render           | Time: 00:00.38 (Saving: 00:00.05)
01:12.625  render           | Rendering frame 83
01:12.625  render           | Start rendering: Scene, ViewLayer
01:12.625  render           | Engine: EEVEE
01:12.704  render           | Fra: 83 | Rendering 1 / 64 samples
01:12.813  render           | Fra: 83 | Rendering 25 / 64 samples
01:12.891  render           | Fra: 83 | Rendering 50 / 64 samples
01:12.938  render           | Fra: 83 | Rendering 64 / 64 samples
01:13.016  render           | Saved: 'C:\Users\d.grab\Desktop\the-game\ART\characters\act-1-enemies\forest-elite-wendigo\production\animation\reference_match_leap\final_frames\pose_0083.png'
01:13.016  render           | Time: 00:00.38 (Saving: 00:00.05)
01:13.016  render           | Rendering frame 84
01:13.016  render           | Start rendering: Scene, ViewLayer
01:13.016  render           | Engine: EEVEE
01:13.079  render           | Fra: 84 | Rendering 1 / 64 samples
01:13.172  render           | Fra: 84 | Rendering 25 / 64 samples
01:13.250  render           | Fra: 84 | Rendering 50 / 64 samples
01:13.297  render           | Fra: 84 | Rendering 64 / 64 samples
01:13.375  render           | Saved: 'C:\Users\d.grab\Desktop\the-game\ART\characters\act-1-enemies\forest-elite-wendigo\production\animation\reference_match_leap\final_frames\pose_0084.png'
01:13.375  render           | Time: 00:00.35 (Saving: 00:00.05)
01:13.375  render           | Rendering frame 85
01:13.375  render           | Start rendering: Scene, ViewLayer
01:13.375  render           | Engine: EEVEE
01:13.454  render           | Fra: 85 | Rendering 1 / 64 samples
01:13.532  render           | Fra: 85 | Rendering 25 / 64 samples
01:13.625  render           | Fra: 85 | Rendering 50 / 64 samples
01:13.672  render           | Fra: 85 | Rendering 64 / 64 samples
01:13.750  render           | Saved: 'C:\Users\d.grab\Desktop\the-game\ART\characters\act-1-enemies\forest-elite-wendigo\production\animation\reference_match_leap\final_frames\pose_0085.png'
01:13.750  render           | Time: 00:00.37 (Saving: 00:00.05)
01:13.750  render           | Rendering frame 86
01:13.750  render           | Start rendering: Scene, ViewLayer
01:13.750  render           | Engine: EEVEE
01:13.829  render           | Fra: 86 | Rendering 1 / 64 samples
01:13.922  render           | Fra: 86 | Rendering 25 / 64 samples
01:14.016  render           | Fra: 86 | Rendering 50 / 64 samples
01:14.063  render           | Fra: 86 | Rendering 64 / 64 samples
01:14.141  render           | Saved: 'C:\Users\d.grab\Desktop\the-game\ART\characters\act-1-enemies\forest-elite-wendigo\production\animation\reference_match_leap\final_frames\pose_0086.png'
01:14.141  render           | Time: 00:00.38 (Saving: 00:00.05)
01:14.141  render           | Rendering frame 87
01:14.141  render           | Start rendering: Scene, ViewLayer
01:14.141  render           | Engine: EEVEE
01:14.219  render           | Fra: 87 | Rendering 1 / 64 samples
01:14.297  render           | Fra: 87 | Rendering 25 / 64 samples
01:14.375  render           | Fra: 87 | Rendering 50 / 64 samples
01:14.422  render           | Fra: 87 | Rendering 64 / 64 samples
01:14.500  render           | Saved: 'C:\Users\d.grab\Desktop\the-game\ART\characters\act-1-enemies\forest-elite-wendigo\production\animation\reference_match_leap\final_frames\pose_0087.png'
01:14.500  render           | Time: 00:00.35 (Saving: 00:00.05)
01:14.500  render           | Rendering frame 88
01:14.500  render           | Start rendering: Scene, ViewLayer
01:14.500  render           | Engine: EEVEE
01:14.563  render           | Fra: 88 | Rendering 1 / 64 samples
01:14.657  render           | Fra: 88 | Rendering 25 / 64 samples
01:14.735  render           | Fra: 88 | Rendering 50 / 64 samples
01:14.782  render           | Fra: 88 | Rendering 64 / 64 samples
01:14.875  render           | Saved: 'C:\Users\d.grab\Desktop\the-game\ART\characters\act-1-enemies\forest-elite-wendigo\production\animation\reference_match_leap\final_frames\pose_0088.png'
01:14.875  render           | Time: 00:00.37 (Saving: 00:00.05)
01:14.875  render           | Rendering frame 89
01:14.875  render           | Start rendering: Scene, ViewLayer
01:14.875  render           | Engine: EEVEE
01:14.938  render           | Fra: 89 | Rendering 1 / 64 samples
01:15.032  render           | Fra: 89 | Rendering 25 / 64 samples
01:15.110  render           | Fra: 89 | Rendering 50 / 64 samples
01:15.172  render           | Fra: 89 | Rendering 64 / 64 samples
01:15.250  render           | Saved: 'C:\Users\d.grab\Desktop\the-game\ART\characters\act-1-enemies\forest-elite-wendigo\production\animation\reference_match_leap\final_frames\pose_0089.png'
01:15.250  render           | Time: 00:00.38 (Saving: 00:00.05)
01:15.250  render           | Rendering frame 90
01:15.250  render           | Start rendering: Scene, ViewLayer
01:15.250  render           | Engine: EEVEE
01:15.329  render           | Fra: 90 | Rendering 1 / 64 samples
01:15.407  render           | Fra: 90 | Rendering 25 / 64 samples
01:15.500  render           | Fra: 90 | Rendering 50 / 64 samples
01:15.547  render           | Fra: 90 | Rendering 64 / 64 samples
01:15.625  render           | Saved: 'C:\Users\d.grab\Desktop\the-game\ART\characters\act-1-enemies\forest-elite-wendigo\production\animation\reference_match_leap\final_frames\pose_0090.png'
01:15.625  render           | Time: 00:00.36 (Saving: 00:00.05)
01:15.625  render           | Rendering frame 91
01:15.625  render           | Start rendering: Scene, ViewLayer
01:15.625  render           | Engine: EEVEE
01:15.688  render           | Fra: 91 | Rendering 1 / 64 samples
01:15.782  render           | Fra: 91 | Rendering 25 / 64 samples
01:15.860  render           | Fra: 91 | Rendering 50 / 64 samples
01:15.907  render           | Fra: 91 | Rendering 64 / 64 samples
01:15.985  render           | Saved: 'C:\Users\d.grab\Desktop\the-game\ART\characters\act-1-enemies\forest-elite-wendigo\production\animation\reference_match_leap\final_frames\pose_0091.png'
01:15.985  render           | Time: 00:00.37 (Saving: 00:00.05)
01:15.985  render           | Rendering frame 92
01:15.985  render           | Start rendering: Scene, ViewLayer
01:15.985  render           | Engine: EEVEE
01:16.063  render           | Fra: 92 | Rendering 1 / 64 samples
01:16.157  render           | Fra: 92 | Rendering 25 / 64 samples
01:16.250  render           | Fra: 92 | Rendering 50 / 64 samples
01:16.297  render           | Fra: 92 | Rendering 64 / 64 samples
01:16.391  render           | Saved: 'C:\Users\d.grab\Desktop\the-game\ART\characters\act-1-enemies\forest-elite-wendigo\production\animation\reference_match_leap\final_frames\pose_0092.png'
01:16.391  render           | Time: 00:00.39 (Saving: 00:00.05)
01:16.391  render           | Rendering frame 93
01:16.391  render           | Start rendering: Scene, ViewLayer
01:16.391  render           | Engine: EEVEE
01:16.469  render           | Fra: 93 | Rendering 1 / 64 samples
01:16.563  render           | Fra: 93 | Rendering 25 / 64 samples
01:16.641  render           | Fra: 93 | Rendering 50 / 64 samples
01:16.688  render           | Fra: 93 | Rendering 64 / 64 samples
01:16.797  render           | Saved: 'C:\Users\d.grab\Desktop\the-game\ART\characters\act-1-enemies\forest-elite-wendigo\production\animation\reference_match_leap\final_frames\pose_0093.png'
01:16.797  render           | Time: 00:00.40 (Saving: 00:00.07)
01:16.797  render           | Rendering frame 94
01:16.797  render           | Start rendering: Scene, ViewLayer
01:16.797  render           | Engine: EEVEE
01:16.860  render           | Fra: 94 | Rendering 1 / 64 samples
01:16.938  render           | Fra: 94 | Rendering 25 / 64 samples
01:17.032  render           | Fra: 94 | Rendering 50 / 64 samples
01:17.079  render           | Fra: 94 | Rendering 64 / 64 samples
01:17.157  render           | Saved: 'C:\Users\d.grab\Desktop\the-game\ART\characters\act-1-enemies\forest-elite-wendigo\production\animation\reference_match_leap\final_frames\pose_0094.png'
01:17.157  render           | Time: 00:00.35 (Saving: 00:00.05)
01:17.157  render           | Rendering frame 95
01:17.157  render           | Start rendering: Scene, ViewLayer
01:17.157  render           | Engine: EEVEE
01:17.219  render           | Fra: 95 | Rendering 1 / 64 samples
01:17.313  render           | Fra: 95 | Rendering 25 / 64 samples
01:17.407  render           | Fra: 95 | Rendering 50 / 64 samples
01:17.454  render           | Fra: 95 | Rendering 64 / 64 samples
01:17.547  render           | Saved: 'C:\Users\d.grab\Desktop\the-game\ART\characters\act-1-enemies\forest-elite-wendigo\production\animation\reference_match_leap\final_frames\pose_0095.png'
01:17.547  render           | Time: 00:00.40 (Saving: 00:00.06)
01:17.547  render           | Rendering frame 96
01:17.547  render           | Start rendering: Scene, ViewLayer
01:17.547  render           | Engine: EEVEE
01:17.625  render           | Fra: 96 | Rendering 1 / 64 samples
01:17.735  render           | Fra: 96 | Rendering 25 / 64 samples
01:17.813  render           | Fra: 96 | Rendering 50 / 64 samples
01:17.875  render           | Fra: 96 | Rendering 64 / 64 samples
01:17.954  render           | Saved: 'C:\Users\d.grab\Desktop\the-game\ART\characters\act-1-enemies\forest-elite-wendigo\production\animation\reference_match_leap\final_frames\pose_0096.png'
01:17.954  render           | Time: 00:00.39 (Saving: 00:00.05)
[a_Rodin.utils-DBG]: RodinBridge: unregister
Traceback (most recent call last):
  File "C:\Program Files\Blender Foundation\Blender 5.2\5.2\scripts\modules\addon_utils.py", line 595, in disable
    mod.unregister()
    ~~~~~~~~~~~~~~^^
  File "C:\Users\d.grab\AppData\Roaming\Blender Foundation\Blender\5.2\scripts\addons\a_Rodin\__init__.py", line 28, in unregister
    unreg()
    ~~~~~^^
  File "C:\Program Files\Blender Foundation\Blender 5.2\5.2\scripts\modules\bpy\utils\__init__.py", line 1054, in unregister
    mod.unregister()
    ~~~~~~~~~~~~~~^^
  File "C:\Program Files\Blender Foundation\Blender 5.2\5.2\scripts\modules\bpy\utils\__init__.py", line 1054, in unregister
    mod.unregister()
    ~~~~~~~~~~~~~~^^
  File "C:\Program Files\Blender Foundation\Blender 5.2\5.2\scripts\modules\bpy\utils\__init__.py", line 1054, in unregister
    mod.unregister()
    ~~~~~~~~~~~~~~^^
  File "C:\Users\d.grab\AppData\Roaming\Blender Foundation\Blender\5.2\scripts\addons\a_Rodin\src\rodin\properties.py", line 408, in unregister
    bpy.app.handlers.load_post.remove(on_scene_load)
    ~~~~~~~~~~~~~~~~~~~~~~~~~~~~~~~~~^^^^^^^^^^^^^^^
ValueError: list.remove(x): x not in list
Reloading external rigs...
Reloading external metarigs...
Exception in module unregister(): 'C:\\Users\\d.grab\\AppData\\Roaming\\Blender Foundation\\Blender\\5.2\\scripts\\addons\\a_Rodin\\__init__.py'

Blender quit
