[a_Rodin.utils-DBG]: RodinBridge: register
[a_Rodin.utils-WRN]: Port 61863 is in use
[a_Rodin.utils-WRN]: Port 61864 is in use
[a_Rodin.utils-WRN]: Server running on port 61865
Traceback (most recent call last):
  File "C:\Program Files\Blender Foundation\Blender 5.2\5.2\scripts\modules\addon_utils.py", line 458, in enable
    mod = importlib.import_module(module_name)
  File "C:\Program Files\Blender Foundation\Blender 5.2\5.2\python\Lib\importlib\__init__.py", line 88, in import_module
    return _bootstrap._gcd_import(name[level:], package, level)
           ~~~~~~~~~~~~~~~~~~~~~~^^^^^^^^^^^^^^^^^^^^^^^^^^^^^^
  File "<frozen importlib._bootstrap>", line 1395, in _gcd_import
  File "<frozen importlib._bootstrap>", line 1360, in _find_and_load
  File "<frozen importlib._bootstrap>", line 1331, in _find_and_load_unlocked
  File "<frozen importlib._bootstrap>", line 935, in _load_unlocked
  File "<frozen importlib._bootstrap_external>", line 1023, in exec_module
  File "<frozen importlib._bootstrap>", line 488, in _call_with_frames_removed
  File "C:\Users\d.grab\AppData\Roaming\Blender Foundation\Blender\5.2\extensions\user_default\higgsfield_blender\__init__.py", line 60, in <module>
    from .features import bridge_gate, phonecam
  File "C:\Users\d.grab\AppData\Roaming\Blender Foundation\Blender\5.2\extensions\user_default\higgsfield_blender\features\bridge_gate.py", line 23, in <module>
    from ..fnf.session import _active_workspace_id, is_authenticated
  File "C:\Users\d.grab\AppData\Roaming\Blender Foundation\Blender\5.2\extensions\user_default\higgsfield_blender\fnf\session.py", line 31, in <module>
    import httpx
ModuleNotFoundError: No module named 'httpx'
[a_Rodin.utils-DBG]: on_scene_load
[a_Rodin.utils-DBG]: ensure_default_image
00:05.641  blend            | Read blend: "C:\Users\d.grab\Desktop\the-game\ART\characters\act-1-enemies\forest-elite-wendigo\production\animation\reference_match_remaining\death_work\Death_Final.blend"
00:05.891  render           | Rendering animation (frames 0..96)
00:05.891  render           | Rendering frame 0
00:05.891  render           | Start rendering: Scene, ViewLayer
00:05.891  render           | Engine: EEVEE
00:09.954  render           | Fra: 0 | Rendering 1 / 64 samples
Blender 5.2.1 LTS (hash 9e2066aef7ef built 2026-08-25 02:38:20)
00:10.094  render           | Fra: 0 | Rendering 25 / 64 samples
00:10.219  render           | Fra: 0 | Rendering 50 / 64 samples
00:10.282  render           | Fra: 0 | Rendering 64 / 64 samples
00:10.547  render           | Saved: 'C:\Users\d.grab\Desktop\the-game\ART\characters\act-1-enemies\forest-elite-wendigo\production\animation\reference_match_remaining\death_work\final_frames\pose_0000.png'
00:10.547  render           | Time: 00:04.65 (Saving: 00:00.19)
00:10.547  render           | Rendering frame 1
00:10.547  render           | Start rendering: Scene, ViewLayer
00:10.547  render           | Engine: EEVEE
00:10.688  render           | Fra: 1 | Rendering 1 / 64 samples
00:10.829  render           | Fra: 1 | Rendering 25 / 64 samples
00:10.985  render           | Fra: 1 | Rendering 50 / 64 samples
00:11.063  render           | Fra: 1 | Rendering 64 / 64 samples
00:11.219  render           | Saved: 'C:\Users\d.grab\Desktop\the-game\ART\characters\act-1-enemies\forest-elite-wendigo\production\animation\reference_match_remaining\death_work\final_frames\pose_0001.png'
00:11.219  render           | Time: 00:00.66 (Saving: 00:00.09)
00:11.219  render           | Rendering frame 2
00:11.219  render           | Start rendering: Scene, ViewLayer
00:11.219  render           | Engine: EEVEE
00:11.329  render           | Fra: 2 | Rendering 1 / 64 samples
00:11.485  render           | Fra: 2 | Rendering 25 / 64 samples
00:11.641  render           | Fra: 2 | Rendering 50 / 64 samples
00:11.719  render           | Fra: 2 | Rendering 64 / 64 samples
00:11.860  render           | Saved: 'C:\Users\d.grab\Desktop\the-game\ART\characters\act-1-enemies\forest-elite-wendigo\production\animation\reference_match_remaining\death_work\final_frames\pose_0002.png'
00:11.860  render           | Time: 00:00.64 (Saving: 00:00.09)
00:11.860  render           | Rendering frame 3
00:11.860  render           | Start rendering: Scene, ViewLayer
00:11.860  render           | Engine: EEVEE
00:11.969  render           | Fra: 3 | Rendering 1 / 64 samples
00:12.141  render           | Fra: 3 | Rendering 25 / 64 samples
00:12.282  render           | Fra: 3 | Rendering 50 / 64 samples
00:12.360  render           | Fra: 3 | Rendering 64 / 64 samples
00:12.500  render           | Saved: 'C:\Users\d.grab\Desktop\the-game\ART\characters\act-1-enemies\forest-elite-wendigo\production\animation\reference_match_remaining\death_work\final_frames\pose_0003.png'
00:12.500  render           | Time: 00:00.64 (Saving: 00:00.09)
00:12.500  render           | Rendering frame 4
00:12.500  render           | Start rendering: Scene, ViewLayer
00:12.500  render           | Engine: EEVEE
00:12.610  render           | Fra: 4 | Rendering 1 / 64 samples
00:12.782  render           | Fra: 4 | Rendering 25 / 64 samples
00:12.938  render           | Fra: 4 | Rendering 50 / 64 samples
00:13.016  render           | Fra: 4 | Rendering 64 / 64 samples
00:13.157  render           | Saved: 'C:\Users\d.grab\Desktop\the-game\ART\characters\act-1-enemies\forest-elite-wendigo\production\animation\reference_match_remaining\death_work\final_frames\pose_0004.png'
00:13.157  render           | Time: 00:00.64 (Saving: 00:00.09)
00:13.157  render           | Rendering frame 5
00:13.157  render           | Start rendering: Scene, ViewLayer
00:13.157  render           | Engine: EEVEE
00:13.266  render           | Fra: 5 | Rendering 1 / 64 samples
00:13.422  render           | Fra: 5 | Rendering 25 / 64 samples
00:13.579  render           | Fra: 5 | Rendering 50 / 64 samples
00:13.657  render           | Fra: 5 | Rendering 64 / 64 samples
00:13.782  render           | Saved: 'C:\Users\d.grab\Desktop\the-game\ART\characters\act-1-enemies\forest-elite-wendigo\production\animation\reference_match_remaining\death_work\final_frames\pose_0005.png'
00:13.782  render           | Time: 00:00.63 (Saving: 00:00.08)
00:13.782  render           | Rendering frame 6
00:13.782  render           | Start rendering: Scene, ViewLayer
00:13.782  render           | Engine: EEVEE
00:13.891  render           | Fra: 6 | Rendering 1 / 64 samples
00:14.032  render           | Fra: 6 | Rendering 25 / 64 samples
00:14.188  render           | Fra: 6 | Rendering 50 / 64 samples
00:14.250  render           | Fra: 6 | Rendering 64 / 64 samples
00:14.391  render           | Saved: 'C:\Users\d.grab\Desktop\the-game\ART\characters\act-1-enemies\forest-elite-wendigo\production\animation\reference_match_remaining\death_work\final_frames\pose_0006.png'
00:14.391  render           | Time: 00:00.61 (Saving: 00:00.09)
00:14.391  render           | Rendering frame 7
00:14.391  render           | Start rendering: Scene, ViewLayer
00:14.391  render           | Engine: EEVEE
00:14.500  render           | Fra: 7 | Rendering 1 / 64 samples
00:14.672  render           | Fra: 7 | Rendering 25 / 64 samples
00:14.813  render           | Fra: 7 | Rendering 50 / 64 samples
00:14.875  render           | Fra: 7 | Rendering 64 / 64 samples
00:15.000  render           | Saved: 'C:\Users\d.grab\Desktop\the-game\ART\characters\act-1-enemies\forest-elite-wendigo\production\animation\reference_match_remaining\death_work\final_frames\pose_0007.png'
00:15.000  render           | Time: 00:00.60 (Saving: 00:00.08)
00:15.000  render           | Rendering frame 8
00:15.000  render           | Start rendering: Scene, ViewLayer
00:15.000  render           | Engine: EEVEE
00:15.094  render           | Fra: 8 | Rendering 1 / 64 samples
00:15.250  render           | Fra: 8 | Rendering 25 / 64 samples
00:15.375  render           | Fra: 8 | Rendering 50 / 64 samples
00:15.422  render           | Fra: 8 | Rendering 64 / 64 samples
00:15.610  render           | Saved: 'C:\Users\d.grab\Desktop\the-game\ART\characters\act-1-enemies\forest-elite-wendigo\production\animation\reference_match_remaining\death_work\final_frames\pose_0008.png'
00:15.610  render           | Time: 00:00.60 (Saving: 00:00.15)
00:15.610  render           | Rendering frame 9
00:15.610  render           | Start rendering: Scene, ViewLayer
00:15.610  render           | Engine: EEVEE
00:15.719  render           | Fra: 9 | Rendering 1 / 64 samples
00:15.875  render           | Fra: 9 | Rendering 25 / 64 samples
00:16.016  render           | Fra: 9 | Rendering 50 / 64 samples
00:16.094  render           | Fra: 9 | Rendering 64 / 64 samples
00:16.282  render           | Saved: 'C:\Users\d.grab\Desktop\the-game\ART\characters\act-1-enemies\forest-elite-wendigo\production\animation\reference_match_remaining\death_work\final_frames\pose_0009.png'
00:16.282  render           | Time: 00:00.67 (Saving: 00:00.15)
00:16.282  render           | Rendering frame 10
00:16.282  render           | Start rendering: Scene, ViewLayer
00:16.282  render           | Engine: EEVEE
00:16.391  render           | Fra: 10 | Rendering 1 / 64 samples
00:16.547  render           | Fra: 10 | Rendering 25 / 64 samples
00:16.688  render           | Fra: 10 | Rendering 50 / 64 samples
00:16.766  render           | Fra: 10 | Rendering 64 / 64 samples
00:16.954  render           | Saved: 'C:\Users\d.grab\Desktop\the-game\ART\characters\act-1-enemies\forest-elite-wendigo\production\animation\reference_match_remaining\death_work\final_frames\pose_0010.png'
00:16.954  render           | Time: 00:00.66 (Saving: 00:00.12)
00:16.954  render           | Rendering frame 11
00:16.954  render           | Start rendering: Scene, ViewLayer
00:16.954  render           | Engine: EEVEE
00:17.063  render           | Fra: 11 | Rendering 1 / 64 samples
00:17.219  render           | Fra: 11 | Rendering 25 / 64 samples
00:17.375  render           | Fra: 11 | Rendering 50 / 64 samples
00:17.454  render           | Fra: 11 | Rendering 64 / 64 samples
00:17.579  render           | Saved: 'C:\Users\d.grab\Desktop\the-game\ART\characters\act-1-enemies\forest-elite-wendigo\production\animation\reference_match_remaining\death_work\final_frames\pose_0011.png'
00:17.579  render           | Time: 00:00.63 (Saving: 00:00.07)
00:17.579  render           | Rendering frame 12
00:17.579  render           | Start rendering: Scene, ViewLayer
00:17.579  render           | Engine: EEVEE
00:17.672  render           | Fra: 12 | Rendering 1 / 64 samples
00:17.829  render           | Fra: 12 | Rendering 25 / 64 samples
00:17.969  render           | Fra: 12 | Rendering 50 / 64 samples
00:18.032  render           | Fra: 12 | Rendering 64 / 64 samples
00:18.141  render           | Saved: 'C:\Users\d.grab\Desktop\the-game\ART\characters\act-1-enemies\forest-elite-wendigo\production\animation\reference_match_remaining\death_work\final_frames\pose_0012.png'
00:18.141  render           | Time: 00:00.55 (Saving: 00:00.06)
00:18.141  render           | Rendering frame 13
00:18.141  render           | Start rendering: Scene, ViewLayer
00:18.141  render           | Engine: EEVEE
00:18.235  render           | Fra: 13 | Rendering 1 / 64 samples
00:18.375  render           | Fra: 13 | Rendering 25 / 64 samples
00:18.516  render           | Fra: 13 | Rendering 50 / 64 samples
00:18.579  render           | Fra: 13 | Rendering 64 / 64 samples
00:18.688  render           | Saved: 'C:\Users\d.grab\Desktop\the-game\ART\characters\act-1-enemies\forest-elite-wendigo\production\animation\reference_match_remaining\death_work\final_frames\pose_0013.png'
00:18.688  render           | Time: 00:00.54 (Saving: 00:00.06)
00:18.688  render           | Rendering frame 14
00:18.688  render           | Start rendering: Scene, ViewLayer
00:18.688  render           | Engine: EEVEE
00:18.766  render           | Fra: 14 | Rendering 1 / 64 samples
00:18.922  render           | Fra: 14 | Rendering 25 / 64 samples
00:19.063  render           | Fra: 14 | Rendering 50 / 64 samples
00:19.125  render           | Fra: 14 | Rendering 64 / 64 samples
00:19.250  render           | Saved: 'C:\Users\d.grab\Desktop\the-game\ART\characters\act-1-enemies\forest-elite-wendigo\production\animation\reference_match_remaining\death_work\final_frames\pose_0014.png'
00:19.250  render           | Time: 00:00.56 (Saving: 00:00.07)
00:19.250  render           | Rendering frame 15
00:19.250  render           | Start rendering: Scene, ViewLayer
00:19.250  render           | Engine: EEVEE
00:19.329  render           | Fra: 15 | Rendering 1 / 64 samples
00:19.469  render           | Fra: 15 | Rendering 25 / 64 samples
00:19.610  render           | Fra: 15 | Rendering 50 / 64 samples
00:19.688  render           | Fra: 15 | Rendering 64 / 64 samples
00:19.813  render           | Saved: 'C:\Users\d.grab\Desktop\the-game\ART\characters\act-1-enemies\forest-elite-wendigo\production\animation\reference_match_remaining\death_work\final_frames\pose_0015.png'
00:19.813  render           | Time: 00:00.57 (Saving: 00:00.08)
00:19.813  render           | Rendering frame 16
00:19.813  render           | Start rendering: Scene, ViewLayer
00:19.813  render           | Engine: EEVEE
00:19.922  render           | Fra: 16 | Rendering 1 / 64 samples
00:20.063  render           | Fra: 16 | Rendering 25 / 64 samples
00:20.204  render           | Fra: 16 | Rendering 50 / 64 samples
00:20.282  render           | Fra: 16 | Rendering 64 / 64 samples
00:20.438  render           | Saved: 'C:\Users\d.grab\Desktop\the-game\ART\characters\act-1-enemies\forest-elite-wendigo\production\animation\reference_match_remaining\death_work\final_frames\pose_0016.png'
00:20.438  render           | Time: 00:00.61 (Saving: 00:00.09)
00:20.438  render           | Rendering frame 17
00:20.438  render           | Start rendering: Scene, ViewLayer
00:20.438  render           | Engine: EEVEE
00:20.547  render           | Fra: 17 | Rendering 1 / 64 samples
00:20.719  render           | Fra: 17 | Rendering 25 / 64 samples
00:20.875  render           | Fra: 17 | Rendering 50 / 64 samples
00:20.938  render           | Fra: 17 | Rendering 64 / 64 samples
00:21.063  render           | Saved: 'C:\Users\d.grab\Desktop\the-game\ART\characters\act-1-enemies\forest-elite-wendigo\production\animation\reference_match_remaining\death_work\final_frames\pose_0017.png'
00:21.063  render           | Time: 00:00.63 (Saving: 00:00.09)
00:21.063  render           | Rendering frame 18
00:21.063  render           | Start rendering: Scene, ViewLayer
00:21.063  render           | Engine: EEVEE
00:21.172  render           | Fra: 18 | Rendering 1 / 64 samples
00:21.329  render           | Fra: 18 | Rendering 25 / 64 samples
00:21.469  render           | Fra: 18 | Rendering 50 / 64 samples
00:21.547  render           | Fra: 18 | Rendering 64 / 64 samples
00:21.672  render           | Saved: 'C:\Users\d.grab\Desktop\the-game\ART\characters\act-1-enemies\forest-elite-wendigo\production\animation\reference_match_remaining\death_work\final_frames\pose_0018.png'
00:21.672  render           | Time: 00:00.60 (Saving: 00:00.09)
00:21.672  render           | Rendering frame 19
00:21.672  render           | Start rendering: Scene, ViewLayer
00:21.672  render           | Engine: EEVEE
00:21.766  render           | Fra: 19 | Rendering 1 / 64 samples
00:21.938  render           | Fra: 19 | Rendering 25 / 64 samples
00:22.079  render           | Fra: 19 | Rendering 50 / 64 samples
00:22.157  render           | Fra: 19 | Rendering 64 / 64 samples
00:22.313  render           | Saved: 'C:\Users\d.grab\Desktop\the-game\ART\characters\act-1-enemies\forest-elite-wendigo\production\animation\reference_match_remaining\death_work\final_frames\pose_0019.png'
00:22.313  render           | Time: 00:00.63 (Saving: 00:00.09)
00:22.313  render           | Rendering frame 20
00:22.313  render           | Start rendering: Scene, ViewLayer
00:22.313  render           | Engine: EEVEE
00:22.407  render           | Fra: 20 | Rendering 1 / 64 samples
00:22.563  render           | Fra: 20 | Rendering 25 / 64 samples
00:22.719  render           | Fra: 20 | Rendering 50 / 64 samples
00:22.797  render           | Fra: 20 | Rendering 64 / 64 samples
00:22.922  render           | Saved: 'C:\Users\d.grab\Desktop\the-game\ART\characters\act-1-enemies\forest-elite-wendigo\production\animation\reference_match_remaining\death_work\final_frames\pose_0020.png'
00:22.922  render           | Time: 00:00.62 (Saving: 00:00.09)
00:22.922  render           | Rendering frame 21
00:22.922  render           | Start rendering: Scene, ViewLayer
00:22.922  render           | Engine: EEVEE
00:23.032  render           | Fra: 21 | Rendering 1 / 64 samples
00:23.204  render           | Fra: 21 | Rendering 25 / 64 samples
00:23.360  render           | Fra: 21 | Rendering 50 / 64 samples
00:23.438  render           | Fra: 21 | Rendering 64 / 64 samples
00:23.579  render           | Saved: 'C:\Users\d.grab\Desktop\the-game\ART\characters\act-1-enemies\forest-elite-wendigo\production\animation\reference_match_remaining\death_work\final_frames\pose_0021.png'
00:23.579  render           | Time: 00:00.65 (Saving: 00:00.10)
00:23.579  render           | Rendering frame 22
00:23.579  render           | Start rendering: Scene, ViewLayer
00:23.579  render           | Engine: EEVEE
00:23.704  render           | Fra: 22 | Rendering 1 / 64 samples
00:23.860  render           | Fra: 22 | Rendering 25 / 64 samples
00:24.016  render           | Fra: 22 | Rendering 50 / 64 samples
00:24.079  render           | Fra: 22 | Rendering 64 / 64 samples
00:24.188  render           | Saved: 'C:\Users\d.grab\Desktop\the-game\ART\characters\act-1-enemies\forest-elite-wendigo\production\animation\reference_match_remaining\death_work\final_frames\pose_0022.png'
00:24.188  render           | Time: 00:00.61 (Saving: 00:00.07)
00:24.188  render           | Rendering frame 23
00:24.188  render           | Start rendering: Scene, ViewLayer
00:24.188  render           | Engine: EEVEE
00:24.282  render           | Fra: 23 | Rendering 1 / 64 samples
00:24.438  render           | Fra: 23 | Rendering 25 / 64 samples
00:24.579  render           | Fra: 23 | Rendering 50 / 64 samples
00:24.641  render           | Fra: 23 | Rendering 64 / 64 samples
00:24.782  render           | Saved: 'C:\Users\d.grab\Desktop\the-game\ART\characters\act-1-enemies\forest-elite-wendigo\production\animation\reference_match_remaining\death_work\final_frames\pose_0023.png'
00:24.782  render           | Time: 00:00.58 (Saving: 00:00.09)
00:24.782  render           | Rendering frame 24
00:24.782  render           | Start rendering: Scene, ViewLayer
00:24.782  render           | Engine: EEVEE
00:24.891  render           | Fra: 24 | Rendering 1 / 64 samples
00:25.047  render           | Fra: 24 | Rendering 25 / 64 samples
00:25.188  render           | Fra: 24 | Rendering 50 / 64 samples
00:25.250  render           | Fra: 24 | Rendering 64 / 64 samples
00:25.375  render           | Saved: 'C:\Users\d.grab\Desktop\the-game\ART\characters\act-1-enemies\forest-elite-wendigo\production\animation\reference_match_remaining\death_work\final_frames\pose_0024.png'
00:25.375  render           | Time: 00:00.59 (Saving: 00:00.08)
00:25.375  render           | Rendering frame 25
00:25.375  render           | Start rendering: Scene, ViewLayer
00:25.375  render           | Engine: EEVEE
00:25.454  render           | Fra: 25 | Rendering 1 / 64 samples
00:25.610  render           | Fra: 25 | Rendering 25 / 64 samples
00:25.750  render           | Fra: 25 | Rendering 50 / 64 samples
00:25.813  render           | Fra: 25 | Rendering 64 / 64 samples
00:25.922  render           | Saved: 'C:\Users\d.grab\Desktop\the-game\ART\characters\act-1-enemies\forest-elite-wendigo\production\animation\reference_match_remaining\death_work\final_frames\pose_0025.png'
00:25.922  render           | Time: 00:00.55 (Saving: 00:00.08)
00:25.922  render           | Rendering frame 26
00:25.922  render           | Start rendering: Scene, ViewLayer
00:25.922  render           | Engine: EEVEE
00:26.032  render           | Fra: 26 | Rendering 1 / 64 samples
00:26.188  render           | Fra: 26 | Rendering 25 / 64 samples
00:26.329  render           | Fra: 26 | Rendering 50 / 64 samples
00:26.391  render           | Fra: 26 | Rendering 64 / 64 samples
00:26.516  render           | Saved: 'C:\Users\d.grab\Desktop\the-game\ART\characters\act-1-enemies\forest-elite-wendigo\production\animation\reference_match_remaining\death_work\final_frames\pose_0026.png'
00:26.516  render           | Time: 00:00.59 (Saving: 00:00.08)
00:26.516  render           | Rendering frame 27
00:26.516  render           | Start rendering: Scene, ViewLayer
00:26.516  render           | Engine: EEVEE
00:26.625  render           | Fra: 27 | Rendering 1 / 64 samples
00:26.782  render           | Fra: 27 | Rendering 25 / 64 samples
00:26.922  render           | Fra: 27 | Rendering 50 / 64 samples
00:26.985  render           | Fra: 27 | Rendering 64 / 64 samples
00:27.094  render           | Saved: 'C:\Users\d.grab\Desktop\the-game\ART\characters\act-1-enemies\forest-elite-wendigo\production\animation\reference_match_remaining\death_work\final_frames\pose_0027.png'
00:27.094  render           | Time: 00:00.57 (Saving: 00:00.07)
00:27.094  render           | Rendering frame 28
00:27.094  render           | Start rendering: Scene, ViewLayer
00:27.094  render           | Engine: EEVEE
00:27.188  render           | Fra: 28 | Rendering 1 / 64 samples
00:27.344  render           | Fra: 28 | Rendering 25 / 64 samples
00:27.485  render           | Fra: 28 | Rendering 50 / 64 samples
00:27.547  render           | Fra: 28 | Rendering 64 / 64 samples
00:27.672  render           | Saved: 'C:\Users\d.grab\Desktop\the-game\ART\characters\act-1-enemies\forest-elite-wendigo\production\animation\reference_match_remaining\death_work\final_frames\pose_0028.png'
00:27.672  render           | Time: 00:00.57 (Saving: 00:00.08)
00:27.672  render           | Rendering frame 29
00:27.672  render           | Start rendering: Scene, ViewLayer
00:27.672  render           | Engine: EEVEE
00:27.750  render           | Fra: 29 | Rendering 1 / 64 samples
00:27.907  render           | Fra: 29 | Rendering 25 / 64 samples
00:28.047  render           | Fra: 29 | Rendering 50 / 64 samples
00:28.125  render           | Fra: 29 | Rendering 64 / 64 samples
00:28.235  render           | Saved: 'C:\Users\d.grab\Desktop\the-game\ART\characters\act-1-enemies\forest-elite-wendigo\production\animation\reference_match_remaining\death_work\final_frames\pose_0029.png'
00:28.235  render           | Time: 00:00.56 (Saving: 00:00.07)
00:28.235  render           | Rendering frame 30
00:28.235  render           | Start rendering: Scene, ViewLayer
00:28.235  render           | Engine: EEVEE
00:28.329  render           | Fra: 30 | Rendering 1 / 64 samples
00:28.485  render           | Fra: 30 | Rendering 25 / 64 samples
00:28.610  render           | Fra: 30 | Rendering 50 / 64 samples
00:28.672  render           | Fra: 30 | Rendering 64 / 64 samples
00:28.813  render           | Saved: 'C:\Users\d.grab\Desktop\the-game\ART\characters\act-1-enemies\forest-elite-wendigo\production\animation\reference_match_remaining\death_work\final_frames\pose_0030.png'
00:28.813  render           | Time: 00:00.58 (Saving: 00:00.09)
00:28.813  render           | Rendering frame 31
00:28.813  render           | Start rendering: Scene, ViewLayer
00:28.813  render           | Engine: EEVEE
00:28.907  render           | Fra: 31 | Rendering 1 / 64 samples
00:29.047  render           | Fra: 31 | Rendering 25 / 64 samples
00:29.188  render           | Fra: 31 | Rendering 50 / 64 samples
00:29.250  render           | Fra: 31 | Rendering 64 / 64 samples
00:29.375  render           | Saved: 'C:\Users\d.grab\Desktop\the-game\ART\characters\act-1-enemies\forest-elite-wendigo\production\animation\reference_match_remaining\death_work\final_frames\pose_0031.png'
00:29.375  render           | Time: 00:00.56 (Saving: 00:00.07)
00:29.375  render           | Rendering frame 32
00:29.375  render           | Start rendering: Scene, ViewLayer
00:29.375  render           | Engine: EEVEE
00:29.469  render           | Fra: 32 | Rendering 1 / 64 samples
00:29.625  render           | Fra: 32 | Rendering 25 / 64 samples
00:29.750  render           | Fra: 32 | Rendering 50 / 64 samples
00:29.813  render           | Fra: 32 | Rendering 64 / 64 samples
00:29.922  render           | Saved: 'C:\Users\d.grab\Desktop\the-game\ART\characters\act-1-enemies\forest-elite-wendigo\production\animation\reference_match_remaining\death_work\final_frames\pose_0032.png'
00:29.922  render           | Time: 00:00.53 (Saving: 00:00.06)
00:29.922  render           | Rendering frame 33
00:29.922  render           | Start rendering: Scene, ViewLayer
00:29.922  render           | Engine: EEVEE
00:30.016  render           | Fra: 33 | Rendering 1 / 64 samples
00:30.157  render           | Fra: 33 | Rendering 25 / 64 samples
00:30.297  render           | Fra: 33 | Rendering 50 / 64 samples
00:30.360  render           | Fra: 33 | Rendering 64 / 64 samples
00:30.469  render           | Saved: 'C:\Users\d.grab\Desktop\the-game\ART\characters\act-1-enemies\forest-elite-wendigo\production\animation\reference_match_remaining\death_work\final_frames\pose_0033.png'
00:30.469  render           | Time: 00:00.55 (Saving: 00:00.08)
00:30.469  render           | Rendering frame 34
00:30.469  render           | Start rendering: Scene, ViewLayer
00:30.469  render           | Engine: EEVEE
00:30.579  render           | Fra: 34 | Rendering 1 / 64 samples
00:30.735  render           | Fra: 34 | Rendering 25 / 64 samples
00:30.875  render           | Fra: 34 | Rendering 50 / 64 samples
00:30.938  render           | Fra: 34 | Rendering 64 / 64 samples
00:31.032  render           | Saved: 'C:\Users\d.grab\Desktop\the-game\ART\characters\act-1-enemies\forest-elite-wendigo\production\animation\reference_match_remaining\death_work\final_frames\pose_0034.png'
00:31.032  render           | Time: 00:00.56 (Saving: 00:00.06)
00:31.032  render           | Rendering frame 35
00:31.032  render           | Start rendering: Scene, ViewLayer
00:31.032  render           | Engine: EEVEE
00:31.125  render           | Fra: 35 | Rendering 1 / 64 samples
00:31.282  render           | Fra: 35 | Rendering 25 / 64 samples
00:31.422  render           | Fra: 35 | Rendering 50 / 64 samples
00:31.485  render           | Fra: 35 | Rendering 64 / 64 samples
00:31.594  render           | Saved: 'C:\Users\d.grab\Desktop\the-game\ART\characters\act-1-enemies\forest-elite-wendigo\production\animation\reference_match_remaining\death_work\final_frames\pose_0035.png'
00:31.594  render           | Time: 00:00.55 (Saving: 00:00.07)
00:31.594  render           | Rendering frame 36
00:31.594  render           | Start rendering: Scene, ViewLayer
00:31.594  render           | Engine: EEVEE
00:31.688  render           | Fra: 36 | Rendering 1 / 64 samples
00:31.844  render           | Fra: 36 | Rendering 25 / 64 samples
00:31.969  render           | Fra: 36 | Rendering 50 / 64 samples
00:32.032  render           | Fra: 36 | Rendering 64 / 64 samples
00:32.125  render           | Saved: 'C:\Users\d.grab\Desktop\the-game\ART\characters\act-1-enemies\forest-elite-wendigo\production\animation\reference_match_remaining\death_work\final_frames\pose_0036.png'
00:32.125  render           | Time: 00:00.53 (Saving: 00:00.06)
00:32.125  render           | Rendering frame 37
00:32.125  render           | Start rendering: Scene, ViewLayer
00:32.125  render           | Engine: EEVEE
00:32.219  render           | Fra: 37 | Rendering 1 / 64 samples
00:32.375  render           | Fra: 37 | Rendering 25 / 64 samples
00:32.500  render           | Fra: 37 | Rendering 50 / 64 samples
00:32.563  render           | Fra: 37 | Rendering 64 / 64 samples
00:32.657  render           | Saved: 'C:\Users\d.grab\Desktop\the-game\ART\characters\act-1-enemies\forest-elite-wendigo\production\animation\reference_match_remaining\death_work\final_frames\pose_0037.png'
00:32.657  render           | Time: 00:00.53 (Saving: 00:00.06)
00:32.657  render           | Rendering frame 38
00:32.657  render           | Start rendering: Scene, ViewLayer
00:32.657  render           | Engine: EEVEE
00:32.750  render           | Fra: 38 | Rendering 1 / 64 samples
00:32.907  render           | Fra: 38 | Rendering 25 / 64 samples
00:33.032  render           | Fra: 38 | Rendering 50 / 64 samples
00:33.094  render           | Fra: 38 | Rendering 64 / 64 samples
00:33.219  render           | Saved: 'C:\Users\d.grab\Desktop\the-game\ART\characters\act-1-enemies\forest-elite-wendigo\production\animation\reference_match_remaining\death_work\final_frames\pose_0038.png'
00:33.219  render           | Time: 00:00.55 (Saving: 00:00.08)
00:33.219  render           | Rendering frame 39
00:33.219  render           | Start rendering: Scene, ViewLayer
00:33.219  render           | Engine: EEVEE
00:33.313  render           | Fra: 39 | Rendering 1 / 64 samples
00:33.454  render           | Fra: 39 | Rendering 25 / 64 samples
00:33.594  render           | Fra: 39 | Rendering 50 / 64 samples
00:33.688  render           | Fra: 39 | Rendering 64 / 64 samples
00:33.860  render           | Saved: 'C:\Users\d.grab\Desktop\the-game\ART\characters\act-1-enemies\forest-elite-wendigo\production\animation\reference_match_remaining\death_work\final_frames\pose_0039.png'
00:33.860  render           | Time: 00:00.63 (Saving: 00:00.09)
00:33.860  render           | Rendering frame 40
00:33.860  render           | Start rendering: Scene, ViewLayer
00:33.860  render           | Engine: EEVEE
00:33.954  render           | Fra: 40 | Rendering 1 / 64 samples
00:34.110  render           | Fra: 40 | Rendering 25 / 64 samples
00:34.250  render           | Fra: 40 | Rendering 50 / 64 samples
00:34.344  render           | Fra: 40 | Rendering 64 / 64 samples
00:34.454  render           | Saved: 'C:\Users\d.grab\Desktop\the-game\ART\characters\act-1-enemies\forest-elite-wendigo\production\animation\reference_match_remaining\death_work\final_frames\pose_0040.png'
00:34.454  render           | Time: 00:00.59 (Saving: 00:00.06)
00:34.454  render           | Rendering frame 41
00:34.454  render           | Start rendering: Scene, ViewLayer
00:34.454  render           | Engine: EEVEE
00:34.547  render           | Fra: 41 | Rendering 1 / 64 samples
00:34.688  render           | Fra: 41 | Rendering 25 / 64 samples
00:34.829  render           | Fra: 41 | Rendering 50 / 64 samples
00:34.875  render           | Fra: 41 | Rendering 64 / 64 samples
00:34.985  render           | Saved: 'C:\Users\d.grab\Desktop\the-game\ART\characters\act-1-enemies\forest-elite-wendigo\production\animation\reference_match_remaining\death_work\final_frames\pose_0041.png'
00:34.985  render           | Time: 00:00.53 (Saving: 00:00.06)
00:34.985  render           | Rendering frame 42
00:34.985  render           | Start rendering: Scene, ViewLayer
00:34.985  render           | Engine: EEVEE
00:35.094  render           | Fra: 42 | Rendering 1 / 64 samples
00:35.250  render           | Fra: 42 | Rendering 25 / 64 samples
00:35.375  render           | Fra: 42 | Rendering 50 / 64 samples
00:35.422  render           | Fra: 42 | Rendering 64 / 64 samples
00:35.532  render           | Saved: 'C:\Users\d.grab\Desktop\the-game\ART\characters\act-1-enemies\forest-elite-wendigo\production\animation\reference_match_remaining\death_work\final_frames\pose_0042.png'
00:35.532  render           | Time: 00:00.54 (Saving: 00:00.06)
00:35.532  render           | Rendering frame 43
00:35.532  render           | Start rendering: Scene, ViewLayer
00:35.532  render           | Engine: EEVEE
00:35.625  render           | Fra: 43 | Rendering 1 / 64 samples
00:35.797  render           | Fra: 43 | Rendering 25 / 64 samples
00:35.938  render           | Fra: 43 | Rendering 50 / 64 samples
00:35.985  render           | Fra: 43 | Rendering 64 / 64 samples
00:36.094  render           | Saved: 'C:\Users\d.grab\Desktop\the-game\ART\characters\act-1-enemies\forest-elite-wendigo\production\animation\reference_match_remaining\death_work\final_frames\pose_0043.png'
00:36.094  render           | Time: 00:00.55 (Saving: 00:00.05)
00:36.094  render           | Rendering frame 44
00:36.094  render           | Start rendering: Scene, ViewLayer
00:36.094  render           | Engine: EEVEE
00:36.157  render           | Fra: 44 | Rendering 1 / 64 samples
00:36.313  render           | Fra: 44 | Rendering 25 / 64 samples
00:36.438  render           | Fra: 44 | Rendering 50 / 64 samples
00:36.485  render           | Fra: 44 | Rendering 64 / 64 samples
00:36.610  render           | Saved: 'C:\Users\d.grab\Desktop\the-game\ART\characters\act-1-enemies\forest-elite-wendigo\production\animation\reference_match_remaining\death_work\final_frames\pose_0044.png'
00:36.610  render           | Time: 00:00.52 (Saving: 00:00.06)
00:36.610  render           | Rendering frame 45
00:36.610  render           | Start rendering: Scene, ViewLayer
00:36.610  render           | Engine: EEVEE
00:36.704  render           | Fra: 45 | Rendering 1 / 64 samples
00:36.844  render           | Fra: 45 | Rendering 25 / 64 samples
00:36.969  render           | Fra: 45 | Rendering 50 / 64 samples
00:37.016  render           | Fra: 45 | Rendering 64 / 64 samples
00:37.141  render           | Saved: 'C:\Users\d.grab\Desktop\the-game\ART\characters\act-1-enemies\forest-elite-wendigo\production\animation\reference_match_remaining\death_work\final_frames\pose_0045.png'
00:37.141  render           | Time: 00:00.52 (Saving: 00:00.06)
00:37.141  render           | Rendering frame 46
00:37.141  render           | Start rendering: Scene, ViewLayer
00:37.141  render           | Engine: EEVEE
00:37.235  render           | Fra: 46 | Rendering 1 / 64 samples
00:37.375  render           | Fra: 46 | Rendering 25 / 64 samples
00:37.469  render           | Fra: 46 | Rendering 50 / 64 samples
00:37.547  render           | Fra: 46 | Rendering 64 / 64 samples
00:37.672  render           | Saved: 'C:\Users\d.grab\Desktop\the-game\ART\characters\act-1-enemies\forest-elite-wendigo\production\animation\reference_match_remaining\death_work\final_frames\pose_0046.png'
00:37.672  render           | Time: 00:00.53 (Saving: 00:00.05)
00:37.672  render           | Rendering frame 47
00:37.672  render           | Start rendering: Scene, ViewLayer
00:37.672  render           | Engine: EEVEE
00:37.766  render           | Fra: 47 | Rendering 1 / 64 samples
00:37.938  render           | Fra: 47 | Rendering 25 / 64 samples
00:38.063  render           | Fra: 47 | Rendering 50 / 64 samples
00:38.110  render           | Fra: 47 | Rendering 64 / 64 samples
00:38.250  render           | Saved: 'C:\Users\d.grab\Desktop\the-game\ART\characters\act-1-enemies\forest-elite-wendigo\production\animation\reference_match_remaining\death_work\final_frames\pose_0047.png'
00:38.250  render           | Time: 00:00.56 (Saving: 00:00.06)
00:38.250  render           | Rendering frame 48
00:38.250  render           | Start rendering: Scene, ViewLayer
00:38.250  render           | Engine: EEVEE
00:38.360  render           | Fra: 48 | Rendering 1 / 64 samples
00:38.563  render           | Fra: 48 | Rendering 25 / 64 samples
00:38.704  render           | Fra: 48 | Rendering 50 / 64 samples
00:38.750  render           | Fra: 48 | Rendering 64 / 64 samples
00:38.875  render           | Saved: 'C:\Users\d.grab\Desktop\the-game\ART\characters\act-1-enemies\forest-elite-wendigo\production\animation\reference_match_remaining\death_work\final_frames\pose_0048.png'
00:38.875  render           | Time: 00:00.63 (Saving: 00:00.06)
00:38.875  render           | Rendering frame 49
00:38.875  render           | Start rendering: Scene, ViewLayer
00:38.875  render           | Engine: EEVEE
00:38.969  render           | Fra: 49 | Rendering 1 / 64 samples
00:39.110  render           | Fra: 49 | Rendering 25 / 64 samples
00:39.204  render           | Fra: 49 | Rendering 50 / 64 samples
00:39.266  render           | Fra: 49 | Rendering 64 / 64 samples
00:39.360  render           | Saved: 'C:\Users\d.grab\Desktop\the-game\ART\characters\act-1-enemies\forest-elite-wendigo\production\animation\reference_match_remaining\death_work\final_frames\pose_0049.png'
00:39.360  render           | Time: 00:00.48 (Saving: 00:00.05)
00:39.360  render           | Rendering frame 50
00:39.360  render           | Start rendering: Scene, ViewLayer
00:39.360  render           | Engine: EEVEE
00:39.454  render           | Fra: 50 | Rendering 1 / 64 samples
00:39.594  render           | Fra: 50 | Rendering 25 / 64 samples
00:39.704  render           | Fra: 50 | Rendering 50 / 64 samples
00:39.750  render           | Fra: 50 | Rendering 64 / 64 samples
00:39.860  render           | Saved: 'C:\Users\d.grab\Desktop\the-game\ART\characters\act-1-enemies\forest-elite-wendigo\production\animation\reference_match_remaining\death_work\final_frames\pose_0050.png'
00:39.860  render           | Time: 00:00.50 (Saving: 00:00.06)
00:39.860  render           | Rendering frame 51
00:39.860  render           | Start rendering: Scene, ViewLayer
00:39.860  render           | Engine: EEVEE
00:39.938  render           | Fra: 51 | Rendering 1 / 64 samples
00:40.079  render           | Fra: 51 | Rendering 25 / 64 samples
00:40.188  render           | Fra: 51 | Rendering 50 / 64 samples
00:40.235  render           | Fra: 51 | Rendering 64 / 64 samples
00:40.329  render           | Saved: 'C:\Users\d.grab\Desktop\the-game\ART\characters\act-1-enemies\forest-elite-wendigo\production\animation\reference_match_remaining\death_work\final_frames\pose_0051.png'
00:40.329  render           | Time: 00:00.45 (Saving: 00:00.05)
00:40.329  render           | Rendering frame 52
00:40.329  render           | Start rendering: Scene, ViewLayer
00:40.329  render           | Engine: EEVEE
00:40.407  render           | Fra: 52 | Rendering 1 / 64 samples
00:40.563  render           | Fra: 52 | Rendering 25 / 64 samples
00:40.672  render           | Fra: 52 | Rendering 50 / 64 samples
00:40.735  render           | Fra: 52 | Rendering 64 / 64 samples
00:40.829  render           | Saved: 'C:\Users\d.grab\Desktop\the-game\ART\characters\act-1-enemies\forest-elite-wendigo\production\animation\reference_match_remaining\death_work\final_frames\pose_0052.png'
00:40.829  render           | Time: 00:00.51 (Saving: 00:00.05)
00:40.829  render           | Rendering frame 53
00:40.829  render           | Start rendering: Scene, ViewLayer
00:40.829  render           | Engine: EEVEE
00:40.922  render           | Fra: 53 | Rendering 1 / 64 samples
00:41.063  render           | Fra: 53 | Rendering 25 / 64 samples
00:41.157  render           | Fra: 53 | Rendering 50 / 64 samples
00:41.219  render           | Fra: 53 | Rendering 64 / 64 samples
00:41.313  render           | Saved: 'C:\Users\d.grab\Desktop\the-game\ART\characters\act-1-enemies\forest-elite-wendigo\production\animation\reference_match_remaining\death_work\final_frames\pose_0053.png'
00:41.313  render           | Time: 00:00.47 (Saving: 00:00.05)
00:41.313  render           | Rendering frame 54
00:41.313  render           | Start rendering: Scene, ViewLayer
00:41.313  render           | Engine: EEVEE
00:41.391  render           | Fra: 54 | Rendering 1 / 64 samples
00:41.532  render           | Fra: 54 | Rendering 25 / 64 samples
00:41.625  render           | Fra: 54 | Rendering 50 / 64 samples
00:41.672  render           | Fra: 54 | Rendering 64 / 64 samples
00:41.813  render           | Saved: 'C:\Users\d.grab\Desktop\the-game\ART\characters\act-1-enemies\forest-elite-wendigo\production\animation\reference_match_remaining\death_work\final_frames\pose_0054.png'
00:41.813  render           | Time: 00:00.50 (Saving: 00:00.05)
00:41.813  render           | Rendering frame 55
00:41.813  render           | Start rendering: Scene, ViewLayer
00:41.813  render           | Engine: EEVEE
00:41.907  render           | Fra: 55 | Rendering 1 / 64 samples
00:42.047  render           | Fra: 55 | Rendering 25 / 64 samples
00:42.157  render           | Fra: 55 | Rendering 50 / 64 samples
00:42.204  render           | Fra: 55 | Rendering 64 / 64 samples
00:42.282  render           | Saved: 'C:\Users\d.grab\Desktop\the-game\ART\characters\act-1-enemies\forest-elite-wendigo\production\animation\reference_match_remaining\death_work\final_frames\pose_0055.png'
00:42.282  render           | Time: 00:00.46 (Saving: 00:00.04)
00:42.282  render           | Rendering frame 56
00:42.282  render           | Start rendering: Scene, ViewLayer
00:42.282  render           | Engine: EEVEE
00:42.360  render           | Fra: 56 | Rendering 1 / 64 samples
00:42.500  render           | Fra: 56 | Rendering 25 / 64 samples
00:42.610  render           | Fra: 56 | Rendering 50 / 64 samples
00:42.657  render           | Fra: 56 | Rendering 64 / 64 samples
00:42.750  render           | Saved: 'C:\Users\d.grab\Desktop\the-game\ART\characters\act-1-enemies\forest-elite-wendigo\production\animation\reference_match_remaining\death_work\final_frames\pose_0056.png'
00:42.750  render           | Time: 00:00.45 (Saving: 00:00.05)
00:42.750  render           | Rendering frame 57
00:42.750  render           | Start rendering: Scene, ViewLayer
00:42.750  render           | Engine: EEVEE
00:42.813  render           | Fra: 57 | Rendering 1 / 64 samples
00:42.969  render           | Fra: 57 | Rendering 25 / 64 samples
00:43.063  render           | Fra: 57 | Rendering 50 / 64 samples
00:43.110  render           | Fra: 57 | Rendering 64 / 64 samples
00:43.204  render           | Saved: 'C:\Users\d.grab\Desktop\the-game\ART\characters\act-1-enemies\forest-elite-wendigo\production\animation\reference_match_remaining\death_work\final_frames\pose_0057.png'
00:43.204  render           | Time: 00:00.45 (Saving: 00:00.05)
00:43.204  render           | Rendering frame 58
00:43.204  render           | Start rendering: Scene, ViewLayer
00:43.204  render           | Engine: EEVEE
00:43.297  render           | Fra: 58 | Rendering 1 / 64 samples
00:43.422  render           | Fra: 58 | Rendering 25 / 64 samples
00:43.516  render           | Fra: 58 | Rendering 50 / 64 samples
00:43.579  render           | Fra: 58 | Rendering 64 / 64 samples
00:43.657  render           | Saved: 'C:\Users\d.grab\Desktop\the-game\ART\characters\act-1-enemies\forest-elite-wendigo\production\animation\reference_match_remaining\death_work\final_frames\pose_0058.png'
00:43.657  render           | Time: 00:00.46 (Saving: 00:00.04)
00:43.657  render           | Rendering frame 59
00:43.657  render           | Start rendering: Scene, ViewLayer
00:43.657  render           | Engine: EEVEE
00:43.735  render           | Fra: 59 | Rendering 1 / 64 samples
00:43.875  render           | Fra: 59 | Rendering 25 / 64 samples
00:43.969  render           | Fra: 59 | Rendering 50 / 64 samples
00:44.016  render           | Fra: 59 | Rendering 64 / 64 samples
00:44.110  render           | Saved: 'C:\Users\d.grab\Desktop\the-game\ART\characters\act-1-enemies\forest-elite-wendigo\production\animation\reference_match_remaining\death_work\final_frames\pose_0059.png'
00:44.110  render           | Time: 00:00.43 (Saving: 00:00.05)
00:44.110  render           | Rendering frame 60
00:44.110  render           | Start rendering: Scene, ViewLayer
00:44.110  render           | Engine: EEVEE
00:44.172  render           | Fra: 60 | Rendering 1 / 64 samples
00:44.329  render           | Fra: 60 | Rendering 25 / 64 samples
00:44.422  render           | Fra: 60 | Rendering 50 / 64 samples
00:44.469  render           | Fra: 60 | Rendering 64 / 64 samples
00:44.563  render           | Saved: 'C:\Users\d.grab\Desktop\the-game\ART\characters\act-1-enemies\forest-elite-wendigo\production\animation\reference_match_remaining\death_work\final_frames\pose_0060.png'
00:44.563  render           | Time: 00:00.46 (Saving: 00:00.05)
00:44.563  render           | Rendering frame 61
00:44.563  render           | Start rendering: Scene, ViewLayer
00:44.563  render           | Engine: EEVEE
00:44.641  render           | Fra: 61 | Rendering 1 / 64 samples
00:44.782  render           | Fra: 61 | Rendering 25 / 64 samples
00:44.875  render           | Fra: 61 | Rendering 50 / 64 samples
00:44.922  render           | Fra: 61 | Rendering 64 / 64 samples
00:45.016  render           | Saved: 'C:\Users\d.grab\Desktop\the-game\ART\characters\act-1-enemies\forest-elite-wendigo\production\animation\reference_match_remaining\death_work\final_frames\pose_0061.png'
00:45.016  render           | Time: 00:00.45 (Saving: 00:00.05)
00:45.016  render           | Rendering frame 62
00:45.016  render           | Start rendering: Scene, ViewLayer
00:45.016  render           | Engine: EEVEE
00:45.094  render           | Fra: 62 | Rendering 1 / 64 samples
00:45.219  render           | Fra: 62 | Rendering 25 / 64 samples
00:45.313  render           | Fra: 62 | Rendering 50 / 64 samples
00:45.375  render           | Fra: 62 | Rendering 64 / 64 samples
00:45.454  render           | Saved: 'C:\Users\d.grab\Desktop\the-game\ART\characters\act-1-enemies\forest-elite-wendigo\production\animation\reference_match_remaining\death_work\final_frames\pose_0062.png'
00:45.454  render           | Time: 00:00.43 (Saving: 00:00.05)
00:45.454  render           | Rendering frame 63
00:45.454  render           | Start rendering: Scene, ViewLayer
00:45.454  render           | Engine: EEVEE
00:45.532  render           | Fra: 63 | Rendering 1 / 64 samples
00:45.672  render           | Fra: 63 | Rendering 25 / 64 samples
00:45.766  render           | Fra: 63 | Rendering 50 / 64 samples
00:45.829  render           | Fra: 63 | Rendering 64 / 64 samples
00:45.938  render           | Saved: 'C:\Users\d.grab\Desktop\the-game\ART\characters\act-1-enemies\forest-elite-wendigo\production\animation\reference_match_remaining\death_work\final_frames\pose_0063.png'
00:45.938  render           | Time: 00:00.47 (Saving: 00:00.05)
00:45.938  render           | Rendering frame 64
00:45.938  render           | Start rendering: Scene, ViewLayer
00:45.938  render           | Engine: EEVEE
00:46.032  render           | Fra: 64 | Rendering 1 / 64 samples
00:46.172  render           | Fra: 64 | Rendering 25 / 64 samples
00:46.266  render           | Fra: 64 | Rendering 50 / 64 samples
00:46.313  render           | Fra: 64 | Rendering 64 / 64 samples
00:46.407  render           | Saved: 'C:\Users\d.grab\Desktop\the-game\ART\characters\act-1-enemies\forest-elite-wendigo\production\animation\reference_match_remaining\death_work\final_frames\pose_0064.png'
00:46.407  render           | Time: 00:00.47 (Saving: 00:00.05)
00:46.407  render           | Rendering frame 65
00:46.407  render           | Start rendering: Scene, ViewLayer
00:46.407  render           | Engine: EEVEE
00:46.500  render           | Fra: 65 | Rendering 1 / 64 samples
00:46.625  render           | Fra: 65 | Rendering 25 / 64 samples
00:46.719  render           | Fra: 65 | Rendering 50 / 64 samples
00:46.782  render           | Fra: 65 | Rendering 64 / 64 samples
00:46.860  render           | Saved: 'C:\Users\d.grab\Desktop\the-game\ART\characters\act-1-enemies\forest-elite-wendigo\production\animation\reference_match_remaining\death_work\final_frames\pose_0065.png'
00:46.860  render           | Time: 00:00.44 (Saving: 00:00.05)
00:46.860  render           | Rendering frame 66
00:46.860  render           | Start rendering: Scene, ViewLayer
00:46.860  render           | Engine: EEVEE
00:46.938  render           | Fra: 66 | Rendering 1 / 64 samples
00:47.079  render           | Fra: 66 | Rendering 25 / 64 samples
00:47.172  render           | Fra: 66 | Rendering 50 / 64 samples
00:47.235  render           | Fra: 66 | Rendering 64 / 64 samples
00:47.313  render           | Saved: 'C:\Users\d.grab\Desktop\the-game\ART\characters\act-1-enemies\forest-elite-wendigo\production\animation\reference_match_remaining\death_work\final_frames\pose_0066.png'
00:47.313  render           | Time: 00:00.44 (Saving: 00:00.05)
00:47.313  render           | Rendering frame 67
00:47.313  render           | Start rendering: Scene, ViewLayer
00:47.313  render           | Engine: EEVEE
00:47.391  render           | Fra: 67 | Rendering 1 / 64 samples
00:47.532  render           | Fra: 67 | Rendering 25 / 64 samples
00:47.610  render           | Fra: 67 | Rendering 50 / 64 samples
00:47.672  render           | Fra: 67 | Rendering 64 / 64 samples
00:47.750  render           | Saved: 'C:\Users\d.grab\Desktop\the-game\ART\characters\act-1-enemies\forest-elite-wendigo\production\animation\reference_match_remaining\death_work\final_frames\pose_0067.png'
00:47.750  render           | Time: 00:00.43 (Saving: 00:00.04)
00:47.750  render           | Rendering frame 68
00:47.750  render           | Start rendering: Scene, ViewLayer
00:47.750  render           | Engine: EEVEE
00:47.829  render           | Fra: 68 | Rendering 1 / 64 samples
00:47.969  render           | Fra: 68 | Rendering 25 / 64 samples
00:48.063  render           | Fra: 68 | Rendering 50 / 64 samples
00:48.110  render           | Fra: 68 | Rendering 64 / 64 samples
00:48.188  render           | Saved: 'C:\Users\d.grab\Desktop\the-game\ART\characters\act-1-enemies\forest-elite-wendigo\production\animation\reference_match_remaining\death_work\final_frames\pose_0068.png'
00:48.188  render           | Time: 00:00.44 (Saving: 00:00.05)
00:48.188  render           | Rendering frame 69
00:48.188  render           | Start rendering: Scene, ViewLayer
00:48.188  render           | Engine: EEVEE
00:48.266  render           | Fra: 69 | Rendering 1 / 64 samples
00:48.407  render           | Fra: 69 | Rendering 25 / 64 samples
00:48.500  render           | Fra: 69 | Rendering 50 / 64 samples
00:48.547  render           | Fra: 69 | Rendering 64 / 64 samples
00:48.641  render           | Saved: 'C:\Users\d.grab\Desktop\the-game\ART\characters\act-1-enemies\forest-elite-wendigo\production\animation\reference_match_remaining\death_work\final_frames\pose_0069.png'
00:48.641  render           | Time: 00:00.44 (Saving: 00:00.05)
00:48.641  render           | Rendering frame 70
00:48.641  render           | Start rendering: Scene, ViewLayer
00:48.641  render           | Engine: EEVEE
00:48.719  render           | Fra: 70 | Rendering 1 / 64 samples
00:48.860  render           | Fra: 70 | Rendering 25 / 64 samples
00:48.938  render           | Fra: 70 | Rendering 50 / 64 samples
00:48.985  render           | Fra: 70 | Rendering 64 / 64 samples
00:49.063  render           | Saved: 'C:\Users\d.grab\Desktop\the-game\ART\characters\act-1-enemies\forest-elite-wendigo\production\animation\reference_match_remaining\death_work\final_frames\pose_0070.png'
00:49.063  render           | Time: 00:00.42 (Saving: 00:00.04)
00:49.063  render           | Rendering frame 71
00:49.063  render           | Start rendering: Scene, ViewLayer
00:49.063  render           | Engine: EEVEE
00:49.141  render           | Fra: 71 | Rendering 1 / 64 samples
00:49.282  render           | Fra: 71 | Rendering 25 / 64 samples
00:49.375  render           | Fra: 71 | Rendering 50 / 64 samples
00:49.422  render           | Fra: 71 | Rendering 64 / 64 samples
00:49.516  render           | Saved: 'C:\Users\d.grab\Desktop\the-game\ART\characters\act-1-enemies\forest-elite-wendigo\production\animation\reference_match_remaining\death_work\final_frames\pose_0071.png'
00:49.516  render           | Time: 00:00.45 (Saving: 00:00.05)
00:49.516  render           | Rendering frame 72
00:49.516  render           | Start rendering: Scene, ViewLayer
00:49.516  render           | Engine: EEVEE
00:49.625  render           | Fra: 72 | Rendering 1 / 64 samples
00:49.766  render           | Fra: 72 | Rendering 25 / 64 samples
00:49.860  render           | Fra: 72 | Rendering 50 / 64 samples
00:49.907  render           | Fra: 72 | Rendering 64 / 64 samples
00:49.985  render           | Saved: 'C:\Users\d.grab\Desktop\the-game\ART\characters\act-1-enemies\forest-elite-wendigo\production\animation\reference_match_remaining\death_work\final_frames\pose_0072.png'
00:49.985  render           | Time: 00:00.47 (Saving: 00:00.05)
00:49.985  render           | Rendering frame 73
00:49.985  render           | Start rendering: Scene, ViewLayer
00:49.985  render           | Engine: EEVEE
00:50.063  render           | Fra: 73 | Rendering 1 / 64 samples
00:50.204  render           | Fra: 73 | Rendering 25 / 64 samples
00:50.297  render           | Fra: 73 | Rendering 50 / 64 samples
00:50.344  render           | Fra: 73 | Rendering 64 / 64 samples
00:50.438  render           | Saved: 'C:\Users\d.grab\Desktop\the-game\ART\characters\act-1-enemies\forest-elite-wendigo\production\animation\reference_match_remaining\death_work\final_frames\pose_0073.png'
00:50.438  render           | Time: 00:00.44 (Saving: 00:00.05)
00:50.438  render           | Rendering frame 74
00:50.438  render           | Start rendering: Scene, ViewLayer
00:50.438  render           | Engine: EEVEE
00:50.532  render           | Fra: 74 | Rendering 1 / 64 samples
00:50.657  render           | Fra: 74 | Rendering 25 / 64 samples
00:50.766  render           | Fra: 74 | Rendering 50 / 64 samples
00:50.829  render           | Fra: 74 | Rendering 64 / 64 samples
00:50.922  render           | Saved: 'C:\Users\d.grab\Desktop\the-game\ART\characters\act-1-enemies\forest-elite-wendigo\production\animation\reference_match_remaining\death_work\final_frames\pose_0074.png'
00:50.922  render           | Time: 00:00.48 (Saving: 00:00.05)
00:50.922  render           | Rendering frame 75
00:50.922  render           | Start rendering: Scene, ViewLayer
00:50.922  render           | Engine: EEVEE
00:51.000  render           | Fra: 75 | Rendering 1 / 64 samples
00:51.141  render           | Fra: 75 | Rendering 25 / 64 samples
00:51.219  render           | Fra: 75 | Rendering 50 / 64 samples
00:51.282  render           | Fra: 75 | Rendering 64 / 64 samples
00:51.360  render           | Saved: 'C:\Users\d.grab\Desktop\the-game\ART\characters\act-1-enemies\forest-elite-wendigo\production\animation\reference_match_remaining\death_work\final_frames\pose_0075.png'
00:51.360  render           | Time: 00:00.43 (Saving: 00:00.04)
00:51.360  render           | Rendering frame 76
00:51.360  render           | Start rendering: Scene, ViewLayer
00:51.360  render           | Engine: EEVEE
00:51.422  render           | Fra: 76 | Rendering 1 / 64 samples
00:51.563  render           | Fra: 76 | Rendering 25 / 64 samples
00:51.641  render           | Fra: 76 | Rendering 50 / 64 samples
00:51.704  render           | Fra: 76 | Rendering 64 / 64 samples
00:51.813  render           | Saved: 'C:\Users\d.grab\Desktop\the-game\ART\characters\act-1-enemies\forest-elite-wendigo\production\animation\reference_match_remaining\death_work\final_frames\pose_0076.png'
00:51.813  render           | Time: 00:00.45 (Saving: 00:00.08)
00:51.813  render           | Rendering frame 77
00:51.813  render           | Start rendering: Scene, ViewLayer
00:51.813  render           | Engine: EEVEE
00:51.891  render           | Fra: 77 | Rendering 1 / 64 samples
00:52.016  render           | Fra: 77 | Rendering 25 / 64 samples
00:52.110  render           | Fra: 77 | Rendering 50 / 64 samples
00:52.172  render           | Fra: 77 | Rendering 64 / 64 samples
00:52.250  render           | Saved: 'C:\Users\d.grab\Desktop\the-game\ART\characters\act-1-enemies\forest-elite-wendigo\production\animation\reference_match_remaining\death_work\final_frames\pose_0077.png'
00:52.250  render           | Time: 00:00.44 (Saving: 00:00.05)
00:52.250  render           | Rendering frame 78
00:52.250  render           | Start rendering: Scene, ViewLayer
00:52.250  render           | Engine: EEVEE
00:52.344  render           | Fra: 78 | Rendering 1 / 64 samples
00:52.454  render           | Fra: 78 | Rendering 25 / 64 samples
00:52.547  render           | Fra: 78 | Rendering 50 / 64 samples
00:52.610  render           | Fra: 78 | Rendering 64 / 64 samples
00:52.688  render           | Saved: 'C:\Users\d.grab\Desktop\the-game\ART\characters\act-1-enemies\forest-elite-wendigo\production\animation\reference_match_remaining\death_work\final_frames\pose_0078.png'
00:52.688  render           | Time: 00:00.43 (Saving: 00:00.05)
00:52.688  render           | Rendering frame 79
00:52.688  render           | Start rendering: Scene, ViewLayer
00:52.688  render           | Engine: EEVEE
00:52.766  render           | Fra: 79 | Rendering 1 / 64 samples
00:52.891  render           | Fra: 79 | Rendering 25 / 64 samples
00:52.985  render           | Fra: 79 | Rendering 50 / 64 samples
00:53.047  render           | Fra: 79 | Rendering 64 / 64 samples
00:53.141  render           | Saved: 'C:\Users\d.grab\Desktop\the-game\ART\characters\act-1-enemies\forest-elite-wendigo\production\animation\reference_match_remaining\death_work\final_frames\pose_0079.png'
00:53.141  render           | Time: 00:00.45 (Saving: 00:00.05)
00:53.141  render           | Rendering frame 80
00:53.141  render           | Start rendering: Scene, ViewLayer
00:53.141  render           | Engine: EEVEE
00:53.219  render           | Fra: 80 | Rendering 1 / 64 samples
00:53.344  render           | Fra: 80 | Rendering 25 / 64 samples
00:53.422  render           | Fra: 80 | Rendering 50 / 64 samples
00:53.485  render           | Fra: 80 | Rendering 64 / 64 samples
00:53.563  render           | Saved: 'C:\Users\d.grab\Desktop\the-game\ART\characters\act-1-enemies\forest-elite-wendigo\production\animation\reference_match_remaining\death_work\final_frames\pose_0080.png'
00:53.563  render           | Time: 00:00.41 (Saving: 00:00.05)
00:53.563  render           | Rendering frame 81
00:53.563  render           | Start rendering: Scene, ViewLayer
00:53.563  render           | Engine: EEVEE
00:53.641  render           | Fra: 81 | Rendering 1 / 64 samples
00:53.766  render           | Fra: 81 | Rendering 25 / 64 samples
00:53.860  render           | Fra: 81 | Rendering 50 / 64 samples
00:53.922  render           | Fra: 81 | Rendering 64 / 64 samples
00:54.016  render           | Saved: 'C:\Users\d.grab\Desktop\the-game\ART\characters\act-1-enemies\forest-elite-wendigo\production\animation\reference_match_remaining\death_work\final_frames\pose_0081.png'
00:54.016  render           | Time: 00:00.45 (Saving: 00:00.05)
00:54.016  render           | Rendering frame 82
00:54.016  render           | Start rendering: Scene, ViewLayer
00:54.016  render           | Engine: EEVEE
00:54.094  render           | Fra: 82 | Rendering 1 / 64 samples
00:54.219  render           | Fra: 82 | Rendering 25 / 64 samples
00:54.313  render           | Fra: 82 | Rendering 50 / 64 samples
00:54.375  render           | Fra: 82 | Rendering 64 / 64 samples
00:54.469  render           | Saved: 'C:\Users\d.grab\Desktop\the-game\ART\characters\act-1-enemies\forest-elite-wendigo\production\animation\reference_match_remaining\death_work\final_frames\pose_0082.png'
00:54.469  render           | Time: 00:00.45 (Saving: 00:00.06)
00:54.469  render           | Rendering frame 83
00:54.469  render           | Start rendering: Scene, ViewLayer
00:54.469  render           | Engine: EEVEE
00:54.563  render           | Fra: 83 | Rendering 1 / 64 samples
00:54.704  render           | Fra: 83 | Rendering 25 / 64 samples
00:54.797  render           | Fra: 83 | Rendering 50 / 64 samples
00:54.860  render           | Fra: 83 | Rendering 64 / 64 samples
00:54.938  render           | Saved: 'C:\Users\d.grab\Desktop\the-game\ART\characters\act-1-enemies\forest-elite-wendigo\production\animation\reference_match_remaining\death_work\final_frames\pose_0083.png'
00:54.938  render           | Time: 00:00.46 (Saving: 00:00.05)
00:54.938  render           | Rendering frame 84
00:54.938  render           | Start rendering: Scene, ViewLayer
00:54.938  render           | Engine: EEVEE
00:55.016  render           | Fra: 84 | Rendering 1 / 64 samples
00:55.141  render           | Fra: 84 | Rendering 25 / 64 samples
00:55.235  render           | Fra: 84 | Rendering 50 / 64 samples
00:55.313  render           | Fra: 84 | Rendering 64 / 64 samples
00:55.407  render           | Saved: 'C:\Users\d.grab\Desktop\the-game\ART\characters\act-1-enemies\forest-elite-wendigo\production\animation\reference_match_remaining\death_work\final_frames\pose_0084.png'
00:55.407  render           | Time: 00:00.46 (Saving: 00:00.06)
00:55.407  render           | Rendering frame 85
00:55.407  render           | Start rendering: Scene, ViewLayer
00:55.407  render           | Engine: EEVEE
00:55.485  render           | Fra: 85 | Rendering 1 / 64 samples
00:55.610  render           | Fra: 85 | Rendering 25 / 64 samples
00:55.704  render           | Fra: 85 | Rendering 50 / 64 samples
00:55.782  render           | Fra: 85 | Rendering 64 / 64 samples
00:55.875  render           | Saved: 'C:\Users\d.grab\Desktop\the-game\ART\characters\act-1-enemies\forest-elite-wendigo\production\animation\reference_match_remaining\death_work\final_frames\pose_0085.png'
00:55.875  render           | Time: 00:00.46 (Saving: 00:00.06)
00:55.875  render           | Rendering frame 86
00:55.875  render           | Start rendering: Scene, ViewLayer
00:55.875  render           | Engine: EEVEE
00:55.954  render           | Fra: 86 | Rendering 1 / 64 samples
00:56.079  render           | Fra: 86 | Rendering 25 / 64 samples
00:56.157  render           | Fra: 86 | Rendering 50 / 64 samples
00:56.219  render           | Fra: 86 | Rendering 64 / 64 samples
00:56.297  render           | Saved: 'C:\Users\d.grab\Desktop\the-game\ART\characters\act-1-enemies\forest-elite-wendigo\production\animation\reference_match_remaining\death_work\final_frames\pose_0086.png'
00:56.297  render           | Time: 00:00.43 (Saving: 00:00.05)
00:56.297  render           | Rendering frame 87
00:56.297  render           | Start rendering: Scene, ViewLayer
00:56.297  render           | Engine: EEVEE
00:56.375  render           | Fra: 87 | Rendering 1 / 64 samples
00:56.516  render           | Fra: 87 | Rendering 25 / 64 samples
00:56.594  render           | Fra: 87 | Rendering 50 / 64 samples
00:56.657  render           | Fra: 87 | Rendering 64 / 64 samples
00:56.829  render           | Saved: 'C:\Users\d.grab\Desktop\the-game\ART\characters\act-1-enemies\forest-elite-wendigo\production\animation\reference_match_remaining\death_work\final_frames\pose_0087.png'
00:56.829  render           | Time: 00:00.53 (Saving: 00:00.14)
00:56.829  render           | Rendering frame 88
00:56.829  render           | Start rendering: Scene, ViewLayer
00:56.829  render           | Engine: EEVEE
00:56.907  render           | Fra: 88 | Rendering 1 / 64 samples
00:57.000  render           | Fra: 88 | Rendering 25 / 64 samples
00:57.125  render           | Fra: 88 | Rendering 50 / 64 samples
00:57.204  render           | Fra: 88 | Rendering 64 / 64 samples
00:57.266  render           | Saved: 'C:\Users\d.grab\Desktop\the-game\ART\characters\act-1-enemies\forest-elite-wendigo\production\animation\reference_match_remaining\death_work\final_frames\pose_0088.png'
00:57.266  render           | Time: 00:00.43 (Saving: 00:00.05)
00:57.266  render           | Rendering frame 89
00:57.266  render           | Start rendering: Scene, ViewLayer
00:57.266  render           | Engine: EEVEE
00:57.344  render           | Fra: 89 | Rendering 1 / 64 samples
00:57.438  render           | Fra: 89 | Rendering 25 / 64 samples
00:57.547  render           | Fra: 89 | Rendering 50 / 64 samples
00:57.625  render           | Fra: 89 | Rendering 64 / 64 samples
00:57.704  render           | Saved: 'C:\Users\d.grab\Desktop\the-game\ART\characters\act-1-enemies\forest-elite-wendigo\production\animation\reference_match_remaining\death_work\final_frames\pose_0089.png'
00:57.704  render           | Time: 00:00.43 (Saving: 00:00.05)
00:57.704  render           | Rendering frame 90
00:57.704  render           | Start rendering: Scene, ViewLayer
00:57.704  render           | Engine: EEVEE
00:57.797  render           | Fra: 90 | Rendering 1 / 64 samples
00:57.891  render           | Fra: 90 | Rendering 25 / 64 samples
00:58.000  render           | Fra: 90 | Rendering 50 / 64 samples
00:58.079  render           | Fra: 90 | Rendering 64 / 64 samples
00:58.157  render           | Saved: 'C:\Users\d.grab\Desktop\the-game\ART\characters\act-1-enemies\forest-elite-wendigo\production\animation\reference_match_remaining\death_work\final_frames\pose_0090.png'
00:58.157  render           | Time: 00:00.45 (Saving: 00:00.05)
00:58.157  render           | Rendering frame 91
00:58.157  render           | Start rendering: Scene, ViewLayer
00:58.157  render           | Engine: EEVEE
00:58.235  render           | Fra: 91 | Rendering 1 / 64 samples
00:58.329  render           | Fra: 91 | Rendering 25 / 64 samples
00:58.422  render           | Fra: 91 | Rendering 50 / 64 samples
00:58.500  render           | Fra: 91 | Rendering 64 / 64 samples
00:58.579  render           | Saved: 'C:\Users\d.grab\Desktop\the-game\ART\characters\act-1-enemies\forest-elite-wendigo\production\animation\reference_match_remaining\death_work\final_frames\pose_0091.png'
00:58.579  render           | Time: 00:00.41 (Saving: 00:00.04)
00:58.579  render           | Rendering frame 92
00:58.579  render           | Start rendering: Scene, ViewLayer
00:58.579  render           | Engine: EEVEE
00:58.657  render           | Fra: 92 | Rendering 1 / 64 samples
00:58.750  render           | Fra: 92 | Rendering 25 / 64 samples
00:58.844  render           | Fra: 92 | Rendering 50 / 64 samples
00:58.922  render           | Fra: 92 | Rendering 64 / 64 samples
00:59.000  render           | Saved: 'C:\Users\d.grab\Desktop\the-game\ART\characters\act-1-enemies\forest-elite-wendigo\production\animation\reference_match_remaining\death_work\final_frames\pose_0092.png'
00:59.000  render           | Time: 00:00.43 (Saving: 00:00.05)
00:59.000  render           | Rendering frame 93
00:59.000  render           | Start rendering: Scene, ViewLayer
00:59.000  render           | Engine: EEVEE
00:59.079  render           | Fra: 93 | Rendering 1 / 64 samples
00:59.204  render           | Fra: 93 | Rendering 25 / 64 samples
00:59.297  render           | Fra: 93 | Rendering 50 / 64 samples
00:59.375  render           | Fra: 93 | Rendering 64 / 64 samples
00:59.454  render           | Saved: 'C:\Users\d.grab\Desktop\the-game\ART\characters\act-1-enemies\forest-elite-wendigo\production\animation\reference_match_remaining\death_work\final_frames\pose_0093.png'
00:59.454  render           | Time: 00:00.45 (Saving: 00:00.05)
00:59.454  render           | Rendering frame 94
00:59.454  render           | Start rendering: Scene, ViewLayer
00:59.454  render           | Engine: EEVEE
00:59.532  render           | Fra: 94 | Rendering 1 / 64 samples
00:59.641  render           | Fra: 94 | Rendering 25 / 64 samples
00:59.735  render           | Fra: 94 | Rendering 50 / 64 samples
00:59.813  render           | Fra: 94 | Rendering 64 / 64 samples
00:59.891  render           | Saved: 'C:\Users\d.grab\Desktop\the-game\ART\characters\act-1-enemies\forest-elite-wendigo\production\animation\reference_match_remaining\death_work\final_frames\pose_0094.png'
00:59.891  render           | Time: 00:00.43 (Saving: 00:00.05)
00:59.891  render           | Rendering frame 95
00:59.891  render           | Start rendering: Scene, ViewLayer
00:59.891  render           | Engine: EEVEE
00:59.969  render           | Fra: 95 | Rendering 1 / 64 samples
01:00.079  render           | Fra: 95 | Rendering 25 / 64 samples
01:00.172  render           | Fra: 95 | Rendering 50 / 64 samples
01:00.250  render           | Fra: 95 | Rendering 64 / 64 samples
01:00.329  render           | Saved: 'C:\Users\d.grab\Desktop\the-game\ART\characters\act-1-enemies\forest-elite-wendigo\production\animation\reference_match_remaining\death_work\final_frames\pose_0095.png'
01:00.344  render           | Time: 00:00.44 (Saving: 00:00.05)
01:00.344  render           | Rendering frame 96
01:00.344  render           | Start rendering: Scene, ViewLayer
01:00.344  render           | Engine: EEVEE
01:00.422  render           | Fra: 96 | Rendering 1 / 64 samples
01:00.547  render           | Fra: 96 | Rendering 25 / 64 samples
01:00.641  render           | Fra: 96 | Rendering 50 / 64 samples
01:00.719  render           | Fra: 96 | Rendering 64 / 64 samples
01:00.797  render           | Saved: 'C:\Users\d.grab\Desktop\the-game\ART\characters\act-1-enemies\forest-elite-wendigo\production\animation\reference_match_remaining\death_work\final_frames\pose_0096.png'
01:00.797  render           | Time: 00:00.45 (Saving: 00:00.04)
[a_Rodin.utils-DBG]: RodinBridge: unregister
Traceback (most recent call last):
  File "C:\Program Files\Blender Foundation\Blender 5.2\5.2\scripts\modules\addon_utils.py", line 595, in disable
    mod.unregister()
    ~~~~~~~~~~~~~~^^
  File "C:\Users\d.grab\AppData\Roaming\Blender Foundation\Blender\5.2\scripts\addons\a_Rodin\__init__.py", line 28, in unregister
    unreg()
    ~~~~~^^
  File "C:\Program Files\Blender Foundation\Blender 5.2\5.2\scripts\modules\bpy\utils\__init__.py", line 1054, in unregister
    mod.unregister()
    ~~~~~~~~~~~~~~^^
  File "C:\Program Files\Blender Foundation\Blender 5.2\5.2\scripts\modules\bpy\utils\__init__.py", line 1054, in unregister
    mod.unregister()
    ~~~~~~~~~~~~~~^^
  File "C:\Program Files\Blender Foundation\Blender 5.2\5.2\scripts\modules\bpy\utils\__init__.py", line 1054, in unregister
    mod.unregister()
    ~~~~~~~~~~~~~~^^
  File "C:\Users\d.grab\AppData\Roaming\Blender Foundation\Blender\5.2\scripts\addons\a_Rodin\src\rodin\properties.py", line 408, in unregister
    bpy.app.handlers.load_post.remove(on_scene_load)
    ~~~~~~~~~~~~~~~~~~~~~~~~~~~~~~~~~^^^^^^^^^^^^^^^
ValueError: list.remove(x): x not in list
Reloading external rigs...
Reloading external metarigs...
Exception in module unregister(): 'C:\\Users\\d.grab\\AppData\\Roaming\\Blender Foundation\\Blender\\5.2\\scripts\\addons\\a_Rodin\\__init__.py'

Blender quit
