[a_Rodin.utils-DBG]: RodinBridge: register
[a_Rodin.utils-WRN]: Port 61863 is in use
[a_Rodin.utils-WRN]: Server running on port 61864
Traceback (most recent call last):
  File "C:\Program Files\Blender Foundation\Blender 5.2\5.2\scripts\modules\addon_utils.py", line 458, in enable
    mod = importlib.import_module(module_name)
  File "C:\Program Files\Blender Foundation\Blender 5.2\5.2\python\Lib\importlib\__init__.py", line 88, in import_module
    return _bootstrap._gcd_import(name[level:], package, level)
           ~~~~~~~~~~~~~~~~~~~~~~^^^^^^^^^^^^^^^^^^^^^^^^^^^^^^
  File "<frozen importlib._bootstrap>", line 1395, in _gcd_import
  File "<frozen importlib._bootstrap>", line 1360, in _find_and_load
  File "<frozen importlib._bootstrap>", line 1331, in _find_and_load_unlocked
  File "<frozen importlib._bootstrap>", line 935, in _load_unlocked
  File "<frozen importlib._bootstrap_external>", line 1023, in exec_module
  File "<frozen importlib._bootstrap>", line 488, in _call_with_frames_removed
  File "C:\Users\d.grab\AppData\Roaming\Blender Foundation\Blender\5.2\extensions\user_default\higgsfield_blender\__init__.py", line 60, in <module>
    from .features import bridge_gate, phonecam
  File "C:\Users\d.grab\AppData\Roaming\Blender Foundation\Blender\5.2\extensions\user_default\higgsfield_blender\features\bridge_gate.py", line 23, in <module>
    from ..fnf.session import _active_workspace_id, is_authenticated
  File "C:\Users\d.grab\AppData\Roaming\Blender Foundation\Blender\5.2\extensions\user_default\higgsfield_blender\fnf\session.py", line 31, in <module>
    import httpx
ModuleNotFoundError: No module named 'httpx'
[a_Rodin.utils-DBG]: on_scene_load
[a_Rodin.utils-DBG]: ensure_default_image
00:03.938  blend            | Read blend: "C:\Users\d.grab\Desktop\the-game\ART\characters\act-1-enemies\forest-elite-wendigo\production\animation\reference_match_remaining\death_work\Death_Final.blend"
00:04.000  render           | Rendering animation (frames 0..96)
00:04.000  render           | Rendering frame 0
00:04.000  render           | Start rendering: Scene, ViewLayer
00:04.000  render           | Engine: EEVEE
00:05.766  render           | Fra: 0 | Rendering 1 / 64 samples
Blender 5.2.1 LTS (hash 9e2066aef7ef built 2026-08-25 02:38:20)
00:05.891  render           | Fra: 0 | Rendering 25 / 64 samples
00:06.000  render           | Fra: 0 | Rendering 50 / 64 samples
00:06.078  render           | Fra: 0 | Rendering 64 / 64 samples
00:06.235  render           | Saved: 'C:\Users\d.grab\Desktop\the-game\ART\characters\act-1-enemies\forest-elite-wendigo\production\animation\reference_match_remaining\death_work\final_frames\pose_0000.png'
00:06.235  render           | Time: 00:02.22 (Saving: 00:00.12)
00:06.235  render           | Rendering frame 1
00:06.235  render           | Start rendering: Scene, ViewLayer
00:06.235  render           | Engine: EEVEE
00:06.360  render           | Fra: 1 | Rendering 1 / 64 samples
00:06.500  render           | Fra: 1 | Rendering 25 / 64 samples
00:06.657  render           | Fra: 1 | Rendering 50 / 64 samples
00:06.750  render           | Fra: 1 | Rendering 64 / 64 samples
00:06.860  render           | Saved: 'C:\Users\d.grab\Desktop\the-game\ART\characters\act-1-enemies\forest-elite-wendigo\production\animation\reference_match_remaining\death_work\final_frames\pose_0001.png'
00:06.860  render           | Time: 00:00.62 (Saving: 00:00.06)
00:06.860  render           | Rendering frame 2
00:06.860  render           | Start rendering: Scene, ViewLayer
00:06.860  render           | Engine: EEVEE
00:06.953  render           | Fra: 2 | Rendering 1 / 64 samples
00:07.110  render           | Fra: 2 | Rendering 25 / 64 samples
00:07.266  render           | Fra: 2 | Rendering 50 / 64 samples
00:07.360  render           | Fra: 2 | Rendering 64 / 64 samples
00:07.469  render           | Saved: 'C:\Users\d.grab\Desktop\the-game\ART\characters\act-1-enemies\forest-elite-wendigo\production\animation\reference_match_remaining\death_work\final_frames\pose_0002.png'
00:07.469  render           | Time: 00:00.61 (Saving: 00:00.07)
00:07.469  render           | Rendering frame 3
00:07.469  render           | Start rendering: Scene, ViewLayer
00:07.469  render           | Engine: EEVEE
00:07.563  render           | Fra: 3 | Rendering 1 / 64 samples
00:07.719  render           | Fra: 3 | Rendering 25 / 64 samples
00:07.875  render           | Fra: 3 | Rendering 50 / 64 samples
00:07.953  render           | Fra: 3 | Rendering 64 / 64 samples
00:08.047  render           | Saved: 'C:\Users\d.grab\Desktop\the-game\ART\characters\act-1-enemies\forest-elite-wendigo\production\animation\reference_match_remaining\death_work\final_frames\pose_0003.png'
00:08.047  render           | Time: 00:00.58 (Saving: 00:00.05)
00:08.047  render           | Rendering frame 4
00:08.047  render           | Start rendering: Scene, ViewLayer
00:08.047  render           | Engine: EEVEE
00:08.141  render           | Fra: 4 | Rendering 1 / 64 samples
00:08.297  render           | Fra: 4 | Rendering 25 / 64 samples
00:08.453  render           | Fra: 4 | Rendering 50 / 64 samples
00:08.532  render           | Fra: 4 | Rendering 64 / 64 samples
00:08.625  render           | Saved: 'C:\Users\d.grab\Desktop\the-game\ART\characters\act-1-enemies\forest-elite-wendigo\production\animation\reference_match_remaining\death_work\final_frames\pose_0004.png'
00:08.625  render           | Time: 00:00.58 (Saving: 00:00.06)
00:08.625  render           | Rendering frame 5
00:08.625  render           | Start rendering: Scene, ViewLayer
00:08.625  render           | Engine: EEVEE
00:08.735  render           | Fra: 5 | Rendering 1 / 64 samples
00:08.891  render           | Fra: 5 | Rendering 25 / 64 samples
00:09.063  render           | Fra: 5 | Rendering 50 / 64 samples
00:09.141  render           | Fra: 5 | Rendering 64 / 64 samples
00:09.219  render           | Saved: 'C:\Users\d.grab\Desktop\the-game\ART\characters\act-1-enemies\forest-elite-wendigo\production\animation\reference_match_remaining\death_work\final_frames\pose_0005.png'
00:09.219  render           | Time: 00:00.59 (Saving: 00:00.06)
00:09.219  render           | Rendering frame 6
00:09.219  render           | Start rendering: Scene, ViewLayer
00:09.219  render           | Engine: EEVEE
00:09.297  render           | Fra: 6 | Rendering 1 / 64 samples
00:09.469  render           | Fra: 6 | Rendering 25 / 64 samples
00:09.625  render           | Fra: 6 | Rendering 50 / 64 samples
00:09.688  render           | Fra: 6 | Rendering 64 / 64 samples
00:09.782  render           | Saved: 'C:\Users\d.grab\Desktop\the-game\ART\characters\act-1-enemies\forest-elite-wendigo\production\animation\reference_match_remaining\death_work\final_frames\pose_0006.png'
00:09.782  render           | Time: 00:00.55 (Saving: 00:00.06)
00:09.782  render           | Rendering frame 7
00:09.782  render           | Start rendering: Scene, ViewLayer
00:09.782  render           | Engine: EEVEE
00:09.860  render           | Fra: 7 | Rendering 1 / 64 samples
00:10.032  render           | Fra: 7 | Rendering 25 / 64 samples
00:10.172  render           | Fra: 7 | Rendering 50 / 64 samples
00:10.250  render           | Fra: 7 | Rendering 64 / 64 samples
00:10.344  render           | Saved: 'C:\Users\d.grab\Desktop\the-game\ART\characters\act-1-enemies\forest-elite-wendigo\production\animation\reference_match_remaining\death_work\final_frames\pose_0007.png'
00:10.344  render           | Time: 00:00.56 (Saving: 00:00.05)
00:10.344  render           | Rendering frame 8
00:10.344  render           | Start rendering: Scene, ViewLayer
00:10.344  render           | Engine: EEVEE
00:10.422  render           | Fra: 8 | Rendering 1 / 64 samples
00:10.578  render           | Fra: 8 | Rendering 25 / 64 samples
00:10.719  render           | Fra: 8 | Rendering 50 / 64 samples
00:10.782  render           | Fra: 8 | Rendering 64 / 64 samples
00:10.907  render           | Saved: 'C:\Users\d.grab\Desktop\the-game\ART\characters\act-1-enemies\forest-elite-wendigo\production\animation\reference_match_remaining\death_work\final_frames\pose_0008.png'
00:10.907  render           | Time: 00:00.56 (Saving: 00:00.06)
00:10.907  render           | Rendering frame 9
00:10.907  render           | Start rendering: Scene, ViewLayer
00:10.907  render           | Engine: EEVEE
00:11.000  render           | Fra: 9 | Rendering 1 / 64 samples
00:11.157  render           | Fra: 9 | Rendering 25 / 64 samples
00:11.282  render           | Fra: 9 | Rendering 50 / 64 samples
00:11.344  render           | Fra: 9 | Rendering 64 / 64 samples
00:11.469  render           | Saved: 'C:\Users\d.grab\Desktop\the-game\ART\characters\act-1-enemies\forest-elite-wendigo\production\animation\reference_match_remaining\death_work\final_frames\pose_0009.png'
00:11.469  render           | Time: 00:00.55 (Saving: 00:00.06)
00:11.469  render           | Rendering frame 10
00:11.469  render           | Start rendering: Scene, ViewLayer
00:11.469  render           | Engine: EEVEE
00:11.547  render           | Fra: 10 | Rendering 1 / 64 samples
00:11.703  render           | Fra: 10 | Rendering 25 / 64 samples
00:11.813  render           | Fra: 10 | Rendering 50 / 64 samples
00:11.875  render           | Fra: 10 | Rendering 64 / 64 samples
00:11.953  render           | Saved: 'C:\Users\d.grab\Desktop\the-game\ART\characters\act-1-enemies\forest-elite-wendigo\production\animation\reference_match_remaining\death_work\final_frames\pose_0010.png'
00:11.953  render           | Time: 00:00.49 (Saving: 00:00.05)
00:11.953  render           | Rendering frame 11
00:11.953  render           | Start rendering: Scene, ViewLayer
00:11.953  render           | Engine: EEVEE
00:12.063  render           | Fra: 11 | Rendering 1 / 64 samples
00:12.203  render           | Fra: 11 | Rendering 25 / 64 samples
00:12.313  render           | Fra: 11 | Rendering 50 / 64 samples
00:12.375  render           | Fra: 11 | Rendering 64 / 64 samples
00:12.469  render           | Saved: 'C:\Users\d.grab\Desktop\the-game\ART\characters\act-1-enemies\forest-elite-wendigo\production\animation\reference_match_remaining\death_work\final_frames\pose_0011.png'
00:12.469  render           | Time: 00:00.51 (Saving: 00:00.06)
00:12.469  render           | Rendering frame 12
00:12.469  render           | Start rendering: Scene, ViewLayer
00:12.469  render           | Engine: EEVEE
00:12.563  render           | Fra: 12 | Rendering 1 / 64 samples
00:12.719  render           | Fra: 12 | Rendering 25 / 64 samples
00:12.828  render           | Fra: 12 | Rendering 50 / 64 samples
00:12.907  render           | Fra: 12 | Rendering 64 / 64 samples
00:12.985  render           | Saved: 'C:\Users\d.grab\Desktop\the-game\ART\characters\act-1-enemies\forest-elite-wendigo\production\animation\reference_match_remaining\death_work\final_frames\pose_0012.png'
00:12.985  render           | Time: 00:00.51 (Saving: 00:00.05)
00:12.985  render           | Rendering frame 13
00:12.985  render           | Start rendering: Scene, ViewLayer
00:12.985  render           | Engine: EEVEE
00:13.078  render           | Fra: 13 | Rendering 1 / 64 samples
00:13.219  render           | Fra: 13 | Rendering 25 / 64 samples
00:13.328  render           | Fra: 13 | Rendering 50 / 64 samples
00:13.391  render           | Fra: 13 | Rendering 64 / 64 samples
00:13.485  render           | Saved: 'C:\Users\d.grab\Desktop\the-game\ART\characters\act-1-enemies\forest-elite-wendigo\production\animation\reference_match_remaining\death_work\final_frames\pose_0013.png'
00:13.485  render           | Time: 00:00.50 (Saving: 00:00.05)
00:13.485  render           | Rendering frame 14
00:13.485  render           | Start rendering: Scene, ViewLayer
00:13.485  render           | Engine: EEVEE
00:13.578  render           | Fra: 14 | Rendering 1 / 64 samples
00:13.703  render           | Fra: 14 | Rendering 25 / 64 samples
00:13.813  render           | Fra: 14 | Rendering 50 / 64 samples
00:13.891  render           | Fra: 14 | Rendering 64 / 64 samples
00:13.969  render           | Saved: 'C:\Users\d.grab\Desktop\the-game\ART\characters\act-1-enemies\forest-elite-wendigo\production\animation\reference_match_remaining\death_work\final_frames\pose_0014.png'
00:13.969  render           | Time: 00:00.48 (Saving: 00:00.05)
00:13.969  render           | Rendering frame 15
00:13.969  render           | Start rendering: Scene, ViewLayer
00:13.969  render           | Engine: EEVEE
00:14.063  render           | Fra: 15 | Rendering 1 / 64 samples
00:14.203  render           | Fra: 15 | Rendering 25 / 64 samples
00:14.297  render           | Fra: 15 | Rendering 50 / 64 samples
00:14.360  render           | Fra: 15 | Rendering 64 / 64 samples
00:14.453  render           | Saved: 'C:\Users\d.grab\Desktop\the-game\ART\characters\act-1-enemies\forest-elite-wendigo\production\animation\reference_match_remaining\death_work\final_frames\pose_0015.png'
00:14.453  render           | Time: 00:00.47 (Saving: 00:00.05)
00:14.453  render           | Rendering frame 16
00:14.453  render           | Start rendering: Scene, ViewLayer
00:14.453  render           | Engine: EEVEE
00:14.547  render           | Fra: 16 | Rendering 1 / 64 samples
00:14.672  render           | Fra: 16 | Rendering 25 / 64 samples
00:14.782  render           | Fra: 16 | Rendering 50 / 64 samples
00:14.844  render           | Fra: 16 | Rendering 64 / 64 samples
00:14.953  render           | Saved: 'C:\Users\d.grab\Desktop\the-game\ART\characters\act-1-enemies\forest-elite-wendigo\production\animation\reference_match_remaining\death_work\final_frames\pose_0016.png'
00:14.953  render           | Time: 00:00.49 (Saving: 00:00.06)
00:14.953  render           | Rendering frame 17
00:14.953  render           | Start rendering: Scene, ViewLayer
00:14.953  render           | Engine: EEVEE
00:15.032  render           | Fra: 17 | Rendering 1 / 64 samples
00:15.188  render           | Fra: 17 | Rendering 25 / 64 samples
00:15.282  render           | Fra: 17 | Rendering 50 / 64 samples
00:15.360  render           | Fra: 17 | Rendering 64 / 64 samples
00:15.453  render           | Saved: 'C:\Users\d.grab\Desktop\the-game\ART\characters\act-1-enemies\forest-elite-wendigo\production\animation\reference_match_remaining\death_work\final_frames\pose_0017.png'
00:15.453  render           | Time: 00:00.50 (Saving: 00:00.06)
00:15.453  render           | Rendering frame 18
00:15.453  render           | Start rendering: Scene, ViewLayer
00:15.453  render           | Engine: EEVEE
00:15.547  render           | Fra: 18 | Rendering 1 / 64 samples
00:15.672  render           | Fra: 18 | Rendering 25 / 64 samples
00:15.782  render           | Fra: 18 | Rendering 50 / 64 samples
00:15.844  render           | Fra: 18 | Rendering 64 / 64 samples
00:15.953  render           | Saved: 'C:\Users\d.grab\Desktop\the-game\ART\characters\act-1-enemies\forest-elite-wendigo\production\animation\reference_match_remaining\death_work\final_frames\pose_0018.png'
00:15.953  render           | Time: 00:00.49 (Saving: 00:00.06)
00:15.953  render           | Rendering frame 19
00:15.953  render           | Start rendering: Scene, ViewLayer
00:15.953  render           | Engine: EEVEE
00:16.063  render           | Fra: 19 | Rendering 1 / 64 samples
00:16.235  render           | Fra: 19 | Rendering 25 / 64 samples
00:16.344  render           | Fra: 19 | Rendering 50 / 64 samples
00:16.407  render           | Fra: 19 | Rendering 64 / 64 samples
00:16.516  render           | Saved: 'C:\Users\d.grab\Desktop\the-game\ART\characters\act-1-enemies\forest-elite-wendigo\production\animation\reference_match_remaining\death_work\final_frames\pose_0019.png'
00:16.516  render           | Time: 00:00.56 (Saving: 00:00.06)
00:16.516  render           | Rendering frame 20
00:16.516  render           | Start rendering: Scene, ViewLayer
00:16.516  render           | Engine: EEVEE
00:16.625  render           | Fra: 20 | Rendering 1 / 64 samples
00:16.782  render           | Fra: 20 | Rendering 25 / 64 samples
00:16.891  render           | Fra: 20 | Rendering 50 / 64 samples
00:16.969  render           | Fra: 20 | Rendering 64 / 64 samples
00:17.063  render           | Saved: 'C:\Users\d.grab\Desktop\the-game\ART\characters\act-1-enemies\forest-elite-wendigo\production\animation\reference_match_remaining\death_work\final_frames\pose_0020.png'
00:17.063  render           | Time: 00:00.54 (Saving: 00:00.06)
00:17.063  render           | Rendering frame 21
00:17.063  render           | Start rendering: Scene, ViewLayer
00:17.063  render           | Engine: EEVEE
00:17.141  render           | Fra: 21 | Rendering 1 / 64 samples
00:17.282  render           | Fra: 21 | Rendering 25 / 64 samples
00:17.407  render           | Fra: 21 | Rendering 50 / 64 samples
00:17.469  render           | Fra: 21 | Rendering 64 / 64 samples
00:17.578  render           | Saved: 'C:\Users\d.grab\Desktop\the-game\ART\characters\act-1-enemies\forest-elite-wendigo\production\animation\reference_match_remaining\death_work\final_frames\pose_0021.png'
00:17.578  render           | Time: 00:00.51 (Saving: 00:00.06)
00:17.578  render           | Rendering frame 22
00:17.578  render           | Start rendering: Scene, ViewLayer
00:17.578  render           | Engine: EEVEE
00:17.672  render           | Fra: 22 | Rendering 1 / 64 samples
00:17.828  render           | Fra: 22 | Rendering 25 / 64 samples
00:17.938  render           | Fra: 22 | Rendering 50 / 64 samples
00:18.016  render           | Fra: 22 | Rendering 64 / 64 samples
00:18.110  render           | Saved: 'C:\Users\d.grab\Desktop\the-game\ART\characters\act-1-enemies\forest-elite-wendigo\production\animation\reference_match_remaining\death_work\final_frames\pose_0022.png'
00:18.110  render           | Time: 00:00.53 (Saving: 00:00.06)
00:18.110  render           | Rendering frame 23
00:18.110  render           | Start rendering: Scene, ViewLayer
00:18.110  render           | Engine: EEVEE
00:18.188  render           | Fra: 23 | Rendering 1 / 64 samples
00:18.328  render           | Fra: 23 | Rendering 25 / 64 samples
00:18.438  render           | Fra: 23 | Rendering 50 / 64 samples
00:18.500  render           | Fra: 23 | Rendering 64 / 64 samples
00:18.610  render           | Saved: 'C:\Users\d.grab\Desktop\the-game\ART\characters\act-1-enemies\forest-elite-wendigo\production\animation\reference_match_remaining\death_work\final_frames\pose_0023.png'
00:18.610  render           | Time: 00:00.49 (Saving: 00:00.06)
00:18.610  render           | Rendering frame 24
00:18.610  render           | Start rendering: Scene, ViewLayer
00:18.610  render           | Engine: EEVEE
00:18.688  render           | Fra: 24 | Rendering 1 / 64 samples
00:18.844  render           | Fra: 24 | Rendering 25 / 64 samples
00:18.969  render           | Fra: 24 | Rendering 50 / 64 samples
00:19.032  render           | Fra: 24 | Rendering 64 / 64 samples
00:19.125  render           | Saved: 'C:\Users\d.grab\Desktop\the-game\ART\characters\act-1-enemies\forest-elite-wendigo\production\animation\reference_match_remaining\death_work\final_frames\pose_0024.png'
00:19.125  render           | Time: 00:00.52 (Saving: 00:00.05)
00:19.125  render           | Rendering frame 25
00:19.125  render           | Start rendering: Scene, ViewLayer
00:19.125  render           | Engine: EEVEE
00:19.219  render           | Fra: 25 | Rendering 1 / 64 samples
00:19.391  render           | Fra: 25 | Rendering 25 / 64 samples
00:19.657  render           | Fra: 25 | Rendering 50 / 64 samples
00:19.750  render           | Fra: 25 | Rendering 64 / 64 samples
00:19.875  render           | Saved: 'C:\Users\d.grab\Desktop\the-game\ART\characters\act-1-enemies\forest-elite-wendigo\production\animation\reference_match_remaining\death_work\final_frames\pose_0025.png'
00:19.875  render           | Time: 00:00.75 (Saving: 00:00.09)
00:19.875  render           | Rendering frame 26
00:19.875  render           | Start rendering: Scene, ViewLayer
00:19.875  render           | Engine: EEVEE
00:20.000  render           | Fra: 26 | Rendering 1 / 64 samples
00:20.141  render           | Fra: 26 | Rendering 25 / 64 samples
00:20.266  render           | Fra: 26 | Rendering 50 / 64 samples
00:20.360  render           | Fra: 26 | Rendering 64 / 64 samples
00:20.453  render           | Saved: 'C:\Users\d.grab\Desktop\the-game\ART\characters\act-1-enemies\forest-elite-wendigo\production\animation\reference_match_remaining\death_work\final_frames\pose_0026.png'
00:20.453  render           | Time: 00:00.57 (Saving: 00:00.06)
00:20.453  render           | Rendering frame 27
00:20.453  render           | Start rendering: Scene, ViewLayer
00:20.453  render           | Engine: EEVEE
00:20.547  render           | Fra: 27 | Rendering 1 / 64 samples
00:20.657  render           | Fra: 27 | Rendering 25 / 64 samples
00:20.782  render           | Fra: 27 | Rendering 50 / 64 samples
00:20.875  render           | Fra: 27 | Rendering 64 / 64 samples
00:20.969  render           | Saved: 'C:\Users\d.grab\Desktop\the-game\ART\characters\act-1-enemies\forest-elite-wendigo\production\animation\reference_match_remaining\death_work\final_frames\pose_0027.png'
00:20.969  render           | Time: 00:00.50 (Saving: 00:00.05)
00:20.969  render           | Rendering frame 28
00:20.969  render           | Start rendering: Scene, ViewLayer
00:20.969  render           | Engine: EEVEE
00:21.047  render           | Fra: 28 | Rendering 1 / 64 samples
00:21.172  render           | Fra: 28 | Rendering 25 / 64 samples
00:21.297  render           | Fra: 28 | Rendering 50 / 64 samples
00:21.375  render           | Fra: 28 | Rendering 64 / 64 samples
00:21.485  render           | Saved: 'C:\Users\d.grab\Desktop\the-game\ART\characters\act-1-enemies\forest-elite-wendigo\production\animation\reference_match_remaining\death_work\final_frames\pose_0028.png'
00:21.485  render           | Time: 00:00.51 (Saving: 00:00.06)
00:21.485  render           | Rendering frame 29
00:21.485  render           | Start rendering: Scene, ViewLayer
00:21.485  render           | Engine: EEVEE
00:21.578  render           | Fra: 29 | Rendering 1 / 64 samples
00:21.688  render           | Fra: 29 | Rendering 25 / 64 samples
00:21.813  render           | Fra: 29 | Rendering 50 / 64 samples
00:21.891  render           | Fra: 29 | Rendering 64 / 64 samples
00:21.969  render           | Saved: 'C:\Users\d.grab\Desktop\the-game\ART\characters\act-1-enemies\forest-elite-wendigo\production\animation\reference_match_remaining\death_work\final_frames\pose_0029.png'
00:21.985  render           | Time: 00:00.49 (Saving: 00:00.05)
00:21.985  render           | Rendering frame 30
00:21.985  render           | Start rendering: Scene, ViewLayer
00:21.985  render           | Engine: EEVEE
00:22.063  render           | Fra: 30 | Rendering 1 / 64 samples
00:22.172  render           | Fra: 30 | Rendering 25 / 64 samples
00:22.297  render           | Fra: 30 | Rendering 50 / 64 samples
00:22.391  render           | Fra: 30 | Rendering 64 / 64 samples
00:22.485  render           | Saved: 'C:\Users\d.grab\Desktop\the-game\ART\characters\act-1-enemies\forest-elite-wendigo\production\animation\reference_match_remaining\death_work\final_frames\pose_0030.png'
00:22.485  render           | Time: 00:00.50 (Saving: 00:00.06)
00:22.485  render           | Rendering frame 31
00:22.485  render           | Start rendering: Scene, ViewLayer
00:22.485  render           | Engine: EEVEE
00:22.563  render           | Fra: 31 | Rendering 1 / 64 samples
00:22.688  render           | Fra: 31 | Rendering 25 / 64 samples
00:22.813  render           | Fra: 31 | Rendering 50 / 64 samples
00:22.891  render           | Fra: 31 | Rendering 64 / 64 samples
00:22.969  render           | Saved: 'C:\Users\d.grab\Desktop\the-game\ART\characters\act-1-enemies\forest-elite-wendigo\production\animation\reference_match_remaining\death_work\final_frames\pose_0031.png'
00:22.969  render           | Time: 00:00.49 (Saving: 00:00.05)
00:22.969  render           | Rendering frame 32
00:22.969  render           | Start rendering: Scene, ViewLayer
00:22.969  render           | Engine: EEVEE
00:23.063  render           | Fra: 32 | Rendering 1 / 64 samples
00:23.157  render           | Fra: 32 | Rendering 25 / 64 samples
00:23.282  render           | Fra: 32 | Rendering 50 / 64 samples
00:23.360  render           | Fra: 32 | Rendering 64 / 64 samples
00:23.453  render           | Saved: 'C:\Users\d.grab\Desktop\the-game\ART\characters\act-1-enemies\forest-elite-wendigo\production\animation\reference_match_remaining\death_work\final_frames\pose_0032.png'
00:23.453  render           | Time: 00:00.47 (Saving: 00:00.06)
00:23.453  render           | Rendering frame 33
00:23.453  render           | Start rendering: Scene, ViewLayer
00:23.453  render           | Engine: EEVEE
00:23.532  render           | Fra: 33 | Rendering 1 / 64 samples
00:23.672  render           | Fra: 33 | Rendering 25 / 64 samples
00:23.813  render           | Fra: 33 | Rendering 50 / 64 samples
00:23.891  render           | Fra: 33 | Rendering 64 / 64 samples
00:23.985  render           | Saved: 'C:\Users\d.grab\Desktop\the-game\ART\characters\act-1-enemies\forest-elite-wendigo\production\animation\reference_match_remaining\death_work\final_frames\pose_0033.png'
00:23.985  render           | Time: 00:00.52 (Saving: 00:00.05)
00:23.985  render           | Rendering frame 34
00:23.985  render           | Start rendering: Scene, ViewLayer
00:23.985  render           | Engine: EEVEE
00:24.063  render           | Fra: 34 | Rendering 1 / 64 samples
00:24.188  render           | Fra: 34 | Rendering 25 / 64 samples
00:24.328  render           | Fra: 34 | Rendering 50 / 64 samples
00:24.407  render           | Fra: 34 | Rendering 64 / 64 samples
00:24.516  render           | Saved: 'C:\Users\d.grab\Desktop\the-game\ART\characters\act-1-enemies\forest-elite-wendigo\production\animation\reference_match_remaining\death_work\final_frames\pose_0034.png'
00:24.516  render           | Time: 00:00.52 (Saving: 00:00.06)
00:24.516  render           | Rendering frame 35
00:24.516  render           | Start rendering: Scene, ViewLayer
00:24.516  render           | Engine: EEVEE
00:24.594  render           | Fra: 35 | Rendering 1 / 64 samples
00:24.703  render           | Fra: 35 | Rendering 25 / 64 samples
00:24.828  render           | Fra: 35 | Rendering 50 / 64 samples
00:24.907  render           | Fra: 35 | Rendering 64 / 64 samples
00:25.000  render           | Saved: 'C:\Users\d.grab\Desktop\the-game\ART\characters\act-1-enemies\forest-elite-wendigo\production\animation\reference_match_remaining\death_work\final_frames\pose_0035.png'
00:25.000  render           | Time: 00:00.49 (Saving: 00:00.05)
00:25.000  render           | Rendering frame 36
00:25.000  render           | Start rendering: Scene, ViewLayer
00:25.000  render           | Engine: EEVEE
00:25.094  render           | Fra: 36 | Rendering 1 / 64 samples
00:25.219  render           | Fra: 36 | Rendering 25 / 64 samples
00:25.344  render           | Fra: 36 | Rendering 50 / 64 samples
00:25.438  render           | Fra: 36 | Rendering 64 / 64 samples
00:25.563  render           | Saved: 'C:\Users\d.grab\Desktop\the-game\ART\characters\act-1-enemies\forest-elite-wendigo\production\animation\reference_match_remaining\death_work\final_frames\pose_0036.png'
00:25.563  render           | Time: 00:00.55 (Saving: 00:00.07)
00:25.563  render           | Rendering frame 37
00:25.563  render           | Start rendering: Scene, ViewLayer
00:25.563  render           | Engine: EEVEE
00:25.657  render           | Fra: 37 | Rendering 1 / 64 samples
00:25.766  render           | Fra: 37 | Rendering 25 / 64 samples
00:25.907  render           | Fra: 37 | Rendering 50 / 64 samples
00:25.985  render           | Fra: 37 | Rendering 64 / 64 samples
00:26.078  render           | Saved: 'C:\Users\d.grab\Desktop\the-game\ART\characters\act-1-enemies\forest-elite-wendigo\production\animation\reference_match_remaining\death_work\final_frames\pose_0037.png'
00:26.078  render           | Time: 00:00.51 (Saving: 00:00.05)
00:26.078  render           | Rendering frame 38
00:26.078  render           | Start rendering: Scene, ViewLayer
00:26.078  render           | Engine: EEVEE
00:26.172  render           | Fra: 38 | Rendering 1 / 64 samples
00:26.282  render           | Fra: 38 | Rendering 25 / 64 samples
00:26.407  render           | Fra: 38 | Rendering 50 / 64 samples
00:26.485  render           | Fra: 38 | Rendering 64 / 64 samples
00:26.578  render           | Saved: 'C:\Users\d.grab\Desktop\the-game\ART\characters\act-1-enemies\forest-elite-wendigo\production\animation\reference_match_remaining\death_work\final_frames\pose_0038.png'
00:26.578  render           | Time: 00:00.50 (Saving: 00:00.06)
00:26.578  render           | Rendering frame 39
00:26.578  render           | Start rendering: Scene, ViewLayer
00:26.578  render           | Engine: EEVEE
00:26.672  render           | Fra: 39 | Rendering 1 / 64 samples
00:26.797  render           | Fra: 39 | Rendering 25 / 64 samples
00:26.922  render           | Fra: 39 | Rendering 50 / 64 samples
00:27.000  render           | Fra: 39 | Rendering 64 / 64 samples
00:27.094  render           | Saved: 'C:\Users\d.grab\Desktop\the-game\ART\characters\act-1-enemies\forest-elite-wendigo\production\animation\reference_match_remaining\death_work\final_frames\pose_0039.png'
00:27.094  render           | Time: 00:00.50 (Saving: 00:00.05)
00:27.094  render           | Rendering frame 40
00:27.094  render           | Start rendering: Scene, ViewLayer
00:27.094  render           | Engine: EEVEE
00:27.172  render           | Fra: 40 | Rendering 1 / 64 samples
00:27.266  render           | Fra: 40 | Rendering 25 / 64 samples
00:27.391  render           | Fra: 40 | Rendering 50 / 64 samples
00:27.485  render           | Fra: 40 | Rendering 64 / 64 samples
00:27.578  render           | Saved: 'C:\Users\d.grab\Desktop\the-game\ART\characters\act-1-enemies\forest-elite-wendigo\production\animation\reference_match_remaining\death_work\final_frames\pose_0040.png'
00:27.578  render           | Time: 00:00.49 (Saving: 00:00.06)
00:27.578  render           | Rendering frame 41
00:27.578  render           | Start rendering: Scene, ViewLayer
00:27.578  render           | Engine: EEVEE
00:27.657  render           | Fra: 41 | Rendering 1 / 64 samples
00:27.782  render           | Fra: 41 | Rendering 25 / 64 samples
00:27.907  render           | Fra: 41 | Rendering 50 / 64 samples
00:28.000  render           | Fra: 41 | Rendering 64 / 64 samples
00:28.078  render           | Saved: 'C:\Users\d.grab\Desktop\the-game\ART\characters\act-1-enemies\forest-elite-wendigo\production\animation\reference_match_remaining\death_work\final_frames\pose_0041.png'
00:28.078  render           | Time: 00:00.49 (Saving: 00:00.05)
00:28.078  render           | Rendering frame 42
00:28.078  render           | Start rendering: Scene, ViewLayer
00:28.078  render           | Engine: EEVEE
00:28.157  render           | Fra: 42 | Rendering 1 / 64 samples
00:28.266  render           | Fra: 42 | Rendering 25 / 64 samples
00:28.391  render           | Fra: 42 | Rendering 50 / 64 samples
00:28.469  render           | Fra: 42 | Rendering 64 / 64 samples
00:28.563  render           | Saved: 'C:\Users\d.grab\Desktop\the-game\ART\characters\act-1-enemies\forest-elite-wendigo\production\animation\reference_match_remaining\death_work\final_frames\pose_0042.png'
00:28.563  render           | Time: 00:00.47 (Saving: 00:00.05)
00:28.563  render           | Rendering frame 43
00:28.563  render           | Start rendering: Scene, ViewLayer
00:28.563  render           | Engine: EEVEE
00:28.641  render           | Fra: 43 | Rendering 1 / 64 samples
00:28.750  render           | Fra: 43 | Rendering 25 / 64 samples
00:28.891  render           | Fra: 43 | Rendering 50 / 64 samples
00:28.969  render           | Fra: 43 | Rendering 64 / 64 samples
00:29.063  render           | Saved: 'C:\Users\d.grab\Desktop\the-game\ART\characters\act-1-enemies\forest-elite-wendigo\production\animation\reference_match_remaining\death_work\final_frames\pose_0043.png'
00:29.063  render           | Time: 00:00.50 (Saving: 00:00.05)
00:29.063  render           | Rendering frame 44
00:29.063  render           | Start rendering: Scene, ViewLayer
00:29.063  render           | Engine: EEVEE
00:29.141  render           | Fra: 44 | Rendering 1 / 64 samples
00:29.250  render           | Fra: 44 | Rendering 25 / 64 samples
00:29.375  render           | Fra: 44 | Rendering 50 / 64 samples
00:29.469  render           | Fra: 44 | Rendering 64 / 64 samples
00:29.547  render           | Saved: 'C:\Users\d.grab\Desktop\the-game\ART\characters\act-1-enemies\forest-elite-wendigo\production\animation\reference_match_remaining\death_work\final_frames\pose_0044.png'
00:29.547  render           | Time: 00:00.48 (Saving: 00:00.05)
00:29.547  render           | Rendering frame 45
00:29.547  render           | Start rendering: Scene, ViewLayer
00:29.547  render           | Engine: EEVEE
00:29.625  render           | Fra: 45 | Rendering 1 / 64 samples
00:29.735  render           | Fra: 45 | Rendering 25 / 64 samples
00:29.860  render           | Fra: 45 | Rendering 50 / 64 samples
00:29.922  render           | Fra: 45 | Rendering 64 / 64 samples
00:30.016  render           | Saved: 'C:\Users\d.grab\Desktop\the-game\ART\characters\act-1-enemies\forest-elite-wendigo\production\animation\reference_match_remaining\death_work\final_frames\pose_0045.png'
00:30.016  render           | Time: 00:00.46 (Saving: 00:00.05)
00:30.016  render           | Rendering frame 46
00:30.016  render           | Start rendering: Scene, ViewLayer
00:30.016  render           | Engine: EEVEE
00:30.110  render           | Fra: 46 | Rendering 1 / 64 samples
00:30.219  render           | Fra: 46 | Rendering 25 / 64 samples
00:30.328  render           | Fra: 46 | Rendering 50 / 64 samples
00:30.422  render           | Fra: 46 | Rendering 64 / 64 samples
00:30.500  render           | Saved: 'C:\Users\d.grab\Desktop\the-game\ART\characters\act-1-enemies\forest-elite-wendigo\production\animation\reference_match_remaining\death_work\final_frames\pose_0046.png'
00:30.500  render           | Time: 00:00.49 (Saving: 00:00.05)
00:30.500  render           | Rendering frame 47
00:30.500  render           | Start rendering: Scene, ViewLayer
00:30.500  render           | Engine: EEVEE
00:30.594  render           | Fra: 47 | Rendering 1 / 64 samples
00:30.703  render           | Fra: 47 | Rendering 25 / 64 samples
00:30.813  render           | Fra: 47 | Rendering 50 / 64 samples
00:30.907  render           | Fra: 47 | Rendering 64 / 64 samples
00:30.985  render           | Saved: 'C:\Users\d.grab\Desktop\the-game\ART\characters\act-1-enemies\forest-elite-wendigo\production\animation\reference_match_remaining\death_work\final_frames\pose_0047.png'
00:30.985  render           | Time: 00:00.47 (Saving: 00:00.05)
00:30.985  render           | Rendering frame 48
00:30.985  render           | Start rendering: Scene, ViewLayer
00:30.985  render           | Engine: EEVEE
00:31.078  render           | Fra: 48 | Rendering 1 / 64 samples
00:31.203  render           | Fra: 48 | Rendering 25 / 64 samples
00:31.313  render           | Fra: 48 | Rendering 50 / 64 samples
00:31.391  render           | Fra: 48 | Rendering 64 / 64 samples
00:31.469  render           | Saved: 'C:\Users\d.grab\Desktop\the-game\ART\characters\act-1-enemies\forest-elite-wendigo\production\animation\reference_match_remaining\death_work\final_frames\pose_0048.png'
00:31.469  render           | Time: 00:00.48 (Saving: 00:00.05)
00:31.469  render           | Rendering frame 49
00:31.469  render           | Start rendering: Scene, ViewLayer
00:31.469  render           | Engine: EEVEE
00:31.563  render           | Fra: 49 | Rendering 1 / 64 samples
00:31.688  render           | Fra: 49 | Rendering 25 / 64 samples
00:31.797  render           | Fra: 49 | Rendering 50 / 64 samples
00:31.891  render           | Fra: 49 | Rendering 64 / 64 samples
00:31.969  render           | Saved: 'C:\Users\d.grab\Desktop\the-game\ART\characters\act-1-enemies\forest-elite-wendigo\production\animation\reference_match_remaining\death_work\final_frames\pose_0049.png'
00:31.969  render           | Time: 00:00.49 (Saving: 00:00.05)
00:31.969  render           | Rendering frame 50
00:31.969  render           | Start rendering: Scene, ViewLayer
00:31.969  render           | Engine: EEVEE
00:32.063  render           | Fra: 50 | Rendering 1 / 64 samples
00:32.188  render           | Fra: 50 | Rendering 25 / 64 samples
00:32.297  render           | Fra: 50 | Rendering 50 / 64 samples
00:32.375  render           | Fra: 50 | Rendering 64 / 64 samples
00:32.453  render           | Saved: 'C:\Users\d.grab\Desktop\the-game\ART\characters\act-1-enemies\forest-elite-wendigo\production\animation\reference_match_remaining\death_work\final_frames\pose_0050.png'
00:32.453  render           | Time: 00:00.48 (Saving: 00:00.05)
00:32.453  render           | Rendering frame 51
00:32.453  render           | Start rendering: Scene, ViewLayer
00:32.453  render           | Engine: EEVEE
00:32.547  render           | Fra: 51 | Rendering 1 / 64 samples
00:32.688  render           | Fra: 51 | Rendering 25 / 64 samples
00:32.782  render           | Fra: 51 | Rendering 50 / 64 samples
00:32.860  render           | Fra: 51 | Rendering 64 / 64 samples
00:32.953  render           | Saved: 'C:\Users\d.grab\Desktop\the-game\ART\characters\act-1-enemies\forest-elite-wendigo\production\animation\reference_match_remaining\death_work\final_frames\pose_0051.png'
00:32.953  render           | Time: 00:00.50 (Saving: 00:00.06)
00:32.953  render           | Rendering frame 52
00:32.953  render           | Start rendering: Scene, ViewLayer
00:32.953  render           | Engine: EEVEE
00:33.047  render           | Fra: 52 | Rendering 1 / 64 samples
00:33.203  render           | Fra: 52 | Rendering 25 / 64 samples
00:33.297  render           | Fra: 52 | Rendering 50 / 64 samples
00:33.360  render           | Fra: 52 | Rendering 64 / 64 samples
00:33.453  render           | Saved: 'C:\Users\d.grab\Desktop\the-game\ART\characters\act-1-enemies\forest-elite-wendigo\production\animation\reference_match_remaining\death_work\final_frames\pose_0052.png'
00:33.453  render           | Time: 00:00.48 (Saving: 00:00.06)
00:33.453  render           | Rendering frame 53
00:33.453  render           | Start rendering: Scene, ViewLayer
00:33.453  render           | Engine: EEVEE
00:33.532  render           | Fra: 53 | Rendering 1 / 64 samples
00:33.672  render           | Fra: 53 | Rendering 25 / 64 samples
00:33.782  render           | Fra: 53 | Rendering 50 / 64 samples
00:33.844  render           | Fra: 53 | Rendering 64 / 64 samples
00:33.922  render           | Saved: 'C:\Users\d.grab\Desktop\the-game\ART\characters\act-1-enemies\forest-elite-wendigo\production\animation\reference_match_remaining\death_work\final_frames\pose_0053.png'
00:33.922  render           | Time: 00:00.47 (Saving: 00:00.05)
00:33.922  render           | Rendering frame 54
00:33.922  render           | Start rendering: Scene, ViewLayer
00:33.922  render           | Engine: EEVEE
00:34.016  render           | Fra: 54 | Rendering 1 / 64 samples
00:34.172  render           | Fra: 54 | Rendering 25 / 64 samples
00:34.282  render           | Fra: 54 | Rendering 50 / 64 samples
00:34.344  render           | Fra: 54 | Rendering 64 / 64 samples
00:34.438  render           | Saved: 'C:\Users\d.grab\Desktop\the-game\ART\characters\act-1-enemies\forest-elite-wendigo\production\animation\reference_match_remaining\death_work\final_frames\pose_0054.png'
00:34.438  render           | Time: 00:00.50 (Saving: 00:00.05)
00:34.438  render           | Rendering frame 55
00:34.438  render           | Start rendering: Scene, ViewLayer
00:34.438  render           | Engine: EEVEE
00:34.516  render           | Fra: 55 | Rendering 1 / 64 samples
00:34.672  render           | Fra: 55 | Rendering 25 / 64 samples
00:34.782  render           | Fra: 55 | Rendering 50 / 64 samples
00:34.828  render           | Fra: 55 | Rendering 64 / 64 samples
00:34.922  render           | Saved: 'C:\Users\d.grab\Desktop\the-game\ART\characters\act-1-enemies\forest-elite-wendigo\production\animation\reference_match_remaining\death_work\final_frames\pose_0055.png'
00:34.922  render           | Time: 00:00.48 (Saving: 00:00.05)
00:34.922  render           | Rendering frame 56
00:34.922  render           | Start rendering: Scene, ViewLayer
00:34.922  render           | Engine: EEVEE
00:35.016  render           | Fra: 56 | Rendering 1 / 64 samples
00:35.172  render           | Fra: 56 | Rendering 25 / 64 samples
00:35.282  render           | Fra: 56 | Rendering 50 / 64 samples
00:35.344  render           | Fra: 56 | Rendering 64 / 64 samples
00:35.438  render           | Saved: 'C:\Users\d.grab\Desktop\the-game\ART\characters\act-1-enemies\forest-elite-wendigo\production\animation\reference_match_remaining\death_work\final_frames\pose_0056.png'
00:35.438  render           | Time: 00:00.51 (Saving: 00:00.05)
00:35.438  render           | Rendering frame 57
00:35.438  render           | Start rendering: Scene, ViewLayer
00:35.438  render           | Engine: EEVEE
00:35.532  render           | Fra: 57 | Rendering 1 / 64 samples
00:35.688  render           | Fra: 57 | Rendering 25 / 64 samples
00:35.797  render           | Fra: 57 | Rendering 50 / 64 samples
00:35.875  render           | Fra: 57 | Rendering 64 / 64 samples
00:35.985  render           | Saved: 'C:\Users\d.grab\Desktop\the-game\ART\characters\act-1-enemies\forest-elite-wendigo\production\animation\reference_match_remaining\death_work\final_frames\pose_0057.png'
00:35.985  render           | Time: 00:00.54 (Saving: 00:00.05)
00:35.985  render           | Rendering frame 58
00:35.985  render           | Start rendering: Scene, ViewLayer
00:35.985  render           | Engine: EEVEE
00:36.063  render           | Fra: 58 | Rendering 1 / 64 samples
00:36.219  render           | Fra: 58 | Rendering 25 / 64 samples
00:36.328  render           | Fra: 58 | Rendering 50 / 64 samples
00:36.407  render           | Fra: 58 | Rendering 64 / 64 samples
00:36.532  render           | Saved: 'C:\Users\d.grab\Desktop\the-game\ART\characters\act-1-enemies\forest-elite-wendigo\production\animation\reference_match_remaining\death_work\final_frames\pose_0058.png'
00:36.532  render           | Time: 00:00.54 (Saving: 00:00.06)
00:36.532  render           | Rendering frame 59
00:36.532  render           | Start rendering: Scene, ViewLayer
00:36.532  render           | Engine: EEVEE
00:36.625  render           | Fra: 59 | Rendering 1 / 64 samples
00:36.782  render           | Fra: 59 | Rendering 25 / 64 samples
00:36.891  render           | Fra: 59 | Rendering 50 / 64 samples
00:36.953  render           | Fra: 59 | Rendering 64 / 64 samples
00:37.047  render           | Saved: 'C:\Users\d.grab\Desktop\the-game\ART\characters\act-1-enemies\forest-elite-wendigo\production\animation\reference_match_remaining\death_work\final_frames\pose_0059.png'
00:37.047  render           | Time: 00:00.51 (Saving: 00:00.05)
00:37.047  render           | Rendering frame 60
00:37.047  render           | Start rendering: Scene, ViewLayer
00:37.047  render           | Engine: EEVEE
00:37.125  render           | Fra: 60 | Rendering 1 / 64 samples
00:37.282  render           | Fra: 60 | Rendering 25 / 64 samples
00:37.375  render           | Fra: 60 | Rendering 50 / 64 samples
00:37.438  render           | Fra: 60 | Rendering 64 / 64 samples
00:37.563  render           | Saved: 'C:\Users\d.grab\Desktop\the-game\ART\characters\act-1-enemies\forest-elite-wendigo\production\animation\reference_match_remaining\death_work\final_frames\pose_0060.png'
00:37.563  render           | Time: 00:00.51 (Saving: 00:00.07)
00:37.563  render           | Rendering frame 61
00:37.563  render           | Start rendering: Scene, ViewLayer
00:37.563  render           | Engine: EEVEE
00:37.641  render           | Fra: 61 | Rendering 1 / 64 samples
00:37.797  render           | Fra: 61 | Rendering 25 / 64 samples
00:37.922  render           | Fra: 61 | Rendering 50 / 64 samples
00:37.969  render           | Fra: 61 | Rendering 64 / 64 samples
00:38.063  render           | Saved: 'C:\Users\d.grab\Desktop\the-game\ART\characters\act-1-enemies\forest-elite-wendigo\production\animation\reference_match_remaining\death_work\final_frames\pose_0061.png'
00:38.063  render           | Time: 00:00.50 (Saving: 00:00.05)
00:38.063  render           | Rendering frame 62
00:38.063  render           | Start rendering: Scene, ViewLayer
00:38.063  render           | Engine: EEVEE
00:38.141  render           | Fra: 62 | Rendering 1 / 64 samples
00:38.282  render           | Fra: 62 | Rendering 25 / 64 samples
00:38.391  render           | Fra: 62 | Rendering 50 / 64 samples
00:38.438  render           | Fra: 62 | Rendering 64 / 64 samples
00:38.532  render           | Saved: 'C:\Users\d.grab\Desktop\the-game\ART\characters\act-1-enemies\forest-elite-wendigo\production\animation\reference_match_remaining\death_work\final_frames\pose_0062.png'
00:38.532  render           | Time: 00:00.47 (Saving: 00:00.05)
00:38.532  render           | Rendering frame 63
00:38.532  render           | Start rendering: Scene, ViewLayer
00:38.532  render           | Engine: EEVEE
00:38.625  render           | Fra: 63 | Rendering 1 / 64 samples
00:38.766  render           | Fra: 63 | Rendering 25 / 64 samples
00:38.875  render           | Fra: 63 | Rendering 50 / 64 samples
00:38.938  render           | Fra: 63 | Rendering 64 / 64 samples
00:39.032  render           | Saved: 'C:\Users\d.grab\Desktop\the-game\ART\characters\act-1-enemies\forest-elite-wendigo\production\animation\reference_match_remaining\death_work\final_frames\pose_0063.png'
00:39.032  render           | Time: 00:00.49 (Saving: 00:00.05)
00:39.032  render           | Rendering frame 64
00:39.032  render           | Start rendering: Scene, ViewLayer
00:39.032  render           | Engine: EEVEE
00:39.110  render           | Fra: 64 | Rendering 1 / 64 samples
00:39.266  render           | Fra: 64 | Rendering 25 / 64 samples
00:39.391  render           | Fra: 64 | Rendering 50 / 64 samples
00:39.438  render           | Fra: 64 | Rendering 64 / 64 samples
00:39.532  render           | Saved: 'C:\Users\d.grab\Desktop\the-game\ART\characters\act-1-enemies\forest-elite-wendigo\production\animation\reference_match_remaining\death_work\final_frames\pose_0064.png'
00:39.532  render           | Time: 00:00.49 (Saving: 00:00.05)
00:39.532  render           | Rendering frame 65
00:39.532  render           | Start rendering: Scene, ViewLayer
00:39.532  render           | Engine: EEVEE
00:39.610  render           | Fra: 65 | Rendering 1 / 64 samples
00:39.766  render           | Fra: 65 | Rendering 25 / 64 samples
00:39.860  render           | Fra: 65 | Rendering 50 / 64 samples
00:39.922  render           | Fra: 65 | Rendering 64 / 64 samples
00:40.016  render           | Saved: 'C:\Users\d.grab\Desktop\the-game\ART\characters\act-1-enemies\forest-elite-wendigo\production\animation\reference_match_remaining\death_work\final_frames\pose_0065.png'
00:40.016  render           | Time: 00:00.48 (Saving: 00:00.05)
00:40.016  render           | Rendering frame 66
00:40.016  render           | Start rendering: Scene, ViewLayer
00:40.016  render           | Engine: EEVEE
00:40.094  render           | Fra: 66 | Rendering 1 / 64 samples
00:40.250  render           | Fra: 66 | Rendering 25 / 64 samples
00:40.344  render           | Fra: 66 | Rendering 50 / 64 samples
00:40.407  render           | Fra: 66 | Rendering 64 / 64 samples
00:40.516  render           | Saved: 'C:\Users\d.grab\Desktop\the-game\ART\characters\act-1-enemies\forest-elite-wendigo\production\animation\reference_match_remaining\death_work\final_frames\pose_0066.png'
00:40.516  render           | Time: 00:00.50 (Saving: 00:00.06)
00:40.516  render           | Rendering frame 67
00:40.516  render           | Start rendering: Scene, ViewLayer
00:40.516  render           | Engine: EEVEE
00:40.610  render           | Fra: 67 | Rendering 1 / 64 samples
00:40.750  render           | Fra: 67 | Rendering 25 / 64 samples
00:40.844  render           | Fra: 67 | Rendering 50 / 64 samples
00:40.907  render           | Fra: 67 | Rendering 64 / 64 samples
00:40.985  render           | Saved: 'C:\Users\d.grab\Desktop\the-game\ART\characters\act-1-enemies\forest-elite-wendigo\production\animation\reference_match_remaining\death_work\final_frames\pose_0067.png'
00:40.985  render           | Time: 00:00.47 (Saving: 00:00.05)
00:40.985  render           | Rendering frame 68
00:40.985  render           | Start rendering: Scene, ViewLayer
00:40.985  render           | Engine: EEVEE
00:41.078  render           | Fra: 68 | Rendering 1 / 64 samples
00:41.235  render           | Fra: 68 | Rendering 25 / 64 samples
00:41.328  render           | Fra: 68 | Rendering 50 / 64 samples
00:41.407  render           | Fra: 68 | Rendering 64 / 64 samples
00:41.500  render           | Saved: 'C:\Users\d.grab\Desktop\the-game\ART\characters\act-1-enemies\forest-elite-wendigo\production\animation\reference_match_remaining\death_work\final_frames\pose_0068.png'
00:41.500  render           | Time: 00:00.50 (Saving: 00:00.06)
00:41.500  render           | Rendering frame 69
00:41.500  render           | Start rendering: Scene, ViewLayer
00:41.500  render           | Engine: EEVEE
00:41.594  render           | Fra: 69 | Rendering 1 / 64 samples
00:41.735  render           | Fra: 69 | Rendering 25 / 64 samples
00:41.828  render           | Fra: 69 | Rendering 50 / 64 samples
00:41.907  render           | Fra: 69 | Rendering 64 / 64 samples
00:42.000  render           | Saved: 'C:\Users\d.grab\Desktop\the-game\ART\characters\act-1-enemies\forest-elite-wendigo\production\animation\reference_match_remaining\death_work\final_frames\pose_0069.png'
00:42.000  render           | Time: 00:00.50 (Saving: 00:00.06)
00:42.000  render           | Rendering frame 70
00:42.000  render           | Start rendering: Scene, ViewLayer
00:42.000  render           | Engine: EEVEE
00:42.078  render           | Fra: 70 | Rendering 1 / 64 samples
00:42.219  render           | Fra: 70 | Rendering 25 / 64 samples
00:42.328  render           | Fra: 70 | Rendering 50 / 64 samples
00:42.407  render           | Fra: 70 | Rendering 64 / 64 samples
00:42.485  render           | Saved: 'C:\Users\d.grab\Desktop\the-game\ART\characters\act-1-enemies\forest-elite-wendigo\production\animation\reference_match_remaining\death_work\final_frames\pose_0070.png'
00:42.485  render           | Time: 00:00.49 (Saving: 00:00.05)
00:42.485  render           | Rendering frame 71
00:42.485  render           | Start rendering: Scene, ViewLayer
00:42.485  render           | Engine: EEVEE
00:42.578  render           | Fra: 71 | Rendering 1 / 64 samples
00:42.719  render           | Fra: 71 | Rendering 25 / 64 samples
00:42.828  render           | Fra: 71 | Rendering 50 / 64 samples
00:42.907  render           | Fra: 71 | Rendering 64 / 64 samples
00:42.985  render           | Saved: 'C:\Users\d.grab\Desktop\the-game\ART\characters\act-1-enemies\forest-elite-wendigo\production\animation\reference_match_remaining\death_work\final_frames\pose_0071.png'
00:42.985  render           | Time: 00:00.49 (Saving: 00:00.05)
00:42.985  render           | Rendering frame 72
00:42.985  render           | Start rendering: Scene, ViewLayer
00:42.985  render           | Engine: EEVEE
00:43.063  render           | Fra: 72 | Rendering 1 / 64 samples
00:43.203  render           | Fra: 72 | Rendering 25 / 64 samples
00:43.297  render           | Fra: 72 | Rendering 50 / 64 samples
00:43.360  render           | Fra: 72 | Rendering 64 / 64 samples
00:43.469  render           | Saved: 'C:\Users\d.grab\Desktop\the-game\ART\characters\act-1-enemies\forest-elite-wendigo\production\animation\reference_match_remaining\death_work\final_frames\pose_0072.png'
00:43.469  render           | Time: 00:00.47 (Saving: 00:00.06)
00:43.469  render           | Rendering frame 73
00:43.469  render           | Start rendering: Scene, ViewLayer
00:43.469  render           | Engine: EEVEE
00:43.547  render           | Fra: 73 | Rendering 1 / 64 samples
00:43.688  render           | Fra: 73 | Rendering 25 / 64 samples
00:43.797  render           | Fra: 73 | Rendering 50 / 64 samples
00:43.860  render           | Fra: 73 | Rendering 64 / 64 samples
00:43.953  render           | Saved: 'C:\Users\d.grab\Desktop\the-game\ART\characters\act-1-enemies\forest-elite-wendigo\production\animation\reference_match_remaining\death_work\final_frames\pose_0073.png'
00:43.953  render           | Time: 00:00.48 (Saving: 00:00.05)
00:43.953  render           | Rendering frame 74
00:43.953  render           | Start rendering: Scene, ViewLayer
00:43.953  render           | Engine: EEVEE
00:44.032  render           | Fra: 74 | Rendering 1 / 64 samples
00:44.188  render           | Fra: 74 | Rendering 25 / 64 samples
00:44.297  render           | Fra: 74 | Rendering 50 / 64 samples
00:44.360  render           | Fra: 74 | Rendering 64 / 64 samples
00:44.453  render           | Saved: 'C:\Users\d.grab\Desktop\the-game\ART\characters\act-1-enemies\forest-elite-wendigo\production\animation\reference_match_remaining\death_work\final_frames\pose_0074.png'
00:44.453  render           | Time: 00:00.49 (Saving: 00:00.05)
00:44.453  render           | Rendering frame 75
00:44.453  render           | Start rendering: Scene, ViewLayer
00:44.453  render           | Engine: EEVEE
00:44.532  render           | Fra: 75 | Rendering 1 / 64 samples
00:44.688  render           | Fra: 75 | Rendering 25 / 64 samples
00:44.782  render           | Fra: 75 | Rendering 50 / 64 samples
00:44.844  render           | Fra: 75 | Rendering 64 / 64 samples
00:44.938  render           | Saved: 'C:\Users\d.grab\Desktop\the-game\ART\characters\act-1-enemies\forest-elite-wendigo\production\animation\reference_match_remaining\death_work\final_frames\pose_0075.png'
00:44.938  render           | Time: 00:00.48 (Saving: 00:00.05)
00:44.938  render           | Rendering frame 76
00:44.938  render           | Start rendering: Scene, ViewLayer
00:44.938  render           | Engine: EEVEE
00:45.016  render           | Fra: 76 | Rendering 1 / 64 samples
00:45.172  render           | Fra: 76 | Rendering 25 / 64 samples
00:45.297  render           | Fra: 76 | Rendering 50 / 64 samples
00:45.360  render           | Fra: 76 | Rendering 64 / 64 samples
00:45.453  render           | Saved: 'C:\Users\d.grab\Desktop\the-game\ART\characters\act-1-enemies\forest-elite-wendigo\production\animation\reference_match_remaining\death_work\final_frames\pose_0076.png'
00:45.453  render           | Time: 00:00.52 (Saving: 00:00.06)
00:45.453  render           | Rendering frame 77
00:45.453  render           | Start rendering: Scene, ViewLayer
00:45.453  render           | Engine: EEVEE
00:45.547  render           | Fra: 77 | Rendering 1 / 64 samples
00:45.703  render           | Fra: 77 | Rendering 25 / 64 samples
00:45.797  render           | Fra: 77 | Rendering 50 / 64 samples
00:45.860  render           | Fra: 77 | Rendering 64 / 64 samples
00:45.938  render           | Saved: 'C:\Users\d.grab\Desktop\the-game\ART\characters\act-1-enemies\forest-elite-wendigo\production\animation\reference_match_remaining\death_work\final_frames\pose_0077.png'
00:45.938  render           | Time: 00:00.48 (Saving: 00:00.05)
00:45.938  render           | Rendering frame 78
00:45.938  render           | Start rendering: Scene, ViewLayer
00:45.938  render           | Engine: EEVEE
00:46.016  render           | Fra: 78 | Rendering 1 / 64 samples
00:46.172  render           | Fra: 78 | Rendering 25 / 64 samples
00:46.297  render           | Fra: 78 | Rendering 50 / 64 samples
00:46.360  render           | Fra: 78 | Rendering 64 / 64 samples
00:46.485  render           | Saved: 'C:\Users\d.grab\Desktop\the-game\ART\characters\act-1-enemies\forest-elite-wendigo\production\animation\reference_match_remaining\death_work\final_frames\pose_0078.png'
00:46.485  render           | Time: 00:00.54 (Saving: 00:00.07)
00:46.485  render           | Rendering frame 79
00:46.485  render           | Start rendering: Scene, ViewLayer
00:46.485  render           | Engine: EEVEE
00:46.578  render           | Fra: 79 | Rendering 1 / 64 samples
00:46.750  render           | Fra: 79 | Rendering 25 / 64 samples
00:46.860  render           | Fra: 79 | Rendering 50 / 64 samples
00:46.907  render           | Fra: 79 | Rendering 64 / 64 samples
00:47.000  render           | Saved: 'C:\Users\d.grab\Desktop\the-game\ART\characters\act-1-enemies\forest-elite-wendigo\production\animation\reference_match_remaining\death_work\final_frames\pose_0079.png'
00:47.000  render           | Time: 00:00.51 (Saving: 00:00.05)
00:47.000  render           | Rendering frame 80
00:47.000  render           | Start rendering: Scene, ViewLayer
00:47.000  render           | Engine: EEVEE
00:47.078  render           | Fra: 80 | Rendering 1 / 64 samples
00:47.235  render           | Fra: 80 | Rendering 25 / 64 samples
00:47.344  render           | Fra: 80 | Rendering 50 / 64 samples
00:47.407  render           | Fra: 80 | Rendering 64 / 64 samples
00:47.500  render           | Saved: 'C:\Users\d.grab\Desktop\the-game\ART\characters\act-1-enemies\forest-elite-wendigo\production\animation\reference_match_remaining\death_work\final_frames\pose_0080.png'
00:47.500  render           | Time: 00:00.50 (Saving: 00:00.06)
00:47.500  render           | Rendering frame 81
00:47.500  render           | Start rendering: Scene, ViewLayer
00:47.500  render           | Engine: EEVEE
00:47.594  render           | Fra: 81 | Rendering 1 / 64 samples
00:47.766  render           | Fra: 81 | Rendering 25 / 64 samples
00:47.875  render           | Fra: 81 | Rendering 50 / 64 samples
00:47.938  render           | Fra: 81 | Rendering 64 / 64 samples
00:48.047  render           | Saved: 'C:\Users\d.grab\Desktop\the-game\ART\characters\act-1-enemies\forest-elite-wendigo\production\animation\reference_match_remaining\death_work\final_frames\pose_0081.png'
00:48.047  render           | Time: 00:00.54 (Saving: 00:00.06)
00:48.047  render           | Rendering frame 82
00:48.047  render           | Start rendering: Scene, ViewLayer
00:48.047  render           | Engine: EEVEE
00:48.125  render           | Fra: 82 | Rendering 1 / 64 samples
00:48.266  render           | Fra: 82 | Rendering 25 / 64 samples
00:48.375  render           | Fra: 82 | Rendering 50 / 64 samples
00:48.438  render           | Fra: 82 | Rendering 64 / 64 samples
00:48.516  render           | Saved: 'C:\Users\d.grab\Desktop\the-game\ART\characters\act-1-enemies\forest-elite-wendigo\production\animation\reference_match_remaining\death_work\final_frames\pose_0082.png'
00:48.516  render           | Time: 00:00.47 (Saving: 00:00.05)
00:48.516  render           | Rendering frame 83
00:48.516  render           | Start rendering: Scene, ViewLayer
00:48.516  render           | Engine: EEVEE
00:48.610  render           | Fra: 83 | Rendering 1 / 64 samples
00:48.782  render           | Fra: 83 | Rendering 25 / 64 samples
00:48.891  render           | Fra: 83 | Rendering 50 / 64 samples
00:48.938  render           | Fra: 83 | Rendering 64 / 64 samples
00:49.047  render           | Saved: 'C:\Users\d.grab\Desktop\the-game\ART\characters\act-1-enemies\forest-elite-wendigo\production\animation\reference_match_remaining\death_work\final_frames\pose_0083.png'
00:49.047  render           | Time: 00:00.51 (Saving: 00:00.06)
00:49.047  render           | Rendering frame 84
00:49.047  render           | Start rendering: Scene, ViewLayer
00:49.047  render           | Engine: EEVEE
00:49.141  render           | Fra: 84 | Rendering 1 / 64 samples
00:49.297  render           | Fra: 84 | Rendering 25 / 64 samples
00:49.391  render           | Fra: 84 | Rendering 50 / 64 samples
00:49.453  render           | Fra: 84 | Rendering 64 / 64 samples
00:49.547  render           | Saved: 'C:\Users\d.grab\Desktop\the-game\ART\characters\act-1-enemies\forest-elite-wendigo\production\animation\reference_match_remaining\death_work\final_frames\pose_0084.png'
00:49.547  render           | Time: 00:00.50 (Saving: 00:00.05)
00:49.547  render           | Rendering frame 85
00:49.547  render           | Start rendering: Scene, ViewLayer
00:49.547  render           | Engine: EEVEE
00:49.625  render           | Fra: 85 | Rendering 1 / 64 samples
00:49.782  render           | Fra: 85 | Rendering 25 / 64 samples
00:49.875  render           | Fra: 85 | Rendering 50 / 64 samples
00:49.938  render           | Fra: 85 | Rendering 64 / 64 samples
00:50.016  render           | Saved: 'C:\Users\d.grab\Desktop\the-game\ART\characters\act-1-enemies\forest-elite-wendigo\production\animation\reference_match_remaining\death_work\final_frames\pose_0085.png'
00:50.016  render           | Time: 00:00.47 (Saving: 00:00.05)
00:50.016  render           | Rendering frame 86
00:50.016  render           | Start rendering: Scene, ViewLayer
00:50.016  render           | Engine: EEVEE
00:50.110  render           | Fra: 86 | Rendering 1 / 64 samples
00:50.266  render           | Fra: 86 | Rendering 25 / 64 samples
00:50.375  render           | Fra: 86 | Rendering 50 / 64 samples
00:50.438  render           | Fra: 86 | Rendering 64 / 64 samples
00:50.547  render           | Saved: 'C:\Users\d.grab\Desktop\the-game\ART\characters\act-1-enemies\forest-elite-wendigo\production\animation\reference_match_remaining\death_work\final_frames\pose_0086.png'
00:50.547  render           | Time: 00:00.52 (Saving: 00:00.05)
00:50.547  render           | Rendering frame 87
00:50.547  render           | Start rendering: Scene, ViewLayer
00:50.547  render           | Engine: EEVEE
00:50.625  render           | Fra: 87 | Rendering 1 / 64 samples
00:50.782  render           | Fra: 87 | Rendering 25 / 64 samples
00:50.891  render           | Fra: 87 | Rendering 50 / 64 samples
00:50.938  render           | Fra: 87 | Rendering 64 / 64 samples
00:51.032  render           | Saved: 'C:\Users\d.grab\Desktop\the-game\ART\characters\act-1-enemies\forest-elite-wendigo\production\animation\reference_match_remaining\death_work\final_frames\pose_0087.png'
00:51.032  render           | Time: 00:00.49 (Saving: 00:00.05)
00:51.032  render           | Rendering frame 88
00:51.032  render           | Start rendering: Scene, ViewLayer
00:51.032  render           | Engine: EEVEE
00:51.110  render           | Fra: 88 | Rendering 1 / 64 samples
00:51.266  render           | Fra: 88 | Rendering 25 / 64 samples
00:51.375  render           | Fra: 88 | Rendering 50 / 64 samples
00:51.453  render           | Fra: 88 | Rendering 64 / 64 samples
00:51.578  render           | Saved: 'C:\Users\d.grab\Desktop\the-game\ART\characters\act-1-enemies\forest-elite-wendigo\production\animation\reference_match_remaining\death_work\final_frames\pose_0088.png'
00:51.578  render           | Time: 00:00.53 (Saving: 00:00.07)
00:51.578  render           | Rendering frame 89
00:51.578  render           | Start rendering: Scene, ViewLayer
00:51.578  render           | Engine: EEVEE
00:51.657  render           | Fra: 89 | Rendering 1 / 64 samples
00:51.813  render           | Fra: 89 | Rendering 25 / 64 samples
00:51.922  render           | Fra: 89 | Rendering 50 / 64 samples
00:51.969  render           | Fra: 89 | Rendering 64 / 64 samples
00:52.063  render           | Saved: 'C:\Users\d.grab\Desktop\the-game\ART\characters\act-1-enemies\forest-elite-wendigo\production\animation\reference_match_remaining\death_work\final_frames\pose_0089.png'
00:52.063  render           | Time: 00:00.48 (Saving: 00:00.05)
00:52.063  render           | Rendering frame 90
00:52.063  render           | Start rendering: Scene, ViewLayer
00:52.063  render           | Engine: EEVEE
00:52.141  render           | Fra: 90 | Rendering 1 / 64 samples
00:52.297  render           | Fra: 90 | Rendering 25 / 64 samples
00:52.407  render           | Fra: 90 | Rendering 50 / 64 samples
00:52.469  render           | Fra: 90 | Rendering 64 / 64 samples
00:52.563  render           | Saved: 'C:\Users\d.grab\Desktop\the-game\ART\characters\act-1-enemies\forest-elite-wendigo\production\animation\reference_match_remaining\death_work\final_frames\pose_0090.png'
00:52.563  render           | Time: 00:00.50 (Saving: 00:00.06)
00:52.563  render           | Rendering frame 91
00:52.563  render           | Start rendering: Scene, ViewLayer
00:52.563  render           | Engine: EEVEE
00:52.672  render           | Fra: 91 | Rendering 1 / 64 samples
00:52.828  render           | Fra: 91 | Rendering 25 / 64 samples
00:52.938  render           | Fra: 91 | Rendering 50 / 64 samples
00:53.016  render           | Fra: 91 | Rendering 64 / 64 samples
00:53.094  render           | Saved: 'C:\Users\d.grab\Desktop\the-game\ART\characters\act-1-enemies\forest-elite-wendigo\production\animation\reference_match_remaining\death_work\final_frames\pose_0091.png'
00:53.094  render           | Time: 00:00.53 (Saving: 00:00.05)
00:53.094  render           | Rendering frame 92
00:53.094  render           | Start rendering: Scene, ViewLayer
00:53.094  render           | Engine: EEVEE
00:53.172  render           | Fra: 92 | Rendering 1 / 64 samples
00:53.328  render           | Fra: 92 | Rendering 25 / 64 samples
00:53.438  render           | Fra: 92 | Rendering 50 / 64 samples
00:53.500  render           | Fra: 92 | Rendering 64 / 64 samples
00:53.578  render           | Saved: 'C:\Users\d.grab\Desktop\the-game\ART\characters\act-1-enemies\forest-elite-wendigo\production\animation\reference_match_remaining\death_work\final_frames\pose_0092.png'
00:53.578  render           | Time: 00:00.48 (Saving: 00:00.06)
00:53.578  render           | Rendering frame 93
00:53.578  render           | Start rendering: Scene, ViewLayer
00:53.578  render           | Engine: EEVEE
00:53.672  render           | Fra: 93 | Rendering 1 / 64 samples
00:53.828  render           | Fra: 93 | Rendering 25 / 64 samples
00:53.938  render           | Fra: 93 | Rendering 50 / 64 samples
00:54.000  render           | Fra: 93 | Rendering 64 / 64 samples
00:54.110  render           | Saved: 'C:\Users\d.grab\Desktop\the-game\ART\characters\act-1-enemies\forest-elite-wendigo\production\animation\reference_match_remaining\death_work\final_frames\pose_0093.png'
00:54.110  render           | Time: 00:00.53 (Saving: 00:00.06)
00:54.110  render           | Rendering frame 94
00:54.110  render           | Start rendering: Scene, ViewLayer
00:54.110  render           | Engine: EEVEE
00:54.203  render           | Fra: 94 | Rendering 1 / 64 samples
00:54.375  render           | Fra: 94 | Rendering 25 / 64 samples
00:54.485  render           | Fra: 94 | Rendering 50 / 64 samples
00:54.532  render           | Fra: 94 | Rendering 64 / 64 samples
00:54.625  render           | Saved: 'C:\Users\d.grab\Desktop\the-game\ART\characters\act-1-enemies\forest-elite-wendigo\production\animation\reference_match_remaining\death_work\final_frames\pose_0094.png'
00:54.625  render           | Time: 00:00.51 (Saving: 00:00.05)
00:54.625  render           | Rendering frame 95
00:54.625  render           | Start rendering: Scene, ViewLayer
00:54.625  render           | Engine: EEVEE
00:54.719  render           | Fra: 95 | Rendering 1 / 64 samples
00:54.875  render           | Fra: 95 | Rendering 25 / 64 samples
00:54.969  render           | Fra: 95 | Rendering 50 / 64 samples
00:55.047  render           | Fra: 95 | Rendering 64 / 64 samples
00:55.141  render           | Saved: 'C:\Users\d.grab\Desktop\the-game\ART\characters\act-1-enemies\forest-elite-wendigo\production\animation\reference_match_remaining\death_work\final_frames\pose_0095.png'
00:55.141  render           | Time: 00:00.51 (Saving: 00:00.06)
00:55.141  render           | Rendering frame 96
00:55.141  render           | Start rendering: Scene, ViewLayer
00:55.141  render           | Engine: EEVEE
00:55.235  render           | Fra: 96 | Rendering 1 / 64 samples
00:55.391  render           | Fra: 96 | Rendering 25 / 64 samples
00:55.500  render           | Fra: 96 | Rendering 50 / 64 samples
00:55.563  render           | Fra: 96 | Rendering 64 / 64 samples
00:55.657  render           | Saved: 'C:\Users\d.grab\Desktop\the-game\ART\characters\act-1-enemies\forest-elite-wendigo\production\animation\reference_match_remaining\death_work\final_frames\pose_0096.png'
00:55.657  render           | Time: 00:00.50 (Saving: 00:00.05)
[a_Rodin.utils-DBG]: RodinBridge: unregister
Traceback (most recent call last):
  File "C:\Program Files\Blender Foundation\Blender 5.2\5.2\scripts\modules\addon_utils.py", line 595, in disable
    mod.unregister()
    ~~~~~~~~~~~~~~^^
  File "C:\Users\d.grab\AppData\Roaming\Blender Foundation\Blender\5.2\scripts\addons\a_Rodin\__init__.py", line 28, in unregister
    unreg()
    ~~~~~^^
  File "C:\Program Files\Blender Foundation\Blender 5.2\5.2\scripts\modules\bpy\utils\__init__.py", line 1054, in unregister
    mod.unregister()
    ~~~~~~~~~~~~~~^^
  File "C:\Program Files\Blender Foundation\Blender 5.2\5.2\scripts\modules\bpy\utils\__init__.py", line 1054, in unregister
    mod.unregister()
    ~~~~~~~~~~~~~~^^
  File "C:\Program Files\Blender Foundation\Blender 5.2\5.2\scripts\modules\bpy\utils\__init__.py", line 1054, in unregister
    mod.unregister()
    ~~~~~~~~~~~~~~^^
  File "C:\Users\d.grab\AppData\Roaming\Blender Foundation\Blender\5.2\scripts\addons\a_Rodin\src\rodin\properties.py", line 408, in unregister
    bpy.app.handlers.load_post.remove(on_scene_load)
    ~~~~~~~~~~~~~~~~~~~~~~~~~~~~~~~~~^^^^^^^^^^^^^^^
ValueError: list.remove(x): x not in list
Reloading external rigs...
Reloading external metarigs...
Exception in module unregister(): 'C:\\Users\\d.grab\\AppData\\Roaming\\Blender Foundation\\Blender\\5.2\\scripts\\addons\\a_Rodin\\__init__.py'

Blender quit
