[Licensing::Module] Trying to connect to existing licensing client channel...
Built from '6000.5/staging' branch; Version is '6000.5.10f1 (3bd4f66ad299) revision 3921142'; Using compiler version '194234433'; Build Type 'Release'
OS: 'Windows 10  (10.0.19045) 64bit Professional' Language: 'ru' Physical Memory: 16159 MB
BatchMode: 1, IsHumanControllingUs: 0, StartBugReporterOnCrash: 0, Is64bit: 1
System  architecture: x64
Process architecture: x64
Date: 2026-08-27T13:44:37Z
[Licensing::IpcConnector] Successfully connected to: "LicenseClient-d.grab" at "2026-08-27T13:44:37.7834151Z"

COMMAND LINE ARGUMENTS:
C:\Program Files\Unity\Hub\Editor\6000.5.10f1\Editor\Unity.exe
-quit
-batchmode
-nographics
-noUpm
-projectPath
C:\Users\d.grab\Desktop\the-game\code\unity-character-validation
-executeMethod
PelagAnimationValidator.Run
-validationOutput
C:\Users\d.grab\Desktop\the-game\code\_build_pelag_v2\unity_animation_validation.json
-logFile
C:\Users\d.grab\Desktop\the-game\code\_build_pelag_v2\unity_animation_import.log
Successfully changed project path to: C:\Users\d.grab\Desktop\the-game\code\unity-character-validation
C:/Users/d.grab/Desktop/the-game/code/unity-character-validation
[UnityMemory] Configuration Parameters - Can be set up in boot.config
    "memorysetup-temp-allocator-size-gi-baking-worker=262144"
    "memorysetup-temp-allocator-size-gi-baking-worker=262144"
    "memorysetup-temp-allocator-size-gi-baking-worker=262144"
    "memorysetup-temp-allocator-size-gi-baking-worker=262144"
    "memorysetup-temp-allocator-size-gi-baking-worker=262144"
    "memorysetup-temp-allocator-size-nav-mesh-worker=65536"
    "memorysetup-temp-allocator-size-audio-worker=65536"
    "memorysetup-temp-allocator-size-cloud-worker=32768"
    "memorysetup-temp-allocator-size-gfx=262144"
    "memorysetup-remapper-allocator-initial-capacity=32768"
    "memorysetup-temp-allocator-size-preload-manager=33554432"
    "memorysetup-allocator-temp-initial-block-size-main=262144"
    "memorysetup-allocator-temp-initial-block-size-worker=262144"
    "memorysetup-temp-allocator-size-job-worker=262144"
    "memorysetup-temp-allocator-size-background-worker=32768"
    "memorysetup-bucket-allocator-granularity=16"
    "memorysetup-bucket-allocator-bucket-count=8"
    "memorysetup-bucket-allocator-block-size=33554432"
    "memorysetup-bucket-allocator-block-count=8"
    "memorysetup-main-allocator-block-size=16777216"
    "memorysetup-thread-allocator-block-size=16777216"
    "memorysetup-main-allocator-mimalloc-enabled=0"
    "memorysetup-gfx-main-allocator-block-size=16777216"
    "memorysetup-gfx-thread-allocator-block-size=16777216"
    "memorysetup-cache-allocator-block-size=4194304"
    "memorysetup-typetree-allocator-block-size=2097152"
    "memorysetup-profiler-bucket-allocator-granularity=16"
    "memorysetup-profiler-bucket-allocator-bucket-count=8"
    "memorysetup-profiler-bucket-allocator-block-size=33554432"
    "memorysetup-profiler-bucket-allocator-block-count=8"
    "memorysetup-profiler-allocator-block-size=16777216"
    "memorysetup-profiler-editor-allocator-block-size=1048576"
    "memorysetup-temp-allocator-size-main=16777216"
    "memorysetup-job-temp-allocator-block-size=2097152"
    "memorysetup-job-temp-allocator-block-size-background=1048576"
    "memorysetup-job-temp-allocator-reduction-small-platforms=262144"
Logging is directed to a specific file, skipping project log.Player connection [34800]  Target information:

Player connection [34800]  * "[IP] 10.0.85.2 [Port] 55505 [Flags] 2 [Guid] 3726965868 [EditorId] 3726965868 [Version] 1048832 [Id] WindowsEditor(7,mitpc08) [Debug] 1 [PackageName] WindowsEditor [ProjectName] Editor" 

Player connection [34800]  * "[IP] 172.27.80.1 [Port] 55505 [Flags] 2 [Guid] 3726965868 [EditorId] 3726965868 [Version] 1048832 [Id] WindowsEditor(7,mitpc08) [Debug] 1 [PackageName] WindowsEditor [ProjectName] Editor" 

Player connection [34800]  * "[IP] 192.168.0.103 [Port] 55505 [Flags] 2 [Guid] 3726965868 [EditorId] 3726965868 [Version] 1048832 [Id] WindowsEditor(7,mitpc08) [Debug] 1 [PackageName] WindowsEditor [ProjectName] Editor" 

Player connection [34800] Host joined multi-casting on [225.0.0.222:54997]...
Player connection [34800] Host joined alternative multi-casting on [225.0.0.222:34997]...
Input System module state changed to: Initialized.
[Physics::Module] Initialized fallback backend.
[Physics::Module] Id: 0xdecafbad
Library Redirect Path: Library/
[Physics::Module] Selected backend.
[Physics::Module] Name: PhysX
[Physics::Module] Id: 0xf2b8ea05
[Physics::Module] SDK Version: 4.1.2
[Physics::Module] Integration Version: 1.0.0
[Physics::Module] Threading Mode: Multi-Threaded
Initialize engine version: 6000.5.10f1 (3bd4f66ad299)
[Subsystems] Discovering subsystems at path C:/Program Files/Unity/Hub/Editor/6000.5.10f1/Editor/Data/Resources/UnitySubsystems
[Subsystems] Discovering subsystems at path C:/Users/d.grab/Desktop/the-game/code/unity-character-validation/Assets
Forcing GfxDevice: Null
GfxDevice: creating device client; kGfxThreadingModeNonThreaded
NullGfxDevice:
    Version:  NULL 1.0 [1.0]
    Renderer: Null Device
    Vendor:   Unity Technologies
Initialize mono
Mono path[0] = 'C:/Program Files/Unity/Hub/Editor/6000.5.10f1/Editor/Data/Managed'
Mono path[1] = 'C:/Program Files/Unity/Hub/Editor/6000.5.10f1/Editor/Data/BCLExtensions/runtime/netstandard2.1'
Mono path[2] = 'C:/Program Files/Unity/Hub/Editor/6000.5.10f1/Editor/Data/MonoBleedingEdge/lib/mono/unityjit-win32'
Mono config path = 'C:/Program Files/Unity/Hub/Editor/6000.5.10f1/Editor/Data/MonoBleedingEdge/etc'
Using monoOptions --debugger-agent=transport=dt_socket,embedding=1,server=y,suspend=n,address=127.0.0.1:56544
CodeReloadManager initialized
ImportWorker Server TCP listen port: 0
AcceleratorClientConnectionCallback - disconnected - :0
Begin MonoManager ReloadAssembly
Registering precompiled unity dll's ...
Register platform support module: C:/Program Files/Unity/Hub/Editor/6000.5.10f1/Editor/Data/PlaybackEngines/WebGLSupport/UnityEditor.WebGL.Extensions.dll
Register platform support module: C:/Program Files/Unity/Hub/Editor/6000.5.10f1/Editor/Data/PlaybackEngines/WindowsStandaloneSupport/UnityEditor.WindowsStandalone.Extensions.dll
Registered in 0.003030 seconds.
Native extension for WindowsStandalone target not found
Native extension for WebGL target not found
[Licensing::Client] Error: HandshakeResponse reported an error:
	ResponseCode: 505
	ResponseStatus: Unsupported protocol version '1.18.3'.
[Licensing::Module] Error: Failed to handshake to channel: "LicenseClient-d.grab"
[Licensing::IpcConnector] LicenseClient-d.grab channel disconnected successfully.
[Licensing::IpcConnector] Successfully connected to: "LicenseClient-d.grab-6000.5.10" at "2026-08-27T13:44:39.2817953Z"
[Licensing::Client] Code 10 while verifying Licensing Client signature (process Id: 40048, path: "C:/Program Files/Unity/Hub/Editor/6000.5.10f1/Editor/Data/Resources/Licensing/Client/Unity.Licensing.Client.exe")
[Licensing::Module] LicensingClient has failed validation; ignoring
[Licensing::Client] Handshaking with LicensingClient:
  Version:                 1.18.3+d7ffd15
  Session Id:              81fba80bd5f844fa88ada6dbbf7f36a5
  Correlation Id:          520d8bcaeb61f90a965444e06f06a45e
  External correlation Id: 4622629856116017204
  Machine Id:              iKaajmvqqPQz5XYKH/fzwo0G1A4=
[Licensing::Module] Successfully connected to LicensingClient on channel: "LicenseClient-d.grab-6000.5.10" (connect: 0.00s, validation: 0.00s, handshake: 0.01s)
[Licensing::IpcConnector] Successfully connected to: "LicenseClient-d.grab-6000.5.10-notifications" at "2026-08-27T13:44:39.2920271Z"
[Licensing::Module] Error: Access token is unavailable; failed to update
[Licensing::Client] Successfully resolved entitlement details
[Licensing::Module] License group:
  Id: 6872879174980-UnityPersXXXX
  Product: Unity Personal
  Type: Assigned
  Expiration: Unlimited
[Licensing::Client] Successfully updated license, isAsync: True, time: 0.00
[Licensing::Client] Successfully resolved entitlement details
[Licensing::Module] Licensing Background thread has ended after 1.51s
Package Manager log level set to [2]
[Package Manager] Failed to launch server process. Reason: Unity was launched with the -noUpm command-line argument
[Package Manager] Unable to send message (not connected to server process).
[Package Manager] Cannot connect to Unity Package Manager local server
ScheduleIndexationOnStartup MainProcess:False IndexOnStartup:False
Mono: successfully reloaded assembly
- Finished resetting the current domain, in  0.767 seconds
Domain Reload Profiling: 1427ms
	BeginReloadAssembly (174ms)
		CreateAndSetChildDomain (14ms)
	RebuildCommonClasses (6ms)
	RebuildNativeTypeToScriptingClass (20ms)
	initialDomainReloadingComplete (82ms)
	LoadAllAssembliesAndSetupDomain (376ms)
		LoadAssemblies (156ms)
		AnalyzeDomain (277ms)
			TypeCache.Refresh (276ms)
				TypeCache.ScanAssembly (258ms)
	FinalizeReload (769ms)
		SetupLoadedEditorAssemblies (0ms)
			InitializePlatformSupportModulesInManaged (3ms)
			BeforeProcessingInitializeOnLoad (120ms)
			ProcessInitializeOnLoadAttributes (116ms)
			ProcessInitializeOnLoadMethodAttributes (454ms)
[Licensing::Client] Successfully resolved entitlement details
Application.AssetDatabase Initial Refresh Start
Starting: C:\Program Files\Unity\Hub\Editor\6000.5.10f1\Editor\Data\Tools\BuildPipeline\bee_backend.exe --ipc --defer-dag-verification --dagfile="Library/Bee/1900b0aE.dag" --continue-on-failure --profile="Library/Bee/backend1.traceevents" ScriptAssemblies
WorkingDir: C:/Users/d.grab/Desktop/the-game/code/unity-character-validation
DisplayProgressbar: Compiling Scripts
ExitCode: 0 Duration: 0s202ms
*** Tundra build success (0.14 seconds), 0 items updated, 168 evaluated
AssetDatabase: script compilation time: 0.609761s
Begin MonoManager ReloadAssembly
Native extension for WindowsStandalone target not found
Native extension for WebGL target not found
[Package Manager] Failed to launch server process. Reason: Unity was launched with the -noUpm command-line argument
[Package Manager] Unable to send message (not connected to server process).
[Package Manager] Cannot connect to Unity Package Manager local server
ScheduleIndexationOnStartup MainProcess:True IndexOnStartup:True
Mono: successfully reloaded assembly
- Finished resetting the current domain, in  0.541 seconds
Domain Reload Profiling: 1110ms
	BeginReloadAssembly (384ms)
		DisableScriptedObjects (46ms)
		CreateAndSetChildDomain (160ms)
	RebuildCommonClasses (9ms)
	RebuildNativeTypeToScriptingClass (19ms)
	initialDomainReloadingComplete (48ms)
	LoadAllAssembliesAndSetupDomain (106ms)
		LoadAssemblies (123ms)
		AnalyzeDomain (10ms)
			TypeCache.Refresh (6ms)
			BuildScriptInfoCaches (3ms)
	FinalizeReload (544ms)
		SetupLoadedEditorAssemblies (0ms)
			BeforeProcessingInitializeOnLoad (99ms)
			ProcessInitializeOnLoadAttributes (77ms)
			ProcessInitializeOnLoadMethodAttributes (83ms)
			AfterProcessingInitializeOnLoad (10ms)
		AwakeInstancesAfterBackupRestoration (31ms)
Starting new worker id: 0 with log in C:/Users/d.grab/Desktop/the-game/code/unity-character-validation/Logs/AssetImportWorkerHW0.log

Asset Pipeline Refresh (id=e65c795f8b07e1047bc43cec49d1186d): Total: 1.914 seconds - Initiated by InitialRefreshV2(ForceSynchronousImport)
	(Values over 0.05ms)
	Summary:
		Imports: total=0 (actual=0, local cache=0, cache server=0)
		Asset DB Process Time: managed=0 ms, native=657 ms
		Asset DB Callback time: managed=27 ms, native=0 ms
		Scripting: domain reloads=1, domain reload time=606 ms, compile time=612 ms, other=10 ms
		Project Asset Count: scripts=27, non-scripts=9
		Asset File Changes: new=0, changed=0, moved=0, deleted=0
		Scan Filter Count: 0
	ApplyChangesToAssetFolders: 0.156ms
	Scan: 32.973ms
	Collect global state as custom dependencies: 12.148ms
	ProcessAssetsWithTransientArtifactChanges: 0.524ms
	CategorizeAssets: 0.243ms
	CompileScripts: 612.267ms
	ImportOutOfDateAssets: 569.064ms (545.733ms without children)
		UnloadImportedAssets: 0.143ms
		ImportSchedulerStart: 23.175ms
	PostProcessAllAssets: 27.815ms
		MonoPostProcessAllAssets: 27.699ms
			WindowAssetPostprocessingWatcher.OnPostprocessAllAssets 8.646ms
			SyncVS.PostprocessSyncProject 2.994ms
			EditModeScopePostprocessor.OnPostprocessAllAssets 1.003ms
			SpeedTree9Postprocessor.OnPostprocessAllAssets 0.784ms
			ReferencedClipsPostProcessor.OnPostprocessAllAssets 0.339ms
			TerrainToolbarOverlayPostProcessor.OnPostprocessAllAssets 0.196ms
			AssetDatabaseCallbacks.OnPostprocessAllAssets 0.169ms
			RenderPipelineGlobalSettingsPostprocessor.OnPostprocessAllAssets 0.088ms
	UnloadStreamsBegin: 2.106ms
	Untracked: 649.312ms

Application.AssetDatabase Initial Refresh End
Scanning for USB devices : 5.168ms
Initializing Unity extensions:
[MODES] ModeService[none].Initialize
[MODES] ModeService[none].LoadModes
[MODES] Loading mode Default (0) for mode-current-id-unity-character-validation
GetVirtualKey: Could not map char: z (122) to any virtual key
GetVirtualKey: Could not map char: y (121) to any virtual key
GetVirtualKey: Could not map char: x (120) to any virtual key
GetVirtualKey: Could not map char: c (99) to any virtual key
GetVirtualKey: Could not map char: v (118) to any virtual key
GetVirtualKey: Could not map char: V (86) to any virtual key
GetVirtualKey: Could not map char: d (100) to any virtual key
GetVirtualKey: Could not map char: f (102) to any virtual key
GetVirtualKey: Could not map char: f (102) to any virtual key
GetVirtualKey: Could not map char: a (97) to any virtual key
GetVirtualKey: Could not map char: d (100) to any virtual key
GetVirtualKey: Could not map char: c (99) to any virtual key
GetVirtualKey: Could not map char: r (114) to any virtual key
GetVirtualKey: Could not map char: i (105) to any virtual key
GetVirtualKey: Could not map char: l (108) to any virtual key
GetVirtualKey: Could not map char: f (102) to any virtual key
GetVirtualKey: Could not map char: k (107) to any virtual key
GetVirtualKey: Could not map char: p (112) to any virtual key
GetVirtualKey: Could not map char: p (112) to any virtual key
GetVirtualKey: Could not map char: p (112) to any virtual key
GetVirtualKey: Could not map char: c (99) to any virtual key
GetVirtualKey: Could not map char: r (114) to any virtual key
GetVirtualKey: Could not map char: P (80) to any virtual key
GetVirtualKey: Could not map char: n (110) to any virtual key
GetVirtualKey: Could not map char: n (110) to any virtual key
GetVirtualKey: Could not map char: g (103) to any virtual key
GetVirtualKey: Could not map char: f (102) to any virtual key
GetVirtualKey: Could not map char: f (102) to any virtual key
GetVirtualKey: Could not map char: a (97) to any virtual key
GetVirtualKey: Could not map char: a (97) to any virtual key
GetVirtualKey: Could not map char: n (110) to any virtual key
GetVirtualKey: Could not map char: o (111) to any virtual key
GetVirtualKey: Could not map char: s (115) to any virtual key
GetVirtualKey: Could not map char: s (115) to any virtual key
GetVirtualKey: Could not map char: b (98) to any virtual key
GetVirtualKey: Could not map char: b (98) to any virtual key
GetVirtualKey: Could not map char: c (99) to any virtual key
GetVirtualKey: Could not map char: u (117) to any virtual key
Unloading 4 Unused Serialized files (Serialized files now loaded: 0)
Unloading 23 unused Assets / (0.6 MB). Loaded Objects now: 798.
Memory consumption went from 196.4 MB to 195.8 MB.
Total: 6.739700 ms (FindLiveObjects: 0.065500 ms CreateObjectMapping: 0.010700 ms MarkObjects: 6.149600 ms  DeleteObjects: 0.508700 ms)

Asset Pipeline Refresh (id=5257d168e5336af46a0a3977c805774b): Total: 0.017 seconds - Initiated by RefreshV2(NoUpdateAssetOptions)
Importing 'GUID: dd11dc5001246cc4a82f7f9c93f267c6 - Path: Assets/Characters/Pelag_Boarder_01/Animations/Pelag_CombatIdle.fbx' with importer (FBXImporter)
Keyframe reduction: Ratio: 10.330695%;
File 'Pelag_CombatIdle' has animation import warnings. See Import Messages in Animation Import Settings for more details.
UnityEngine.Debug:ExtractStackTraceNoAlloc (byte*,int,string)
UnityEngine.StackTraceUtility:ExtractStackTrace ()
UnityEditor.AssetDatabase:ImportAsset (string,UnityEditor.ImportAssetOptions)
UnityEditor.AssetDatabase:ImportAsset (string)
UnityEditor.AssetImporter:SaveAndReimport ()
PelagAnimationValidator:Run () (at Assets/Editor/PelagAnimationValidator.cs:86)

[Assets/Editor/PelagAnimationValidator.cs line 86]

Imported 'GUID: dd11dc5001246cc4a82f7f9c93f267c6' -> (Import Result ID: 'f56dddee4d1a5cfe297a651727934590') in 0.071 seconds [static dependencies only]. Details - ImportResultOutputID=6dde717000d61794b2e61034a789f0b2 DependenciesID=6d00a8813147ee6c82d712c801c1a0c6 StaticDependenciesID=01d00b784b055a997af2ffd87537bd5d 
Asset Pipeline Refresh (id=13814dca0bdeefe4581d326b210acec3): Total: 0.138 seconds - Initiated by StopAssetImportingV2(NoUpdateAssetOptions)
Importing 'GUID: f70f92bbbfc088241acf4ca42235953a - Path: Assets/Characters/Pelag_Boarder_01/Animations/Pelag_SaberLightAttack.fbx' with importer (FBXImporter)
Keyframe reduction: Ratio: 22.330366%;
File 'Pelag_SaberLightAttack' has animation import warnings. See Import Messages in Animation Import Settings for more details.
UnityEngine.Debug:ExtractStackTraceNoAlloc (byte*,int,string)
UnityEngine.StackTraceUtility:ExtractStackTrace ()
UnityEditor.AssetDatabase:ImportAsset (string,UnityEditor.ImportAssetOptions)
UnityEditor.AssetDatabase:ImportAsset (string)
UnityEditor.AssetImporter:SaveAndReimport ()
PelagAnimationValidator:Run () (at Assets/Editor/PelagAnimationValidator.cs:86)

[Assets/Editor/PelagAnimationValidator.cs line 86]

Imported 'GUID: f70f92bbbfc088241acf4ca42235953a' -> (Import Result ID: '1aeb10f0c83edef7c2ca9a98139e401c') in 0.057 seconds [static dependencies only]. Details - ImportResultOutputID=214d81a0ee480b59d959df4b2f31e454 DependenciesID=250c9dfce3c3be8d32e6c1c34b6749be StaticDependenciesID=3b007d4794c9dd3f4f741dfd2ffbe0cf 
Asset Pipeline Refresh (id=9f1eb6cb9d583dc4eb554d4250720360): Total: 0.080 seconds - Initiated by StopAssetImportingV2(NoUpdateAssetOptions)
Asset Pipeline Refresh (id=a723007be671d3c41a7984eb4d722c7c): Total: 0.011 seconds - Initiated by StopAssetImportingV2(NoUpdateAssetOptions)
Importing 'GUID: 6be7aee724a254640a10c8e8ce4f6626 - Path: Assets/Characters/Pelag_Boarder_01/Pelag_Prototype.controller' with importer (NativeFormatImporter)
Imported 'GUID: 6be7aee724a254640a10c8e8ce4f6626' -> (Import Result ID: '81b5833e38abe00c6e2204c5fdf6970a') in 0.002 seconds [static dependencies only]. Details - ImportResultOutputID=b581a0eb0d7da9883d371ad28968e7fd DependenciesID=bdcd8eeccdaaf8f8daa969cfa07d39c4 StaticDependenciesID=d6e536c5c4b52b577c34a8fbde0d423c 
Asset Pipeline Refresh (id=bd5daa96be2fd914e93496f359eeb3f7): Total: 0.020 seconds - Initiated by StopAssetImportingV2(NoUpdateAssetOptions)
Importing 'GUID: 6be7aee724a254640a10c8e8ce4f6626 - Path: Assets/Characters/Pelag_Boarder_01/Pelag_Prototype.controller' with importer (NativeFormatImporter)
Imported 'GUID: 6be7aee724a254640a10c8e8ce4f6626' -> (Import Result ID: 'ac6b635ef10f09108ff493d52510365a') in 0.001 seconds [static dependencies only]. Details - ImportResultOutputID=b581a0eb0d7da9883d371ad28968e7fd DependenciesID=60ed7cdb578a8c415c8921742c70017c StaticDependenciesID=50743bd449c7bdd3dbeb3305dd40a9b9 
Asset Pipeline Refresh (id=8ebe96c953b329646b2e6f75448e3380): Total: 0.013 seconds - Initiated by StopAssetImportingV2(NoUpdateAssetOptions)
Importing 'GUID: 17b19984d127f7c47bb3561cb460dc0f - Path: Assets/Characters/Pelag_Boarder_01/Pelag_Boarder_01_Validated.prefab' with importer (PrefabImporter)
Imported 'GUID: 17b19984d127f7c47bb3561cb460dc0f' -> (Import Result ID: '45d1a155f0b87cd620491f7425258640') in 0.006 seconds [static and dynamic dependencies]. Details - ImportResultOutputID=6755cbfe7fbf7f74574d12e79774f13f DependenciesID=81c555350152fb23189c0cf483c44e99 StaticDependenciesID=b1ad411c6e201d7dbab9106cee9b9e8e 
Asset Pipeline Refresh (id=6f88a82359efeaf4a9f57c5e87774a81): Total: 0.020 seconds - Initiated by StopAssetImportingV2(NoUpdateAssetOptions)
PELAG_ANIMATION_VALIDATION=C:\Users\d.grab\Desktop\the-game\code\_build_pelag_v2\unity_animation_validation.json
UnityEngine.Debug:ExtractStackTraceNoAlloc (byte*,int,string)
UnityEngine.StackTraceUtility:ExtractStackTrace ()
UnityEngine.DebugLogHandler:Internal_Log (UnityEngine.LogType,UnityEngine.LogOption,string,UnityEngine.Object)
UnityEngine.DebugLogHandler:LogFormat (UnityEngine.LogType,UnityEngine.Object,string,object[])
UnityEngine.Logger:Log (UnityEngine.LogType,object)
UnityEngine.Debug:Log (object)
PelagAnimationValidator:Run () (at Assets/Editor/PelagAnimationValidator.cs:202)

(Filename: Assets/Editor/PelagAnimationValidator.cs Line: 202)

PELAG_ANIMATION_PASSED=False
UnityEngine.Debug:ExtractStackTraceNoAlloc (byte*,int,string)
UnityEngine.StackTraceUtility:ExtractStackTrace ()
UnityEngine.DebugLogHandler:Internal_Log (UnityEngine.LogType,UnityEngine.LogOption,string,UnityEngine.Object)
UnityEngine.DebugLogHandler:LogFormat (UnityEngine.LogType,UnityEngine.Object,string,object[])
UnityEngine.Logger:Log (UnityEngine.LogType,object)
UnityEngine.Debug:Log (object)
PelagAnimationValidator:Run () (at Assets/Editor/PelagAnimationValidator.cs:203)

(Filename: Assets/Editor/PelagAnimationValidator.cs Line: 203)

Exception: Pelag animation validation failed: Pelag_CombatIdle animationImportWarnings is not empty: File 'Pelag_CombatIdle' has animation import warnings. See Import Messages in Animation Import Settings for more details.
 | Pelag_SaberLightAttack animationImportWarnings is not empty: File 'Pelag_SaberLightAttack' has animation import warnings. See Import Messages in Animation Import Settings for more details.
  at PelagAnimationValidator.Run () [0x00a19] in C:\Users\d.grab\Desktop\the-game\code\unity-character-validation\Assets\Editor\PelagAnimationValidator.cs:205 

(Filename: Assets/Editor/PelagAnimationValidator.cs Line: 205)

executeMethod method PelagAnimationValidator.Run threw exception.
Exiting without the bug reporter. Application will terminate with return code 1