[Licensing::Module] Trying to connect to existing licensing client channel...
Built from '6000.5/staging' branch; Version is '6000.5.10f1 (3bd4f66ad299) revision 3921142'; Using compiler version '194234433'; Build Type 'Release'
OS: 'Windows 10  (10.0.19045) 64bit Professional' Language: 'ru' Physical Memory: 16159 MB
BatchMode: 1, IsHumanControllingUs: 0, StartBugReporterOnCrash: 0, Is64bit: 1
System  architecture: x64
Process architecture: x64
Date: 2026-08-27T13:44:18Z
[Licensing::IpcConnector] Successfully connected to: "LicenseClient-d.grab" at "2026-08-27T13:44:18.3710396Z"

COMMAND LINE ARGUMENTS:
C:\Program Files\Unity\Hub\Editor\6000.5.10f1\Editor\Unity.exe
-quit
-batchmode
-nographics
-noUpm
-projectPath
C:\Users\d.grab\Desktop\the-game\code\unity-character-validation
-executeMethod
PelagHumanoidValidator.Run
-validationOutput
C:\Users\d.grab\Desktop\the-game\code\_build_pelag_v2\unity_humanoid_validation.json
-logFile
C:\Users\d.grab\Desktop\the-game\code\_build_pelag_v2\unity_import.log
Successfully changed project path to: C:\Users\d.grab\Desktop\the-game\code\unity-character-validation
C:/Users/d.grab/Desktop/the-game/code/unity-character-validation
[UnityMemory] Configuration Parameters - Can be set up in boot.config
    "memorysetup-temp-allocator-size-gi-baking-worker=262144"
    "memorysetup-temp-allocator-size-gi-baking-worker=262144"
    "memorysetup-temp-allocator-size-gi-baking-worker=262144"
    "memorysetup-temp-allocator-size-gi-baking-worker=262144"
    "memorysetup-temp-allocator-size-gi-baking-worker=262144"
    "memorysetup-temp-allocator-size-nav-mesh-worker=65536"
    "memorysetup-temp-allocator-size-audio-worker=65536"
    "memorysetup-temp-allocator-size-cloud-worker=32768"
    "memorysetup-temp-allocator-size-gfx=262144"
    "memorysetup-remapper-allocator-initial-capacity=32768"
    "memorysetup-temp-allocator-size-preload-manager=33554432"
    "memorysetup-allocator-temp-initial-block-size-main=262144"
    "memorysetup-allocator-temp-initial-block-size-worker=262144"
    "memorysetup-temp-allocator-size-job-worker=262144"
    "memorysetup-temp-allocator-size-background-worker=32768"
    "memorysetup-bucket-allocator-granularity=16"
    "memorysetup-bucket-allocator-bucket-count=8"
    "memorysetup-bucket-allocator-block-size=33554432"
    "memorysetup-bucket-allocator-block-count=8"
    "memorysetup-main-allocator-block-size=16777216"
    "memorysetup-thread-allocator-block-size=16777216"
    "memorysetup-main-allocator-mimalloc-enabled=0"
    "memorysetup-gfx-main-allocator-block-size=16777216"
    "memorysetup-gfx-thread-allocator-block-size=16777216"
    "memorysetup-cache-allocator-block-size=4194304"
    "memorysetup-typetree-allocator-block-size=2097152"
    "memorysetup-profiler-bucket-allocator-granularity=16"
    "memorysetup-profiler-bucket-allocator-bucket-count=8"
    "memorysetup-profiler-bucket-allocator-block-size=33554432"
    "memorysetup-profiler-bucket-allocator-block-count=8"
    "memorysetup-profiler-allocator-block-size=16777216"
    "memorysetup-profiler-editor-allocator-block-size=1048576"
    "memorysetup-temp-allocator-size-main=16777216"
    "memorysetup-job-temp-allocator-block-size=2097152"
    "memorysetup-job-temp-allocator-block-size-background=1048576"
    "memorysetup-job-temp-allocator-reduction-small-platforms=262144"
Logging is directed to a specific file, skipping project log.Player connection [42308]  Target information:

Player connection [42308]  * "[IP] 10.0.85.2 [Port] 55505 [Flags] 2 [Guid] 2745806000 [EditorId] 2745806000 [Version] 1048832 [Id] WindowsEditor(7,mitpc08) [Debug] 1 [PackageName] WindowsEditor [ProjectName] Editor" 

Player connection [42308]  * "[IP] 172.27.80.1 [Port] 55505 [Flags] 2 [Guid] 2745806000 [EditorId] 2745806000 [Version] 1048832 [Id] WindowsEditor(7,mitpc08) [Debug] 1 [PackageName] WindowsEditor [ProjectName] Editor" 

Player connection [42308]  * "[IP] 192.168.0.103 [Port] 55505 [Flags] 2 [Guid] 2745806000 [EditorId] 2745806000 [Version] 1048832 [Id] WindowsEditor(7,mitpc08) [Debug] 1 [PackageName] WindowsEditor [ProjectName] Editor" 

Player connection [42308] Host joined multi-casting on [225.0.0.222:54997]...
Player connection [42308] Host joined alternative multi-casting on [225.0.0.222:34997]...
Input System module state changed to: Initialized.
[Physics::Module] Initialized fallback backend.
[Physics::Module] Id: 0xdecafbad
Library Redirect Path: Library/
[Physics::Module] Selected backend.
[Physics::Module] Name: PhysX
[Physics::Module] Id: 0xf2b8ea05
[Physics::Module] SDK Version: 4.1.2
[Physics::Module] Integration Version: 1.0.0
[Physics::Module] Threading Mode: Multi-Threaded
Initialize engine version: 6000.5.10f1 (3bd4f66ad299)
[Subsystems] Discovering subsystems at path C:/Program Files/Unity/Hub/Editor/6000.5.10f1/Editor/Data/Resources/UnitySubsystems
[Subsystems] Discovering subsystems at path C:/Users/d.grab/Desktop/the-game/code/unity-character-validation/Assets
Forcing GfxDevice: Null
GfxDevice: creating device client; kGfxThreadingModeNonThreaded
NullGfxDevice:
    Version:  NULL 1.0 [1.0]
    Renderer: Null Device
    Vendor:   Unity Technologies
Initialize mono
Mono path[0] = 'C:/Program Files/Unity/Hub/Editor/6000.5.10f1/Editor/Data/Managed'
Mono path[1] = 'C:/Program Files/Unity/Hub/Editor/6000.5.10f1/Editor/Data/BCLExtensions/runtime/netstandard2.1'
Mono path[2] = 'C:/Program Files/Unity/Hub/Editor/6000.5.10f1/Editor/Data/MonoBleedingEdge/lib/mono/unityjit-win32'
Mono config path = 'C:/Program Files/Unity/Hub/Editor/6000.5.10f1/Editor/Data/MonoBleedingEdge/etc'
Using monoOptions --debugger-agent=transport=dt_socket,embedding=1,server=y,suspend=n,address=127.0.0.1:56552
CodeReloadManager initialized
ImportWorker Server TCP listen port: 0
AcceleratorClientConnectionCallback - disconnected - :0
Begin MonoManager ReloadAssembly
Registering precompiled unity dll's ...
Register platform support module: C:/Program Files/Unity/Hub/Editor/6000.5.10f1/Editor/Data/PlaybackEngines/WebGLSupport/UnityEditor.WebGL.Extensions.dll
Register platform support module: C:/Program Files/Unity/Hub/Editor/6000.5.10f1/Editor/Data/PlaybackEngines/WindowsStandaloneSupport/UnityEditor.WindowsStandalone.Extensions.dll
Registered in 0.004559 seconds.
Native extension for WindowsStandalone target not found
Native extension for WebGL target not found
[Licensing::Client] Error: HandshakeResponse reported an error:
	ResponseCode: 505
	ResponseStatus: Unsupported protocol version '1.18.3'.
[Licensing::Module] Error: Failed to handshake to channel: "LicenseClient-d.grab"
[Licensing::IpcConnector] LicenseClient-d.grab channel disconnected successfully.
[Licensing::IpcConnector] Successfully connected to: "LicenseClient-d.grab-6000.5.10" at "2026-08-27T13:44:20.7921446Z"
[Licensing::Client] Code 10 while verifying Licensing Client signature (process Id: 40048, path: "C:/Program Files/Unity/Hub/Editor/6000.5.10f1/Editor/Data/Resources/Licensing/Client/Unity.Licensing.Client.exe")
[Licensing::Module] LicensingClient has failed validation; ignoring
[Licensing::Client] Handshaking with LicensingClient:
  Version:                 1.18.3+d7ffd15
  Session Id:              02a670bf3c2840e0a947631556f5a29a
  Correlation Id:          520d8bcaeb61f90a965444e06f06a45e
  External correlation Id: 2537463699686439292
  Machine Id:              iKaajmvqqPQz5XYKH/fzwo0G1A4=
[Licensing::Module] Successfully connected to LicensingClient on channel: "LicenseClient-d.grab-6000.5.10" (connect: 0.00s, validation: 0.00s, handshake: 0.01s)
[Licensing::IpcConnector] Successfully connected to: "LicenseClient-d.grab-6000.5.10-notifications" at "2026-08-27T13:44:20.8049835Z"
[Licensing::Module] Error: Access token is unavailable; failed to update
[Licensing::Client] Successfully resolved entitlement details
[Licensing::Module] License group:
  Id: 6872879174980-UnityPersXXXX
  Product: Unity Personal
  Type: Assigned
  Expiration: Unlimited
[Licensing::Client] Successfully updated license, isAsync: True, time: 0.00
[Licensing::Client] Successfully resolved entitlement details
[Licensing::Module] Licensing Background thread has ended after 2.45s
Package Manager log level set to [2]
[Package Manager] Failed to launch server process. Reason: Unity was launched with the -noUpm command-line argument
[Package Manager] Unable to send message (not connected to server process).
[Package Manager] Cannot connect to Unity Package Manager local server
ScheduleIndexationOnStartup MainProcess:False IndexOnStartup:False
Mono: successfully reloaded assembly
- Finished resetting the current domain, in  0.937 seconds
Domain Reload Profiling: 1963ms
	BeginReloadAssembly (203ms)
		CreateAndSetChildDomain (10ms)
	RebuildCommonClasses (6ms)
	RebuildNativeTypeToScriptingClass (23ms)
	initialDomainReloadingComplete (106ms)
	LoadAllAssembliesAndSetupDomain (686ms)
		LoadAssemblies (187ms)
		AnalyzeDomain (550ms)
			TypeCache.Refresh (543ms)
				TypeCache.ScanAssembly (488ms)
			BuildScriptInfoCaches (3ms)
	FinalizeReload (939ms)
		SetupLoadedEditorAssemblies (0ms)
			InitializePlatformSupportModulesInManaged (4ms)
			BeforeProcessingInitializeOnLoad (155ms)
			ProcessInitializeOnLoadAttributes (128ms)
			ProcessInitializeOnLoadMethodAttributes (559ms)
[Licensing::Client] Successfully resolved entitlement details
Application.AssetDatabase Initial Refresh Start
[ScriptCompilation] Requested script compilation because: AssetDatabase observed changes in script compilation related files
Starting: C:\Program Files\Unity\Hub\Editor\6000.5.10f1\Editor\Data\Tools\BuildPipeline\bee_backend.exe --ipc --defer-dag-verification --dagfile="Library/Bee/1900b0aE.dag" --continue-on-failure --profile="Library/Bee/backend1.traceevents" ScriptAssemblies
WorkingDir: C:/Users/d.grab/Desktop/the-game/code/unity-character-validation
DisplayProgressbar: Compiling Scripts
ExitCode: 0 Duration: 0s678ms
[165/168    0s] Csc Library/Bee/artifacts/1900b0aE.dag/Assembly-CSharp-Editor.dll (+2 others)
[166/168    0s] CopyFiles Library/ScriptAssemblies/Assembly-CSharp-Editor.pdb
[167/168    0s] CopyFiles Library/ScriptAssemblies/Assembly-CSharp-Editor.dll
*** Tundra build success (0.62 seconds), 3 items updated, 168 evaluated
AssetDatabase: script compilation time: 1.168215s
Begin MonoManager ReloadAssembly
Native extension for WindowsStandalone target not found
Native extension for WebGL target not found
[Package Manager] Failed to launch server process. Reason: Unity was launched with the -noUpm command-line argument
[Package Manager] Unable to send message (not connected to server process).
[Package Manager] Cannot connect to Unity Package Manager local server
ScheduleIndexationOnStartup MainProcess:True IndexOnStartup:True
Mono: successfully reloaded assembly
- Finished resetting the current domain, in  0.510 seconds
Domain Reload Profiling: 1178ms
	BeginReloadAssembly (455ms)
		DisableScriptedObjects (74ms)
		CreateAndSetChildDomain (166ms)
	RebuildCommonClasses (11ms)
	RebuildNativeTypeToScriptingClass (20ms)
	initialDomainReloadingComplete (63ms)
	LoadAllAssembliesAndSetupDomain (115ms)
		LoadAssemblies (120ms)
		AnalyzeDomain (11ms)
			TypeCache.Refresh (6ms)
			BuildScriptInfoCaches (3ms)
	FinalizeReload (513ms)
		SetupLoadedEditorAssemblies (0ms)
			BeforeProcessingInitializeOnLoad (110ms)
			ProcessInitializeOnLoadAttributes (87ms)
			ProcessInitializeOnLoadMethodAttributes (79ms)
			AfterProcessingInitializeOnLoad (10ms)
		AwakeInstancesAfterBackupRestoration (32ms)
Importing 'GUID: f70f92bbbfc088241acf4ca42235953a - Path: Assets/Characters/Pelag_Boarder_01/Animations/Pelag_SaberLightAttack.fbx' with importer (FBXImporter)
Keyframe reduction: Ratio: 22.330364%;
File 'Pelag_SaberLightAttack' has animation import warnings. See Import Messages in Animation Import Settings for more details.
Imported 'GUID: f70f92bbbfc088241acf4ca42235953a' -> (Import Result ID: 'f5ffaa9fd3ee04a37df59f536d3fc55f') in 0.090 seconds [static dependencies only]. Details - ImportResultOutputID=6f79c3146d682614a3356b816beb3211 DependenciesID=6bf06d36a0b8b3b559423394a8e12330 StaticDependenciesID=2f55b64c752a6ab789a6ac15f5db143d 
Importing 'GUID: dd11dc5001246cc4a82f7f9c93f267c6 - Path: Assets/Characters/Pelag_Boarder_01/Animations/Pelag_CombatIdle.fbx' with importer (FBXImporter)
Keyframe reduction: Ratio: 10.330695%;
File 'Pelag_CombatIdle' has animation import warnings. See Import Messages in Animation Import Settings for more details.
Imported 'GUID: dd11dc5001246cc4a82f7f9c93f267c6' -> (Import Result ID: '7cf5ee5251bd8e1d7882fe3f02c8a51f') in 0.058 seconds [static dependencies only]. Details - ImportResultOutputID=23b1291a247ec0a7b6a58f947372eb01 DependenciesID=b6b7243478105f0315ab7b36cfafa3a8 StaticDependenciesID=62b9b75d2d40ceccc7bf4c06677e6d80 
Importing 'GUID: 2f3266012a9f97b4cb9796fcac8d2e28 - Path: Assets/Characters/Pelag_Boarder_01/Pelag_Boarder_01_LOD1_Apose.fbx' with importer (FBXImporter)
Launched and connected shader compiler UnityShaderCompiler.exe after 0.02 seconds
Imported 'GUID: 2f3266012a9f97b4cb9796fcac8d2e28' -> (Import Result ID: '5f5dc595f7d4d9cafd1b0eb3e91b91b1') in 0.206 seconds [static and dynamic dependencies]. Details - ImportResultOutputID=db148d2a26c47462398c32c0e4f63eb4 DependenciesID=bc198ea3bfe1ac62fec6325f68f4d54c StaticDependenciesID=16a1ce42cd30f59eae3a3fc66ed48366 
Importing 'GUID: 17b19984d127f7c47bb3561cb460dc0f - Path: Assets/Characters/Pelag_Boarder_01/Pelag_Boarder_01_Validated.prefab' with importer (PrefabImporter)
Imported 'GUID: 17b19984d127f7c47bb3561cb460dc0f' -> (Import Result ID: '27d16b66577825a384b8c1af8c3ebcb2') in 0.011 seconds [static and dynamic dependencies]. Details - ImportResultOutputID=efdc701db524804ef85775fb3cd6b08f DependenciesID=f3b77c39e93121b1927fba4e39a695a1 StaticDependenciesID=982f62c4b393dd9bbb1cef09a0aeb351 
Starting new worker id: 0 with log in C:/Users/d.grab/Desktop/the-game/code/unity-character-validation/Logs/AssetImportWorkerHW0.log

Asset Pipeline Refresh (id=52411004c08fe0d479a7b92eb3499eb0): Total: 3.045 seconds - Initiated by InitialRefreshV2(ForceSynchronousImport)
	(Values over 0.05ms)
	Summary:
		Imports: total=4 (actual=4, local cache=0, cache server=0)
		Asset DB Process Time: managed=11 ms, native=1007 ms
		Asset DB Callback time: managed=60 ms, native=21 ms
		Scripting: domain reloads=1, domain reload time=760 ms, compile time=1171 ms, other=12 ms
		Project Asset Count: scripts=27, non-scripts=9
		Asset File Changes: new=0, changed=1, moved=0, deleted=0
		Scan Filter Count: 0
	ApplyChangesToAssetFolders: 0.196ms
	Scan: 44.533ms
	Collect global state as custom dependencies: 15.741ms
	OnSourceAssetsModified: 1.380ms
	CategorizeScriptCompilationAssets: 0.065ms
	ProcessAssetsWithTransientArtifactChanges: 0.707ms
	CategorizeAssets: 0.419ms
	CompileScripts: 1170.772ms
	ImportOutOfDateAssets: 899.529ms (514.692ms without children)
		ImportManagerImport: 369.342ms (2.261ms without children)
		UnloadImportedAssets: 0.150ms
		ImportSchedulerStart: 15.325ms
	PostProcessAllAssets: 78.135ms
		VCAutoAddAssetPostprocess 10.439ms
		MonoPostProcessAllAssets: 59.381ms
			AssetPostprocessor.OnPostprocessAllAssets 12.294ms
			WindowAssetPostprocessingWatcher.OnPostprocessAllAssets 9.999ms
			StyleCatalogPostProcessor.OnPostprocessAllAssets 9.498ms
			BuilderAssetPostprocessor.OnPostprocessAllAssets 6.047ms
			SyncVS.PostprocessSyncProject 3.256ms
			AssetChangedListener.OnPostprocessAllAssets 2.377ms
			RetainedModeAssetPostprocessor.OnPostprocessAllAssets 1.468ms
			EditModeScopePostprocessor.OnPostprocessAllAssets 1.023ms
			SpeedTree9Postprocessor.OnPostprocessAllAssets 0.837ms
			TextAssetPostProcessor.OnPostprocessAllAssets 0.828ms
			ArtifactBrowserPostProcessor.OnPostprocessAllAssets 0.543ms
			AudioMixerPostprocessor.OnPostprocessAllAssets 0.332ms
			ReferencedClipsPostProcessor.OnPostprocessAllAssets 0.289ms
			AssetEvents.OnPostprocessAllAssets 0.262ms
			TerrainToolbarOverlayPostProcessor.OnPostprocessAllAssets 0.236ms
			AssetDatabaseCallbacks.OnPostprocessAllAssets 0.186ms
			SpeedTreePostProcessor.OnPostprocessAllAssets 0.163ms
			ScenarioDriftAssetsTracker.OnPostprocessAllAssets 0.159ms
			ConfigAssetsTracker.OnPostprocessAllAssets 0.158ms
			RenderPipelineGlobalSettingsPostprocessor.OnPostprocessAllAssets 0.116ms
			AudioContainerPostProcessor.OnPostprocessAllAssets 0.090ms
	PostAssetChangesProfiler: 2.455ms
	UnloadStreamsBegin: 2.609ms
	PersistCurrentRevisions: 0.063ms
	GenerateScriptTypeHashes: 0.136ms
	GenerateScriptTypeSerializationHashes: 0.560ms
	Untracked: 822.893ms

Application.AssetDatabase Initial Refresh End
Scanning for USB devices : 6.470ms
Initializing Unity extensions:
[MODES] ModeService[none].Initialize
[MODES] ModeService[none].LoadModes
[MODES] Loading mode Default (0) for mode-current-id-unity-character-validation
GetVirtualKey: Could not map char: z (122) to any virtual key
GetVirtualKey: Could not map char: y (121) to any virtual key
GetVirtualKey: Could not map char: x (120) to any virtual key
GetVirtualKey: Could not map char: c (99) to any virtual key
GetVirtualKey: Could not map char: v (118) to any virtual key
GetVirtualKey: Could not map char: V (86) to any virtual key
GetVirtualKey: Could not map char: d (100) to any virtual key
GetVirtualKey: Could not map char: f (102) to any virtual key
GetVirtualKey: Could not map char: f (102) to any virtual key
GetVirtualKey: Could not map char: a (97) to any virtual key
GetVirtualKey: Could not map char: d (100) to any virtual key
GetVirtualKey: Could not map char: c (99) to any virtual key
GetVirtualKey: Could not map char: r (114) to any virtual key
GetVirtualKey: Could not map char: i (105) to any virtual key
GetVirtualKey: Could not map char: l (108) to any virtual key
GetVirtualKey: Could not map char: f (102) to any virtual key
GetVirtualKey: Could not map char: k (107) to any virtual key
GetVirtualKey: Could not map char: p (112) to any virtual key
GetVirtualKey: Could not map char: p (112) to any virtual key
GetVirtualKey: Could not map char: p (112) to any virtual key
GetVirtualKey: Could not map char: c (99) to any virtual key
GetVirtualKey: Could not map char: r (114) to any virtual key
GetVirtualKey: Could not map char: P (80) to any virtual key
GetVirtualKey: Could not map char: n (110) to any virtual key
GetVirtualKey: Could not map char: n (110) to any virtual key
GetVirtualKey: Could not map char: g (103) to any virtual key
GetVirtualKey: Could not map char: f (102) to any virtual key
GetVirtualKey: Could not map char: f (102) to any virtual key
GetVirtualKey: Could not map char: a (97) to any virtual key
GetVirtualKey: Could not map char: a (97) to any virtual key
GetVirtualKey: Could not map char: n (110) to any virtual key
GetVirtualKey: Could not map char: o (111) to any virtual key
GetVirtualKey: Could not map char: s (115) to any virtual key
GetVirtualKey: Could not map char: s (115) to any virtual key
GetVirtualKey: Could not map char: b (98) to any virtual key
GetVirtualKey: Could not map char: b (98) to any virtual key
GetVirtualKey: Could not map char: c (99) to any virtual key
GetVirtualKey: Could not map char: u (117) to any virtual key
Unloading 7 Unused Serialized files (Serialized files now loaded: 0)
Unloading 26 unused Assets / (0.6 MB). Loaded Objects now: 800.
Memory consumption went from 215.2 MB to 214.6 MB.
Total: 5.529000 ms (FindLiveObjects: 0.060000 ms CreateObjectMapping: 0.010900 ms MarkObjects: 5.187000 ms  DeleteObjects: 0.266400 ms)

GetVirtualKey: Could not map char: z (122) to any virtual key
GetVirtualKey: Could not map char: y (121) to any virtual key
GetVirtualKey: Could not map char: x (120) to any virtual key
GetVirtualKey: Could not map char: c (99) to any virtual key
GetVirtualKey: Could not map char: v (118) to any virtual key
GetVirtualKey: Could not map char: V (86) to any virtual key
GetVirtualKey: Could not map char: d (100) to any virtual key
GetVirtualKey: Could not map char: f (102) to any virtual key
GetVirtualKey: Could not map char: f (102) to any virtual key
GetVirtualKey: Could not map char: a (97) to any virtual key
GetVirtualKey: Could not map char: d (100) to any virtual key
GetVirtualKey: Could not map char: c (99) to any virtual key
GetVirtualKey: Could not map char: r (114) to any virtual key
GetVirtualKey: Could not map char: i (105) to any virtual key
GetVirtualKey: Could not map char: l (108) to any virtual key
GetVirtualKey: Could not map char: f (102) to any virtual key
GetVirtualKey: Could not map char: k (107) to any virtual key
GetVirtualKey: Could not map char: p (112) to any virtual key
GetVirtualKey: Could not map char: p (112) to any virtual key
GetVirtualKey: Could not map char: p (112) to any virtual key
GetVirtualKey: Could not map char: c (99) to any virtual key
GetVirtualKey: Could not map char: r (114) to any virtual key
GetVirtualKey: Could not map char: P (80) to any virtual key
GetVirtualKey: Could not map char: n (110) to any virtual key
GetVirtualKey: Could not map char: n (110) to any virtual key
GetVirtualKey: Could not map char: g (103) to any virtual key
GetVirtualKey: Could not map char: f (102) to any virtual key
GetVirtualKey: Could not map char: f (102) to any virtual key
GetVirtualKey: Could not map char: a (97) to any virtual key
GetVirtualKey: Could not map char: a (97) to any virtual key
GetVirtualKey: Could not map char: n (110) to any virtual key
GetVirtualKey: Could not map char: o (111) to any virtual key
GetVirtualKey: Could not map char: s (115) to any virtual key
GetVirtualKey: Could not map char: s (115) to any virtual key
GetVirtualKey: Could not map char: b (98) to any virtual key
GetVirtualKey: Could not map char: b (98) to any virtual key
GetVirtualKey: Could not map char: c (99) to any virtual key
GetVirtualKey: Could not map char: u (117) to any virtual key
Asset Pipeline Refresh (id=37846d68a31703244bbe0b9b5a4af6f4): Total: 0.018 seconds - Initiated by RefreshV2(NoUpdateAssetOptions)
Importing 'GUID: 2f3266012a9f97b4cb9796fcac8d2e28 - Path: Assets/Characters/Pelag_Boarder_01/Pelag_Boarder_01_LOD1_Apose.fbx' with importer (FBXImporter)
Imported 'GUID: 2f3266012a9f97b4cb9796fcac8d2e28' -> (Import Result ID: '345c4ec45c2ab836fbd457c6dc63a2e3') in 0.144 seconds [static and dynamic dependencies]. Details - ImportResultOutputID=7ba901e695a00c69448f57d49711e1fe DependenciesID=6afe7d03b3470ed67adced0603256f4c StaticDependenciesID=388501d649378baa3a3dbb810f552def 
Importing 'GUID: 17b19984d127f7c47bb3561cb460dc0f - Path: Assets/Characters/Pelag_Boarder_01/Pelag_Boarder_01_Validated.prefab' with importer (PrefabImporter)
Imported 'GUID: 17b19984d127f7c47bb3561cb460dc0f' -> (Import Result ID: '3ae1fb7f39b6fc279d812e5fba295252') in 0.006 seconds [static and dynamic dependencies]. Details - ImportResultOutputID=efdc701db524804ef85775fb3cd6b08f DependenciesID=3d9c74742350af9e87f3090fc67b2e3b StaticDependenciesID=982f62c4b393dd9bbb1cef09a0aeb351 
Asset Pipeline Refresh (id=1b71ddf41d821944dae11bca8eeb6568): Total: 0.181 seconds - Initiated by StopAssetImportingV2(NoUpdateAssetOptions)
Importing 'GUID: 2f3266012a9f97b4cb9796fcac8d2e28 - Path: Assets/Characters/Pelag_Boarder_01/Pelag_Boarder_01_LOD1_Apose.fbx' with importer (FBXImporter)
Imported 'GUID: 2f3266012a9f97b4cb9796fcac8d2e28' -> (Import Result ID: '5f5dc595f7d4d9cafd1b0eb3e91b91b1') in 0.155 seconds [static and dynamic dependencies]. Details - ImportResultOutputID=db148d2a26c47462398c32c0e4f63eb4 DependenciesID=bc198ea3bfe1ac62fec6325f68f4d54c StaticDependenciesID=16a1ce42cd30f59eae3a3fc66ed48366 
Asset Pipeline Refresh (id=f5f5eb65252568a458747bf3ee1ceff6): Total: 0.179 seconds - Initiated by StopAssetImportingV2(NoUpdateAssetOptions)
Importing 'GUID: 17b19984d127f7c47bb3561cb460dc0f - Path: Assets/Characters/Pelag_Boarder_01/Pelag_Boarder_01_Validated.prefab' with importer (PrefabImporter)
Imported 'GUID: 17b19984d127f7c47bb3561cb460dc0f' -> (Import Result ID: '173458144f10b8718ba457c4a8b1a13a') in 0.005 seconds [static and dynamic dependencies]. Details - ImportResultOutputID=1c2c85e73a9e5a83b6fef1ca6962ad88 DependenciesID=f3609f3c6dfa64084e6b0d6f529d78ab StaticDependenciesID=246f82e834cca6feef971303300fc6df 
Asset Pipeline Refresh (id=2c5135bb5009397409b337970fa672ed): Total: 0.020 seconds - Initiated by StopAssetImportingV2(NoUpdateAssetOptions)
PELAG_UNITY_VALIDATION=C:\Users\d.grab\Desktop\the-game\code\_build_pelag_v2\unity_humanoid_validation.json
UnityEngine.Debug:ExtractStackTraceNoAlloc (byte*,int,string)
UnityEngine.StackTraceUtility:ExtractStackTrace ()
UnityEngine.DebugLogHandler:Internal_Log (UnityEngine.LogType,UnityEngine.LogOption,string,UnityEngine.Object)
UnityEngine.DebugLogHandler:LogFormat (UnityEngine.LogType,UnityEngine.Object,string,object[])
UnityEngine.Logger:Log (UnityEngine.LogType,object)
UnityEngine.Debug:Log (object)
PelagHumanoidValidator:Run () (at Assets/Editor/PelagHumanoidValidator.cs:233)

(Filename: Assets/Editor/PelagHumanoidValidator.cs Line: 233)

PELAG_UNITY_PASSED=True
UnityEngine.Debug:ExtractStackTraceNoAlloc (byte*,int,string)
UnityEngine.StackTraceUtility:ExtractStackTrace ()
UnityEngine.DebugLogHandler:Internal_Log (UnityEngine.LogType,UnityEngine.LogOption,string,UnityEngine.Object)
UnityEngine.DebugLogHandler:LogFormat (UnityEngine.LogType,UnityEngine.Object,string,object[])
UnityEngine.Logger:Log (UnityEngine.LogType,object)
UnityEngine.Debug:Log (object)
PelagHumanoidValidator:Run () (at Assets/Editor/PelagHumanoidValidator.cs:234)

(Filename: Assets/Editor/PelagHumanoidValidator.cs Line: 234)

Batchmode quit successfully invoked - shutting down!
[Physics::Module] Cleanup current backend.
[Physics::Module] Id: 0xf2b8ea05
Input System module state changed to: ShutdownInProgress.
Input Polling Thread exited.
Input System module state changed to: Shutdown.
[Licensing::IpcConnector] LicenseClient-d.grab-6000.5.10-notifications channel disconnected successfully.
[Licensing::IpcConnector] LicenseClient-d.grab-6000.5.10 channel disconnected successfully.
AcceleratorClientConnectionCallback - disconnected - :0
Cleanup mono
CodeReloadManager destroyed
Exiting batchmode successfully now!
Exiting without the bug reporter. Application will terminate with return code 0