[a_Rodin.utils-DBG]: RodinBridge: register
[a_Rodin.utils-WRN]: Port 61863 is in use
[a_Rodin.utils-WRN]: Port 61864 is in use
[a_Rodin.utils-WRN]: Server running on port 61865
Traceback (most recent call last):
  File "C:\Program Files\Blender Foundation\Blender 5.2\5.2\scripts\modules\addon_utils.py", line 458, in enable
    mod = importlib.import_module(module_name)
  File "C:\Program Files\Blender Foundation\Blender 5.2\5.2\python\Lib\importlib\__init__.py", line 88, in import_module
    return _bootstrap._gcd_import(name[level:], package, level)
           ~~~~~~~~~~~~~~~~~~~~~~^^^^^^^^^^^^^^^^^^^^^^^^^^^^^^
  File "<frozen importlib._bootstrap>", line 1395, in _gcd_import
  File "<frozen importlib._bootstrap>", line 1360, in _find_and_load
  File "<frozen importlib._bootstrap>", line 1331, in _find_and_load_unlocked
  File "<frozen importlib._bootstrap>", line 935, in _load_unlocked
  File "<frozen importlib._bootstrap_external>", line 1023, in exec_module
  File "<frozen importlib._bootstrap>", line 488, in _call_with_frames_removed
  File "C:\Users\d.grab\AppData\Roaming\Blender Foundation\Blender\5.2\extensions\user_default\higgsfield_blender\__init__.py", line 60, in <module>
    from .features import bridge_gate, phonecam
  File "C:\Users\d.grab\AppData\Roaming\Blender Foundation\Blender\5.2\extensions\user_default\higgsfield_blender\features\bridge_gate.py", line 23, in <module>
    from ..fnf.session import _active_workspace_id, is_authenticated
  File "C:\Users\d.grab\AppData\Roaming\Blender Foundation\Blender\5.2\extensions\user_default\higgsfield_blender\fnf\session.py", line 31, in <module>
    import httpx
ModuleNotFoundError: No module named 'httpx'
[a_Rodin.utils-DBG]: on_scene_load
[a_Rodin.utils-DBG]: ensure_default_image
00:03.953  blend            | Read blend: "C:\Users\d.grab\Desktop\the-game\ART\characters\act-1-enemies\forest-elite-wendigo\production\animation\reference_match_leap\Leap_Final.blend"
00:04.031  render           | Rendering animation (frames 0..96)
00:04.031  render           | Rendering frame 0
00:04.031  render           | Start rendering: Scene, ViewLayer
00:04.031  render           | Engine: EEVEE
00:05.750  render           | Fra: 0 | Rendering 1 / 64 samples
Blender 5.2.1 LTS (hash 9e2066aef7ef built 2026-08-25 02:38:20)
00:05.875  render           | Fra: 0 | Rendering 25 / 64 samples
00:05.984  render           | Fra: 0 | Rendering 50 / 64 samples
00:06.062  render           | Fra: 0 | Rendering 64 / 64 samples
00:06.219  render           | Saved: 'C:\Users\d.grab\Desktop\the-game\ART\characters\act-1-enemies\forest-elite-wendigo\production\animation\reference_match_leap\final_frames\pose_0000.png'
00:06.219  render           | Time: 00:02.18 (Saving: 00:00.11)
00:06.219  render           | Rendering frame 1
00:06.219  render           | Start rendering: Scene, ViewLayer
00:06.219  render           | Engine: EEVEE
00:06.344  render           | Fra: 1 | Rendering 1 / 64 samples
00:06.500  render           | Fra: 1 | Rendering 25 / 64 samples
00:06.641  render           | Fra: 1 | Rendering 50 / 64 samples
00:06.734  render           | Fra: 1 | Rendering 64 / 64 samples
00:06.828  render           | Saved: 'C:\Users\d.grab\Desktop\the-game\ART\characters\act-1-enemies\forest-elite-wendigo\production\animation\reference_match_leap\final_frames\pose_0001.png'
00:06.828  render           | Time: 00:00.60 (Saving: 00:00.05)
00:06.828  render           | Rendering frame 2
00:06.828  render           | Start rendering: Scene, ViewLayer
00:06.828  render           | Engine: EEVEE
00:06.922  render           | Fra: 2 | Rendering 1 / 64 samples
00:07.078  render           | Fra: 2 | Rendering 25 / 64 samples
00:07.234  render           | Fra: 2 | Rendering 50 / 64 samples
00:07.312  render           | Fra: 2 | Rendering 64 / 64 samples
00:07.422  render           | Saved: 'C:\Users\d.grab\Desktop\the-game\ART\characters\act-1-enemies\forest-elite-wendigo\production\animation\reference_match_leap\final_frames\pose_0002.png'
00:07.422  render           | Time: 00:00.59 (Saving: 00:00.06)
00:07.422  render           | Rendering frame 3
00:07.422  render           | Start rendering: Scene, ViewLayer
00:07.422  render           | Engine: EEVEE
00:07.500  render           | Fra: 3 | Rendering 1 / 64 samples
00:07.672  render           | Fra: 3 | Rendering 25 / 64 samples
00:07.828  render           | Fra: 3 | Rendering 50 / 64 samples
00:07.922  render           | Fra: 3 | Rendering 64 / 64 samples
00:08.016  render           | Saved: 'C:\Users\d.grab\Desktop\the-game\ART\characters\act-1-enemies\forest-elite-wendigo\production\animation\reference_match_leap\final_frames\pose_0003.png'
00:08.016  render           | Time: 00:00.58 (Saving: 00:00.06)
00:08.016  render           | Rendering frame 4
00:08.016  render           | Start rendering: Scene, ViewLayer
00:08.016  render           | Engine: EEVEE
00:08.094  render           | Fra: 4 | Rendering 1 / 64 samples
00:08.250  render           | Fra: 4 | Rendering 25 / 64 samples
00:08.406  render           | Fra: 4 | Rendering 50 / 64 samples
00:08.484  render           | Fra: 4 | Rendering 64 / 64 samples
00:08.594  render           | Saved: 'C:\Users\d.grab\Desktop\the-game\ART\characters\act-1-enemies\forest-elite-wendigo\production\animation\reference_match_leap\final_frames\pose_0004.png'
00:08.594  render           | Time: 00:00.57 (Saving: 00:00.06)
00:08.594  render           | Rendering frame 5
00:08.594  render           | Start rendering: Scene, ViewLayer
00:08.594  render           | Engine: EEVEE
00:08.672  render           | Fra: 5 | Rendering 1 / 64 samples
00:08.828  render           | Fra: 5 | Rendering 25 / 64 samples
00:08.984  render           | Fra: 5 | Rendering 50 / 64 samples
00:09.062  render           | Fra: 5 | Rendering 64 / 64 samples
00:09.156  render           | Saved: 'C:\Users\d.grab\Desktop\the-game\ART\characters\act-1-enemies\forest-elite-wendigo\production\animation\reference_match_leap\final_frames\pose_0005.png'
00:09.156  render           | Time: 00:00.57 (Saving: 00:00.05)
00:09.156  render           | Rendering frame 6
00:09.156  render           | Start rendering: Scene, ViewLayer
00:09.156  render           | Engine: EEVEE
00:09.234  render           | Fra: 6 | Rendering 1 / 64 samples
00:09.359  render           | Fra: 6 | Rendering 25 / 64 samples
00:09.500  render           | Fra: 6 | Rendering 50 / 64 samples
00:09.594  render           | Fra: 6 | Rendering 64 / 64 samples
00:09.687  render           | Saved: 'C:\Users\d.grab\Desktop\the-game\ART\characters\act-1-enemies\forest-elite-wendigo\production\animation\reference_match_leap\final_frames\pose_0006.png'
00:09.687  render           | Time: 00:00.52 (Saving: 00:00.05)
00:09.687  render           | Rendering frame 7
00:09.687  render           | Start rendering: Scene, ViewLayer
00:09.687  render           | Engine: EEVEE
00:09.766  render           | Fra: 7 | Rendering 1 / 64 samples
00:09.891  render           | Fra: 7 | Rendering 25 / 64 samples
00:10.047  render           | Fra: 7 | Rendering 50 / 64 samples
00:10.141  render           | Fra: 7 | Rendering 64 / 64 samples
00:10.234  render           | Saved: 'C:\Users\d.grab\Desktop\the-game\ART\characters\act-1-enemies\forest-elite-wendigo\production\animation\reference_match_leap\final_frames\pose_0007.png'
00:10.234  render           | Time: 00:00.55 (Saving: 00:00.06)
00:10.234  render           | Rendering frame 8
00:10.234  render           | Start rendering: Scene, ViewLayer
00:10.234  render           | Engine: EEVEE
00:10.312  render           | Fra: 8 | Rendering 1 / 64 samples
00:10.437  render           | Fra: 8 | Rendering 25 / 64 samples
00:10.594  render           | Fra: 8 | Rendering 50 / 64 samples
00:10.672  render           | Fra: 8 | Rendering 64 / 64 samples
00:10.750  render           | Saved: 'C:\Users\d.grab\Desktop\the-game\ART\characters\act-1-enemies\forest-elite-wendigo\production\animation\reference_match_leap\final_frames\pose_0008.png'
00:10.750  render           | Time: 00:00.52 (Saving: 00:00.05)
00:10.750  render           | Rendering frame 9
00:10.750  render           | Start rendering: Scene, ViewLayer
00:10.750  render           | Engine: EEVEE
00:10.828  render           | Fra: 9 | Rendering 1 / 64 samples
00:10.953  render           | Fra: 9 | Rendering 25 / 64 samples
00:11.094  render           | Fra: 9 | Rendering 50 / 64 samples
00:11.172  render           | Fra: 9 | Rendering 64 / 64 samples
00:11.281  render           | Saved: 'C:\Users\d.grab\Desktop\the-game\ART\characters\act-1-enemies\forest-elite-wendigo\production\animation\reference_match_leap\final_frames\pose_0009.png'
00:11.281  render           | Time: 00:00.52 (Saving: 00:00.06)
00:11.281  render           | Rendering frame 10
00:11.281  render           | Start rendering: Scene, ViewLayer
00:11.281  render           | Engine: EEVEE
00:11.359  render           | Fra: 10 | Rendering 1 / 64 samples
00:11.484  render           | Fra: 10 | Rendering 25 / 64 samples
00:11.609  render           | Fra: 10 | Rendering 50 / 64 samples
00:11.703  render           | Fra: 10 | Rendering 64 / 64 samples
00:11.781  render           | Saved: 'C:\Users\d.grab\Desktop\the-game\ART\characters\act-1-enemies\forest-elite-wendigo\production\animation\reference_match_leap\final_frames\pose_0010.png'
00:11.781  render           | Time: 00:00.50 (Saving: 00:00.05)
00:11.781  render           | Rendering frame 11
00:11.781  render           | Start rendering: Scene, ViewLayer
00:11.781  render           | Engine: EEVEE
00:11.859  render           | Fra: 11 | Rendering 1 / 64 samples
00:11.969  render           | Fra: 11 | Rendering 25 / 64 samples
00:12.094  render           | Fra: 11 | Rendering 50 / 64 samples
00:12.172  render           | Fra: 11 | Rendering 64 / 64 samples
00:12.266  render           | Saved: 'C:\Users\d.grab\Desktop\the-game\ART\characters\act-1-enemies\forest-elite-wendigo\production\animation\reference_match_leap\final_frames\pose_0011.png'
00:12.266  render           | Time: 00:00.48 (Saving: 00:00.05)
00:12.266  render           | Rendering frame 12
00:12.266  render           | Start rendering: Scene, ViewLayer
00:12.266  render           | Engine: EEVEE
00:12.359  render           | Fra: 12 | Rendering 1 / 64 samples
00:12.469  render           | Fra: 12 | Rendering 25 / 64 samples
00:12.594  render           | Fra: 12 | Rendering 50 / 64 samples
00:12.687  render           | Fra: 12 | Rendering 64 / 64 samples
00:12.766  render           | Saved: 'C:\Users\d.grab\Desktop\the-game\ART\characters\act-1-enemies\forest-elite-wendigo\production\animation\reference_match_leap\final_frames\pose_0012.png'
00:12.766  render           | Time: 00:00.50 (Saving: 00:00.05)
00:12.766  render           | Rendering frame 13
00:12.766  render           | Start rendering: Scene, ViewLayer
00:12.766  render           | Engine: EEVEE
00:12.844  render           | Fra: 13 | Rendering 1 / 64 samples
00:12.969  render           | Fra: 13 | Rendering 25 / 64 samples
00:13.078  render           | Fra: 13 | Rendering 50 / 64 samples
00:13.156  render           | Fra: 13 | Rendering 64 / 64 samples
00:13.250  render           | Saved: 'C:\Users\d.grab\Desktop\the-game\ART\characters\act-1-enemies\forest-elite-wendigo\production\animation\reference_match_leap\final_frames\pose_0013.png'
00:13.250  render           | Time: 00:00.47 (Saving: 00:00.05)
00:13.250  render           | Rendering frame 14
00:13.250  render           | Start rendering: Scene, ViewLayer
00:13.250  render           | Engine: EEVEE
00:13.328  render           | Fra: 14 | Rendering 1 / 64 samples
00:13.453  render           | Fra: 14 | Rendering 25 / 64 samples
00:13.562  render           | Fra: 14 | Rendering 50 / 64 samples
00:13.656  render           | Fra: 14 | Rendering 64 / 64 samples
00:13.750  render           | Saved: 'C:\Users\d.grab\Desktop\the-game\ART\characters\act-1-enemies\forest-elite-wendigo\production\animation\reference_match_leap\final_frames\pose_0014.png'
00:13.750  render           | Time: 00:00.50 (Saving: 00:00.06)
00:13.750  render           | Rendering frame 15
00:13.750  render           | Start rendering: Scene, ViewLayer
00:13.750  render           | Engine: EEVEE
00:13.828  render           | Fra: 15 | Rendering 1 / 64 samples
00:13.953  render           | Fra: 15 | Rendering 25 / 64 samples
00:14.062  render           | Fra: 15 | Rendering 50 / 64 samples
00:14.156  render           | Fra: 15 | Rendering 64 / 64 samples
00:14.234  render           | Saved: 'C:\Users\d.grab\Desktop\the-game\ART\characters\act-1-enemies\forest-elite-wendigo\production\animation\reference_match_leap\final_frames\pose_0015.png'
00:14.234  render           | Time: 00:00.48 (Saving: 00:00.05)
00:14.234  render           | Rendering frame 16
00:14.234  render           | Start rendering: Scene, ViewLayer
00:14.234  render           | Engine: EEVEE
00:14.312  render           | Fra: 16 | Rendering 1 / 64 samples
00:14.437  render           | Fra: 16 | Rendering 25 / 64 samples
00:14.547  render           | Fra: 16 | Rendering 50 / 64 samples
00:14.625  render           | Fra: 16 | Rendering 64 / 64 samples
00:14.719  render           | Saved: 'C:\Users\d.grab\Desktop\the-game\ART\characters\act-1-enemies\forest-elite-wendigo\production\animation\reference_match_leap\final_frames\pose_0016.png'
00:14.719  render           | Time: 00:00.49 (Saving: 00:00.06)
00:14.719  render           | Rendering frame 17
00:14.719  render           | Start rendering: Scene, ViewLayer
00:14.719  render           | Engine: EEVEE
00:14.812  render           | Fra: 17 | Rendering 1 / 64 samples
00:14.922  render           | Fra: 17 | Rendering 25 / 64 samples
00:15.047  render           | Fra: 17 | Rendering 50 / 64 samples
00:15.141  render           | Fra: 17 | Rendering 64 / 64 samples
00:15.234  render           | Saved: 'C:\Users\d.grab\Desktop\the-game\ART\characters\act-1-enemies\forest-elite-wendigo\production\animation\reference_match_leap\final_frames\pose_0017.png'
00:15.234  render           | Time: 00:00.50 (Saving: 00:00.05)
00:15.234  render           | Rendering frame 18
00:15.234  render           | Start rendering: Scene, ViewLayer
00:15.234  render           | Engine: EEVEE
00:15.312  render           | Fra: 18 | Rendering 1 / 64 samples
00:15.437  render           | Fra: 18 | Rendering 25 / 64 samples
00:15.562  render           | Fra: 18 | Rendering 50 / 64 samples
00:15.641  render           | Fra: 18 | Rendering 64 / 64 samples
00:15.734  render           | Saved: 'C:\Users\d.grab\Desktop\the-game\ART\characters\act-1-enemies\forest-elite-wendigo\production\animation\reference_match_leap\final_frames\pose_0018.png'
00:15.734  render           | Time: 00:00.50 (Saving: 00:00.05)
00:15.734  render           | Rendering frame 19
00:15.734  render           | Start rendering: Scene, ViewLayer
00:15.734  render           | Engine: EEVEE
00:15.812  render           | Fra: 19 | Rendering 1 / 64 samples
00:15.937  render           | Fra: 19 | Rendering 25 / 64 samples
00:16.078  render           | Fra: 19 | Rendering 50 / 64 samples
00:16.156  render           | Fra: 19 | Rendering 64 / 64 samples
00:16.266  render           | Saved: 'C:\Users\d.grab\Desktop\the-game\ART\characters\act-1-enemies\forest-elite-wendigo\production\animation\reference_match_leap\final_frames\pose_0019.png'
00:16.266  render           | Time: 00:00.53 (Saving: 00:00.06)
00:16.266  render           | Rendering frame 20
00:16.266  render           | Start rendering: Scene, ViewLayer
00:16.266  render           | Engine: EEVEE
00:16.375  render           | Fra: 20 | Rendering 1 / 64 samples
00:16.500  render           | Fra: 20 | Rendering 25 / 64 samples
00:16.641  render           | Fra: 20 | Rendering 50 / 64 samples
00:16.734  render           | Fra: 20 | Rendering 64 / 64 samples
00:16.828  render           | Saved: 'C:\Users\d.grab\Desktop\the-game\ART\characters\act-1-enemies\forest-elite-wendigo\production\animation\reference_match_leap\final_frames\pose_0020.png'
00:16.828  render           | Time: 00:00.56 (Saving: 00:00.07)
00:16.828  render           | Rendering frame 21
00:16.828  render           | Start rendering: Scene, ViewLayer
00:16.828  render           | Engine: EEVEE
00:16.922  render           | Fra: 21 | Rendering 1 / 64 samples
00:17.047  render           | Fra: 21 | Rendering 25 / 64 samples
00:17.156  render           | Fra: 21 | Rendering 50 / 64 samples
00:17.250  render           | Fra: 21 | Rendering 64 / 64 samples
00:17.344  render           | Saved: 'C:\Users\d.grab\Desktop\the-game\ART\characters\act-1-enemies\forest-elite-wendigo\production\animation\reference_match_leap\final_frames\pose_0021.png'
00:17.344  render           | Time: 00:00.51 (Saving: 00:00.06)
00:17.344  render           | Rendering frame 22
00:17.344  render           | Start rendering: Scene, ViewLayer
00:17.344  render           | Engine: EEVEE
00:17.437  render           | Fra: 22 | Rendering 1 / 64 samples
00:17.562  render           | Fra: 22 | Rendering 25 / 64 samples
00:17.687  render           | Fra: 22 | Rendering 50 / 64 samples
00:17.766  render           | Fra: 22 | Rendering 64 / 64 samples
00:17.875  render           | Saved: 'C:\Users\d.grab\Desktop\the-game\ART\characters\act-1-enemies\forest-elite-wendigo\production\animation\reference_match_leap\final_frames\pose_0022.png'
00:17.875  render           | Time: 00:00.51 (Saving: 00:00.06)
00:17.875  render           | Rendering frame 23
00:17.875  render           | Start rendering: Scene, ViewLayer
00:17.875  render           | Engine: EEVEE
00:17.969  render           | Fra: 23 | Rendering 1 / 64 samples
00:18.094  render           | Fra: 23 | Rendering 25 / 64 samples
00:18.203  render           | Fra: 23 | Rendering 50 / 64 samples
00:18.297  render           | Fra: 23 | Rendering 64 / 64 samples
00:18.375  render           | Saved: 'C:\Users\d.grab\Desktop\the-game\ART\characters\act-1-enemies\forest-elite-wendigo\production\animation\reference_match_leap\final_frames\pose_0023.png'
00:18.375  render           | Time: 00:00.51 (Saving: 00:00.05)
00:18.375  render           | Rendering frame 24
00:18.375  render           | Start rendering: Scene, ViewLayer
00:18.375  render           | Engine: EEVEE
00:18.469  render           | Fra: 24 | Rendering 1 / 64 samples
00:18.594  render           | Fra: 24 | Rendering 25 / 64 samples
00:18.703  render           | Fra: 24 | Rendering 50 / 64 samples
00:18.797  render           | Fra: 24 | Rendering 64 / 64 samples
00:18.891  render           | Saved: 'C:\Users\d.grab\Desktop\the-game\ART\characters\act-1-enemies\forest-elite-wendigo\production\animation\reference_match_leap\final_frames\pose_0024.png'
00:18.891  render           | Time: 00:00.51 (Saving: 00:00.06)
00:18.891  render           | Rendering frame 25
00:18.891  render           | Start rendering: Scene, ViewLayer
00:18.891  render           | Engine: EEVEE
00:18.984  render           | Fra: 25 | Rendering 1 / 64 samples
00:19.109  render           | Fra: 25 | Rendering 25 / 64 samples
00:19.219  render           | Fra: 25 | Rendering 50 / 64 samples
00:19.312  render           | Fra: 25 | Rendering 64 / 64 samples
00:19.484  render           | Saved: 'C:\Users\d.grab\Desktop\the-game\ART\characters\act-1-enemies\forest-elite-wendigo\production\animation\reference_match_leap\final_frames\pose_0025.png'
00:19.484  render           | Time: 00:00.59 (Saving: 00:00.10)
00:19.484  render           | Rendering frame 26
00:19.484  render           | Start rendering: Scene, ViewLayer
00:19.484  render           | Engine: EEVEE
00:19.656  render           | Fra: 26 | Rendering 1 / 64 samples
00:19.812  render           | Fra: 26 | Rendering 25 / 64 samples
00:19.937  render           | Fra: 26 | Rendering 50 / 64 samples
00:20.031  render           | Fra: 26 | Rendering 64 / 64 samples
00:20.125  render           | Saved: 'C:\Users\d.grab\Desktop\the-game\ART\characters\act-1-enemies\forest-elite-wendigo\production\animation\reference_match_leap\final_frames\pose_0026.png'
00:20.125  render           | Time: 00:00.63 (Saving: 00:00.06)
00:20.125  render           | Rendering frame 27
00:20.125  render           | Start rendering: Scene, ViewLayer
00:20.125  render           | Engine: EEVEE
00:20.219  render           | Fra: 27 | Rendering 1 / 64 samples
00:20.375  render           | Fra: 27 | Rendering 25 / 64 samples
00:20.469  render           | Fra: 27 | Rendering 50 / 64 samples
00:20.531  render           | Fra: 27 | Rendering 64 / 64 samples
00:20.625  render           | Saved: 'C:\Users\d.grab\Desktop\the-game\ART\characters\act-1-enemies\forest-elite-wendigo\production\animation\reference_match_leap\final_frames\pose_0027.png'
00:20.625  render           | Time: 00:00.50 (Saving: 00:00.06)
00:20.625  render           | Rendering frame 28
00:20.625  render           | Start rendering: Scene, ViewLayer
00:20.625  render           | Engine: EEVEE
00:20.719  render           | Fra: 28 | Rendering 1 / 64 samples
00:20.859  render           | Fra: 28 | Rendering 25 / 64 samples
00:20.969  render           | Fra: 28 | Rendering 50 / 64 samples
00:21.031  render           | Fra: 28 | Rendering 64 / 64 samples
00:21.125  render           | Saved: 'C:\Users\d.grab\Desktop\the-game\ART\characters\act-1-enemies\forest-elite-wendigo\production\animation\reference_match_leap\final_frames\pose_0028.png'
00:21.125  render           | Time: 00:00.49 (Saving: 00:00.05)
00:21.125  render           | Rendering frame 29
00:21.125  render           | Start rendering: Scene, ViewLayer
00:21.125  render           | Engine: EEVEE
00:21.203  render           | Fra: 29 | Rendering 1 / 64 samples
00:21.375  render           | Fra: 29 | Rendering 25 / 64 samples
00:21.484  render           | Fra: 29 | Rendering 50 / 64 samples
00:21.547  render           | Fra: 29 | Rendering 64 / 64 samples
00:21.641  render           | Saved: 'C:\Users\d.grab\Desktop\the-game\ART\characters\act-1-enemies\forest-elite-wendigo\production\animation\reference_match_leap\final_frames\pose_0029.png'
00:21.641  render           | Time: 00:00.51 (Saving: 00:00.05)
00:21.641  render           | Rendering frame 30
00:21.641  render           | Start rendering: Scene, ViewLayer
00:21.641  render           | Engine: EEVEE
00:21.719  render           | Fra: 30 | Rendering 1 / 64 samples
00:21.891  render           | Fra: 30 | Rendering 25 / 64 samples
00:21.984  render           | Fra: 30 | Rendering 50 / 64 samples
00:22.047  render           | Fra: 30 | Rendering 64 / 64 samples
00:22.125  render           | Saved: 'C:\Users\d.grab\Desktop\the-game\ART\characters\act-1-enemies\forest-elite-wendigo\production\animation\reference_match_leap\final_frames\pose_0030.png'
00:22.125  render           | Time: 00:00.48 (Saving: 00:00.05)
00:22.125  render           | Rendering frame 31
00:22.125  render           | Start rendering: Scene, ViewLayer
00:22.125  render           | Engine: EEVEE
00:22.203  render           | Fra: 31 | Rendering 1 / 64 samples
00:22.359  render           | Fra: 31 | Rendering 25 / 64 samples
00:22.469  render           | Fra: 31 | Rendering 50 / 64 samples
00:22.531  render           | Fra: 31 | Rendering 64 / 64 samples
00:22.625  render           | Saved: 'C:\Users\d.grab\Desktop\the-game\ART\characters\act-1-enemies\forest-elite-wendigo\production\animation\reference_match_leap\final_frames\pose_0031.png'
00:22.625  render           | Time: 00:00.50 (Saving: 00:00.05)
00:22.625  render           | Rendering frame 32
00:22.625  render           | Start rendering: Scene, ViewLayer
00:22.625  render           | Engine: EEVEE
00:22.703  render           | Fra: 32 | Rendering 1 / 64 samples
00:22.875  render           | Fra: 32 | Rendering 25 / 64 samples
00:22.969  render           | Fra: 32 | Rendering 50 / 64 samples
00:23.031  render           | Fra: 32 | Rendering 64 / 64 samples
00:23.109  render           | Saved: 'C:\Users\d.grab\Desktop\the-game\ART\characters\act-1-enemies\forest-elite-wendigo\production\animation\reference_match_leap\final_frames\pose_0032.png'
00:23.109  render           | Time: 00:00.48 (Saving: 00:00.05)
00:23.109  render           | Rendering frame 33
00:23.109  render           | Start rendering: Scene, ViewLayer
00:23.109  render           | Engine: EEVEE
00:23.187  render           | Fra: 33 | Rendering 1 / 64 samples
00:23.344  render           | Fra: 33 | Rendering 25 / 64 samples
00:23.453  render           | Fra: 33 | Rendering 50 / 64 samples
00:23.516  render           | Fra: 33 | Rendering 64 / 64 samples
00:23.625  render           | Saved: 'C:\Users\d.grab\Desktop\the-game\ART\characters\act-1-enemies\forest-elite-wendigo\production\animation\reference_match_leap\final_frames\pose_0033.png'
00:23.625  render           | Time: 00:00.50 (Saving: 00:00.06)
00:23.625  render           | Rendering frame 34
00:23.625  render           | Start rendering: Scene, ViewLayer
00:23.625  render           | Engine: EEVEE
00:23.703  render           | Fra: 34 | Rendering 1 / 64 samples
00:23.859  render           | Fra: 34 | Rendering 25 / 64 samples
00:23.969  render           | Fra: 34 | Rendering 50 / 64 samples
00:24.047  render           | Fra: 34 | Rendering 64 / 64 samples
00:24.141  render           | Saved: 'C:\Users\d.grab\Desktop\the-game\ART\characters\act-1-enemies\forest-elite-wendigo\production\animation\reference_match_leap\final_frames\pose_0034.png'
00:24.141  render           | Time: 00:00.52 (Saving: 00:00.06)
00:24.141  render           | Rendering frame 35
00:24.141  render           | Start rendering: Scene, ViewLayer
00:24.141  render           | Engine: EEVEE
00:24.219  render           | Fra: 35 | Rendering 1 / 64 samples
00:24.391  render           | Fra: 35 | Rendering 25 / 64 samples
00:24.500  render           | Fra: 35 | Rendering 50 / 64 samples
00:24.562  render           | Fra: 35 | Rendering 64 / 64 samples
00:24.656  render           | Saved: 'C:\Users\d.grab\Desktop\the-game\ART\characters\act-1-enemies\forest-elite-wendigo\production\animation\reference_match_leap\final_frames\pose_0035.png'
00:24.656  render           | Time: 00:00.51 (Saving: 00:00.05)
00:24.656  render           | Rendering frame 36
00:24.656  render           | Start rendering: Scene, ViewLayer
00:24.656  render           | Engine: EEVEE
00:24.750  render           | Fra: 36 | Rendering 1 / 64 samples
00:24.891  render           | Fra: 36 | Rendering 25 / 64 samples
00:25.000  render           | Fra: 36 | Rendering 50 / 64 samples
00:25.078  render           | Fra: 36 | Rendering 64 / 64 samples
00:25.172  render           | Saved: 'C:\Users\d.grab\Desktop\the-game\ART\characters\act-1-enemies\forest-elite-wendigo\production\animation\reference_match_leap\final_frames\pose_0036.png'
00:25.172  render           | Time: 00:00.51 (Saving: 00:00.06)
00:25.172  render           | Rendering frame 37
00:25.172  render           | Start rendering: Scene, ViewLayer
00:25.172  render           | Engine: EEVEE
00:25.250  render           | Fra: 37 | Rendering 1 / 64 samples
00:25.406  render           | Fra: 37 | Rendering 25 / 64 samples
00:25.531  render           | Fra: 37 | Rendering 50 / 64 samples
00:25.594  render           | Fra: 37 | Rendering 64 / 64 samples
00:25.703  render           | Saved: 'C:\Users\d.grab\Desktop\the-game\ART\characters\act-1-enemies\forest-elite-wendigo\production\animation\reference_match_leap\final_frames\pose_0037.png'
00:25.703  render           | Time: 00:00.53 (Saving: 00:00.05)
00:25.703  render           | Rendering frame 38
00:25.703  render           | Start rendering: Scene, ViewLayer
00:25.703  render           | Engine: EEVEE
00:25.797  render           | Fra: 38 | Rendering 1 / 64 samples
00:25.969  render           | Fra: 38 | Rendering 25 / 64 samples
00:26.078  render           | Fra: 38 | Rendering 50 / 64 samples
00:26.125  render           | Fra: 38 | Rendering 64 / 64 samples
00:26.219  render           | Saved: 'C:\Users\d.grab\Desktop\the-game\ART\characters\act-1-enemies\forest-elite-wendigo\production\animation\reference_match_leap\final_frames\pose_0038.png'
00:26.219  render           | Time: 00:00.52 (Saving: 00:00.06)
00:26.219  render           | Rendering frame 39
00:26.219  render           | Start rendering: Scene, ViewLayer
00:26.219  render           | Engine: EEVEE
00:26.312  render           | Fra: 39 | Rendering 1 / 64 samples
00:26.453  render           | Fra: 39 | Rendering 25 / 64 samples
00:26.578  render           | Fra: 39 | Rendering 50 / 64 samples
00:26.641  render           | Fra: 39 | Rendering 64 / 64 samples
00:26.750  render           | Saved: 'C:\Users\d.grab\Desktop\the-game\ART\characters\act-1-enemies\forest-elite-wendigo\production\animation\reference_match_leap\final_frames\pose_0039.png'
00:26.750  render           | Time: 00:00.51 (Saving: 00:00.06)
00:26.750  render           | Rendering frame 40
00:26.750  render           | Start rendering: Scene, ViewLayer
00:26.750  render           | Engine: EEVEE
00:26.812  render           | Fra: 40 | Rendering 1 / 64 samples
00:26.984  render           | Fra: 40 | Rendering 25 / 64 samples
00:27.078  render           | Fra: 40 | Rendering 50 / 64 samples
00:27.141  render           | Fra: 40 | Rendering 64 / 64 samples
00:27.219  render           | Saved: 'C:\Users\d.grab\Desktop\the-game\ART\characters\act-1-enemies\forest-elite-wendigo\production\animation\reference_match_leap\final_frames\pose_0040.png'
00:27.219  render           | Time: 00:00.47 (Saving: 00:00.05)
00:27.219  render           | Rendering frame 41
00:27.219  render           | Start rendering: Scene, ViewLayer
00:27.219  render           | Engine: EEVEE
00:27.312  render           | Fra: 41 | Rendering 1 / 64 samples
00:27.453  render           | Fra: 41 | Rendering 25 / 64 samples
00:27.562  render           | Fra: 41 | Rendering 50 / 64 samples
00:27.625  render           | Fra: 41 | Rendering 64 / 64 samples
00:27.719  render           | Saved: 'C:\Users\d.grab\Desktop\the-game\ART\characters\act-1-enemies\forest-elite-wendigo\production\animation\reference_match_leap\final_frames\pose_0041.png'
00:27.719  render           | Time: 00:00.50 (Saving: 00:00.06)
00:27.719  render           | Rendering frame 42
00:27.719  render           | Start rendering: Scene, ViewLayer
00:27.719  render           | Engine: EEVEE
00:27.812  render           | Fra: 42 | Rendering 1 / 64 samples
00:27.969  render           | Fra: 42 | Rendering 25 / 64 samples
00:28.078  render           | Fra: 42 | Rendering 50 / 64 samples
00:28.141  render           | Fra: 42 | Rendering 64 / 64 samples
00:28.219  render           | Saved: 'C:\Users\d.grab\Desktop\the-game\ART\characters\act-1-enemies\forest-elite-wendigo\production\animation\reference_match_leap\final_frames\pose_0042.png'
00:28.219  render           | Time: 00:00.49 (Saving: 00:00.05)
00:28.219  render           | Rendering frame 43
00:28.219  render           | Start rendering: Scene, ViewLayer
00:28.219  render           | Engine: EEVEE
00:28.297  render           | Fra: 43 | Rendering 1 / 64 samples
00:28.437  render           | Fra: 43 | Rendering 25 / 64 samples
00:28.547  render           | Fra: 43 | Rendering 50 / 64 samples
00:28.609  render           | Fra: 43 | Rendering 64 / 64 samples
00:28.703  render           | Saved: 'C:\Users\d.grab\Desktop\the-game\ART\characters\act-1-enemies\forest-elite-wendigo\production\animation\reference_match_leap\final_frames\pose_0043.png'
00:28.703  render           | Time: 00:00.48 (Saving: 00:00.05)
00:28.703  render           | Rendering frame 44
00:28.703  render           | Start rendering: Scene, ViewLayer
00:28.703  render           | Engine: EEVEE
00:28.781  render           | Fra: 44 | Rendering 1 / 64 samples
00:28.953  render           | Fra: 44 | Rendering 25 / 64 samples
00:29.062  render           | Fra: 44 | Rendering 50 / 64 samples
00:29.109  render           | Fra: 44 | Rendering 64 / 64 samples
00:29.219  render           | Saved: 'C:\Users\d.grab\Desktop\the-game\ART\characters\act-1-enemies\forest-elite-wendigo\production\animation\reference_match_leap\final_frames\pose_0044.png'
00:29.219  render           | Time: 00:00.51 (Saving: 00:00.06)
00:29.219  render           | Rendering frame 45
00:29.219  render           | Start rendering: Scene, ViewLayer
00:29.219  render           | Engine: EEVEE
00:29.297  render           | Fra: 45 | Rendering 1 / 64 samples
00:29.453  render           | Fra: 45 | Rendering 25 / 64 samples
00:29.562  render           | Fra: 45 | Rendering 50 / 64 samples
00:29.625  render           | Fra: 45 | Rendering 64 / 64 samples
00:29.703  render           | Saved: 'C:\Users\d.grab\Desktop\the-game\ART\characters\act-1-enemies\forest-elite-wendigo\production\animation\reference_match_leap\final_frames\pose_0045.png'
00:29.703  render           | Time: 00:00.48 (Saving: 00:00.05)
00:29.703  render           | Rendering frame 46
00:29.703  render           | Start rendering: Scene, ViewLayer
00:29.703  render           | Engine: EEVEE
00:29.781  render           | Fra: 46 | Rendering 1 / 64 samples
00:29.922  render           | Fra: 46 | Rendering 25 / 64 samples
00:30.047  render           | Fra: 46 | Rendering 50 / 64 samples
00:30.109  render           | Fra: 46 | Rendering 64 / 64 samples
00:30.203  render           | Saved: 'C:\Users\d.grab\Desktop\the-game\ART\characters\act-1-enemies\forest-elite-wendigo\production\animation\reference_match_leap\final_frames\pose_0046.png'
00:30.203  render           | Time: 00:00.50 (Saving: 00:00.06)
00:30.203  render           | Rendering frame 47
00:30.203  render           | Start rendering: Scene, ViewLayer
00:30.203  render           | Engine: EEVEE
00:30.297  render           | Fra: 47 | Rendering 1 / 64 samples
00:30.437  render           | Fra: 47 | Rendering 25 / 64 samples
00:30.531  render           | Fra: 47 | Rendering 50 / 64 samples
00:30.594  render           | Fra: 47 | Rendering 64 / 64 samples
00:30.687  render           | Saved: 'C:\Users\d.grab\Desktop\the-game\ART\characters\act-1-enemies\forest-elite-wendigo\production\animation\reference_match_leap\final_frames\pose_0047.png'
00:30.687  render           | Time: 00:00.47 (Saving: 00:00.06)
00:30.687  render           | Rendering frame 48
00:30.687  render           | Start rendering: Scene, ViewLayer
00:30.687  render           | Engine: EEVEE
00:30.781  render           | Fra: 48 | Rendering 1 / 64 samples
00:30.922  render           | Fra: 48 | Rendering 25 / 64 samples
00:31.016  render           | Fra: 48 | Rendering 50 / 64 samples
00:31.094  render           | Fra: 48 | Rendering 64 / 64 samples
00:31.187  render           | Saved: 'C:\Users\d.grab\Desktop\the-game\ART\characters\act-1-enemies\forest-elite-wendigo\production\animation\reference_match_leap\final_frames\pose_0048.png'
00:31.187  render           | Time: 00:00.49 (Saving: 00:00.05)
00:31.187  render           | Rendering frame 49
00:31.187  render           | Start rendering: Scene, ViewLayer
00:31.187  render           | Engine: EEVEE
00:31.266  render           | Fra: 49 | Rendering 1 / 64 samples
00:31.406  render           | Fra: 49 | Rendering 25 / 64 samples
00:31.516  render           | Fra: 49 | Rendering 50 / 64 samples
00:31.578  render           | Fra: 49 | Rendering 64 / 64 samples
00:31.672  render           | Saved: 'C:\Users\d.grab\Desktop\the-game\ART\characters\act-1-enemies\forest-elite-wendigo\production\animation\reference_match_leap\final_frames\pose_0049.png'
00:31.687  render           | Time: 00:00.49 (Saving: 00:00.06)
00:31.687  render           | Rendering frame 50
00:31.687  render           | Start rendering: Scene, ViewLayer
00:31.687  render           | Engine: EEVEE
00:31.781  render           | Fra: 50 | Rendering 1 / 64 samples
00:31.922  render           | Fra: 50 | Rendering 25 / 64 samples
00:32.016  render           | Fra: 50 | Rendering 50 / 64 samples
00:32.094  render           | Fra: 50 | Rendering 64 / 64 samples
00:32.187  render           | Saved: 'C:\Users\d.grab\Desktop\the-game\ART\characters\act-1-enemies\forest-elite-wendigo\production\animation\reference_match_leap\final_frames\pose_0050.png'
00:32.187  render           | Time: 00:00.50 (Saving: 00:00.06)
00:32.187  render           | Rendering frame 51
00:32.187  render           | Start rendering: Scene, ViewLayer
00:32.187  render           | Engine: EEVEE
00:32.281  render           | Fra: 51 | Rendering 1 / 64 samples
00:32.422  render           | Fra: 51 | Rendering 25 / 64 samples
00:32.531  render           | Fra: 51 | Rendering 50 / 64 samples
00:32.625  render           | Fra: 51 | Rendering 64 / 64 samples
00:32.703  render           | Saved: 'C:\Users\d.grab\Desktop\the-game\ART\characters\act-1-enemies\forest-elite-wendigo\production\animation\reference_match_leap\final_frames\pose_0051.png'
00:32.703  render           | Time: 00:00.52 (Saving: 00:00.05)
00:32.703  render           | Rendering frame 52
00:32.703  render           | Start rendering: Scene, ViewLayer
00:32.703  render           | Engine: EEVEE
00:32.797  render           | Fra: 52 | Rendering 1 / 64 samples
00:32.953  render           | Fra: 52 | Rendering 25 / 64 samples
00:33.062  render           | Fra: 52 | Rendering 50 / 64 samples
00:33.141  render           | Fra: 52 | Rendering 64 / 64 samples
00:33.234  render           | Saved: 'C:\Users\d.grab\Desktop\the-game\ART\characters\act-1-enemies\forest-elite-wendigo\production\animation\reference_match_leap\final_frames\pose_0052.png'
00:33.234  render           | Time: 00:00.52 (Saving: 00:00.05)
00:33.234  render           | Rendering frame 53
00:33.234  render           | Start rendering: Scene, ViewLayer
00:33.234  render           | Engine: EEVEE
00:33.312  render           | Fra: 53 | Rendering 1 / 64 samples
00:33.437  render           | Fra: 53 | Rendering 25 / 64 samples
00:33.547  render           | Fra: 53 | Rendering 50 / 64 samples
00:33.641  render           | Fra: 53 | Rendering 64 / 64 samples
00:33.750  render           | Saved: 'C:\Users\d.grab\Desktop\the-game\ART\characters\act-1-enemies\forest-elite-wendigo\production\animation\reference_match_leap\final_frames\pose_0053.png'
00:33.750  render           | Time: 00:00.51 (Saving: 00:00.07)
00:33.750  render           | Rendering frame 54
00:33.750  render           | Start rendering: Scene, ViewLayer
00:33.750  render           | Engine: EEVEE
00:33.828  render           | Fra: 54 | Rendering 1 / 64 samples
00:33.937  render           | Fra: 54 | Rendering 25 / 64 samples
00:34.078  render           | Fra: 54 | Rendering 50 / 64 samples
00:34.172  render           | Fra: 54 | Rendering 64 / 64 samples
00:34.250  render           | Saved: 'C:\Users\d.grab\Desktop\the-game\ART\characters\act-1-enemies\forest-elite-wendigo\production\animation\reference_match_leap\final_frames\pose_0054.png'
00:34.250  render           | Time: 00:00.50 (Saving: 00:00.05)
00:34.250  render           | Rendering frame 55
00:34.250  render           | Start rendering: Scene, ViewLayer
00:34.250  render           | Engine: EEVEE
00:34.328  render           | Fra: 55 | Rendering 1 / 64 samples
00:34.453  render           | Fra: 55 | Rendering 25 / 64 samples
00:34.578  render           | Fra: 55 | Rendering 50 / 64 samples
00:34.656  render           | Fra: 55 | Rendering 64 / 64 samples
00:34.750  render           | Saved: 'C:\Users\d.grab\Desktop\the-game\ART\characters\act-1-enemies\forest-elite-wendigo\production\animation\reference_match_leap\final_frames\pose_0055.png'
00:34.750  render           | Time: 00:00.49 (Saving: 00:00.05)
00:34.750  render           | Rendering frame 56
00:34.750  render           | Start rendering: Scene, ViewLayer
00:34.750  render           | Engine: EEVEE
00:34.828  render           | Fra: 56 | Rendering 1 / 64 samples
00:34.953  render           | Fra: 56 | Rendering 25 / 64 samples
00:35.078  render           | Fra: 56 | Rendering 50 / 64 samples
00:35.156  render           | Fra: 56 | Rendering 64 / 64 samples
00:35.250  render           | Saved: 'C:\Users\d.grab\Desktop\the-game\ART\characters\act-1-enemies\forest-elite-wendigo\production\animation\reference_match_leap\final_frames\pose_0056.png'
00:35.250  render           | Time: 00:00.50 (Saving: 00:00.06)
00:35.250  render           | Rendering frame 57
00:35.250  render           | Start rendering: Scene, ViewLayer
00:35.250  render           | Engine: EEVEE
00:35.344  render           | Fra: 57 | Rendering 1 / 64 samples
00:35.453  render           | Fra: 57 | Rendering 25 / 64 samples
00:35.578  render           | Fra: 57 | Rendering 50 / 64 samples
00:35.672  render           | Fra: 57 | Rendering 64 / 64 samples
00:35.766  render           | Saved: 'C:\Users\d.grab\Desktop\the-game\ART\characters\act-1-enemies\forest-elite-wendigo\production\animation\reference_match_leap\final_frames\pose_0057.png'
00:35.766  render           | Time: 00:00.50 (Saving: 00:00.06)
00:35.766  render           | Rendering frame 58
00:35.766  render           | Start rendering: Scene, ViewLayer
00:35.766  render           | Engine: EEVEE
00:35.859  render           | Fra: 58 | Rendering 1 / 64 samples
00:35.984  render           | Fra: 58 | Rendering 25 / 64 samples
00:36.109  render           | Fra: 58 | Rendering 50 / 64 samples
00:36.203  render           | Fra: 58 | Rendering 64 / 64 samples
00:36.297  render           | Saved: 'C:\Users\d.grab\Desktop\the-game\ART\characters\act-1-enemies\forest-elite-wendigo\production\animation\reference_match_leap\final_frames\pose_0058.png'
00:36.297  render           | Time: 00:00.54 (Saving: 00:00.07)
00:36.297  render           | Rendering frame 59
00:36.297  render           | Start rendering: Scene, ViewLayer
00:36.297  render           | Engine: EEVEE
00:36.391  render           | Fra: 59 | Rendering 1 / 64 samples
00:36.531  render           | Fra: 59 | Rendering 25 / 64 samples
00:36.672  render           | Fra: 59 | Rendering 50 / 64 samples
00:36.750  render           | Fra: 59 | Rendering 64 / 64 samples
00:36.844  render           | Saved: 'C:\Users\d.grab\Desktop\the-game\ART\characters\act-1-enemies\forest-elite-wendigo\production\animation\reference_match_leap\final_frames\pose_0059.png'
00:36.844  render           | Time: 00:00.53 (Saving: 00:00.05)
00:36.844  render           | Rendering frame 60
00:36.844  render           | Start rendering: Scene, ViewLayer
00:36.844  render           | Engine: EEVEE
00:36.937  render           | Fra: 60 | Rendering 1 / 64 samples
00:37.047  render           | Fra: 60 | Rendering 25 / 64 samples
00:37.172  render           | Fra: 60 | Rendering 50 / 64 samples
00:37.250  render           | Fra: 60 | Rendering 64 / 64 samples
00:37.344  render           | Saved: 'C:\Users\d.grab\Desktop\the-game\ART\characters\act-1-enemies\forest-elite-wendigo\production\animation\reference_match_leap\final_frames\pose_0060.png'
00:37.344  render           | Time: 00:00.51 (Saving: 00:00.06)
00:37.344  render           | Rendering frame 61
00:37.344  render           | Start rendering: Scene, ViewLayer
00:37.344  render           | Engine: EEVEE
00:37.437  render           | Fra: 61 | Rendering 1 / 64 samples
00:37.562  render           | Fra: 61 | Rendering 25 / 64 samples
00:37.687  render           | Fra: 61 | Rendering 50 / 64 samples
00:37.766  render           | Fra: 61 | Rendering 64 / 64 samples
00:37.875  render           | Saved: 'C:\Users\d.grab\Desktop\the-game\ART\characters\act-1-enemies\forest-elite-wendigo\production\animation\reference_match_leap\final_frames\pose_0061.png'
00:37.875  render           | Time: 00:00.52 (Saving: 00:00.06)
00:37.875  render           | Rendering frame 62
00:37.875  render           | Start rendering: Scene, ViewLayer
00:37.875  render           | Engine: EEVEE
00:37.969  render           | Fra: 62 | Rendering 1 / 64 samples
00:38.078  render           | Fra: 62 | Rendering 25 / 64 samples
00:38.203  render           | Fra: 62 | Rendering 50 / 64 samples
00:38.281  render           | Fra: 62 | Rendering 64 / 64 samples
00:38.375  render           | Saved: 'C:\Users\d.grab\Desktop\the-game\ART\characters\act-1-enemies\forest-elite-wendigo\production\animation\reference_match_leap\final_frames\pose_0062.png'
00:38.375  render           | Time: 00:00.49 (Saving: 00:00.05)
00:38.375  render           | Rendering frame 63
00:38.375  render           | Start rendering: Scene, ViewLayer
00:38.375  render           | Engine: EEVEE
00:38.453  render           | Fra: 63 | Rendering 1 / 64 samples
00:38.562  render           | Fra: 63 | Rendering 25 / 64 samples
00:38.687  render           | Fra: 63 | Rendering 50 / 64 samples
00:38.766  render           | Fra: 63 | Rendering 64 / 64 samples
00:38.859  render           | Saved: 'C:\Users\d.grab\Desktop\the-game\ART\characters\act-1-enemies\forest-elite-wendigo\production\animation\reference_match_leap\final_frames\pose_0063.png'
00:38.859  render           | Time: 00:00.48 (Saving: 00:00.05)
00:38.859  render           | Rendering frame 64
00:38.859  render           | Start rendering: Scene, ViewLayer
00:38.859  render           | Engine: EEVEE
00:38.937  render           | Fra: 64 | Rendering 1 / 64 samples
00:39.047  render           | Fra: 64 | Rendering 25 / 64 samples
00:39.187  render           | Fra: 64 | Rendering 50 / 64 samples
00:39.266  render           | Fra: 64 | Rendering 64 / 64 samples
00:39.359  render           | Saved: 'C:\Users\d.grab\Desktop\the-game\ART\characters\act-1-enemies\forest-elite-wendigo\production\animation\reference_match_leap\final_frames\pose_0064.png'
00:39.359  render           | Time: 00:00.50 (Saving: 00:00.06)
00:39.359  render           | Rendering frame 65
00:39.359  render           | Start rendering: Scene, ViewLayer
00:39.359  render           | Engine: EEVEE
00:39.453  render           | Fra: 65 | Rendering 1 / 64 samples
00:39.531  render           | Fra: 65 | Rendering 25 / 64 samples
00:39.656  render           | Fra: 65 | Rendering 50 / 64 samples
00:39.734  render           | Fra: 65 | Rendering 64 / 64 samples
00:39.828  render           | Saved: 'C:\Users\d.grab\Desktop\the-game\ART\characters\act-1-enemies\forest-elite-wendigo\production\animation\reference_match_leap\final_frames\pose_0065.png'
00:39.828  render           | Time: 00:00.45 (Saving: 00:00.05)
00:39.828  render           | Rendering frame 66
00:39.828  render           | Start rendering: Scene, ViewLayer
00:39.828  render           | Engine: EEVEE
00:39.906  render           | Fra: 66 | Rendering 1 / 64 samples
00:40.016  render           | Fra: 66 | Rendering 25 / 64 samples
00:40.141  render           | Fra: 66 | Rendering 50 / 64 samples
00:40.219  render           | Fra: 66 | Rendering 64 / 64 samples
00:40.312  render           | Saved: 'C:\Users\d.grab\Desktop\the-game\ART\characters\act-1-enemies\forest-elite-wendigo\production\animation\reference_match_leap\final_frames\pose_0066.png'
00:40.312  render           | Time: 00:00.48 (Saving: 00:00.05)
00:40.312  render           | Rendering frame 67
00:40.312  render           | Start rendering: Scene, ViewLayer
00:40.312  render           | Engine: EEVEE
00:40.391  render           | Fra: 67 | Rendering 1 / 64 samples
00:40.516  render           | Fra: 67 | Rendering 25 / 64 samples
00:40.625  render           | Fra: 67 | Rendering 50 / 64 samples
00:40.719  render           | Fra: 67 | Rendering 64 / 64 samples
00:40.797  render           | Saved: 'C:\Users\d.grab\Desktop\the-game\ART\characters\act-1-enemies\forest-elite-wendigo\production\animation\reference_match_leap\final_frames\pose_0067.png'
00:40.797  render           | Time: 00:00.48 (Saving: 00:00.05)
00:40.797  render           | Rendering frame 68
00:40.797  render           | Start rendering: Scene, ViewLayer
00:40.797  render           | Engine: EEVEE
00:40.875  render           | Fra: 68 | Rendering 1 / 64 samples
00:40.984  render           | Fra: 68 | Rendering 25 / 64 samples
00:41.094  render           | Fra: 68 | Rendering 50 / 64 samples
00:41.172  render           | Fra: 68 | Rendering 64 / 64 samples
00:41.266  render           | Saved: 'C:\Users\d.grab\Desktop\the-game\ART\characters\act-1-enemies\forest-elite-wendigo\production\animation\reference_match_leap\final_frames\pose_0068.png'
00:41.266  render           | Time: 00:00.47 (Saving: 00:00.05)
00:41.266  render           | Rendering frame 69
00:41.266  render           | Start rendering: Scene, ViewLayer
00:41.266  render           | Engine: EEVEE
00:41.344  render           | Fra: 69 | Rendering 1 / 64 samples
00:41.469  render           | Fra: 69 | Rendering 25 / 64 samples
00:41.594  render           | Fra: 69 | Rendering 50 / 64 samples
00:41.672  render           | Fra: 69 | Rendering 64 / 64 samples
00:41.766  render           | Saved: 'C:\Users\d.grab\Desktop\the-game\ART\characters\act-1-enemies\forest-elite-wendigo\production\animation\reference_match_leap\final_frames\pose_0069.png'
00:41.766  render           | Time: 00:00.49 (Saving: 00:00.05)
00:41.766  render           | Rendering frame 70
00:41.766  render           | Start rendering: Scene, ViewLayer
00:41.766  render           | Engine: EEVEE
00:41.844  render           | Fra: 70 | Rendering 1 / 64 samples
00:41.969  render           | Fra: 70 | Rendering 25 / 64 samples
00:42.078  render           | Fra: 70 | Rendering 50 / 64 samples
00:42.156  render           | Fra: 70 | Rendering 64 / 64 samples
00:42.250  render           | Saved: 'C:\Users\d.grab\Desktop\the-game\ART\characters\act-1-enemies\forest-elite-wendigo\production\animation\reference_match_leap\final_frames\pose_0070.png'
00:42.250  render           | Time: 00:00.49 (Saving: 00:00.05)
00:42.250  render           | Rendering frame 71
00:42.250  render           | Start rendering: Scene, ViewLayer
00:42.250  render           | Engine: EEVEE
00:42.344  render           | Fra: 71 | Rendering 1 / 64 samples
00:42.469  render           | Fra: 71 | Rendering 25 / 64 samples
00:42.578  render           | Fra: 71 | Rendering 50 / 64 samples
00:42.656  render           | Fra: 71 | Rendering 64 / 64 samples
00:42.750  render           | Saved: 'C:\Users\d.grab\Desktop\the-game\ART\characters\act-1-enemies\forest-elite-wendigo\production\animation\reference_match_leap\final_frames\pose_0071.png'
00:42.750  render           | Time: 00:00.49 (Saving: 00:00.06)
00:42.750  render           | Rendering frame 72
00:42.750  render           | Start rendering: Scene, ViewLayer
00:42.750  render           | Engine: EEVEE
00:42.844  render           | Fra: 72 | Rendering 1 / 64 samples
00:42.969  render           | Fra: 72 | Rendering 25 / 64 samples
00:43.062  render           | Fra: 72 | Rendering 50 / 64 samples
00:43.156  render           | Fra: 72 | Rendering 64 / 64 samples
00:43.234  render           | Saved: 'C:\Users\d.grab\Desktop\the-game\ART\characters\act-1-enemies\forest-elite-wendigo\production\animation\reference_match_leap\final_frames\pose_0072.png'
00:43.234  render           | Time: 00:00.48 (Saving: 00:00.05)
00:43.234  render           | Rendering frame 73
00:43.234  render           | Start rendering: Scene, ViewLayer
00:43.234  render           | Engine: EEVEE
00:43.328  render           | Fra: 73 | Rendering 1 / 64 samples
00:43.453  render           | Fra: 73 | Rendering 25 / 64 samples
00:43.562  render           | Fra: 73 | Rendering 50 / 64 samples
00:43.641  render           | Fra: 73 | Rendering 64 / 64 samples
00:43.734  render           | Saved: 'C:\Users\d.grab\Desktop\the-game\ART\characters\act-1-enemies\forest-elite-wendigo\production\animation\reference_match_leap\final_frames\pose_0073.png'
00:43.734  render           | Time: 00:00.49 (Saving: 00:00.06)
00:43.734  render           | Rendering frame 74
00:43.734  render           | Start rendering: Scene, ViewLayer
00:43.734  render           | Engine: EEVEE
00:43.812  render           | Fra: 74 | Rendering 1 / 64 samples
00:43.953  render           | Fra: 74 | Rendering 25 / 64 samples
00:44.078  render           | Fra: 74 | Rendering 50 / 64 samples
00:44.156  render           | Fra: 74 | Rendering 64 / 64 samples
00:44.234  render           | Saved: 'C:\Users\d.grab\Desktop\the-game\ART\characters\act-1-enemies\forest-elite-wendigo\production\animation\reference_match_leap\final_frames\pose_0074.png'
00:44.234  render           | Time: 00:00.50 (Saving: 00:00.05)
00:44.234  render           | Rendering frame 75
00:44.234  render           | Start rendering: Scene, ViewLayer
00:44.234  render           | Engine: EEVEE
00:44.328  render           | Fra: 75 | Rendering 1 / 64 samples
00:44.437  render           | Fra: 75 | Rendering 25 / 64 samples
00:44.562  render           | Fra: 75 | Rendering 50 / 64 samples
00:44.641  render           | Fra: 75 | Rendering 64 / 64 samples
00:44.719  render           | Saved: 'C:\Users\d.grab\Desktop\the-game\ART\characters\act-1-enemies\forest-elite-wendigo\production\animation\reference_match_leap\final_frames\pose_0075.png'
00:44.719  render           | Time: 00:00.48 (Saving: 00:00.05)
00:44.719  render           | Rendering frame 76
00:44.719  render           | Start rendering: Scene, ViewLayer
00:44.719  render           | Engine: EEVEE
00:44.812  render           | Fra: 76 | Rendering 1 / 64 samples
00:44.922  render           | Fra: 76 | Rendering 25 / 64 samples
00:45.047  render           | Fra: 76 | Rendering 50 / 64 samples
00:45.125  render           | Fra: 76 | Rendering 64 / 64 samples
00:45.234  render           | Saved: 'C:\Users\d.grab\Desktop\the-game\ART\characters\act-1-enemies\forest-elite-wendigo\production\animation\reference_match_leap\final_frames\pose_0076.png'
00:45.234  render           | Time: 00:00.51 (Saving: 00:00.07)
00:45.234  render           | Rendering frame 77
00:45.234  render           | Start rendering: Scene, ViewLayer
00:45.234  render           | Engine: EEVEE
00:45.328  render           | Fra: 77 | Rendering 1 / 64 samples
00:45.453  render           | Fra: 77 | Rendering 25 / 64 samples
00:45.562  render           | Fra: 77 | Rendering 50 / 64 samples
00:45.641  render           | Fra: 77 | Rendering 64 / 64 samples
00:45.734  render           | Saved: 'C:\Users\d.grab\Desktop\the-game\ART\characters\act-1-enemies\forest-elite-wendigo\production\animation\reference_match_leap\final_frames\pose_0077.png'
00:45.734  render           | Time: 00:00.49 (Saving: 00:00.05)
00:45.734  render           | Rendering frame 78
00:45.734  render           | Start rendering: Scene, ViewLayer
00:45.734  render           | Engine: EEVEE
00:45.812  render           | Fra: 78 | Rendering 1 / 64 samples
00:45.922  render           | Fra: 78 | Rendering 25 / 64 samples
00:46.047  render           | Fra: 78 | Rendering 50 / 64 samples
00:46.125  render           | Fra: 78 | Rendering 64 / 64 samples
00:46.234  render           | Saved: 'C:\Users\d.grab\Desktop\the-game\ART\characters\act-1-enemies\forest-elite-wendigo\production\animation\reference_match_leap\final_frames\pose_0078.png'
00:46.234  render           | Time: 00:00.50 (Saving: 00:00.07)
00:46.234  render           | Rendering frame 79
00:46.234  render           | Start rendering: Scene, ViewLayer
00:46.234  render           | Engine: EEVEE
00:46.344  render           | Fra: 79 | Rendering 1 / 64 samples
00:46.500  render           | Fra: 79 | Rendering 25 / 64 samples
00:46.625  render           | Fra: 79 | Rendering 50 / 64 samples
00:46.719  render           | Fra: 79 | Rendering 64 / 64 samples
00:46.812  render           | Saved: 'C:\Users\d.grab\Desktop\the-game\ART\characters\act-1-enemies\forest-elite-wendigo\production\animation\reference_match_leap\final_frames\pose_0079.png'
00:46.812  render           | Time: 00:00.58 (Saving: 00:00.06)
00:46.812  render           | Rendering frame 80
00:46.812  render           | Start rendering: Scene, ViewLayer
00:46.812  render           | Engine: EEVEE
00:46.906  render           | Fra: 80 | Rendering 1 / 64 samples
00:47.016  render           | Fra: 80 | Rendering 25 / 64 samples
00:47.125  render           | Fra: 80 | Rendering 50 / 64 samples
00:47.219  render           | Fra: 80 | Rendering 64 / 64 samples
00:47.312  render           | Saved: 'C:\Users\d.grab\Desktop\the-game\ART\characters\act-1-enemies\forest-elite-wendigo\production\animation\reference_match_leap\final_frames\pose_0080.png'
00:47.312  render           | Time: 00:00.49 (Saving: 00:00.05)
00:47.312  render           | Rendering frame 81
00:47.312  render           | Start rendering: Scene, ViewLayer
00:47.312  render           | Engine: EEVEE
00:47.406  render           | Fra: 81 | Rendering 1 / 64 samples
00:47.516  render           | Fra: 81 | Rendering 25 / 64 samples
00:47.641  render           | Fra: 81 | Rendering 50 / 64 samples
00:47.750  render           | Fra: 81 | Rendering 64 / 64 samples
00:47.844  render           | Saved: 'C:\Users\d.grab\Desktop\the-game\ART\characters\act-1-enemies\forest-elite-wendigo\production\animation\reference_match_leap\final_frames\pose_0081.png'
00:47.844  render           | Time: 00:00.53 (Saving: 00:00.06)
00:47.844  render           | Rendering frame 82
00:47.844  render           | Start rendering: Scene, ViewLayer
00:47.844  render           | Engine: EEVEE
00:47.922  render           | Fra: 82 | Rendering 1 / 64 samples
00:48.047  render           | Fra: 82 | Rendering 25 / 64 samples
00:48.172  render           | Fra: 82 | Rendering 50 / 64 samples
00:48.250  render           | Fra: 82 | Rendering 64 / 64 samples
00:48.344  render           | Saved: 'C:\Users\d.grab\Desktop\the-game\ART\characters\act-1-enemies\forest-elite-wendigo\production\animation\reference_match_leap\final_frames\pose_0082.png'
00:48.344  render           | Time: 00:00.49 (Saving: 00:00.05)
00:48.344  render           | Rendering frame 83
00:48.344  render           | Start rendering: Scene, ViewLayer
00:48.344  render           | Engine: EEVEE
00:48.422  render           | Fra: 83 | Rendering 1 / 64 samples
00:48.531  render           | Fra: 83 | Rendering 25 / 64 samples
00:48.656  render           | Fra: 83 | Rendering 50 / 64 samples
00:48.750  render           | Fra: 83 | Rendering 64 / 64 samples
00:48.844  render           | Saved: 'C:\Users\d.grab\Desktop\the-game\ART\characters\act-1-enemies\forest-elite-wendigo\production\animation\reference_match_leap\final_frames\pose_0083.png'
00:48.844  render           | Time: 00:00.51 (Saving: 00:00.06)
00:48.844  render           | Rendering frame 84
00:48.844  render           | Start rendering: Scene, ViewLayer
00:48.844  render           | Engine: EEVEE
00:48.937  render           | Fra: 84 | Rendering 1 / 64 samples
00:49.047  render           | Fra: 84 | Rendering 25 / 64 samples
00:49.187  render           | Fra: 84 | Rendering 50 / 64 samples
00:49.250  render           | Fra: 84 | Rendering 64 / 64 samples
00:49.344  render           | Saved: 'C:\Users\d.grab\Desktop\the-game\ART\characters\act-1-enemies\forest-elite-wendigo\production\animation\reference_match_leap\final_frames\pose_0084.png'
00:49.344  render           | Time: 00:00.49 (Saving: 00:00.05)
00:49.344  render           | Rendering frame 85
00:49.344  render           | Start rendering: Scene, ViewLayer
00:49.344  render           | Engine: EEVEE
00:49.437  render           | Fra: 85 | Rendering 1 / 64 samples
00:49.547  render           | Fra: 85 | Rendering 25 / 64 samples
00:49.672  render           | Fra: 85 | Rendering 50 / 64 samples
00:49.750  render           | Fra: 85 | Rendering 64 / 64 samples
00:49.844  render           | Saved: 'C:\Users\d.grab\Desktop\the-game\ART\characters\act-1-enemies\forest-elite-wendigo\production\animation\reference_match_leap\final_frames\pose_0085.png'
00:49.844  render           | Time: 00:00.50 (Saving: 00:00.06)
00:49.844  render           | Rendering frame 86
00:49.844  render           | Start rendering: Scene, ViewLayer
00:49.844  render           | Engine: EEVEE
00:49.922  render           | Fra: 86 | Rendering 1 / 64 samples
00:50.047  render           | Fra: 86 | Rendering 25 / 64 samples
00:50.187  render           | Fra: 86 | Rendering 50 / 64 samples
00:50.250  render           | Fra: 86 | Rendering 64 / 64 samples
00:50.359  render           | Saved: 'C:\Users\d.grab\Desktop\the-game\ART\characters\act-1-enemies\forest-elite-wendigo\production\animation\reference_match_leap\final_frames\pose_0086.png'
00:50.359  render           | Time: 00:00.50 (Saving: 00:00.06)
00:50.359  render           | Rendering frame 87
00:50.359  render           | Start rendering: Scene, ViewLayer
00:50.359  render           | Engine: EEVEE
00:50.453  render           | Fra: 87 | Rendering 1 / 64 samples
00:50.562  render           | Fra: 87 | Rendering 25 / 64 samples
00:50.703  render           | Fra: 87 | Rendering 50 / 64 samples
00:50.781  render           | Fra: 87 | Rendering 64 / 64 samples
00:50.859  render           | Saved: 'C:\Users\d.grab\Desktop\the-game\ART\characters\act-1-enemies\forest-elite-wendigo\production\animation\reference_match_leap\final_frames\pose_0087.png'
00:50.859  render           | Time: 00:00.50 (Saving: 00:00.05)
00:50.859  render           | Rendering frame 88
00:50.859  render           | Start rendering: Scene, ViewLayer
00:50.859  render           | Engine: EEVEE
00:50.937  render           | Fra: 88 | Rendering 1 / 64 samples
00:51.047  render           | Fra: 88 | Rendering 25 / 64 samples
00:51.172  render           | Fra: 88 | Rendering 50 / 64 samples
00:51.250  render           | Fra: 88 | Rendering 64 / 64 samples
00:51.359  render           | Saved: 'C:\Users\d.grab\Desktop\the-game\ART\characters\act-1-enemies\forest-elite-wendigo\production\animation\reference_match_leap\final_frames\pose_0088.png'
00:51.359  render           | Time: 00:00.48 (Saving: 00:00.06)
00:51.359  render           | Rendering frame 89
00:51.359  render           | Start rendering: Scene, ViewLayer
00:51.359  render           | Engine: EEVEE
00:51.469  render           | Fra: 89 | Rendering 1 / 64 samples
00:51.594  render           | Fra: 89 | Rendering 25 / 64 samples
00:51.719  render           | Fra: 89 | Rendering 50 / 64 samples
00:51.797  render           | Fra: 89 | Rendering 64 / 64 samples
00:51.891  render           | Saved: 'C:\Users\d.grab\Desktop\the-game\ART\characters\act-1-enemies\forest-elite-wendigo\production\animation\reference_match_leap\final_frames\pose_0089.png'
00:51.891  render           | Time: 00:00.53 (Saving: 00:00.06)
00:51.891  render           | Rendering frame 90
00:51.891  render           | Start rendering: Scene, ViewLayer
00:51.891  render           | Engine: EEVEE
00:51.969  render           | Fra: 90 | Rendering 1 / 64 samples
00:52.062  render           | Fra: 90 | Rendering 25 / 64 samples
00:52.187  render           | Fra: 90 | Rendering 50 / 64 samples
00:52.266  render           | Fra: 90 | Rendering 64 / 64 samples
00:52.359  render           | Saved: 'C:\Users\d.grab\Desktop\the-game\ART\characters\act-1-enemies\forest-elite-wendigo\production\animation\reference_match_leap\final_frames\pose_0090.png'
00:52.359  render           | Time: 00:00.47 (Saving: 00:00.05)
00:52.359  render           | Rendering frame 91
00:52.359  render           | Start rendering: Scene, ViewLayer
00:52.359  render           | Engine: EEVEE
00:52.453  render           | Fra: 91 | Rendering 1 / 64 samples
00:52.562  render           | Fra: 91 | Rendering 25 / 64 samples
00:52.703  render           | Fra: 91 | Rendering 50 / 64 samples
00:52.797  render           | Fra: 91 | Rendering 64 / 64 samples
00:52.906  render           | Saved: 'C:\Users\d.grab\Desktop\the-game\ART\characters\act-1-enemies\forest-elite-wendigo\production\animation\reference_match_leap\final_frames\pose_0091.png'
00:52.906  render           | Time: 00:00.53 (Saving: 00:00.07)
00:52.906  render           | Rendering frame 92
00:52.906  render           | Start rendering: Scene, ViewLayer
00:52.906  render           | Engine: EEVEE
00:52.984  render           | Fra: 92 | Rendering 1 / 64 samples
00:53.109  render           | Fra: 92 | Rendering 25 / 64 samples
00:53.219  render           | Fra: 92 | Rendering 50 / 64 samples
00:53.297  render           | Fra: 92 | Rendering 64 / 64 samples
00:53.375  render           | Saved: 'C:\Users\d.grab\Desktop\the-game\ART\characters\act-1-enemies\forest-elite-wendigo\production\animation\reference_match_leap\final_frames\pose_0092.png'
00:53.375  render           | Time: 00:00.48 (Saving: 00:00.05)
00:53.375  render           | Rendering frame 93
00:53.375  render           | Start rendering: Scene, ViewLayer
00:53.375  render           | Engine: EEVEE
00:53.484  render           | Fra: 93 | Rendering 1 / 64 samples
00:53.594  render           | Fra: 93 | Rendering 25 / 64 samples
00:53.719  render           | Fra: 93 | Rendering 50 / 64 samples
00:53.812  render           | Fra: 93 | Rendering 64 / 64 samples
00:53.906  render           | Saved: 'C:\Users\d.grab\Desktop\the-game\ART\characters\act-1-enemies\forest-elite-wendigo\production\animation\reference_match_leap\final_frames\pose_0093.png'
00:53.906  render           | Time: 00:00.52 (Saving: 00:00.07)
00:53.906  render           | Rendering frame 94
00:53.906  render           | Start rendering: Scene, ViewLayer
00:53.906  render           | Engine: EEVEE
00:54.000  render           | Fra: 94 | Rendering 1 / 64 samples
00:54.141  render           | Fra: 94 | Rendering 25 / 64 samples
00:54.266  render           | Fra: 94 | Rendering 50 / 64 samples
00:54.344  render           | Fra: 94 | Rendering 64 / 64 samples
00:54.453  render           | Saved: 'C:\Users\d.grab\Desktop\the-game\ART\characters\act-1-enemies\forest-elite-wendigo\production\animation\reference_match_leap\final_frames\pose_0094.png'
00:54.453  render           | Time: 00:00.54 (Saving: 00:00.06)
00:54.453  render           | Rendering frame 95
00:54.453  render           | Start rendering: Scene, ViewLayer
00:54.453  render           | Engine: EEVEE
00:54.531  render           | Fra: 95 | Rendering 1 / 64 samples
00:54.641  render           | Fra: 95 | Rendering 25 / 64 samples
00:54.766  render           | Fra: 95 | Rendering 50 / 64 samples
00:54.844  render           | Fra: 95 | Rendering 64 / 64 samples
00:54.937  render           | Saved: 'C:\Users\d.grab\Desktop\the-game\ART\characters\act-1-enemies\forest-elite-wendigo\production\animation\reference_match_leap\final_frames\pose_0095.png'
00:54.937  render           | Time: 00:00.49 (Saving: 00:00.05)
00:54.937  render           | Rendering frame 96
00:54.937  render           | Start rendering: Scene, ViewLayer
00:54.937  render           | Engine: EEVEE
00:55.031  render           | Fra: 96 | Rendering 1 / 64 samples
00:55.156  render           | Fra: 96 | Rendering 25 / 64 samples
00:55.297  render           | Fra: 96 | Rendering 50 / 64 samples
00:55.391  render           | Fra: 96 | Rendering 64 / 64 samples
00:55.484  render           | Saved: 'C:\Users\d.grab\Desktop\the-game\ART\characters\act-1-enemies\forest-elite-wendigo\production\animation\reference_match_leap\final_frames\pose_0096.png'
00:55.484  render           | Time: 00:00.54 (Saving: 00:00.06)
[a_Rodin.utils-DBG]: RodinBridge: unregister
Traceback (most recent call last):
  File "C:\Program Files\Blender Foundation\Blender 5.2\5.2\scripts\modules\addon_utils.py", line 595, in disable
    mod.unregister()
    ~~~~~~~~~~~~~~^^
  File "C:\Users\d.grab\AppData\Roaming\Blender Foundation\Blender\5.2\scripts\addons\a_Rodin\__init__.py", line 28, in unregister
    unreg()
    ~~~~~^^
  File "C:\Program Files\Blender Foundation\Blender 5.2\5.2\scripts\modules\bpy\utils\__init__.py", line 1054, in unregister
    mod.unregister()
    ~~~~~~~~~~~~~~^^
  File "C:\Program Files\Blender Foundation\Blender 5.2\5.2\scripts\modules\bpy\utils\__init__.py", line 1054, in unregister
    mod.unregister()
    ~~~~~~~~~~~~~~^^
  File "C:\Program Files\Blender Foundation\Blender 5.2\5.2\scripts\modules\bpy\utils\__init__.py", line 1054, in unregister
    mod.unregister()
    ~~~~~~~~~~~~~~^^
  File "C:\Users\d.grab\AppData\Roaming\Blender Foundation\Blender\5.2\scripts\addons\a_Rodin\src\rodin\properties.py", line 408, in unregister
    bpy.app.handlers.load_post.remove(on_scene_load)
    ~~~~~~~~~~~~~~~~~~~~~~~~~~~~~~~~~^^^^^^^^^^^^^^^
ValueError: list.remove(x): x not in list
Reloading external rigs...
Reloading external metarigs...
Exception in module unregister(): 'C:\\Users\\d.grab\\AppData\\Roaming\\Blender Foundation\\Blender\\5.2\\scripts\\addons\\a_Rodin\\__init__.py'

Blender quit
