00:02.140  blend            | Read blend: "C:\Users\d.grab\Desktop\the-game\ART\characters\act-1-enemies\6.forest-stonepoof\production\animation\tusk\Stonehoof_Tusk_r01.blend"
00:03.718  render           | Saved: 'C:\Users\d.grab\Desktop\the-game\ART\characters\act-1-enemies\6.forest-stonepoof\production\review\animation_tusk\master_side_frames\0000.png'
00:03.875  render           | Saved: 'C:\Users\d.grab\Desktop\the-game\ART\characters\act-1-enemies\6.forest-stonepoof\production\review\animation_tusk\master_side_frames\0001.png'
00:04.047  render           | Saved: 'C:\Users\d.grab\Desktop\the-game\ART\characters\act-1-enemies\6.forest-stonepoof\production\review\animation_tusk\master_side_frames\0002.png'
00:04.218  render           | Saved: 'C:\Users\d.grab\Desktop\the-game\ART\characters\act-1-enemies\6.forest-stonepoof\production\review\animation_tusk\master_side_frames\0003.png'
00:04.375  render           | Saved: 'C:\Users\d.grab\Desktop\the-game\ART\characters\act-1-enemies\6.forest-stonepoof\production\review\animation_tusk\master_side_frames\0004.png'
00:04.531  render           | Saved: 'C:\Users\d.grab\Desktop\the-game\ART\characters\act-1-enemies\6.forest-stonepoof\production\review\animation_tusk\master_side_frames\0005.png'
00:04.687  render           | Saved: 'C:\Users\d.grab\Desktop\the-game\ART\characters\act-1-enemies\6.forest-stonepoof\production\review\animation_tusk\master_side_frames\0006.png'
00:04.843  render           | Saved: 'C:\Users\d.grab\Desktop\the-game\ART\characters\act-1-enemies\6.forest-stonepoof\production\review\animation_tusk\master_side_frames\0007.png'
00:05.000  render           | Saved: 'C:\Users\d.grab\Desktop\the-game\ART\characters\act-1-enemies\6.forest-stonepoof\production\review\animation_tusk\master_side_frames\0008.png'
00:05.172  render           | Saved: 'C:\Users\d.grab\Desktop\the-game\ART\characters\act-1-enemies\6.forest-stonepoof\production\review\animation_tusk\master_side_frames\0009.png'
00:05.343  render           | Saved: 'C:\Users\d.grab\Desktop\the-game\ART\characters\act-1-enemies\6.forest-stonepoof\production\review\animation_tusk\master_side_frames\0010.png'
00:05.500  render           | Saved: 'C:\Users\d.grab\Desktop\the-game\ART\characters\act-1-enemies\6.forest-stonepoof\production\review\animation_tusk\master_side_frames\0011.png'
00:05.718  render           | Saved: 'C:\Users\d.grab\Desktop\the-game\ART\characters\act-1-enemies\6.forest-stonepoof\production\review\animation_tusk\master_side_frames\0012.png'
00:05.984  render           | Saved: 'C:\Users\d.grab\Desktop\the-game\ART\characters\act-1-enemies\6.forest-stonepoof\production\review\animation_tusk\master_side_frames\0013.png'
00:06.187  render           | Saved: 'C:\Users\d.grab\Desktop\the-game\ART\characters\act-1-enemies\6.forest-stonepoof\production\review\animation_tusk\master_side_frames\0014.png'
00:06.406  render           | Saved: 'C:\Users\d.grab\Desktop\the-game\ART\characters\act-1-enemies\6.forest-stonepoof\production\review\animation_tusk\master_side_frames\0015.png'
00:06.625  render           | Saved: 'C:\Users\d.grab\Desktop\the-game\ART\characters\act-1-enemies\6.forest-stonepoof\production\review\animation_tusk\master_side_frames\0016.png'
00:06.812  render           | Saved: 'C:\Users\d.grab\Desktop\the-game\ART\characters\act-1-enemies\6.forest-stonepoof\production\review\animation_tusk\master_side_frames\0017.png'
00:07.000  render           | Saved: 'C:\Users\d.grab\Desktop\the-game\ART\characters\act-1-enemies\6.forest-stonepoof\production\review\animation_tusk\master_side_frames\0018.png'
00:07.187  render           | Saved: 'C:\Users\d.grab\Desktop\the-game\ART\characters\act-1-enemies\6.forest-stonepoof\production\review\animation_tusk\master_side_frames\0019.png'
00:07.343  render           | Saved: 'C:\Users\d.grab\Desktop\the-game\ART\characters\act-1-enemies\6.forest-stonepoof\production\review\animation_tusk\master_side_frames\0020.png'
00:07.500  render           | Saved: 'C:\Users\d.grab\Desktop\the-game\ART\characters\act-1-enemies\6.forest-stonepoof\production\review\animation_tusk\master_side_frames\0021.png'
00:07.672  render           | Saved: 'C:\Users\d.grab\Desktop\the-game\ART\characters\act-1-enemies\6.forest-stonepoof\production\review\animation_tusk\master_side_frames\0022.png'
00:07.843  render           | Saved: 'C:\Users\d.grab\Desktop\the-game\ART\characters\act-1-enemies\6.forest-stonepoof\production\review\animation_tusk\master_side_frames\0023.png'
00:08.015  render           | Saved: 'C:\Users\d.grab\Desktop\the-game\ART\characters\act-1-enemies\6.forest-stonepoof\production\review\animation_tusk\master_side_frames\0024.png'
00:08.172  render           | Saved: 'C:\Users\d.grab\Desktop\the-game\ART\characters\act-1-enemies\6.forest-stonepoof\production\review\animation_tusk\master_side_frames\0025.png'
00:08.343  render           | Saved: 'C:\Users\d.grab\Desktop\the-game\ART\characters\act-1-enemies\6.forest-stonepoof\production\review\animation_tusk\master_side_frames\0026.png'
00:08.500  render           | Saved: 'C:\Users\d.grab\Desktop\the-game\ART\characters\act-1-enemies\6.forest-stonepoof\production\review\animation_tusk\master_game_frames\0000.png'
00:08.672  render           | Saved: 'C:\Users\d.grab\Desktop\the-game\ART\characters\act-1-enemies\6.forest-stonepoof\production\review\animation_tusk\master_game_frames\0001.png'
00:08.828  render           | Saved: 'C:\Users\d.grab\Desktop\the-game\ART\characters\act-1-enemies\6.forest-stonepoof\production\review\animation_tusk\master_game_frames\0002.png'
00:09.000  render           | Saved: 'C:\Users\d.grab\Desktop\the-game\ART\characters\act-1-enemies\6.forest-stonepoof\production\review\animation_tusk\master_game_frames\0003.png'
00:09.187  render           | Saved: 'C:\Users\d.grab\Desktop\the-game\ART\characters\act-1-enemies\6.forest-stonepoof\production\review\animation_tusk\master_game_frames\0004.png'
00:09.359  render           | Saved: 'C:\Users\d.grab\Desktop\the-game\ART\characters\act-1-enemies\6.forest-stonepoof\production\review\animation_tusk\master_game_frames\0005.png'
00:09.515  render           | Saved: 'C:\Users\d.grab\Desktop\the-game\ART\characters\act-1-enemies\6.forest-stonepoof\production\review\animation_tusk\master_game_frames\0006.png'
00:09.672  render           | Saved: 'C:\Users\d.grab\Desktop\the-game\ART\characters\act-1-enemies\6.forest-stonepoof\production\review\animation_tusk\master_game_frames\0007.png'
00:09.828  render           | Saved: 'C:\Users\d.grab\Desktop\the-game\ART\characters\act-1-enemies\6.forest-stonepoof\production\review\animation_tusk\master_game_frames\0008.png'
00:10.000  render           | Saved: 'C:\Users\d.grab\Desktop\the-game\ART\characters\act-1-enemies\6.forest-stonepoof\production\review\animation_tusk\master_game_frames\0009.png'
00:10.156  render           | Saved: 'C:\Users\d.grab\Desktop\the-game\ART\characters\act-1-enemies\6.forest-stonepoof\production\review\animation_tusk\master_game_frames\0010.png'
00:10.312  render           | Saved: 'C:\Users\d.grab\Desktop\the-game\ART\characters\act-1-enemies\6.forest-stonepoof\production\review\animation_tusk\master_game_frames\0011.png'
00:10.468  render           | Saved: 'C:\Users\d.grab\Desktop\the-game\ART\characters\act-1-enemies\6.forest-stonepoof\production\review\animation_tusk\master_game_frames\0012.png'
00:10.625  render           | Saved: 'C:\Users\d.grab\Desktop\the-game\ART\characters\act-1-enemies\6.forest-stonepoof\production\review\animation_tusk\master_game_frames\0013.png'
00:10.781  render           | Saved: 'C:\Users\d.grab\Desktop\the-game\ART\characters\act-1-enemies\6.forest-stonepoof\production\review\animation_tusk\master_game_frames\0014.png'
00:10.937  render           | Saved: 'C:\Users\d.grab\Desktop\the-game\ART\characters\act-1-enemies\6.forest-stonepoof\production\review\animation_tusk\master_game_frames\0015.png'
00:11.093  render           | Saved: 'C:\Users\d.grab\Desktop\the-game\ART\characters\act-1-enemies\6.forest-stonepoof\production\review\animation_tusk\master_game_frames\0016.png'
00:11.250  render           | Saved: 'C:\Users\d.grab\Desktop\the-game\ART\characters\act-1-enemies\6.forest-stonepoof\production\review\animation_tusk\master_game_frames\0017.png'
00:11.406  render           | Saved: 'C:\Users\d.grab\Desktop\the-game\ART\characters\act-1-enemies\6.forest-stonepoof\production\review\animation_tusk\master_game_frames\0018.png'
00:11.547  render           | Saved: 'C:\Users\d.grab\Desktop\the-game\ART\characters\act-1-enemies\6.forest-stonepoof\production\review\animation_tusk\master_game_frames\0019.png'
00:11.703  render           | Saved: 'C:\Users\d.grab\Desktop\the-game\ART\characters\act-1-enemies\6.forest-stonepoof\production\review\animation_tusk\master_game_frames\0020.png'
00:11.859  render           | Saved: 'C:\Users\d.grab\Desktop\the-game\ART\characters\act-1-enemies\6.forest-stonepoof\production\review\animation_tusk\master_game_frames\0021.png'
00:12.015  render           | Saved: 'C:\Users\d.grab\Desktop\the-game\ART\characters\act-1-enemies\6.forest-stonepoof\production\review\animation_tusk\master_game_frames\0022.png'
00:12.172  render           | Saved: 'C:\Users\d.grab\Desktop\the-game\ART\characters\act-1-enemies\6.forest-stonepoof\production\review\animation_tusk\master_game_frames\0023.png'
00:12.312  render           | Saved: 'C:\Users\d.grab\Desktop\the-game\ART\characters\act-1-enemies\6.forest-stonepoof\production\review\animation_tusk\master_game_frames\0024.png'
00:12.468  render           | Saved: 'C:\Users\d.grab\Desktop\the-game\ART\characters\act-1-enemies\6.forest-stonepoof\production\review\animation_tusk\master_game_frames\0025.png'
00:12.625  render           | Saved: 'C:\Users\d.grab\Desktop\the-game\ART\characters\act-1-enemies\6.forest-stonepoof\production\review\animation_tusk\master_game_frames\0026.png'
00:12.797  render           | Saved: 'C:\Users\d.grab\Desktop\the-game\ART\characters\act-1-enemies\6.forest-stonepoof\production\review\animation_tusk\master_front_frames\0000.png'
00:12.953  render           | Saved: 'C:\Users\d.grab\Desktop\the-game\ART\characters\act-1-enemies\6.forest-stonepoof\production\review\animation_tusk\master_front_frames\0001.png'
00:13.109  render           | Saved: 'C:\Users\d.grab\Desktop\the-game\ART\characters\act-1-enemies\6.forest-stonepoof\production\review\animation_tusk\master_front_frames\0002.png'
00:13.265  render           | Saved: 'C:\Users\d.grab\Desktop\the-game\ART\characters\act-1-enemies\6.forest-stonepoof\production\review\animation_tusk\master_front_frames\0003.png'
00:13.422  render           | Saved: 'C:\Users\d.grab\Desktop\the-game\ART\characters\act-1-enemies\6.forest-stonepoof\production\review\animation_tusk\master_front_frames\0004.png'
00:13.578  render           | Saved: 'C:\Users\d.grab\Desktop\the-game\ART\characters\act-1-enemies\6.forest-stonepoof\production\review\animation_tusk\master_front_frames\0005.png'
00:13.750  render           | Saved: 'C:\Users\d.grab\Desktop\the-game\ART\characters\act-1-enemies\6.forest-stonepoof\production\review\animation_tusk\master_front_frames\0006.png'
00:13.922  render           | Saved: 'C:\Users\d.grab\Desktop\the-game\ART\characters\act-1-enemies\6.forest-stonepoof\production\review\animation_tusk\master_front_frames\0007.png'
00:14.078  render           | Saved: 'C:\Users\d.grab\Desktop\the-game\ART\characters\act-1-enemies\6.forest-stonepoof\production\review\animation_tusk\master_front_frames\0008.png'
00:14.234  render           | Saved: 'C:\Users\d.grab\Desktop\the-game\ART\characters\act-1-enemies\6.forest-stonepoof\production\review\animation_tusk\master_front_frames\0009.png'
00:14.390  render           | Saved: 'C:\Users\d.grab\Desktop\the-game\ART\characters\act-1-enemies\6.forest-stonepoof\production\review\animation_tusk\master_front_frames\0010.png'
00:14.531  render           | Saved: 'C:\Users\d.grab\Desktop\the-game\ART\characters\act-1-enemies\6.forest-stonepoof\production\review\animation_tusk\master_front_frames\0011.png'
00:14.687  render           | Saved: 'C:\Users\d.grab\Desktop\the-game\ART\characters\act-1-enemies\6.forest-stonepoof\production\review\animation_tusk\master_front_frames\0012.png'
00:14.859  render           | Saved: 'C:\Users\d.grab\Desktop\the-game\ART\characters\act-1-enemies\6.forest-stonepoof\production\review\animation_tusk\master_front_frames\0013.png'
00:15.031  render           | Saved: 'C:\Users\d.grab\Desktop\the-game\ART\characters\act-1-enemies\6.forest-stonepoof\production\review\animation_tusk\master_front_frames\0014.png'
00:15.187  render           | Saved: 'C:\Users\d.grab\Desktop\the-game\ART\characters\act-1-enemies\6.forest-stonepoof\production\review\animation_tusk\master_front_frames\0015.png'
00:15.343  render           | Saved: 'C:\Users\d.grab\Desktop\the-game\ART\characters\act-1-enemies\6.forest-stonepoof\production\review\animation_tusk\master_front_frames\0016.png'
00:15.515  render           | Saved: 'C:\Users\d.grab\Desktop\the-game\ART\characters\act-1-enemies\6.forest-stonepoof\production\review\animation_tusk\master_front_frames\0017.png'
00:15.672  render           | Saved: 'C:\Users\d.grab\Desktop\the-game\ART\characters\act-1-enemies\6.forest-stonepoof\production\review\animation_tusk\master_front_frames\0018.png'
00:15.828  render           | Saved: 'C:\Users\d.grab\Desktop\the-game\ART\characters\act-1-enemies\6.forest-stonepoof\production\review\animation_tusk\master_front_frames\0019.png'
00:15.984  render           | Saved: 'C:\Users\d.grab\Desktop\the-game\ART\characters\act-1-enemies\6.forest-stonepoof\production\review\animation_tusk\master_front_frames\0020.png'
00:16.156  render           | Saved: 'C:\Users\d.grab\Desktop\the-game\ART\characters\act-1-enemies\6.forest-stonepoof\production\review\animation_tusk\master_front_frames\0021.png'
00:16.609  render           | Saved: 'C:\Users\d.grab\Desktop\the-game\ART\characters\act-1-enemies\6.forest-stonepoof\production\review\animation_tusk\master_front_frames\0022.png'
00:16.797  render           | Saved: 'C:\Users\d.grab\Desktop\the-game\ART\characters\act-1-enemies\6.forest-stonepoof\production\review\animation_tusk\master_front_frames\0023.png'
00:16.984  render           | Saved: 'C:\Users\d.grab\Desktop\the-game\ART\characters\act-1-enemies\6.forest-stonepoof\production\review\animation_tusk\master_front_frames\0024.png'
00:17.203  render           | Saved: 'C:\Users\d.grab\Desktop\the-game\ART\characters\act-1-enemies\6.forest-stonepoof\production\review\animation_tusk\master_front_frames\0025.png'
00:17.390  render           | Saved: 'C:\Users\d.grab\Desktop\the-game\ART\characters\act-1-enemies\6.forest-stonepoof\production\review\animation_tusk\master_front_frames\0026.png'
TUSK_RENDER_DONE master
Blender 5.2.1 LTS (hash 9e2066aef7ef built 2026-08-25 02:38:20)

Blender quit
