00:02.922  blend            | Read blend: "C:\Users\d.grab\Desktop\the-game\ART\characters\act-1-enemies\forest-stonepoof\production\Stonehoof_ModelCandidate_r03.blend"
00:05.422  render           | Saved: 'C:\Users\d.grab\Desktop\the-game\ART\characters\act-1-enemies\forest-stonepoof\production\review\model_stage\run_frames\0000.png'
00:06.031  render           | Saved: 'C:\Users\d.grab\Desktop\the-game\ART\characters\act-1-enemies\forest-stonepoof\production\review\model_stage\run_frames\0001.png'
00:06.640  render           | Saved: 'C:\Users\d.grab\Desktop\the-game\ART\characters\act-1-enemies\forest-stonepoof\production\review\model_stage\run_frames\0002.png'
00:07.265  render           | Saved: 'C:\Users\d.grab\Desktop\the-game\ART\characters\act-1-enemies\forest-stonepoof\production\review\model_stage\run_frames\0003.png'
00:07.937  render           | Saved: 'C:\Users\d.grab\Desktop\the-game\ART\characters\act-1-enemies\forest-stonepoof\production\review\model_stage\run_frames\0004.png'
00:08.594  render           | Saved: 'C:\Users\d.grab\Desktop\the-game\ART\characters\act-1-enemies\forest-stonepoof\production\review\model_stage\run_frames\0005.png'
00:09.297  render           | Saved: 'C:\Users\d.grab\Desktop\the-game\ART\characters\act-1-enemies\forest-stonepoof\production\review\model_stage\run_frames\0006.png'
00:09.984  render           | Saved: 'C:\Users\d.grab\Desktop\the-game\ART\characters\act-1-enemies\forest-stonepoof\production\review\model_stage\run_frames\0007.png'
00:10.687  render           | Saved: 'C:\Users\d.grab\Desktop\the-game\ART\characters\act-1-enemies\forest-stonepoof\production\review\model_stage\run_frames\0008.png'
00:11.359  render           | Saved: 'C:\Users\d.grab\Desktop\the-game\ART\characters\act-1-enemies\forest-stonepoof\production\review\model_stage\run_frames\0009.png'
00:12.047  render           | Saved: 'C:\Users\d.grab\Desktop\the-game\ART\characters\act-1-enemies\forest-stonepoof\production\review\model_stage\run_frames\0010.png'
00:12.765  render           | Saved: 'C:\Users\d.grab\Desktop\the-game\ART\characters\act-1-enemies\forest-stonepoof\production\review\model_stage\run_frames\0011.png'
00:13.500  render           | Saved: 'C:\Users\d.grab\Desktop\the-game\ART\characters\act-1-enemies\forest-stonepoof\production\review\model_stage\run_frames\0012.png'
00:14.156  render           | Saved: 'C:\Users\d.grab\Desktop\the-game\ART\characters\act-1-enemies\forest-stonepoof\production\review\model_stage\run_frames\0013.png'
FBX version: 7400
Info: Saved as "Stonehoof_Audit_Run_r03.blend"
STONEHOOF_REVIEW_COMPLETE run
Blender 5.2.1 LTS (hash 9e2066aef7ef built 2026-08-25 02:38:20)

Blender quit
