[a_Rodin.utils-DBG]: RodinBridge: register
[a_Rodin.utils-WRN]: Server running on port 61863
[a_Rodin.utils-DBG]: on_scene_load
[a_Rodin.utils-DBG]: ensure_default_image
00:13.375  blend            | Read blend: "C:\Users\d.grab\Desktop\the-game\ART\characters\pelag\production-2026-09-27\model\Pelag_Model_Candidate.blend"
Reloading external rigs...
Reloading external metarigs...
{"rig": [[1.0, 0.0, 0.0, 0.0], [0.0, 7.549790126404332e-08, -1.0, 0.0], [0.0, 1.0, 7.549790126404332e-08, 0.0], [0.0, 0.0, 0.0, 1.0]], "body": [[1.0, 5.218225851422176e-09, -1.6859758034115657e-08, 2.0168045011814684e-08], [-1.3005774235352874e-08, 7.466952212098477e-08, -1.0, 2.049489467026433e-08], [3.035438567167148e-09, 0.9999998807907104, 7.485142106133935e-08, 2.955857780762017e-10], [0.0, 0.0, 0.0, 1.0]], "bones": {"mixamorig:Hips": {"restWorld": [[1.0, 0.0, 0.0, 2.801418122544419e-05], [0.0, 7.549790126404332e-08, -1.0, -0.001975869294255972], [0.0, 1.0, 7.549790126404332e-08, 0.9693538546562195], [0.0, 0.0, 0.0, 1.0]], "poseWorld": [[1.0, 0.0, 0.0, 2.801418122544419e-05], [0.0, 7.549790126404332e-08, -1.0, -0.001975869294255972], [0.0, 1.0, 7.549790126404332e-08, 0.9693538546562195], [0.0, 0.0, 0.0, 1.0]]}, "mixamorig:Spine2": {"restWorld": [[1.0, 5.610498177155421e-11, 3.636021605329942e-12, 2.8014179406454787e-05], [-3.636021171649073e-12, 0.12907281517982483, -0.9916351437568665, 0.040023498237133026], [-5.610497136321335e-11, 0.9916350245475769, 0.12907283008098602, 1.2920249700546265], [0.0, 0.0, 0.0, 1.0]], "poseWorld": [[0.9986295104026794, 0.006755128502845764, -0.05189812183380127, 2.8014179406454787e-05], [-0.05233590304851532, 0.1288958042860031, -0.9902761578559875, 0.04002348333597183], [7.676541180501317e-09, 0.9916351437568665, 0.12907269597053528, 1.2920249700546265], [0.0, 0.0, 0.0, 1.0]]}, "mixamorig:Head": {"restWorld": [[1.0, -3.7617072331614625e-20, 0.0, 2.801418122544419e-05], [6.505223891658566e-19, 1.0093411617617676e-07, -1.0, 0.053801052272319794], [1.2180681197374111e-17, 1.0, 1.1583527737002441e-07, 1.4940900802612305], [0.0, 0.0, 0.0, 1.0]], "poseWorld": [[0.9986295104026794, -7.242651811623091e-09, -0.05233589559793472, 0.0007490720017813146], [-0.052335891872644424, 8.765015024891909e-08, -0.9986295700073242, 0.0537821389734745], [1.2525353199066558e-08, 1.0, 8.741445611804011e-08, 1.4940900802612305], [0.0, 0.0, 0.0, 1.0]]}, "mixamorig:RightHand": {"restWorld": [[0.06325589865446091, -0.4682444930076599, 0.881331741809845, -0.45361268520355225], [-0.989690363407135, -0.14313560724258423, -0.005013755057007074, 0.013825793750584126], [0.1284976452589035, -0.871928334236145, -0.4724714756011963, 0.9472358226776123], [0.0, 0.0, 0.0, 1.0]], "poseWorld": [[-0.6428400278091431, -0.015242795459926128, 0.7658487558364868, -0.34000107645988464], [-0.6334975957870483, -0.5514811873435974, -0.5427231788635254, -0.259999543428421], [0.4306240379810333, -0.834047794342041, 0.34485816955566406, 1.0500004291534424], [0.0, 0.0, 0.0, 1.0]]}, "mixamorig:LeftHand": {"restWorld": [[0.040428318083286285, 0.4600406289100647, -0.8869771361351013, 0.45366865396499634], [0.991360604763031, -0.12932536005973816, -0.021889975294470787, 0.013641265220940113], [-0.12477894872426987, -0.8784291744232178, -0.4612942934036255, 0.9472358822822571], [0.0, 0.0, 0.0, 1.0]], "poseWorld": [[0.46079221367836, -0.3231196105480194, -0.8265982270240784, 0.3000003695487976], [0.5692234635353088, -0.6069757342338562, 0.5545856952667236, -0.09999961405992508], [-0.6809223294258118, -0.7260676622390747, -0.09576234966516495, 1.0500003099441528], [0.0, 0.0, 0.0, 1.0]]}, "mixamorig:RightFoot": {"restWorld": [[-0.9907830953598022, -0.09696502983570099, 0.09442359954118729, -0.19460630416870117], [0.011270015500485897, -0.7542905807495117, -0.6564415097236633, 0.05076977238059044], [0.13487577438354492, -0.6493383646011353, 0.7484437823295593, 0.13597926497459412], [0.0, 0.0, 0.0, 1.0]], "poseWorld": [[-0.9892604947090149, -0.1143282949924469, 0.09105727821588516, -0.20919755101203918], [0.014482496306300163, -0.6965649724006653, -0.7173477411270142, 0.03985428437590599], [0.14544355869293213, -0.7083264589309692, 0.6907391548156738, 0.14152973890304565], [0.0, 0.0, 0.0, 1.0]]}}, "saber": {"meshBounds": [[-0.14523063600063324, 0.09708056598901749], [-0.3382995128631592, 0.9883652329444885], [-0.06707780808210373, 0.07264243811368942]]}, "unitybones": {"mixamorig:Hips": [0.0182, 3.4080706e-06, 1.13043264e-07, 1.05861247e-07, -3.40807128e-06, 0.0182, 1.14377215e-07, 0.009648682, -1.13021862e-07, -1.14398382e-07, 0.0182, 0.000179254348, 0.0, 0.0, 0.0, 1.0], "mixamorig:Spine2": [0.0182, 0.0, 3.641617e-13, 2.75826778e-07, 5.296897e-13, 0.0180477574, 0.00234912755, 0.012839268, -3.8899095e-13, -0.00234912755, 0.0180477574, -0.000236043386, 0.0, 0.0, 0.0, 1.0], "mixamorig:Head": [0.0182, 0.0, 4.138201e-13, 2.75826864e-07, 5.296897e-13, 0.0181999989, 2.12109086e-09, 0.0148372995, -3.8899095e-13, -2.09993378e-09, 0.0181999989, -0.000372276263, 0.0, 0.0, 0.0, 1.0], "mixamorig:RightHand": [-0.0020014965, 0.018088406, -0.000209099773, 0.00665416429, -0.000377054646, -0.000252044585, -0.01819435, 0.0136283264, -0.018085679, -0.00199654256, 0.000402459555, -0.000414941547, 0.0, 0.0, 0.0, 1.0], "mixamorig:LeftHand": [-0.00214937259, -0.01806097, 0.0006495002, -0.006653828, 0.0004327183, -0.0007053202, -0.0181811787, 0.0136283152, 0.0180674512, -0.00213170773, 0.0005127083, -0.0004131094, 0.0, 0.0, 0.0, 1.0], "mixamorig:RightFoot": [-0.0180325285, 0.00176476955, -0.00171850144, 0.0009547719, -0.002454722, -0.0118179731, 0.0136216721, 0.00134439114, 0.000204939817, 0.0137281166, 0.0119472519, -0.0002535168, 0.0, 0.0, 0.0, 1.0]}, "unitybind": {"mixamorig:Hips": [0.0182000026, 2.64536e-13, 1.523358e-14, -2.77006052e-07, 2.645359e-13, 0.0182, 1.3740693e-09, 0.009585029, -1.99717912e-20, -1.374054e-09, 0.0182, 1.95375051e-05, 0.0, 0.0, 0.0, 1.0], "mixamorig:Spine2": [0.0182, -1.55837707e-21, 2.9098e-20, -2.77005853e-07, -7.351897e-21, 0.0180477574, 0.002349128, 0.0127756167, -2.83439027e-20, -0.00234912778, 0.01804776, -0.000395754731, 0.0, 0.0, 0.0, 1.0], "mixamorig:Head": [0.0182, -3.463713e-27, 2.905574e-20, -2.77005967e-07, -4.53343443e-20, 0.0181999952, 1.37406153e-09, 0.0147736492, 3.422647e-27, -1.3740612e-09, 0.0181999989, -0.000531987869, 0.0, 0.0, 0.0, 1.0], "mixamorig:LeftHand": [0.000735792564, -0.008372714, 0.0161429923, -0.00448590564, 0.002270968, -0.015987426, -0.008395532, 0.009366323, 0.0180427618, 0.002353715, 0.000398391858, -0.000134884933, 0.0, 0.0, 0.0, 1.0], "mixamorig:RightHand": [0.00115125685, 0.008522031, -0.01604025, 0.00448534824, -0.00233865133, -0.0158691145, -0.008598958, 0.009366324, -0.0180123746, 0.002605062, 9.124329e-05, -0.00013671, 0.0, 0.0, 0.0, 1.0], "mixamorig:RightFoot": [-0.0180325322, 0.00176477246, -0.00171849737, 0.0019242788, -0.00245471927, -0.011817975, 0.0136216674, 0.00134457217, 0.000204944139, 0.013728112, 0.0119472565, -0.0005020144, 0.0, 0.0, 0.0, 1.0]}}
[a_Rodin.utils-DBG]: RodinBridge: unregister
Traceback (most recent call last):
  File "C:\Program Files\Blender Foundation\Blender 5.2\5.2\scripts\modules\addon_utils.py", line 595, in disable
    mod.unregister()
    ~~~~~~~~~~~~~~^^
  File "C:\Users\d.grab\AppData\Roaming\Blender Foundation\Blender\5.2\scripts\addons\a_Rodin\__init__.py", line 28, in unregister
    unreg()
    ~~~~~^^
  File "C:\Program Files\Blender Foundation\Blender 5.2\5.2\scripts\modules\bpy\utils\__init__.py", line 1054, in unregister
    mod.unregister()
    ~~~~~~~~~~~~~~^^
  File "C:\Program Files\Blender Foundation\Blender 5.2\5.2\scripts\modules\bpy\utils\__init__.py", line 1054, in unregister
    mod.unregister()
    ~~~~~~~~~~~~~~^^
  File "C:\Program Files\Blender Foundation\Blender 5.2\5.2\scripts\modules\bpy\utils\__init__.py", line 1054, in unregister
    mod.unregister()
    ~~~~~~~~~~~~~~^^
  File "C:\Users\d.grab\AppData\Roaming\Blender Foundation\Blender\5.2\scripts\addons\a_Rodin\src\rodin\properties.py", line 408, in unregister
    bpy.app.handlers.load_post.remove(on_scene_load)
    ~~~~~~~~~~~~~~~~~~~~~~~~~~~~~~~~~^^^^^^^^^^^^^^^
ValueError: list.remove(x): x not in list
Higgsfield SDK account lookup failed
Traceback (most recent call last):
  File "C:\Users\d.grab\AppData\Roaming\Blender Foundation\Blender\5.2\extensions\user_default\higgsfield_blender\fnf\account.py", line 553, in _sdk_account_summary
    balance = get_sdk_client(workspace_id).account.get_balance(timeout=30)
  File "C:\Users\d.grab\AppData\Roaming\Blender Foundation\Blender\5.2\extensions\.local\lib\python3.13\site-packages\higgsfield\resources\account.py", line 29, in get_balance
    return Balance.from_dict(self._get_json("/developer/v2alpha/account/balance", **options))
                             ~~~~~~~~~~~~~~^^^^^^^^^^^^^^^^^^^^^^^^^^^^^^^^^^^^^^^^^^^^^^^^^
  File "C:\Users\d.grab\AppData\Roaming\Blender Foundation\Blender\5.2\extensions\.local\lib\python3.13\site-packages\higgsfield\resources\_base.py", line 41, in _get_json
    return self._request("get", url, params=params, **options).json()
           ~~~~~~~~~~~~~^^^^^^^^^^^^^^^^^^^^^^^^^^^^^^^^^^^^^^
  File "C:\Users\d.grab\AppData\Roaming\Blender Foundation\Blender\5.2\extensions\.local\lib\python3.13\site-packages\higgsfield\resources\_base.py", line 30, in _request
    return self._client._request(method, url, params=params, json=json, **options)
           ~~~~~~~~~~~~~~~~~~~~~^^^^^^^^^^^^^^^^^^^^^^^^^^^^^^^^^^^^^^^^^^^^^^^^^^
  File "C:\Users\d.grab\AppData\Roaming\Blender Foundation\Blender\5.2\extensions\.local\lib\python3.13\site-packages\higgsfield\_client.py", line 173, in _request
    raise HiggsfieldError.from_response(response)
higgsfield._exceptions.HiggsfieldError: Request failed with status 400
Exception in module unregister(): 'C:\\Users\\d.grab\\AppData\\Roaming\\Blender Foundation\\Blender\\5.2\\scripts\\addons\\a_Rodin\\__init__.py'
Blender 5.2.1 LTS (hash 9e2066aef7ef built 2026-08-25 02:38:20)

Blender quit
