[a_Rodin.utils-DBG]: RodinBridge: register
[a_Rodin.utils-WRN]: Port 61863 is in use
[a_Rodin.utils-WRN]: Server running on port 61864
[a_Rodin.utils-DBG]: on_scene_load
[a_Rodin.utils-DBG]: ensure_default_image
00:04.640  blend            | Read blend: "C:\Users\d.grab\Desktop\the-game\ART\characters\act-1-enemies\6.forest-stonepoof\production\animation\death\Stonehoof_Death_r01.blend"
Reloading external rigs...
Reloading external metarigs...
POSE {"f": 0, "tag": "front_left", "hip": [0.30216413736343384, -0.24635708332061768, 0.622649073600769], "knee": [0.35695454478263855, -0.3374374806880951, 0.3496614098548889], "ankle": [0.3395146429538727, -0.47347331047058105, 0.10210937261581421], "target": [0.3395146131515503, -0.4734732210636139, 0.10210955142974854], "reach": 0.5691556924333872, "limb": 0.575955331325531, "helper_error": 3.345302391148157e-07, "deform_error": 2.0212918469683135e-07}
POSE {"f": 0, "tag": "front_right", "hip": [-0.3060586452484131, -0.2753245532512665, 0.6226056814193726], "knee": [-0.30989423394203186, -0.34414634108543396, 0.35935279726982117], "ankle": [-0.3828868269920349, -0.4540589153766632, 0.07491546869277954], "target": [-0.3828868865966797, -0.45405885577201843, 0.07491552829742432], "reach": 0.5812168676376472, "limb": 0.5856766104698181, "helper_error": 1.0745380149674383e-07, "deform_error": 1.0323827311807139e-07}
POSE {"f": 0, "tag": "hind_left", "hip": [0.21379277110099792, 0.5767081379890442, 0.668752908706665], "knee": [0.23044513165950775, 0.6100069284439087, 0.28877803683280945], "ankle": [0.2560596466064453, 0.6100101470947266, 0.027491718530654907], "target": [0.25605958700180054, 0.6100102066993713, 0.027491867542266846], "reach": 0.6435147504252361, "limb": 0.644333153963089, "helper_error": 1.0323827311807139e-07, "deform_error": 1.7120130796843852e-07}
POSE {"f": 0, "tag": "hind_right", "hip": [-0.23449157178401947, 0.5882342457771301, 0.6687530279159546], "knee": [-0.2524288296699524, 0.6023217439651489, 0.23498451709747314], "ankle": [-0.27547770738601685, 0.6023250818252563, 0.03005330264568329], "target": [-0.27547764778137207, 0.6023250818252563, 0.030053555965423584], "reach": 0.6401682826776169, "limb": 0.640590712428093, "helper_error": 9.424321830774485e-08, "deform_error": 2.602375924076584e-07}
POSE {"f": 4, "tag": "front_left", "hip": [0.302164226770401, -0.2523897886276245, 0.6307839155197144], "knee": [0.3390829563140869, -0.352509081363678, 0.35795968770980835], "ankle": [0.3395146131515503, -0.4734731614589691, 0.10210952162742615], "target": [0.3395146131515503, -0.4734732210636139, 0.10210955142974854], "reach": 0.574255618546669, "limb": 0.575955331325531, "helper_error": 3.613339559132499e-07, "deform_error": 6.664001874625056e-08}
POSE {"f": 4, "tag": "front_right", "hip": [-0.30605900287628174, -0.28131040930747986, 0.6324340105056763], "knee": [-0.34006038308143616, -0.36048707365989685, 0.37430962920188904], "ankle": [-0.3824901878833771, -0.4531676173210144, 0.07779058814048767], "target": [-0.3828868865966797, -0.45405885577201843, 0.07491552829742432], "reach": 0.5887031662825264, "limb": 0.5856766104698181, "helper_error": 0.0030364974743528226, "deform_error": 0.0030360574508297715}
POSE {"f": 4, "tag": "hind_left", "hip": [0.2137925922870636, 0.5815078020095825, 0.6390003561973572], "knee": [0.1885043978691101, 0.6806254386901855, 0.27116450667381287], "ankle": [0.25605958700180054, 0.6100102066993713, 0.027491703629493713], "target": [0.25605958700180054, 0.6100102066993713, 0.027491867542266846], "reach": 0.6136297982631345, "limb": 0.644333153963089, "helper_error": 9.541398640621973e-08, "deform_error": 1.6391277313232422e-07}
POSE {"f": 4, "tag": "hind_right", "hip": [-0.23449191451072693, 0.5930285453796387, 0.6386579871177673], "knee": [-0.1808108687400818, 0.6372836232185364, 0.2098979353904724], "ankle": [-0.27547740936279297, 0.6023252606391907, 0.030053600668907166], "target": [-0.27547764778137207, 0.6023250818252563, 0.030053555965423584], "reach": 0.6100537778347949, "limb": 0.640590712428093, "helper_error": 2.1126042125758269e-07, "deform_error": 3.01357335092972e-07}
POSE {"f": 5.375, "tag": "front_left", "hip": [0.3014513850212097, -0.2401660680770874, 0.5795801281929016], "knee": [0.3975485563278198, -0.29607537388801575, 0.3085462152957916], "ankle": [0.3372514545917511, -0.4544945955276489, 0.08192014694213867], "target": [0.3395146131515503, -0.4734732210636139, 0.10210955142974854], "reach": 0.532784377126559, "limb": 0.575955331325531, "helper_error": 0.027801552764904872, "deform_error": 0.027801477915607914}
POSE {"f": 5.375, "tag": "front_right", "hip": [-0.3067655861377716, -0.26902928948402405, 0.5833064913749695], "knee": [-0.2631595730781555, -0.3094385266304016, 0.3177526593208313], "ankle": [-0.3852468729019165, -0.4342842400074005, 0.057327210903167725], "target": [-0.3828868865966797, -0.45405885577201843, 0.07491552829742432], "reach": 0.5463440105393099, "limb": 0.5856766104698181, "helper_error": 0.026569219466964625, "deform_error": 0.02656979271258582}
POSE {"f": 5.375, "tag": "hind_left", "hip": [0.21347668766975403, 0.5828153491020203, 0.6224433183670044], "knee": [0.17483507096767426, 0.7069019079208374, 0.2634497284889221], "ankle": [0.25380510091781616, 0.6190500259399414, 0.028987765312194824], "target": [0.25605958700180054, 0.6100102066993713, 0.027491867542266846], "reach": 0.5970930272654622, "limb": 0.644333153963089, "helper_error": 0.009436036970220418, "deform_error": 0.009436034620829866}
POSE {"f": 5.375, "tag": "hind_right", "hip": [-0.23479804396629333, 0.5944179892539978, 0.6250730752944946], "knee": [-0.16455644369125366, 0.6527325510978699, 0.2004075050354004], "ankle": [-0.27773013710975647, 0.6114090085029602, 0.03303992748260498], "target": [-0.27547764778137207, 0.6023250818252563, 0.030053555965423584], "reach": 0.5964608743221734, "limb": 0.640590712428093, "helper_error": 0.009823573002213757, "deform_error": 0.009823942678706517}
POSE {"f": 12, "tag": "front_left", "hip": [0.30532652139663696, -0.2171812206506729, 0.3630560636520386], "knee": [0.5355942845344543, -0.2263845056295395, 0.1821918487548828], "ankle": [0.3645143210887909, -0.4497028589248657, 0.15133072435855865], "target": [0.36451461911201477, -0.4497029781341553, 0.15133017301559448], "reach": 0.3199960167120493, "limb": 0.575955331325531, "helper_error": 1.914088812271525e-07, "deform_error": 6.379715987625017e-07}
POSE {"f": 12, "tag": "front_right", "hip": [-0.30273881554603577, -0.2455023229122162, 0.37819766998291016], "knee": [-0.17401404678821564, -0.22152794897556305, 0.1396428644657135], "ankle": [-0.39855122566223145, -0.4385516345500946, 0.11142369359731674], "target": [-0.3985516130924225, -0.43855270743370056, 0.11142436414957047], "reach": 0.3429526827639586, "limb": 0.5856766104698181, "helper_error": 6.705522537231445e-08, "deform_error": 1.3231861962074242e-06}
POSE {"f": 12, "tag": "hind_left", "hip": [0.22331364452838898, 0.5569162368774414, 0.5466964840888977], "knee": [0.19951128959655762, 0.7679663300514221, 0.22942957282066345], "ankle": [0.25605952739715576, 0.61001056432724, 0.02749180793762207], "target": [0.25605958700180054, 0.6100102066993713, 0.027491867542266846], "reach": 0.5229385112864815, "limb": 0.644333153963089, "helper_error": 2.9950963321688443e-07, "deform_error": 3.674277068954096e-07}
POSE {"f": 12, "tag": "hind_right", "hip": [-0.2246478646993637, 0.5683538317680359, 0.5637633204460144], "knee": [-0.10733313113451004, 0.6176835298538208, 0.14845728874206543], "ankle": [-0.27547770738601685, 0.6023256778717041, 0.030053652822971344], "target": [-0.27547764778137207, 0.6023250818252563, 0.030053555965423584], "reach": 0.53719999979324, "limb": 0.640590712428093, "helper_error": 2.407356265396403e-07, "deform_error": 6.06799362324099e-07}
POSE {"f": 20, "tag": "front_left", "hip": [0.29530197381973267, -0.2264394760131836, 0.30709943175315857], "knee": [0.5151381492614746, -0.03296951949596405, 0.31492698192596436], "ankle": [0.43951454758644104, -0.2412048578262329, 0.13882781565189362], "target": [0.4395146071910858, -0.2412043809890747, 0.13882699608802795], "reach": 0.22210560502370144, "limb": 0.575955331325531, "helper_error": 2.4485106356672917e-07, "deform_error": 9.500585871514726e-07}
POSE {"f": 20, "tag": "front_right", "hip": [-0.31140488386154175, -0.25392162799835205, 0.3509850800037384], "knee": [-0.32254430651664734, -0.003984004259109497, 0.24393248558044434], "ankle": [-0.4685184061527252, -0.2612239718437195, 0.13985595107078552], "target": [-0.46851855516433716, -0.2612248659133911, 0.1398567259311676], "reach": 0.2632740454025056, "limb": 0.5856766104698181, "helper_error": 1.9082797281243946e-07, "deform_error": 1.1924653663481805e-06}
POSE {"f": 20, "tag": "hind_left", "hip": [0.23253652453422546, 0.534873902797699, 0.6036355495452881], "knee": [0.39870980381965637, 0.6863217353820801, 0.2950631082057953], "ankle": [0.3107408583164215, 0.6704949736595154, 0.04820773005485535], "target": [0.31074056029319763, 0.6704949140548706, 0.04820773005485535], "reach": 0.5770692775064771, "limb": 0.644333153963089, "helper_error": 2.7476383618393204e-07, "deform_error": 3.03925246810483e-07}
POSE {"f": 20, "tag": "hind_right", "hip": [-0.21375368535518646, 0.5459120869636536, 0.6460040211677551], "knee": [-0.25461214780807495, 0.5642961859703064, 0.21395322680473328], "ankle": [-0.33015838265419006, 0.6628381013870239, 0.04930080473423004], "target": [-0.33015862107276917, 0.6628361940383911, 0.049300484359264374], "reach": 0.6190932613752325, "limb": 0.640590712428093, "helper_error": 1.0563021062879134e-07, "deform_error": 1.948707865376213e-06}
POSE {"f": 32, "tag": "front_left", "hip": [0.2568355202674866, -0.3582490384578705, 0.18851810693740845], "knee": [0.36793196201324463, -0.15328626334667206, 0.3659095764160156], "ankle": [0.4981650412082672, -0.1646282970905304, 0.11490610241889954], "target": [0.4981634020805359, -0.16462741792201996, 0.11490552872419357], "reach": 0.31803661862255045, "limb": 0.575955331325531, "helper_error": 2.3760227440449558e-07, "deform_error": 1.9464846788472392e-06}
POSE {"f": 32, "tag": "front_right", "hip": [-0.3219427764415741, -0.3871988356113434, 0.3754679560661316], "knee": [-0.5142009258270264, -0.19594819843769073, 0.39812037348747253], "ankle": [-0.5405380725860596, -0.1435644030570984, 0.09010076522827148], "target": [-0.5405380725860596, -0.14356482028961182, 0.09010155498981476], "reach": 0.4342527236290302, "limb": 0.5856766104698181, "helper_error": 3.9593369530398915e-07, "deform_error": 8.932000142720764e-07}
POSE {"f": 32, "tag": "hind_left", "hip": [0.19590631127357483, 0.46270549297332764, 0.28696784377098083], "knee": [0.44740015268325806, 0.7059720158576965, 0.13419608771800995], "ankle": [0.3760599195957184, 0.9564089775085449, 0.10075238347053528], "target": [0.3760595917701721, 0.9564090371131897, 0.10075253248214722], "reach": 0.5575612469353229, "limb": 0.644333153963089, "helper_error": 3.227056239203768e-07, "deform_error": 3.650024149988857e-07}
POSE {"f": 32, "tag": "hind_right", "hip": [-0.23031355440616608, 0.4742216467857361, 0.42587727308273315], "knee": [-0.4335384964942932, 0.7567131519317627, 0.1659284234046936], "ankle": [-0.39547789096832275, 0.9488505125045776, 0.10140231996774673], "target": [-0.39547765254974365, 0.9488478899002075, 0.10140290856361389], "reach": 0.5981913303050937, "limb": 0.640590712428093, "helper_error": 2.422298223824629e-07, "deform_error": 2.6983962266229283e-06}
POSE {"f": 48, "tag": "front_left", "hip": [0.21249981224536896, -0.3763557970523834, 0.17469660937786102], "knee": [0.30855894088745117, -0.14259043335914612, 0.32283949851989746], "ankle": [0.4995168447494507, -0.16237404942512512, 0.11490653455257416], "target": [0.4995146095752716, -0.1623726785182953, 0.11490552872419357], "reach": 0.3629617548700399, "limb": 0.575955331325531, "helper_error": 1.2665987014770508e-07, "deform_error": 2.8083945374694672e-06}
POSE {"f": 48, "tag": "front_right", "hip": [-0.32454678416252136, -0.4053260087966919, 0.46020665764808655], "knee": [-0.5061349868774414, -0.21425770223140717, 0.3925919532775879], "ankle": [-0.5428872108459473, -0.1403500884771347, 0.09009742736816406], "target": [-0.5428868532180786, -0.14035120606422424, 0.09010155498981476], "reach": 0.5048384028960036, "limb": 0.5856766104698181, "helper_error": 4.023313522338867e-07, "deform_error": 4.291172227542591e-06}
POSE {"f": 48, "tag": "hind_left", "hip": [0.1561206430196762, 0.4467100501060486, 0.25689420104026794], "knee": [0.315958708524704, 0.7656799554824829, 0.12096422910690308], "ankle": [0.3760595917701721, 1.0082615613937378, 0.04053632915019989], "target": [0.3760595917701721, 1.0082615613937378, 0.04053652286529541], "reach": 0.6407213807293185, "limb": 0.644333153963089, "helper_error": 1.592752212765213e-07, "deform_error": 1.9371509552001953e-07}
POSE {"f": 48, "tag": "hind_right", "hip": [-0.23969101905822754, 0.4582330882549286, 0.46735095977783203], "knee": [-0.3367537260055542, 0.7906605005264282, 0.20515617728233337], "ankle": [-0.3808523714542389, 0.9496972560882568, 0.08149746060371399], "target": [-0.39547765254974365, 1.0006203651428223, 0.04151761904358864], "reach": 0.706956468231309, "limb": 0.640590712428093, "helper_error": 0.06637569219215314, "deform_error": 0.06637356031086548}
[a_Rodin.utils-DBG]: RodinBridge: unregister
Traceback (most recent call last):
  File "C:\Program Files\Blender Foundation\Blender 5.2\5.2\scripts\modules\addon_utils.py", line 595, in disable
    mod.unregister()
    ~~~~~~~~~~~~~~^^
  File "C:\Users\d.grab\AppData\Roaming\Blender Foundation\Blender\5.2\scripts\addons\a_Rodin\__init__.py", line 28, in unregister
    unreg()
    ~~~~~^^
  File "C:\Program Files\Blender Foundation\Blender 5.2\5.2\scripts\modules\bpy\utils\__init__.py", line 1054, in unregister
    mod.unregister()
    ~~~~~~~~~~~~~~^^
  File "C:\Program Files\Blender Foundation\Blender 5.2\5.2\scripts\modules\bpy\utils\__init__.py", line 1054, in unregister
    mod.unregister()
    ~~~~~~~~~~~~~~^^
  File "C:\Program Files\Blender Foundation\Blender 5.2\5.2\scripts\modules\bpy\utils\__init__.py", line 1054, in unregister
    mod.unregister()
    ~~~~~~~~~~~~~~^^
  File "C:\Users\d.grab\AppData\Roaming\Blender Foundation\Blender\5.2\scripts\addons\a_Rodin\src\rodin\properties.py", line 408, in unregister
    bpy.app.handlers.load_post.remove(on_scene_load)
    ~~~~~~~~~~~~~~~~~~~~~~~~~~~~~~~~~^^^^^^^^^^^^^^^
ValueError: list.remove(x): x not in list
Exception in module unregister(): 'C:\\Users\\d.grab\\AppData\\Roaming\\Blender Foundation\\Blender\\5.2\\scripts\\addons\\a_Rodin\\__init__.py'
Blender 5.2.1 LTS (hash 9e2066aef7ef built 2026-08-25 02:38:20)

Blender quit
