[a_Rodin.utils-DBG]: RodinBridge: register
[a_Rodin.utils-WRN]: Port 61863 is in use
[a_Rodin.utils-WRN]: Server running on port 61864
[a_Rodin.utils-DBG]: on_scene_load
[a_Rodin.utils-DBG]: ensure_default_image
00:05.313  blend            | Read blend: "C:\Users\d.grab\Desktop\the-game\ART\characters\act-1-enemies\6.forest-stonepoof\production\animation\death\Stonehoof_Death_r01.blend"
00:07.188  render           | Saved: 'C:\Users\d.grab\Desktop\the-game\ART\characters\act-1-enemies\6.forest-stonepoof\production\review\animation_death\side_frames\0000.png'
00:07.469  render           | Saved: 'C:\Users\d.grab\Desktop\the-game\ART\characters\act-1-enemies\6.forest-stonepoof\production\review\animation_death\side_frames\0001.png'
00:07.750  render           | Saved: 'C:\Users\d.grab\Desktop\the-game\ART\characters\act-1-enemies\6.forest-stonepoof\production\review\animation_death\side_frames\0002.png'
00:08.016  render           | Saved: 'C:\Users\d.grab\Desktop\the-game\ART\characters\act-1-enemies\6.forest-stonepoof\production\review\animation_death\side_frames\0003.png'
00:08.328  render           | Saved: 'C:\Users\d.grab\Desktop\the-game\ART\characters\act-1-enemies\6.forest-stonepoof\production\review\animation_death\side_frames\0004.png'
00:08.625  render           | Saved: 'C:\Users\d.grab\Desktop\the-game\ART\characters\act-1-enemies\6.forest-stonepoof\production\review\animation_death\side_frames\0005.png'
00:08.922  render           | Saved: 'C:\Users\d.grab\Desktop\the-game\ART\characters\act-1-enemies\6.forest-stonepoof\production\review\animation_death\side_frames\0006.png'
00:09.250  render           | Saved: 'C:\Users\d.grab\Desktop\the-game\ART\characters\act-1-enemies\6.forest-stonepoof\production\review\animation_death\side_frames\0007.png'
00:09.625  render           | Saved: 'C:\Users\d.grab\Desktop\the-game\ART\characters\act-1-enemies\6.forest-stonepoof\production\review\animation_death\side_frames\0008.png'
00:09.922  render           | Saved: 'C:\Users\d.grab\Desktop\the-game\ART\characters\act-1-enemies\6.forest-stonepoof\production\review\animation_death\side_frames\0009.png'
00:10.219  render           | Saved: 'C:\Users\d.grab\Desktop\the-game\ART\characters\act-1-enemies\6.forest-stonepoof\production\review\animation_death\side_frames\0010.png'
00:10.485  render           | Saved: 'C:\Users\d.grab\Desktop\the-game\ART\characters\act-1-enemies\6.forest-stonepoof\production\review\animation_death\side_frames\0011.png'
00:10.766  render           | Saved: 'C:\Users\d.grab\Desktop\the-game\ART\characters\act-1-enemies\6.forest-stonepoof\production\review\animation_death\side_frames\0012.png'
00:11.063  render           | Saved: 'C:\Users\d.grab\Desktop\the-game\ART\characters\act-1-enemies\6.forest-stonepoof\production\review\animation_death\side_frames\0013.png'
00:11.344  render           | Saved: 'C:\Users\d.grab\Desktop\the-game\ART\characters\act-1-enemies\6.forest-stonepoof\production\review\animation_death\side_frames\0014.png'
00:11.610  render           | Saved: 'C:\Users\d.grab\Desktop\the-game\ART\characters\act-1-enemies\6.forest-stonepoof\production\review\animation_death\side_frames\0015.png'
00:11.906  render           | Saved: 'C:\Users\d.grab\Desktop\the-game\ART\characters\act-1-enemies\6.forest-stonepoof\production\review\animation_death\side_frames\0016.png'
00:12.188  render           | Saved: 'C:\Users\d.grab\Desktop\the-game\ART\characters\act-1-enemies\6.forest-stonepoof\production\review\animation_death\side_frames\0017.png'
00:12.500  render           | Saved: 'C:\Users\d.grab\Desktop\the-game\ART\characters\act-1-enemies\6.forest-stonepoof\production\review\animation_death\side_frames\0018.png'
00:12.781  render           | Saved: 'C:\Users\d.grab\Desktop\the-game\ART\characters\act-1-enemies\6.forest-stonepoof\production\review\animation_death\side_frames\0019.png'
00:13.078  render           | Saved: 'C:\Users\d.grab\Desktop\the-game\ART\characters\act-1-enemies\6.forest-stonepoof\production\review\animation_death\side_frames\0020.png'
00:13.406  render           | Saved: 'C:\Users\d.grab\Desktop\the-game\ART\characters\act-1-enemies\6.forest-stonepoof\production\review\animation_death\side_frames\0021.png'
00:13.719  render           | Saved: 'C:\Users\d.grab\Desktop\the-game\ART\characters\act-1-enemies\6.forest-stonepoof\production\review\animation_death\side_frames\0022.png'
00:14.047  render           | Saved: 'C:\Users\d.grab\Desktop\the-game\ART\characters\act-1-enemies\6.forest-stonepoof\production\review\animation_death\side_frames\0023.png'
00:14.375  render           | Saved: 'C:\Users\d.grab\Desktop\the-game\ART\characters\act-1-enemies\6.forest-stonepoof\production\review\animation_death\side_frames\0024.png'
00:14.719  render           | Saved: 'C:\Users\d.grab\Desktop\the-game\ART\characters\act-1-enemies\6.forest-stonepoof\production\review\animation_death\side_frames\0025.png'
00:15.078  render           | Saved: 'C:\Users\d.grab\Desktop\the-game\ART\characters\act-1-enemies\6.forest-stonepoof\production\review\animation_death\side_frames\0026.png'
00:15.375  render           | Saved: 'C:\Users\d.grab\Desktop\the-game\ART\characters\act-1-enemies\6.forest-stonepoof\production\review\animation_death\side_frames\0027.png'
00:15.735  render           | Saved: 'C:\Users\d.grab\Desktop\the-game\ART\characters\act-1-enemies\6.forest-stonepoof\production\review\animation_death\side_frames\0028.png'
00:16.110  render           | Saved: 'C:\Users\d.grab\Desktop\the-game\ART\characters\act-1-enemies\6.forest-stonepoof\production\review\animation_death\side_frames\0029.png'
00:16.500  render           | Saved: 'C:\Users\d.grab\Desktop\the-game\ART\characters\act-1-enemies\6.forest-stonepoof\production\review\animation_death\side_frames\0030.png'
00:16.844  render           | Saved: 'C:\Users\d.grab\Desktop\the-game\ART\characters\act-1-enemies\6.forest-stonepoof\production\review\animation_death\side_frames\0031.png'
00:17.235  render           | Saved: 'C:\Users\d.grab\Desktop\the-game\ART\characters\act-1-enemies\6.forest-stonepoof\production\review\animation_death\side_frames\0032.png'
00:17.641  render           | Saved: 'C:\Users\d.grab\Desktop\the-game\ART\characters\act-1-enemies\6.forest-stonepoof\production\review\animation_death\side_frames\0033.png'
00:17.953  render           | Saved: 'C:\Users\d.grab\Desktop\the-game\ART\characters\act-1-enemies\6.forest-stonepoof\production\review\animation_death\side_frames\0034.png'
00:18.500  render           | Saved: 'C:\Users\d.grab\Desktop\the-game\ART\characters\act-1-enemies\6.forest-stonepoof\production\review\animation_death\side_frames\0035.png'
00:19.094  render           | Saved: 'C:\Users\d.grab\Desktop\the-game\ART\characters\act-1-enemies\6.forest-stonepoof\production\review\animation_death\side_frames\0036.png'
00:19.797  render           | Saved: 'C:\Users\d.grab\Desktop\the-game\ART\characters\act-1-enemies\6.forest-stonepoof\production\review\animation_death\side_frames\0037.png'
00:20.406  render           | Saved: 'C:\Users\d.grab\Desktop\the-game\ART\characters\act-1-enemies\6.forest-stonepoof\production\review\animation_death\side_frames\0038.png'
00:20.703  render           | Saved: 'C:\Users\d.grab\Desktop\the-game\ART\characters\act-1-enemies\6.forest-stonepoof\production\review\animation_death\side_frames\0039.png'
00:21.047  render           | Saved: 'C:\Users\d.grab\Desktop\the-game\ART\characters\act-1-enemies\6.forest-stonepoof\production\review\animation_death\side_frames\0040.png'
00:21.453  render           | Saved: 'C:\Users\d.grab\Desktop\the-game\ART\characters\act-1-enemies\6.forest-stonepoof\production\review\animation_death\side_frames\0041.png'
00:21.891  render           | Saved: 'C:\Users\d.grab\Desktop\the-game\ART\characters\act-1-enemies\6.forest-stonepoof\production\review\animation_death\side_frames\0042.png'
00:22.469  render           | Saved: 'C:\Users\d.grab\Desktop\the-game\ART\characters\act-1-enemies\6.forest-stonepoof\production\review\animation_death\side_frames\0043.png'
00:23.000  render           | Saved: 'C:\Users\d.grab\Desktop\the-game\ART\characters\act-1-enemies\6.forest-stonepoof\production\review\animation_death\side_frames\0044.png'
00:23.578  render           | Saved: 'C:\Users\d.grab\Desktop\the-game\ART\characters\act-1-enemies\6.forest-stonepoof\production\review\animation_death\side_frames\0045.png'
00:23.953  render           | Saved: 'C:\Users\d.grab\Desktop\the-game\ART\characters\act-1-enemies\6.forest-stonepoof\production\review\animation_death\side_frames\0046.png'
00:24.360  render           | Saved: 'C:\Users\d.grab\Desktop\the-game\ART\characters\act-1-enemies\6.forest-stonepoof\production\review\animation_death\side_frames\0047.png'
00:24.703  render           | Saved: 'C:\Users\d.grab\Desktop\the-game\ART\characters\act-1-enemies\6.forest-stonepoof\production\review\animation_death\side_frames\0048.png'
00:25.047  render           | Saved: 'C:\Users\d.grab\Desktop\the-game\ART\characters\act-1-enemies\6.forest-stonepoof\production\review\animation_death\side_frames\0049.png'
00:25.360  render           | Saved: 'C:\Users\d.grab\Desktop\the-game\ART\characters\act-1-enemies\6.forest-stonepoof\production\review\animation_death\side_frames\0050.png'
00:25.719  render           | Saved: 'C:\Users\d.grab\Desktop\the-game\ART\characters\act-1-enemies\6.forest-stonepoof\production\review\animation_death\side_frames\0051.png'
00:26.031  render           | Saved: 'C:\Users\d.grab\Desktop\the-game\ART\characters\act-1-enemies\6.forest-stonepoof\production\review\animation_death\side_frames\0052.png'
00:26.641  render           | Saved: 'C:\Users\d.grab\Desktop\the-game\ART\characters\act-1-enemies\6.forest-stonepoof\production\review\animation_death\side_frames\0053.png'
00:26.985  render           | Saved: 'C:\Users\d.grab\Desktop\the-game\ART\characters\act-1-enemies\6.forest-stonepoof\production\review\animation_death\side_frames\0054.png'
00:27.297  render           | Saved: 'C:\Users\d.grab\Desktop\the-game\ART\characters\act-1-enemies\6.forest-stonepoof\production\review\animation_death\side_frames\0055.png'
00:27.922  render           | Saved: 'C:\Users\d.grab\Desktop\the-game\ART\characters\act-1-enemies\6.forest-stonepoof\production\review\animation_death\side_frames\0056.png'
00:28.250  render           | Saved: 'C:\Users\d.grab\Desktop\the-game\ART\characters\act-1-enemies\6.forest-stonepoof\production\review\animation_death\side_frames\0057.png'
00:28.594  render           | Saved: 'C:\Users\d.grab\Desktop\the-game\ART\characters\act-1-enemies\6.forest-stonepoof\production\review\animation_death\side_frames\0058.png'
00:29.063  render           | Saved: 'C:\Users\d.grab\Desktop\the-game\ART\characters\act-1-enemies\6.forest-stonepoof\production\review\animation_death\side_frames\0059.png'
00:29.531  render           | Saved: 'C:\Users\d.grab\Desktop\the-game\ART\characters\act-1-enemies\6.forest-stonepoof\production\review\animation_death\side_frames\0060.png'
00:29.969  render           | Saved: 'C:\Users\d.grab\Desktop\the-game\ART\characters\act-1-enemies\6.forest-stonepoof\production\review\animation_death\game_frames\0000.png'
00:30.281  render           | Saved: 'C:\Users\d.grab\Desktop\the-game\ART\characters\act-1-enemies\6.forest-stonepoof\production\review\animation_death\game_frames\0001.png'
00:30.672  render           | Saved: 'C:\Users\d.grab\Desktop\the-game\ART\characters\act-1-enemies\6.forest-stonepoof\production\review\animation_death\game_frames\0002.png'
00:31.360  render           | Saved: 'C:\Users\d.grab\Desktop\the-game\ART\characters\act-1-enemies\6.forest-stonepoof\production\review\animation_death\game_frames\0003.png'
00:32.000  render           | Saved: 'C:\Users\d.grab\Desktop\the-game\ART\characters\act-1-enemies\6.forest-stonepoof\production\review\animation_death\game_frames\0004.png'
00:32.750  render           | Saved: 'C:\Users\d.grab\Desktop\the-game\ART\characters\act-1-enemies\6.forest-stonepoof\production\review\animation_death\game_frames\0005.png'
00:33.188  render           | Saved: 'C:\Users\d.grab\Desktop\the-game\ART\characters\act-1-enemies\6.forest-stonepoof\production\review\animation_death\game_frames\0006.png'
00:33.563  render           | Saved: 'C:\Users\d.grab\Desktop\the-game\ART\characters\act-1-enemies\6.forest-stonepoof\production\review\animation_death\game_frames\0007.png'
00:33.938  render           | Saved: 'C:\Users\d.grab\Desktop\the-game\ART\characters\act-1-enemies\6.forest-stonepoof\production\review\animation_death\game_frames\0008.png'
00:34.281  render           | Saved: 'C:\Users\d.grab\Desktop\the-game\ART\characters\act-1-enemies\6.forest-stonepoof\production\review\animation_death\game_frames\0009.png'
00:34.625  render           | Saved: 'C:\Users\d.grab\Desktop\the-game\ART\characters\act-1-enemies\6.forest-stonepoof\production\review\animation_death\game_frames\0010.png'
00:34.985  render           | Saved: 'C:\Users\d.grab\Desktop\the-game\ART\characters\act-1-enemies\6.forest-stonepoof\production\review\animation_death\game_frames\0011.png'
00:35.297  render           | Saved: 'C:\Users\d.grab\Desktop\the-game\ART\characters\act-1-enemies\6.forest-stonepoof\production\review\animation_death\game_frames\0012.png'
00:35.594  render           | Saved: 'C:\Users\d.grab\Desktop\the-game\ART\characters\act-1-enemies\6.forest-stonepoof\production\review\animation_death\game_frames\0013.png'
00:35.891  render           | Saved: 'C:\Users\d.grab\Desktop\the-game\ART\characters\act-1-enemies\6.forest-stonepoof\production\review\animation_death\game_frames\0014.png'
00:36.203  render           | Saved: 'C:\Users\d.grab\Desktop\the-game\ART\characters\act-1-enemies\6.forest-stonepoof\production\review\animation_death\game_frames\0015.png'
00:36.469  render           | Saved: 'C:\Users\d.grab\Desktop\the-game\ART\characters\act-1-enemies\6.forest-stonepoof\production\review\animation_death\game_frames\0016.png'
00:36.750  render           | Saved: 'C:\Users\d.grab\Desktop\the-game\ART\characters\act-1-enemies\6.forest-stonepoof\production\review\animation_death\game_frames\0017.png'
00:37.110  render           | Saved: 'C:\Users\d.grab\Desktop\the-game\ART\characters\act-1-enemies\6.forest-stonepoof\production\review\animation_death\game_frames\0018.png'
00:37.485  render           | Saved: 'C:\Users\d.grab\Desktop\the-game\ART\characters\act-1-enemies\6.forest-stonepoof\production\review\animation_death\game_frames\0019.png'
00:37.797  render           | Saved: 'C:\Users\d.grab\Desktop\the-game\ART\characters\act-1-enemies\6.forest-stonepoof\production\review\animation_death\game_frames\0020.png'
00:38.078  render           | Saved: 'C:\Users\d.grab\Desktop\the-game\ART\characters\act-1-enemies\6.forest-stonepoof\production\review\animation_death\game_frames\0021.png'
00:38.391  render           | Saved: 'C:\Users\d.grab\Desktop\the-game\ART\characters\act-1-enemies\6.forest-stonepoof\production\review\animation_death\game_frames\0022.png'
00:38.781  render           | Saved: 'C:\Users\d.grab\Desktop\the-game\ART\characters\act-1-enemies\6.forest-stonepoof\production\review\animation_death\game_frames\0023.png'
00:39.078  render           | Saved: 'C:\Users\d.grab\Desktop\the-game\ART\characters\act-1-enemies\6.forest-stonepoof\production\review\animation_death\game_frames\0024.png'
00:39.391  render           | Saved: 'C:\Users\d.grab\Desktop\the-game\ART\characters\act-1-enemies\6.forest-stonepoof\production\review\animation_death\game_frames\0025.png'
00:39.813  render           | Saved: 'C:\Users\d.grab\Desktop\the-game\ART\characters\act-1-enemies\6.forest-stonepoof\production\review\animation_death\game_frames\0026.png'
00:40.141  render           | Saved: 'C:\Users\d.grab\Desktop\the-game\ART\characters\act-1-enemies\6.forest-stonepoof\production\review\animation_death\game_frames\0027.png'
00:40.485  render           | Saved: 'C:\Users\d.grab\Desktop\the-game\ART\characters\act-1-enemies\6.forest-stonepoof\production\review\animation_death\game_frames\0028.png'
00:40.828  render           | Saved: 'C:\Users\d.grab\Desktop\the-game\ART\characters\act-1-enemies\6.forest-stonepoof\production\review\animation_death\game_frames\0029.png'
00:41.875  render           | Saved: 'C:\Users\d.grab\Desktop\the-game\ART\characters\act-1-enemies\6.forest-stonepoof\production\review\animation_death\game_frames\0030.png'
00:42.203  render           | Saved: 'C:\Users\d.grab\Desktop\the-game\ART\characters\act-1-enemies\6.forest-stonepoof\production\review\animation_death\game_frames\0031.png'
00:42.531  render           | Saved: 'C:\Users\d.grab\Desktop\the-game\ART\characters\act-1-enemies\6.forest-stonepoof\production\review\animation_death\game_frames\0032.png'
00:42.844  render           | Saved: 'C:\Users\d.grab\Desktop\the-game\ART\characters\act-1-enemies\6.forest-stonepoof\production\review\animation_death\game_frames\0033.png'
00:43.141  render           | Saved: 'C:\Users\d.grab\Desktop\the-game\ART\characters\act-1-enemies\6.forest-stonepoof\production\review\animation_death\game_frames\0034.png'
00:43.547  render           | Saved: 'C:\Users\d.grab\Desktop\the-game\ART\characters\act-1-enemies\6.forest-stonepoof\production\review\animation_death\game_frames\0035.png'
00:43.969  render           | Saved: 'C:\Users\d.grab\Desktop\the-game\ART\characters\act-1-enemies\6.forest-stonepoof\production\review\animation_death\game_frames\0036.png'
00:44.391  render           | Saved: 'C:\Users\d.grab\Desktop\the-game\ART\characters\act-1-enemies\6.forest-stonepoof\production\review\animation_death\game_frames\0037.png'
00:44.735  render           | Saved: 'C:\Users\d.grab\Desktop\the-game\ART\characters\act-1-enemies\6.forest-stonepoof\production\review\animation_death\game_frames\0038.png'
00:45.375  render           | Saved: 'C:\Users\d.grab\Desktop\the-game\ART\characters\act-1-enemies\6.forest-stonepoof\production\review\animation_death\game_frames\0039.png'
00:45.781  render           | Saved: 'C:\Users\d.grab\Desktop\the-game\ART\characters\act-1-enemies\6.forest-stonepoof\production\review\animation_death\game_frames\0040.png'
00:46.125  render           | Saved: 'C:\Users\d.grab\Desktop\the-game\ART\characters\act-1-enemies\6.forest-stonepoof\production\review\animation_death\game_frames\0041.png'
00:46.547  render           | Saved: 'C:\Users\d.grab\Desktop\the-game\ART\characters\act-1-enemies\6.forest-stonepoof\production\review\animation_death\game_frames\0042.png'
00:46.844  render           | Saved: 'C:\Users\d.grab\Desktop\the-game\ART\characters\act-1-enemies\6.forest-stonepoof\production\review\animation_death\game_frames\0043.png'
00:47.125  render           | Saved: 'C:\Users\d.grab\Desktop\the-game\ART\characters\act-1-enemies\6.forest-stonepoof\production\review\animation_death\game_frames\0044.png'
00:47.469  render           | Saved: 'C:\Users\d.grab\Desktop\the-game\ART\characters\act-1-enemies\6.forest-stonepoof\production\review\animation_death\game_frames\0045.png'
00:47.844  render           | Saved: 'C:\Users\d.grab\Desktop\the-game\ART\characters\act-1-enemies\6.forest-stonepoof\production\review\animation_death\game_frames\0046.png'
00:48.172  render           | Saved: 'C:\Users\d.grab\Desktop\the-game\ART\characters\act-1-enemies\6.forest-stonepoof\production\review\animation_death\game_frames\0047.png'
00:48.516  render           | Saved: 'C:\Users\d.grab\Desktop\the-game\ART\characters\act-1-enemies\6.forest-stonepoof\production\review\animation_death\game_frames\0048.png'
00:48.875  render           | Saved: 'C:\Users\d.grab\Desktop\the-game\ART\characters\act-1-enemies\6.forest-stonepoof\production\review\animation_death\game_frames\0049.png'
00:49.219  render           | Saved: 'C:\Users\d.grab\Desktop\the-game\ART\characters\act-1-enemies\6.forest-stonepoof\production\review\animation_death\game_frames\0050.png'
00:49.516  render           | Saved: 'C:\Users\d.grab\Desktop\the-game\ART\characters\act-1-enemies\6.forest-stonepoof\production\review\animation_death\game_frames\0051.png'
00:49.813  render           | Saved: 'C:\Users\d.grab\Desktop\the-game\ART\characters\act-1-enemies\6.forest-stonepoof\production\review\animation_death\game_frames\0052.png'
00:50.141  render           | Saved: 'C:\Users\d.grab\Desktop\the-game\ART\characters\act-1-enemies\6.forest-stonepoof\production\review\animation_death\game_frames\0053.png'
00:50.438  render           | Saved: 'C:\Users\d.grab\Desktop\the-game\ART\characters\act-1-enemies\6.forest-stonepoof\production\review\animation_death\game_frames\0054.png'
00:50.719  render           | Saved: 'C:\Users\d.grab\Desktop\the-game\ART\characters\act-1-enemies\6.forest-stonepoof\production\review\animation_death\game_frames\0055.png'
00:51.031  render           | Saved: 'C:\Users\d.grab\Desktop\the-game\ART\characters\act-1-enemies\6.forest-stonepoof\production\review\animation_death\game_frames\0056.png'
00:51.360  render           | Saved: 'C:\Users\d.grab\Desktop\the-game\ART\characters\act-1-enemies\6.forest-stonepoof\production\review\animation_death\game_frames\0057.png'
00:51.672  render           | Saved: 'C:\Users\d.grab\Desktop\the-game\ART\characters\act-1-enemies\6.forest-stonepoof\production\review\animation_death\game_frames\0058.png'
00:51.985  render           | Saved: 'C:\Users\d.grab\Desktop\the-game\ART\characters\act-1-enemies\6.forest-stonepoof\production\review\animation_death\game_frames\0059.png'
00:52.281  render           | Saved: 'C:\Users\d.grab\Desktop\the-game\ART\characters\act-1-enemies\6.forest-stonepoof\production\review\animation_death\game_frames\0060.png'
Reloading external rigs...
Reloading external metarigs...
[a_Rodin.utils-DBG]: RodinBridge: unregister
Traceback (most recent call last):
  File "C:\Program Files\Blender Foundation\Blender 5.2\5.2\scripts\modules\addon_utils.py", line 595, in disable
    mod.unregister()
    ~~~~~~~~~~~~~~^^
  File "C:\Users\d.grab\AppData\Roaming\Blender Foundation\Blender\5.2\scripts\addons\a_Rodin\__init__.py", line 28, in unregister
    unreg()
    ~~~~~^^
  File "C:\Program Files\Blender Foundation\Blender 5.2\5.2\scripts\modules\bpy\utils\__init__.py", line 1054, in unregister
    mod.unregister()
    ~~~~~~~~~~~~~~^^
  File "C:\Program Files\Blender Foundation\Blender 5.2\5.2\scripts\modules\bpy\utils\__init__.py", line 1054, in unregister
    mod.unregister()
    ~~~~~~~~~~~~~~^^
  File "C:\Program Files\Blender Foundation\Blender 5.2\5.2\scripts\modules\bpy\utils\__init__.py", line 1054, in unregister
    mod.unregister()
    ~~~~~~~~~~~~~~^^
  File "C:\Users\d.grab\AppData\Roaming\Blender Foundation\Blender\5.2\scripts\addons\a_Rodin\src\rodin\properties.py", line 408, in unregister
    bpy.app.handlers.load_post.remove(on_scene_load)
    ~~~~~~~~~~~~~~~~~~~~~~~~~~~~~~~~~^^^^^^^^^^^^^^^
ValueError: list.remove(x): x not in list
Exception in module unregister(): 'C:\\Users\\d.grab\\AppData\\Roaming\\Blender Foundation\\Blender\\5.2\\scripts\\addons\\a_Rodin\\__init__.py'
Blender 5.2.1 LTS (hash 9e2066aef7ef built 2026-08-25 02:38:20)

Blender quit
