00:02.266  blend            | Read blend: "C:\Users\d.grab\Desktop\the-game\ART\characters\pelag\production-2026-09-27\model\Pelag_Model_Candidate.blend"
00:12.344  render           | Saved: 'C:\Users\d.grab\Desktop\the-game\ART\characters\pelag\production-2026-09-27\model\front.png'
00:23.313  render           | Saved: 'C:\Users\d.grab\Desktop\the-game\ART\characters\pelag\production-2026-09-27\model\back.png'
00:33.657  render           | Saved: 'C:\Users\d.grab\Desktop\the-game\ART\characters\pelag\production-2026-09-27\model\side.png'
00:44.578  render           | Saved: 'C:\Users\d.grab\Desktop\the-game\ART\characters\pelag\production-2026-09-27\model\game.png'
00:56.469  render           | Saved: 'C:\Users\d.grab\Desktop\the-game\ART\characters\pelag\production-2026-09-27\model\game_original_geometry.png'

FBX export starting... 'C:\\Users\\d.grab\\Desktop\\the-game\\ART\\characters\\pelag\\production-2026-09-27\\model\\Pelag_saber_Candidate.fbx'
export finished in 0.0131 sec.

FBX export starting... 'C:\\Users\\d.grab\\Desktop\\the-game\\ART\\characters\\pelag\\production-2026-09-27\\model\\Pelag_anchor_Candidate.fbx'
export finished in 0.0119 sec.

FBX export starting... 'C:\\Users\\d.grab\\Desktop\\the-game\\ART\\characters\\pelag\\production-2026-09-27\\model\\Pelag_grip_Candidate.fbx'
export finished in 0.0093 sec.

FBX export starting... 'C:\\Users\\d.grab\\Desktop\\the-game\\ART\\characters\\pelag\\production-2026-09-27\\model\\Pelag_link_Candidate.fbx'
export finished in 0.0123 sec.
INFO Draco is available, use library at C:\Program Files\Blender Foundation\Blender 5.2\5.2\scripts\addons_core\io_scene_gltf2\bf_intern_draco_bridge.dll
INFO MeshOptimizer is available, use library at C:\Program Files\Blender Foundation\Blender 5.2\5.2\scripts\addons_core\io_scene_gltf2\bf_intern_meshopt_bridge.dll
01:55:07 | INFO: Starting glTF 2.0 export
01:55:07 | INFO: Extracting primitive: Pelag_v6mesh
01:55:08 | INFO: Primitives created: 1
01:55:08 | INFO: Extracting primitive: tripo_node_f9e1bf62-13df-4c11-9d11-3495a84f441e.003
01:55:08 | INFO: Primitives created: 1
01:55:08 | INFO: Extracting primitive: tripo_node_f9e1bf62-13df-4c11-9d11-3495a84f441e.001
01:55:08 | INFO: Primitives created: 1
01:55:08 | INFO: Extracting primitive: Pelag Oval Forged Link
01:55:08 | INFO: Primitives created: 1
01:55:08 | INFO: Extracting primitive: Pelag_FantasySaber_GripPivot
01:55:08 | INFO: Primitives created: 1
01:55:08 | INFO: Finished glTF 2.0 export in 0.7015731334686279 s

Info: Saved as "Pelag_Model_Candidate.blend"
FBX version: 7400
FBX version: 7400
FBX version: 7400
FBX version: 7400
01:55:09 | INFO: Data are loaded, start creating Blender stuff
01:55:09 | INFO: Blender create Mesh node Pelag_v6mesh
01:55:09 | INFO: Blender create Mesh node Pelag_FantasySaber_GripPivot
01:55:09 | INFO: Blender create Mesh node tripo_node_f9e1bf62-13df-4c11-9d11-3495a84f441e.001
01:55:09 | INFO: Blender create Mesh node Pelag Oval Forged Link
01:55:09 | INFO: Blender create Mesh node tripo_node_f9e1bf62-13df-4c11-9d11-3495a84f441e.003
01:55:10 | INFO: glTF import finished in 0.19s
FINAL_MODEL {"budget": {"hero_and_static_weapons": 32504, "link_tris": 80, "max_links_under_40000": 93, "runtime_pool_capacity_main_feed_bridge": [96, 24, 16], "warning": "Static code envelope, not measured runtime. Assumes exactly one active weapon ownership and carry chain hidden during deployment. Runtime overdraw/drawcalls/transition overlaps need measurement after approved integration.", "anchor_eye_triangles": 80, "static_code_upper_bound_links": {"slam": 51, "slam_return": 56, "boarding": 93}, "peak_static_envelope_triangles": 39944}, "clearance": {"bone": "mixamorig:Spine2", "anchor_world_matrix": [[1.874988317489624, 0.3328275978565216, -0.2192276567220688, -0.04129526764154434], [-0.398541122674942, 1.5658303499221802, -1.031385064125061, 0.1599186658859253], [-2.60770320892334e-08, 1.0544267892837524, 1.6008119583129883, 1.329605221748352], [0.0, 0.0, 0.0, 1.0]], "bone_parent_matrix_basis": [[1.8932766914367676, 0.25042232871055603, -0.1649487465620041, -0.04754147306084633], [-0.0387045182287693, 1.2496839761734009, 1.452999234199524, -0.07724392414093018], [0.29735738039016724, -1.4317798614501953, 1.2393546104431152, -0.11173415184020996], [0.0, 0.0, 0.0, 1.0]], "anchor_width_m": 0.94, "anchor_eye_world": [-0.011457864195108414, 0.3184152841567993, 1.4682748317718506], "carry_links": 6, "review_only": true, "runtime_handoff_implementation": "not installed until owner model approval", "shaft_axis_world": [7.451605554820162e-09, 0.0, 1.0], "idle_surface_clearance_m": 0.03311706706881523, "idle_possible_penetrating_vertices": 0, "clearance_note": "Nearest-surface preflight in existing combat idle; full moving pose collision checks belong to next animation gate."}, "verification": {"saber": {"triangles": 3978, "uv_layers": [["UVMap"]], "matches_candidate": true}, "anchor": {"triangles": 2642, "uv_layers": [["Attribute"]], "matches_candidate": true}, "grip": {"triangles": 1488, "uv_layers": [["Attribute"]], "matches_candidate": true}, "link": {"triangles": 80, "uv_layers": [["SteelAtlas"]], "matches_candidate": true}, "assembled_glb": {"meshes": 12, "bones": 65, "triangles_visible_stowed": 33064}, "status": "candidate only; not game runtime verified or owner accepted"}}
Blender 5.2.1 LTS (hash 9e2066aef7ef built 2026-08-25 02:38:20)

Blender quit
