[a_Rodin.utils-[36mDBG[0m]: [36mRodinBridge: register[0m
[a_Rodin.utils-[33mWRN[0m]: [33mServer running on port 61863[0m
[a_Rodin.utils-[36mDBG[0m]: [36mon_scene_load[0m
[a_Rodin.utils-[36mDBG[0m]: [36mensure_default_image[0m
Reloading external rigs...
Reloading external metarigs...
20:00:05 | INFO: Data are loaded, start creating Blender stuff
20:00:05 | INFO: Blender create Mesh node tripo_mesh_132f3063-e8c3-4b27-b687-5ff2fa436f80
20:00:12 | INFO: glTF import finished in 7.05s
C:\Users\d.grab\Desktop\the-game\ART\characters\act-1-enemies\render_new_mob_review.py:65: DeprecationWarning: 'World.use_nodes' is expected to be removed in Blender 6.0
  scene.world.use_nodes = True
00:19.921  render           | Saved: 'C:\Users\d.grab\Desktop\the-game\ART\characters\act-1-enemies\8.forest-splitbark\production\review\model_r01\splitter_front.png'
00:23.078  render           | Saved: 'C:\Users\d.grab\Desktop\the-game\ART\characters\act-1-enemies\8.forest-splitbark\production\review\model_r01\splitter_left.png'
00:26.265  render           | Saved: 'C:\Users\d.grab\Desktop\the-game\ART\characters\act-1-enemies\8.forest-splitbark\production\review\model_r01\splitter_back.png'
00:29.531  render           | Saved: 'C:\Users\d.grab\Desktop\the-game\ART\characters\act-1-enemies\8.forest-splitbark\production\review\model_r01\splitter_right.png'
00:32.703  render           | Saved: 'C:\Users\d.grab\Desktop\the-game\ART\characters\act-1-enemies\8.forest-splitbark\production\review\model_r01\splitter_game_camera.png'
00:36.484  render           | Saved: 'C:\Users\d.grab\Desktop\the-game\ART\characters\act-1-enemies\8.forest-splitbark\production\review\model_r01\turntable_frames\00.png'
00:39.171  render           | Saved: 'C:\Users\d.grab\Desktop\the-game\ART\characters\act-1-enemies\8.forest-splitbark\production\review\model_r01\turntable_frames\01.png'
00:42.156  render           | Saved: 'C:\Users\d.grab\Desktop\the-game\ART\characters\act-1-enemies\8.forest-splitbark\production\review\model_r01\turntable_frames\02.png'
00:44.781  render           | Saved: 'C:\Users\d.grab\Desktop\the-game\ART\characters\act-1-enemies\8.forest-splitbark\production\review\model_r01\turntable_frames\03.png'
00:47.437  render           | Saved: 'C:\Users\d.grab\Desktop\the-game\ART\characters\act-1-enemies\8.forest-splitbark\production\review\model_r01\turntable_frames\04.png'
00:50.437  render           | Saved: 'C:\Users\d.grab\Desktop\the-game\ART\characters\act-1-enemies\8.forest-splitbark\production\review\model_r01\turntable_frames\05.png'
00:53.609  render           | Saved: 'C:\Users\d.grab\Desktop\the-game\ART\characters\act-1-enemies\8.forest-splitbark\production\review\model_r01\turntable_frames\06.png'
00:56.328  render           | Saved: 'C:\Users\d.grab\Desktop\the-game\ART\characters\act-1-enemies\8.forest-splitbark\production\review\model_r01\turntable_frames\07.png'
00:58.906  render           | Saved: 'C:\Users\d.grab\Desktop\the-game\ART\characters\act-1-enemies\8.forest-splitbark\production\review\model_r01\turntable_frames\08.png'
01:01.468  render           | Saved: 'C:\Users\d.grab\Desktop\the-game\ART\characters\act-1-enemies\8.forest-splitbark\production\review\model_r01\turntable_frames\09.png'
01:04.218  render           | Saved: 'C:\Users\d.grab\Desktop\the-game\ART\characters\act-1-enemies\8.forest-splitbark\production\review\model_r01\turntable_frames\10.png'
01:07.531  render           | Saved: 'C:\Users\d.grab\Desktop\the-game\ART\characters\act-1-enemies\8.forest-splitbark\production\review\model_r01\turntable_frames\11.png'
01:10.046  render           | Saved: 'C:\Users\d.grab\Desktop\the-game\ART\characters\act-1-enemies\8.forest-splitbark\production\review\model_r01\turntable_frames\12.png'
01:12.593  render           | Saved: 'C:\Users\d.grab\Desktop\the-game\ART\characters\act-1-enemies\8.forest-splitbark\production\review\model_r01\turntable_frames\13.png'
01:15.062  render           | Saved: 'C:\Users\d.grab\Desktop\the-game\ART\characters\act-1-enemies\8.forest-splitbark\production\review\model_r01\turntable_frames\14.png'
01:17.375  render           | Saved: 'C:\Users\d.grab\Desktop\the-game\ART\characters\act-1-enemies\8.forest-splitbark\production\review\model_r01\turntable_frames\15.png'
01:20.156  render           | Saved: 'C:\Users\d.grab\Desktop\the-game\ART\characters\act-1-enemies\8.forest-splitbark\production\review\model_r01\turntable_frames\16.png'
01:23.265  render           | Saved: 'C:\Users\d.grab\Desktop\the-game\ART\characters\act-1-enemies\8.forest-splitbark\production\review\model_r01\turntable_frames\17.png'
01:26.218  render           | Saved: 'C:\Users\d.grab\Desktop\the-game\ART\characters\act-1-enemies\8.forest-splitbark\production\review\model_r01\turntable_frames\18.png'
01:29.156  render           | Saved: 'C:\Users\d.grab\Desktop\the-game\ART\characters\act-1-enemies\8.forest-splitbark\production\review\model_r01\turntable_frames\19.png'
01:32.187  render           | Saved: 'C:\Users\d.grab\Desktop\the-game\ART\characters\act-1-enemies\8.forest-splitbark\production\review\model_r01\turntable_frames\20.png'
01:35.531  render           | Saved: 'C:\Users\d.grab\Desktop\the-game\ART\characters\act-1-enemies\8.forest-splitbark\production\review\model_r01\turntable_frames\21.png'
01:38.609  render           | Saved: 'C:\Users\d.grab\Desktop\the-game\ART\characters\act-1-enemies\8.forest-splitbark\production\review\model_r01\turntable_frames\22.png'
01:40.968  render           | Saved: 'C:\Users\d.grab\Desktop\the-game\ART\characters\act-1-enemies\8.forest-splitbark\production\review\model_r01\turntable_frames\23.png'
01:43.781  render           | Saved: 'C:\Users\d.grab\Desktop\the-game\ART\characters\act-1-enemies\8.forest-splitbark\production\review\model_r01\splitter_vs_pelag.png'
01:45.703  render           | Saved: 'C:\Users\d.grab\Desktop\the-game\ART\characters\act-1-enemies\8.forest-splitbark\production\review\model_r01\splitter_vs_pelag_game.png'
MOB_MESHES=1 FACES=1470750 MATERIALS=1
MOB_RAW_BOUNDS=(1.0, 0.7774, 0.8325)
MOB_BOUNDS_AT_TARGET=(1.562, 1.214, 1.3)
FBX version: 7400
COMPARISON_BOUNDS=(5.4861, 1.214, 1.8065)
[a_Rodin.utils-[36mDBG[0m]: [36mRodinBridge: unregister[0m
Blender 5.2.1 LTS (hash 9e2066aef7ef built 2026-08-25 02:38:20)

Blender quit
