[a_Rodin.utils-[36mDBG[0m]: [36mRodinBridge: register[0m
[a_Rodin.utils-[33mWRN[0m]: [33mServer running on port 61863[0m
[a_Rodin.utils-[36mDBG[0m]: [36mon_scene_load[0m
[a_Rodin.utils-[36mDBG[0m]: [36mensure_default_image[0m
00:06.000  blend            | Read blend: "C:\Users\d.grab\Desktop\the-game\ART\characters\act-1-enemies\7.forest-root-snarer\production\animation\ForestRootSnarer_Anim_r01.blend"
00:07.906  render           | Saved: 'C:\Users\d.grab\Desktop\the-game\ART\characters\act-1-enemies\7.forest-root-snarer\production\animation\work\review_slam\ForestRootSnarer_Slam\game\0000.png'
00:08.031  render           | Saved: 'C:\Users\d.grab\Desktop\the-game\ART\characters\act-1-enemies\7.forest-root-snarer\production\animation\work\review_slam\ForestRootSnarer_Slam\game\0001.png'
00:08.140  render           | Saved: 'C:\Users\d.grab\Desktop\the-game\ART\characters\act-1-enemies\7.forest-root-snarer\production\animation\work\review_slam\ForestRootSnarer_Slam\game\0002.png'
00:08.250  render           | Saved: 'C:\Users\d.grab\Desktop\the-game\ART\characters\act-1-enemies\7.forest-root-snarer\production\animation\work\review_slam\ForestRootSnarer_Slam\game\0003.png'
00:08.375  render           | Saved: 'C:\Users\d.grab\Desktop\the-game\ART\characters\act-1-enemies\7.forest-root-snarer\production\animation\work\review_slam\ForestRootSnarer_Slam\game\0004.png'
00:08.468  render           | Saved: 'C:\Users\d.grab\Desktop\the-game\ART\characters\act-1-enemies\7.forest-root-snarer\production\animation\work\review_slam\ForestRootSnarer_Slam\game\0005.png'
00:08.562  render           | Saved: 'C:\Users\d.grab\Desktop\the-game\ART\characters\act-1-enemies\7.forest-root-snarer\production\animation\work\review_slam\ForestRootSnarer_Slam\game\0006.png'
00:08.656  render           | Saved: 'C:\Users\d.grab\Desktop\the-game\ART\characters\act-1-enemies\7.forest-root-snarer\production\animation\work\review_slam\ForestRootSnarer_Slam\game\0007.png'
00:08.765  render           | Saved: 'C:\Users\d.grab\Desktop\the-game\ART\characters\act-1-enemies\7.forest-root-snarer\production\animation\work\review_slam\ForestRootSnarer_Slam\game\0008.png'
00:08.875  render           | Saved: 'C:\Users\d.grab\Desktop\the-game\ART\characters\act-1-enemies\7.forest-root-snarer\production\animation\work\review_slam\ForestRootSnarer_Slam\game\0009.png'
00:09.000  render           | Saved: 'C:\Users\d.grab\Desktop\the-game\ART\characters\act-1-enemies\7.forest-root-snarer\production\animation\work\review_slam\ForestRootSnarer_Slam\game\0010.png'
00:09.125  render           | Saved: 'C:\Users\d.grab\Desktop\the-game\ART\characters\act-1-enemies\7.forest-root-snarer\production\animation\work\review_slam\ForestRootSnarer_Slam\game\0011.png'
00:09.250  render           | Saved: 'C:\Users\d.grab\Desktop\the-game\ART\characters\act-1-enemies\7.forest-root-snarer\production\animation\work\review_slam\ForestRootSnarer_Slam\game\0012.png'
00:09.375  render           | Saved: 'C:\Users\d.grab\Desktop\the-game\ART\characters\act-1-enemies\7.forest-root-snarer\production\animation\work\review_slam\ForestRootSnarer_Slam\game\0013.png'
00:09.484  render           | Saved: 'C:\Users\d.grab\Desktop\the-game\ART\characters\act-1-enemies\7.forest-root-snarer\production\animation\work\review_slam\ForestRootSnarer_Slam\game\0014.png'
00:09.593  render           | Saved: 'C:\Users\d.grab\Desktop\the-game\ART\characters\act-1-enemies\7.forest-root-snarer\production\animation\work\review_slam\ForestRootSnarer_Slam\game\0015.png'
00:09.687  render           | Saved: 'C:\Users\d.grab\Desktop\the-game\ART\characters\act-1-enemies\7.forest-root-snarer\production\animation\work\review_slam\ForestRootSnarer_Slam\game\0016.png'
00:09.765  render           | Saved: 'C:\Users\d.grab\Desktop\the-game\ART\characters\act-1-enemies\7.forest-root-snarer\production\animation\work\review_slam\ForestRootSnarer_Slam\game\0017.png'
00:09.843  render           | Saved: 'C:\Users\d.grab\Desktop\the-game\ART\characters\act-1-enemies\7.forest-root-snarer\production\animation\work\review_slam\ForestRootSnarer_Slam\game\0018.png'
00:09.937  render           | Saved: 'C:\Users\d.grab\Desktop\the-game\ART\characters\act-1-enemies\7.forest-root-snarer\production\animation\work\review_slam\ForestRootSnarer_Slam\game\0019.png'
00:10.015  render           | Saved: 'C:\Users\d.grab\Desktop\the-game\ART\characters\act-1-enemies\7.forest-root-snarer\production\animation\work\review_slam\ForestRootSnarer_Slam\game\0020.png'
00:10.109  render           | Saved: 'C:\Users\d.grab\Desktop\the-game\ART\characters\act-1-enemies\7.forest-root-snarer\production\animation\work\review_slam\ForestRootSnarer_Slam\game\0021.png'
00:10.187  render           | Saved: 'C:\Users\d.grab\Desktop\the-game\ART\characters\act-1-enemies\7.forest-root-snarer\production\animation\work\review_slam\ForestRootSnarer_Slam\game\0022.png'
00:10.297  render           | Saved: 'C:\Users\d.grab\Desktop\the-game\ART\characters\act-1-enemies\7.forest-root-snarer\production\animation\work\review_slam\ForestRootSnarer_Slam\game\0023.png'
00:10.390  render           | Saved: 'C:\Users\d.grab\Desktop\the-game\ART\characters\act-1-enemies\7.forest-root-snarer\production\animation\work\review_slam\ForestRootSnarer_Slam\game\0024.png'
00:10.500  render           | Saved: 'C:\Users\d.grab\Desktop\the-game\ART\characters\act-1-enemies\7.forest-root-snarer\production\animation\work\review_slam\ForestRootSnarer_Slam\game\0025.png'
00:10.593  render           | Saved: 'C:\Users\d.grab\Desktop\the-game\ART\characters\act-1-enemies\7.forest-root-snarer\production\animation\work\review_slam\ForestRootSnarer_Slam\game\0026.png'
00:10.687  render           | Saved: 'C:\Users\d.grab\Desktop\the-game\ART\characters\act-1-enemies\7.forest-root-snarer\production\animation\work\review_slam\ForestRootSnarer_Slam\game\0027.png'
00:10.781  render           | Saved: 'C:\Users\d.grab\Desktop\the-game\ART\characters\act-1-enemies\7.forest-root-snarer\production\animation\work\review_slam\ForestRootSnarer_Slam\game\0028.png'
00:10.859  render           | Saved: 'C:\Users\d.grab\Desktop\the-game\ART\characters\act-1-enemies\7.forest-root-snarer\production\animation\work\review_slam\ForestRootSnarer_Slam\game\0029.png'
00:10.937  render           | Saved: 'C:\Users\d.grab\Desktop\the-game\ART\characters\act-1-enemies\7.forest-root-snarer\production\animation\work\review_slam\ForestRootSnarer_Slam\game\0030.png'
00:11.015  render           | Saved: 'C:\Users\d.grab\Desktop\the-game\ART\characters\act-1-enemies\7.forest-root-snarer\production\animation\work\review_slam\ForestRootSnarer_Slam\game\0031.png'
00:11.093  render           | Saved: 'C:\Users\d.grab\Desktop\the-game\ART\characters\act-1-enemies\7.forest-root-snarer\production\animation\work\review_slam\ForestRootSnarer_Slam\game\0032.png'
00:11.172  render           | Saved: 'C:\Users\d.grab\Desktop\the-game\ART\characters\act-1-enemies\7.forest-root-snarer\production\animation\work\review_slam\ForestRootSnarer_Slam\game\0033.png'
00:11.250  render           | Saved: 'C:\Users\d.grab\Desktop\the-game\ART\characters\act-1-enemies\7.forest-root-snarer\production\animation\work\review_slam\ForestRootSnarer_Slam\game\0034.png'
00:11.328  render           | Saved: 'C:\Users\d.grab\Desktop\the-game\ART\characters\act-1-enemies\7.forest-root-snarer\production\animation\work\review_slam\ForestRootSnarer_Slam\game\0035.png'
00:11.422  render           | Saved: 'C:\Users\d.grab\Desktop\the-game\ART\characters\act-1-enemies\7.forest-root-snarer\production\animation\work\review_slam\ForestRootSnarer_Slam\game\0036.png'
00:11.515  render           | Saved: 'C:\Users\d.grab\Desktop\the-game\ART\characters\act-1-enemies\7.forest-root-snarer\production\animation\work\review_slam\ForestRootSnarer_Slam\game\0037.png'
00:11.609  render           | Saved: 'C:\Users\d.grab\Desktop\the-game\ART\characters\act-1-enemies\7.forest-root-snarer\production\animation\work\review_slam\ForestRootSnarer_Slam\game\0038.png'
00:11.718  render           | Saved: 'C:\Users\d.grab\Desktop\the-game\ART\characters\act-1-enemies\7.forest-root-snarer\production\animation\work\review_slam\ForestRootSnarer_Slam\game\0039.png'
00:11.812  render           | Saved: 'C:\Users\d.grab\Desktop\the-game\ART\characters\act-1-enemies\7.forest-root-snarer\production\animation\work\review_slam\ForestRootSnarer_Slam\game\0040.png'
00:11.906  render           | Saved: 'C:\Users\d.grab\Desktop\the-game\ART\characters\act-1-enemies\7.forest-root-snarer\production\animation\work\review_slam\ForestRootSnarer_Slam\game\0041.png'
00:12.000  render           | Saved: 'C:\Users\d.grab\Desktop\the-game\ART\characters\act-1-enemies\7.forest-root-snarer\production\animation\work\review_slam\ForestRootSnarer_Slam\game\0042.png'
00:12.125  render           | Saved: 'C:\Users\d.grab\Desktop\the-game\ART\characters\act-1-enemies\7.forest-root-snarer\production\animation\work\review_slam\ForestRootSnarer_Slam\game\0043.png'
00:12.218  render           | Saved: 'C:\Users\d.grab\Desktop\the-game\ART\characters\act-1-enemies\7.forest-root-snarer\production\animation\work\review_slam\ForestRootSnarer_Slam\game\0044.png'
00:12.297  render           | Saved: 'C:\Users\d.grab\Desktop\the-game\ART\characters\act-1-enemies\7.forest-root-snarer\production\animation\work\review_slam\ForestRootSnarer_Slam\game\0045.png'
00:12.375  render           | Saved: 'C:\Users\d.grab\Desktop\the-game\ART\characters\act-1-enemies\7.forest-root-snarer\production\animation\work\review_slam\ForestRootSnarer_Slam\game\0046.png'
00:12.468  render           | Saved: 'C:\Users\d.grab\Desktop\the-game\ART\characters\act-1-enemies\7.forest-root-snarer\production\animation\work\review_slam\ForestRootSnarer_Slam\game\0047.png'
00:12.578  render           | Saved: 'C:\Users\d.grab\Desktop\the-game\ART\characters\act-1-enemies\7.forest-root-snarer\production\animation\work\review_slam\ForestRootSnarer_Slam\game\0048.png'
00:12.672  render           | Saved: 'C:\Users\d.grab\Desktop\the-game\ART\characters\act-1-enemies\7.forest-root-snarer\production\animation\work\review_slam\ForestRootSnarer_Slam\game\0049.png'
00:12.781  render           | Saved: 'C:\Users\d.grab\Desktop\the-game\ART\characters\act-1-enemies\7.forest-root-snarer\production\animation\work\review_slam\ForestRootSnarer_Slam\game\0050.png'
00:12.890  render           | Saved: 'C:\Users\d.grab\Desktop\the-game\ART\characters\act-1-enemies\7.forest-root-snarer\production\animation\work\review_slam\ForestRootSnarer_Slam\game\0051.png'
00:13.000  render           | Saved: 'C:\Users\d.grab\Desktop\the-game\ART\characters\act-1-enemies\7.forest-root-snarer\production\animation\work\review_slam\ForestRootSnarer_Slam\game\0052.png'
00:13.109  render           | Saved: 'C:\Users\d.grab\Desktop\the-game\ART\characters\act-1-enemies\7.forest-root-snarer\production\animation\work\review_slam\ForestRootSnarer_Slam\game\0053.png'
00:13.218  render           | Saved: 'C:\Users\d.grab\Desktop\the-game\ART\characters\act-1-enemies\7.forest-root-snarer\production\animation\work\review_slam\ForestRootSnarer_Slam\game\0054.png'
00:13.312  render           | Saved: 'C:\Users\d.grab\Desktop\the-game\ART\characters\act-1-enemies\7.forest-root-snarer\production\animation\work\review_slam\ForestRootSnarer_Slam\game\0055.png'
00:13.406  render           | Saved: 'C:\Users\d.grab\Desktop\the-game\ART\characters\act-1-enemies\7.forest-root-snarer\production\animation\work\review_slam\ForestRootSnarer_Slam\game\0056.png'
00:13.500  render           | Saved: 'C:\Users\d.grab\Desktop\the-game\ART\characters\act-1-enemies\7.forest-root-snarer\production\animation\work\review_slam\ForestRootSnarer_Slam\game\0057.png'
00:13.593  render           | Saved: 'C:\Users\d.grab\Desktop\the-game\ART\characters\act-1-enemies\7.forest-root-snarer\production\animation\work\review_slam\ForestRootSnarer_Slam\game\0058.png'
00:13.703  render           | Saved: 'C:\Users\d.grab\Desktop\the-game\ART\characters\act-1-enemies\7.forest-root-snarer\production\animation\work\review_slam\ForestRootSnarer_Slam\game\0059.png'
00:13.797  render           | Saved: 'C:\Users\d.grab\Desktop\the-game\ART\characters\act-1-enemies\7.forest-root-snarer\production\animation\work\review_slam\ForestRootSnarer_Slam\game\0060.png'
00:13.890  render           | Saved: 'C:\Users\d.grab\Desktop\the-game\ART\characters\act-1-enemies\7.forest-root-snarer\production\animation\work\review_slam\ForestRootSnarer_Slam\game\0061.png'
00:13.984  render           | Saved: 'C:\Users\d.grab\Desktop\the-game\ART\characters\act-1-enemies\7.forest-root-snarer\production\animation\work\review_slam\ForestRootSnarer_Slam\game\0062.png'
00:14.093  render           | Saved: 'C:\Users\d.grab\Desktop\the-game\ART\characters\act-1-enemies\7.forest-root-snarer\production\animation\work\review_slam\ForestRootSnarer_Slam\game\0063.png'
00:14.218  render           | Saved: 'C:\Users\d.grab\Desktop\the-game\ART\characters\act-1-enemies\7.forest-root-snarer\production\animation\work\review_slam\ForestRootSnarer_Slam\game\0064.png'
00:14.343  render           | Saved: 'C:\Users\d.grab\Desktop\the-game\ART\characters\act-1-enemies\7.forest-root-snarer\production\animation\work\review_slam\ForestRootSnarer_Slam\game\0065.png'
00:14.453  render           | Saved: 'C:\Users\d.grab\Desktop\the-game\ART\characters\act-1-enemies\7.forest-root-snarer\production\animation\work\review_slam\ForestRootSnarer_Slam\game\0066.png'
00:14.562  render           | Saved: 'C:\Users\d.grab\Desktop\the-game\ART\characters\act-1-enemies\7.forest-root-snarer\production\animation\work\review_slam\ForestRootSnarer_Slam\game\0067.png'
00:14.656  render           | Saved: 'C:\Users\d.grab\Desktop\the-game\ART\characters\act-1-enemies\7.forest-root-snarer\production\animation\work\review_slam\ForestRootSnarer_Slam\game\0068.png'
00:14.750  render           | Saved: 'C:\Users\d.grab\Desktop\the-game\ART\characters\act-1-enemies\7.forest-root-snarer\production\animation\work\review_slam\ForestRootSnarer_Slam\game\0069.png'
00:14.828  render           | Saved: 'C:\Users\d.grab\Desktop\the-game\ART\characters\act-1-enemies\7.forest-root-snarer\production\animation\work\review_slam\ForestRootSnarer_Slam\game\0070.png'
00:14.922  render           | Saved: 'C:\Users\d.grab\Desktop\the-game\ART\characters\act-1-enemies\7.forest-root-snarer\production\animation\work\review_slam\ForestRootSnarer_Slam\game\0071.png'
00:15.015  render           | Saved: 'C:\Users\d.grab\Desktop\the-game\ART\characters\act-1-enemies\7.forest-root-snarer\production\animation\work\review_slam\ForestRootSnarer_Slam\game\0072.png'
Reloading external rigs...
Reloading external metarigs...
RENDERED ForestRootSnarer_Slam game 73
00:15.125  render           | Saved: 'C:\Users\d.grab\Desktop\the-game\ART\characters\act-1-enemies\7.forest-root-snarer\production\animation\work\review_slam\ForestRootSnarer_Slam\side\0000.png'
00:15.250  render           | Saved: 'C:\Users\d.grab\Desktop\the-game\ART\characters\act-1-enemies\7.forest-root-snarer\production\animation\work\review_slam\ForestRootSnarer_Slam\side\0001.png'
00:15.375  render           | Saved: 'C:\Users\d.grab\Desktop\the-game\ART\characters\act-1-enemies\7.forest-root-snarer\production\animation\work\review_slam\ForestRootSnarer_Slam\side\0002.png'
00:15.484  render           | Saved: 'C:\Users\d.grab\Desktop\the-game\ART\characters\act-1-enemies\7.forest-root-snarer\production\animation\work\review_slam\ForestRootSnarer_Slam\side\0003.png'
00:15.609  render           | Saved: 'C:\Users\d.grab\Desktop\the-game\ART\characters\act-1-enemies\7.forest-root-snarer\production\animation\work\review_slam\ForestRootSnarer_Slam\side\0004.png'
00:15.718  render           | Saved: 'C:\Users\d.grab\Desktop\the-game\ART\characters\act-1-enemies\7.forest-root-snarer\production\animation\work\review_slam\ForestRootSnarer_Slam\side\0005.png'
00:15.828  render           | Saved: 'C:\Users\d.grab\Desktop\the-game\ART\characters\act-1-enemies\7.forest-root-snarer\production\animation\work\review_slam\ForestRootSnarer_Slam\side\0006.png'
00:15.968  render           | Saved: 'C:\Users\d.grab\Desktop\the-game\ART\characters\act-1-enemies\7.forest-root-snarer\production\animation\work\review_slam\ForestRootSnarer_Slam\side\0007.png'
00:16.062  render           | Saved: 'C:\Users\d.grab\Desktop\the-game\ART\characters\act-1-enemies\7.forest-root-snarer\production\animation\work\review_slam\ForestRootSnarer_Slam\side\0008.png'
00:16.156  render           | Saved: 'C:\Users\d.grab\Desktop\the-game\ART\characters\act-1-enemies\7.forest-root-snarer\production\animation\work\review_slam\ForestRootSnarer_Slam\side\0009.png'
00:16.234  render           | Saved: 'C:\Users\d.grab\Desktop\the-game\ART\characters\act-1-enemies\7.forest-root-snarer\production\animation\work\review_slam\ForestRootSnarer_Slam\side\0010.png'
00:16.328  render           | Saved: 'C:\Users\d.grab\Desktop\the-game\ART\characters\act-1-enemies\7.forest-root-snarer\production\animation\work\review_slam\ForestRootSnarer_Slam\side\0011.png'
00:16.406  render           | Saved: 'C:\Users\d.grab\Desktop\the-game\ART\characters\act-1-enemies\7.forest-root-snarer\production\animation\work\review_slam\ForestRootSnarer_Slam\side\0012.png'
00:16.500  render           | Saved: 'C:\Users\d.grab\Desktop\the-game\ART\characters\act-1-enemies\7.forest-root-snarer\production\animation\work\review_slam\ForestRootSnarer_Slam\side\0013.png'
00:16.593  render           | Saved: 'C:\Users\d.grab\Desktop\the-game\ART\characters\act-1-enemies\7.forest-root-snarer\production\animation\work\review_slam\ForestRootSnarer_Slam\side\0014.png'
00:16.687  render           | Saved: 'C:\Users\d.grab\Desktop\the-game\ART\characters\act-1-enemies\7.forest-root-snarer\production\animation\work\review_slam\ForestRootSnarer_Slam\side\0015.png'
00:16.812  render           | Saved: 'C:\Users\d.grab\Desktop\the-game\ART\characters\act-1-enemies\7.forest-root-snarer\production\animation\work\review_slam\ForestRootSnarer_Slam\side\0016.png'
00:16.922  render           | Saved: 'C:\Users\d.grab\Desktop\the-game\ART\characters\act-1-enemies\7.forest-root-snarer\production\animation\work\review_slam\ForestRootSnarer_Slam\side\0017.png'
00:17.015  render           | Saved: 'C:\Users\d.grab\Desktop\the-game\ART\characters\act-1-enemies\7.forest-root-snarer\production\animation\work\review_slam\ForestRootSnarer_Slam\side\0018.png'
00:17.093  render           | Saved: 'C:\Users\d.grab\Desktop\the-game\ART\characters\act-1-enemies\7.forest-root-snarer\production\animation\work\review_slam\ForestRootSnarer_Slam\side\0019.png'
00:17.203  render           | Saved: 'C:\Users\d.grab\Desktop\the-game\ART\characters\act-1-enemies\7.forest-root-snarer\production\animation\work\review_slam\ForestRootSnarer_Slam\side\0020.png'
00:17.297  render           | Saved: 'C:\Users\d.grab\Desktop\the-game\ART\characters\act-1-enemies\7.forest-root-snarer\production\animation\work\review_slam\ForestRootSnarer_Slam\side\0021.png'
00:17.406  render           | Saved: 'C:\Users\d.grab\Desktop\the-game\ART\characters\act-1-enemies\7.forest-root-snarer\production\animation\work\review_slam\ForestRootSnarer_Slam\side\0022.png'
00:17.484  render           | Saved: 'C:\Users\d.grab\Desktop\the-game\ART\characters\act-1-enemies\7.forest-root-snarer\production\animation\work\review_slam\ForestRootSnarer_Slam\side\0023.png'
00:17.578  render           | Saved: 'C:\Users\d.grab\Desktop\the-game\ART\characters\act-1-enemies\7.forest-root-snarer\production\animation\work\review_slam\ForestRootSnarer_Slam\side\0024.png'
00:17.656  render           | Saved: 'C:\Users\d.grab\Desktop\the-game\ART\characters\act-1-enemies\7.forest-root-snarer\production\animation\work\review_slam\ForestRootSnarer_Slam\side\0025.png'
00:17.765  render           | Saved: 'C:\Users\d.grab\Desktop\the-game\ART\characters\act-1-enemies\7.forest-root-snarer\production\animation\work\review_slam\ForestRootSnarer_Slam\side\0026.png'
00:17.875  render           | Saved: 'C:\Users\d.grab\Desktop\the-game\ART\characters\act-1-enemies\7.forest-root-snarer\production\animation\work\review_slam\ForestRootSnarer_Slam\side\0027.png'
00:17.984  render           | Saved: 'C:\Users\d.grab\Desktop\the-game\ART\characters\act-1-enemies\7.forest-root-snarer\production\animation\work\review_slam\ForestRootSnarer_Slam\side\0028.png'
00:18.109  render           | Saved: 'C:\Users\d.grab\Desktop\the-game\ART\characters\act-1-enemies\7.forest-root-snarer\production\animation\work\review_slam\ForestRootSnarer_Slam\side\0029.png'
00:18.234  render           | Saved: 'C:\Users\d.grab\Desktop\the-game\ART\characters\act-1-enemies\7.forest-root-snarer\production\animation\work\review_slam\ForestRootSnarer_Slam\side\0030.png'
00:18.343  render           | Saved: 'C:\Users\d.grab\Desktop\the-game\ART\characters\act-1-enemies\7.forest-root-snarer\production\animation\work\review_slam\ForestRootSnarer_Slam\side\0031.png'
00:18.453  render           | Saved: 'C:\Users\d.grab\Desktop\the-game\ART\characters\act-1-enemies\7.forest-root-snarer\production\animation\work\review_slam\ForestRootSnarer_Slam\side\0032.png'
00:18.531  render           | Saved: 'C:\Users\d.grab\Desktop\the-game\ART\characters\act-1-enemies\7.forest-root-snarer\production\animation\work\review_slam\ForestRootSnarer_Slam\side\0033.png'
00:18.640  render           | Saved: 'C:\Users\d.grab\Desktop\the-game\ART\characters\act-1-enemies\7.forest-root-snarer\production\animation\work\review_slam\ForestRootSnarer_Slam\side\0034.png'
00:18.734  render           | Saved: 'C:\Users\d.grab\Desktop\the-game\ART\characters\act-1-enemies\7.forest-root-snarer\production\animation\work\review_slam\ForestRootSnarer_Slam\side\0035.png'
00:18.828  render           | Saved: 'C:\Users\d.grab\Desktop\the-game\ART\characters\act-1-enemies\7.forest-root-snarer\production\animation\work\review_slam\ForestRootSnarer_Slam\side\0036.png'
00:18.906  render           | Saved: 'C:\Users\d.grab\Desktop\the-game\ART\characters\act-1-enemies\7.forest-root-snarer\production\animation\work\review_slam\ForestRootSnarer_Slam\side\0037.png'
00:18.984  render           | Saved: 'C:\Users\d.grab\Desktop\the-game\ART\characters\act-1-enemies\7.forest-root-snarer\production\animation\work\review_slam\ForestRootSnarer_Slam\side\0038.png'
00:19.125  render           | Saved: 'C:\Users\d.grab\Desktop\the-game\ART\characters\act-1-enemies\7.forest-root-snarer\production\animation\work\review_slam\ForestRootSnarer_Slam\side\0039.png'
00:19.234  render           | Saved: 'C:\Users\d.grab\Desktop\the-game\ART\characters\act-1-enemies\7.forest-root-snarer\production\animation\work\review_slam\ForestRootSnarer_Slam\side\0040.png'
00:19.328  render           | Saved: 'C:\Users\d.grab\Desktop\the-game\ART\characters\act-1-enemies\7.forest-root-snarer\production\animation\work\review_slam\ForestRootSnarer_Slam\side\0041.png'
00:19.437  render           | Saved: 'C:\Users\d.grab\Desktop\the-game\ART\characters\act-1-enemies\7.forest-root-snarer\production\animation\work\review_slam\ForestRootSnarer_Slam\side\0042.png'
00:19.531  render           | Saved: 'C:\Users\d.grab\Desktop\the-game\ART\characters\act-1-enemies\7.forest-root-snarer\production\animation\work\review_slam\ForestRootSnarer_Slam\side\0043.png'
00:19.625  render           | Saved: 'C:\Users\d.grab\Desktop\the-game\ART\characters\act-1-enemies\7.forest-root-snarer\production\animation\work\review_slam\ForestRootSnarer_Slam\side\0044.png'
00:19.734  render           | Saved: 'C:\Users\d.grab\Desktop\the-game\ART\characters\act-1-enemies\7.forest-root-snarer\production\animation\work\review_slam\ForestRootSnarer_Slam\side\0045.png'
00:19.828  render           | Saved: 'C:\Users\d.grab\Desktop\the-game\ART\characters\act-1-enemies\7.forest-root-snarer\production\animation\work\review_slam\ForestRootSnarer_Slam\side\0046.png'
00:19.922  render           | Saved: 'C:\Users\d.grab\Desktop\the-game\ART\characters\act-1-enemies\7.forest-root-snarer\production\animation\work\review_slam\ForestRootSnarer_Slam\side\0047.png'
00:20.000  render           | Saved: 'C:\Users\d.grab\Desktop\the-game\ART\characters\act-1-enemies\7.forest-root-snarer\production\animation\work\review_slam\ForestRootSnarer_Slam\side\0048.png'
00:20.093  render           | Saved: 'C:\Users\d.grab\Desktop\the-game\ART\characters\act-1-enemies\7.forest-root-snarer\production\animation\work\review_slam\ForestRootSnarer_Slam\side\0049.png'
00:20.156  render           | Saved: 'C:\Users\d.grab\Desktop\the-game\ART\characters\act-1-enemies\7.forest-root-snarer\production\animation\work\review_slam\ForestRootSnarer_Slam\side\0050.png'
00:20.265  render           | Saved: 'C:\Users\d.grab\Desktop\the-game\ART\characters\act-1-enemies\7.forest-root-snarer\production\animation\work\review_slam\ForestRootSnarer_Slam\side\0051.png'
00:20.359  render           | Saved: 'C:\Users\d.grab\Desktop\the-game\ART\characters\act-1-enemies\7.forest-root-snarer\production\animation\work\review_slam\ForestRootSnarer_Slam\side\0052.png'
00:20.437  render           | Saved: 'C:\Users\d.grab\Desktop\the-game\ART\characters\act-1-enemies\7.forest-root-snarer\production\animation\work\review_slam\ForestRootSnarer_Slam\side\0053.png'
00:20.531  render           | Saved: 'C:\Users\d.grab\Desktop\the-game\ART\characters\act-1-enemies\7.forest-root-snarer\production\animation\work\review_slam\ForestRootSnarer_Slam\side\0054.png'
00:20.625  render           | Saved: 'C:\Users\d.grab\Desktop\the-game\ART\characters\act-1-enemies\7.forest-root-snarer\production\animation\work\review_slam\ForestRootSnarer_Slam\side\0055.png'
00:20.718  render           | Saved: 'C:\Users\d.grab\Desktop\the-game\ART\characters\act-1-enemies\7.forest-root-snarer\production\animation\work\review_slam\ForestRootSnarer_Slam\side\0056.png'
00:20.828  render           | Saved: 'C:\Users\d.grab\Desktop\the-game\ART\characters\act-1-enemies\7.forest-root-snarer\production\animation\work\review_slam\ForestRootSnarer_Slam\side\0057.png'
00:20.937  render           | Saved: 'C:\Users\d.grab\Desktop\the-game\ART\characters\act-1-enemies\7.forest-root-snarer\production\animation\work\review_slam\ForestRootSnarer_Slam\side\0058.png'
00:21.031  render           | Saved: 'C:\Users\d.grab\Desktop\the-game\ART\characters\act-1-enemies\7.forest-root-snarer\production\animation\work\review_slam\ForestRootSnarer_Slam\side\0059.png'
00:21.109  render           | Saved: 'C:\Users\d.grab\Desktop\the-game\ART\characters\act-1-enemies\7.forest-root-snarer\production\animation\work\review_slam\ForestRootSnarer_Slam\side\0060.png'
00:21.203  render           | Saved: 'C:\Users\d.grab\Desktop\the-game\ART\characters\act-1-enemies\7.forest-root-snarer\production\animation\work\review_slam\ForestRootSnarer_Slam\side\0061.png'
00:21.281  render           | Saved: 'C:\Users\d.grab\Desktop\the-game\ART\characters\act-1-enemies\7.forest-root-snarer\production\animation\work\review_slam\ForestRootSnarer_Slam\side\0062.png'
00:21.375  render           | Saved: 'C:\Users\d.grab\Desktop\the-game\ART\characters\act-1-enemies\7.forest-root-snarer\production\animation\work\review_slam\ForestRootSnarer_Slam\side\0063.png'
00:21.468  render           | Saved: 'C:\Users\d.grab\Desktop\the-game\ART\characters\act-1-enemies\7.forest-root-snarer\production\animation\work\review_slam\ForestRootSnarer_Slam\side\0064.png'
00:21.547  render           | Saved: 'C:\Users\d.grab\Desktop\the-game\ART\characters\act-1-enemies\7.forest-root-snarer\production\animation\work\review_slam\ForestRootSnarer_Slam\side\0065.png'
00:21.656  render           | Saved: 'C:\Users\d.grab\Desktop\the-game\ART\characters\act-1-enemies\7.forest-root-snarer\production\animation\work\review_slam\ForestRootSnarer_Slam\side\0066.png'
00:21.765  render           | Saved: 'C:\Users\d.grab\Desktop\the-game\ART\characters\act-1-enemies\7.forest-root-snarer\production\animation\work\review_slam\ForestRootSnarer_Slam\side\0067.png'
00:21.875  render           | Saved: 'C:\Users\d.grab\Desktop\the-game\ART\characters\act-1-enemies\7.forest-root-snarer\production\animation\work\review_slam\ForestRootSnarer_Slam\side\0068.png'
00:21.984  render           | Saved: 'C:\Users\d.grab\Desktop\the-game\ART\characters\act-1-enemies\7.forest-root-snarer\production\animation\work\review_slam\ForestRootSnarer_Slam\side\0069.png'
00:22.093  render           | Saved: 'C:\Users\d.grab\Desktop\the-game\ART\characters\act-1-enemies\7.forest-root-snarer\production\animation\work\review_slam\ForestRootSnarer_Slam\side\0070.png'
00:22.203  render           | Saved: 'C:\Users\d.grab\Desktop\the-game\ART\characters\act-1-enemies\7.forest-root-snarer\production\animation\work\review_slam\ForestRootSnarer_Slam\side\0071.png'
00:22.312  render           | Saved: 'C:\Users\d.grab\Desktop\the-game\ART\characters\act-1-enemies\7.forest-root-snarer\production\animation\work\review_slam\ForestRootSnarer_Slam\side\0072.png'
RENDERED ForestRootSnarer_Slam side 73
RENDER_DONE
[a_Rodin.utils-[36mDBG[0m]: [36mRodinBridge: unregister[0m
Traceback (most recent call last):
  File "C:\Program Files\Blender Foundation\Blender 5.2\5.2\scripts\modules\addon_utils.py", line 595, in disable
    mod.unregister()
    ~~~~~~~~~~~~~~^^
  File "C:\Users\d.grab\AppData\Roaming\Blender Foundation\Blender\5.2\scripts\addons\a_Rodin\__init__.py", line 28, in unregister
    unreg()
    ~~~~~^^
  File "C:\Program Files\Blender Foundation\Blender 5.2\5.2\scripts\modules\bpy\utils\__init__.py", line 1054, in unregister
    mod.unregister()
    ~~~~~~~~~~~~~~^^
  File "C:\Program Files\Blender Foundation\Blender 5.2\5.2\scripts\modules\bpy\utils\__init__.py", line 1054, in unregister
    mod.unregister()
    ~~~~~~~~~~~~~~^^
  File "C:\Program Files\Blender Foundation\Blender 5.2\5.2\scripts\modules\bpy\utils\__init__.py", line 1054, in unregister
    mod.unregister()
    ~~~~~~~~~~~~~~^^
  File "C:\Users\d.grab\AppData\Roaming\Blender Foundation\Blender\5.2\scripts\addons\a_Rodin\src\rodin\properties.py", line 408, in unregister
    bpy.app.handlers.load_post.remove(on_scene_load)
    ~~~~~~~~~~~~~~~~~~~~~~~~~~~~~~~~~^^^^^^^^^^^^^^^
ValueError: list.remove(x): x not in list
Exception in module unregister(): 'C:\\Users\\d.grab\\AppData\\Roaming\\Blender Foundation\\Blender\\5.2\\scripts\\addons\\a_Rodin\\__init__.py'
Blender 5.2.1 LTS (hash 9e2066aef7ef built 2026-08-25 02:38:20)

Blender quit
