[a_Rodin.utils-[36mDBG[0m]: [36mRodinBridge: register[0m
[a_Rodin.utils-[33mWRN[0m]: [33mServer running on port 61863[0m
Traceback (most recent call last):
  File "C:\Program Files\Blender Foundation\Blender 5.2\5.2\scripts\modules\addon_utils.py", line 458, in enable
    mod = importlib.import_module(module_name)
  File "C:\Program Files\Blender Foundation\Blender 5.2\5.2\python\Lib\importlib\__init__.py", line 88, in import_module
    return _bootstrap._gcd_import(name[level:], package, level)
           ~~~~~~~~~~~~~~~~~~~~~~^^^^^^^^^^^^^^^^^^^^^^^^^^^^^^
  File "<frozen importlib._bootstrap>", line 1395, in _gcd_import
  File "<frozen importlib._bootstrap>", line 1360, in _find_and_load
  File "<frozen importlib._bootstrap>", line 1331, in _find_and_load_unlocked
  File "<frozen importlib._bootstrap>", line 935, in _load_unlocked
  File "<frozen importlib._bootstrap_external>", line 1023, in exec_module
  File "<frozen importlib._bootstrap>", line 488, in _call_with_frames_removed
  File "C:\Users\d.grab\AppData\Roaming\Blender Foundation\Blender\5.2\extensions\user_default\higgsfield_blender\__init__.py", line 60, in <module>
    from .features import bridge_gate, phonecam
  File "C:\Users\d.grab\AppData\Roaming\Blender Foundation\Blender\5.2\extensions\user_default\higgsfield_blender\features\bridge_gate.py", line 23, in <module>
    from ..fnf.session import _active_workspace_id, is_authenticated
  File "C:\Users\d.grab\AppData\Roaming\Blender Foundation\Blender\5.2\extensions\user_default\higgsfield_blender\fnf\session.py", line 31, in <module>
    import httpx
ModuleNotFoundError: No module named 'httpx'
[a_Rodin.utils-[36mDBG[0m]: [36mon_scene_load[0m
[a_Rodin.utils-[36mDBG[0m]: [36mensure_default_image[0m
00:08.672  blend            | Read blend: "C:\Users\d.grab\Desktop\the-game\ART\characters\act-1-enemies\7.forest-root-snarer\production\animation\ForestRootSnarer_Anim_r01.blend"
00:10.406  render           | Saved: 'C:\Users\d.grab\Desktop\the-game\ART\characters\act-1-enemies\7.forest-root-snarer\production\animation\work\review_frames\ForestRootSnarer_Death\game\0000.png'
00:10.484  render           | Saved: 'C:\Users\d.grab\Desktop\the-game\ART\characters\act-1-enemies\7.forest-root-snarer\production\animation\work\review_frames\ForestRootSnarer_Death\game\0001.png'
00:10.547  render           | Saved: 'C:\Users\d.grab\Desktop\the-game\ART\characters\act-1-enemies\7.forest-root-snarer\production\animation\work\review_frames\ForestRootSnarer_Death\game\0002.png'
00:10.609  render           | Saved: 'C:\Users\d.grab\Desktop\the-game\ART\characters\act-1-enemies\7.forest-root-snarer\production\animation\work\review_frames\ForestRootSnarer_Death\game\0003.png'
00:10.672  render           | Saved: 'C:\Users\d.grab\Desktop\the-game\ART\characters\act-1-enemies\7.forest-root-snarer\production\animation\work\review_frames\ForestRootSnarer_Death\game\0004.png'
00:10.719  render           | Saved: 'C:\Users\d.grab\Desktop\the-game\ART\characters\act-1-enemies\7.forest-root-snarer\production\animation\work\review_frames\ForestRootSnarer_Death\game\0005.png'
00:10.797  render           | Saved: 'C:\Users\d.grab\Desktop\the-game\ART\characters\act-1-enemies\7.forest-root-snarer\production\animation\work\review_frames\ForestRootSnarer_Death\game\0006.png'
00:10.844  render           | Saved: 'C:\Users\d.grab\Desktop\the-game\ART\characters\act-1-enemies\7.forest-root-snarer\production\animation\work\review_frames\ForestRootSnarer_Death\game\0007.png'
00:10.906  render           | Saved: 'C:\Users\d.grab\Desktop\the-game\ART\characters\act-1-enemies\7.forest-root-snarer\production\animation\work\review_frames\ForestRootSnarer_Death\game\0008.png'
00:10.984  render           | Saved: 'C:\Users\d.grab\Desktop\the-game\ART\characters\act-1-enemies\7.forest-root-snarer\production\animation\work\review_frames\ForestRootSnarer_Death\game\0009.png'
00:11.047  render           | Saved: 'C:\Users\d.grab\Desktop\the-game\ART\characters\act-1-enemies\7.forest-root-snarer\production\animation\work\review_frames\ForestRootSnarer_Death\game\0010.png'
00:11.109  render           | Saved: 'C:\Users\d.grab\Desktop\the-game\ART\characters\act-1-enemies\7.forest-root-snarer\production\animation\work\review_frames\ForestRootSnarer_Death\game\0011.png'
00:11.187  render           | Saved: 'C:\Users\d.grab\Desktop\the-game\ART\characters\act-1-enemies\7.forest-root-snarer\production\animation\work\review_frames\ForestRootSnarer_Death\game\0012.png'
00:11.234  render           | Saved: 'C:\Users\d.grab\Desktop\the-game\ART\characters\act-1-enemies\7.forest-root-snarer\production\animation\work\review_frames\ForestRootSnarer_Death\game\0013.png'
00:11.297  render           | Saved: 'C:\Users\d.grab\Desktop\the-game\ART\characters\act-1-enemies\7.forest-root-snarer\production\animation\work\review_frames\ForestRootSnarer_Death\game\0014.png'
00:11.359  render           | Saved: 'C:\Users\d.grab\Desktop\the-game\ART\characters\act-1-enemies\7.forest-root-snarer\production\animation\work\review_frames\ForestRootSnarer_Death\game\0015.png'
00:11.437  render           | Saved: 'C:\Users\d.grab\Desktop\the-game\ART\characters\act-1-enemies\7.forest-root-snarer\production\animation\work\review_frames\ForestRootSnarer_Death\game\0016.png'
00:11.500  render           | Saved: 'C:\Users\d.grab\Desktop\the-game\ART\characters\act-1-enemies\7.forest-root-snarer\production\animation\work\review_frames\ForestRootSnarer_Death\game\0017.png'
00:11.562  render           | Saved: 'C:\Users\d.grab\Desktop\the-game\ART\characters\act-1-enemies\7.forest-root-snarer\production\animation\work\review_frames\ForestRootSnarer_Death\game\0018.png'
00:11.640  render           | Saved: 'C:\Users\d.grab\Desktop\the-game\ART\characters\act-1-enemies\7.forest-root-snarer\production\animation\work\review_frames\ForestRootSnarer_Death\game\0019.png'
00:11.703  render           | Saved: 'C:\Users\d.grab\Desktop\the-game\ART\characters\act-1-enemies\7.forest-root-snarer\production\animation\work\review_frames\ForestRootSnarer_Death\game\0020.png'
00:11.765  render           | Saved: 'C:\Users\d.grab\Desktop\the-game\ART\characters\act-1-enemies\7.forest-root-snarer\production\animation\work\review_frames\ForestRootSnarer_Death\game\0021.png'
00:11.844  render           | Saved: 'C:\Users\d.grab\Desktop\the-game\ART\characters\act-1-enemies\7.forest-root-snarer\production\animation\work\review_frames\ForestRootSnarer_Death\game\0022.png'
00:11.922  render           | Saved: 'C:\Users\d.grab\Desktop\the-game\ART\characters\act-1-enemies\7.forest-root-snarer\production\animation\work\review_frames\ForestRootSnarer_Death\game\0023.png'
00:12.015  render           | Saved: 'C:\Users\d.grab\Desktop\the-game\ART\characters\act-1-enemies\7.forest-root-snarer\production\animation\work\review_frames\ForestRootSnarer_Death\game\0024.png'
00:12.094  render           | Saved: 'C:\Users\d.grab\Desktop\the-game\ART\characters\act-1-enemies\7.forest-root-snarer\production\animation\work\review_frames\ForestRootSnarer_Death\game\0025.png'
00:12.172  render           | Saved: 'C:\Users\d.grab\Desktop\the-game\ART\characters\act-1-enemies\7.forest-root-snarer\production\animation\work\review_frames\ForestRootSnarer_Death\game\0026.png'
00:12.234  render           | Saved: 'C:\Users\d.grab\Desktop\the-game\ART\characters\act-1-enemies\7.forest-root-snarer\production\animation\work\review_frames\ForestRootSnarer_Death\game\0027.png'
00:12.312  render           | Saved: 'C:\Users\d.grab\Desktop\the-game\ART\characters\act-1-enemies\7.forest-root-snarer\production\animation\work\review_frames\ForestRootSnarer_Death\game\0028.png'
00:12.390  render           | Saved: 'C:\Users\d.grab\Desktop\the-game\ART\characters\act-1-enemies\7.forest-root-snarer\production\animation\work\review_frames\ForestRootSnarer_Death\game\0029.png'
00:12.453  render           | Saved: 'C:\Users\d.grab\Desktop\the-game\ART\characters\act-1-enemies\7.forest-root-snarer\production\animation\work\review_frames\ForestRootSnarer_Death\game\0030.png'
00:12.515  render           | Saved: 'C:\Users\d.grab\Desktop\the-game\ART\characters\act-1-enemies\7.forest-root-snarer\production\animation\work\review_frames\ForestRootSnarer_Death\game\0031.png'
00:12.578  render           | Saved: 'C:\Users\d.grab\Desktop\the-game\ART\characters\act-1-enemies\7.forest-root-snarer\production\animation\work\review_frames\ForestRootSnarer_Death\game\0032.png'
00:12.672  render           | Saved: 'C:\Users\d.grab\Desktop\the-game\ART\characters\act-1-enemies\7.forest-root-snarer\production\animation\work\review_frames\ForestRootSnarer_Death\game\0033.png'
00:12.750  render           | Saved: 'C:\Users\d.grab\Desktop\the-game\ART\characters\act-1-enemies\7.forest-root-snarer\production\animation\work\review_frames\ForestRootSnarer_Death\game\0034.png'
00:12.812  render           | Saved: 'C:\Users\d.grab\Desktop\the-game\ART\characters\act-1-enemies\7.forest-root-snarer\production\animation\work\review_frames\ForestRootSnarer_Death\game\0035.png'
00:12.890  render           | Saved: 'C:\Users\d.grab\Desktop\the-game\ART\characters\act-1-enemies\7.forest-root-snarer\production\animation\work\review_frames\ForestRootSnarer_Death\game\0036.png'
00:13.000  render           | Saved: 'C:\Users\d.grab\Desktop\the-game\ART\characters\act-1-enemies\7.forest-root-snarer\production\animation\work\review_frames\ForestRootSnarer_Death\game\0037.png'
00:13.078  render           | Saved: 'C:\Users\d.grab\Desktop\the-game\ART\characters\act-1-enemies\7.forest-root-snarer\production\animation\work\review_frames\ForestRootSnarer_Death\game\0038.png'
00:13.156  render           | Saved: 'C:\Users\d.grab\Desktop\the-game\ART\characters\act-1-enemies\7.forest-root-snarer\production\animation\work\review_frames\ForestRootSnarer_Death\game\0039.png'
00:13.234  render           | Saved: 'C:\Users\d.grab\Desktop\the-game\ART\characters\act-1-enemies\7.forest-root-snarer\production\animation\work\review_frames\ForestRootSnarer_Death\game\0040.png'
00:13.344  render           | Saved: 'C:\Users\d.grab\Desktop\the-game\ART\characters\act-1-enemies\7.forest-root-snarer\production\animation\work\review_frames\ForestRootSnarer_Death\game\0041.png'
00:13.437  render           | Saved: 'C:\Users\d.grab\Desktop\the-game\ART\characters\act-1-enemies\7.forest-root-snarer\production\animation\work\review_frames\ForestRootSnarer_Death\game\0042.png'
00:13.500  render           | Saved: 'C:\Users\d.grab\Desktop\the-game\ART\characters\act-1-enemies\7.forest-root-snarer\production\animation\work\review_frames\ForestRootSnarer_Death\game\0043.png'
00:13.578  render           | Saved: 'C:\Users\d.grab\Desktop\the-game\ART\characters\act-1-enemies\7.forest-root-snarer\production\animation\work\review_frames\ForestRootSnarer_Death\game\0044.png'
00:13.656  render           | Saved: 'C:\Users\d.grab\Desktop\the-game\ART\characters\act-1-enemies\7.forest-root-snarer\production\animation\work\review_frames\ForestRootSnarer_Death\game\0045.png'
Reloading external rigs...
Reloading external metarigs...
RENDERED ForestRootSnarer_Death game 46
00:13.765  render           | Saved: 'C:\Users\d.grab\Desktop\the-game\ART\characters\act-1-enemies\7.forest-root-snarer\production\animation\work\review_frames\ForestRootSnarer_Death\side\0000.png'
00:13.875  render           | Saved: 'C:\Users\d.grab\Desktop\the-game\ART\characters\act-1-enemies\7.forest-root-snarer\production\animation\work\review_frames\ForestRootSnarer_Death\side\0001.png'
00:13.969  render           | Saved: 'C:\Users\d.grab\Desktop\the-game\ART\characters\act-1-enemies\7.forest-root-snarer\production\animation\work\review_frames\ForestRootSnarer_Death\side\0002.png'
00:14.062  render           | Saved: 'C:\Users\d.grab\Desktop\the-game\ART\characters\act-1-enemies\7.forest-root-snarer\production\animation\work\review_frames\ForestRootSnarer_Death\side\0003.png'
00:14.140  render           | Saved: 'C:\Users\d.grab\Desktop\the-game\ART\characters\act-1-enemies\7.forest-root-snarer\production\animation\work\review_frames\ForestRootSnarer_Death\side\0004.png'
00:14.250  render           | Saved: 'C:\Users\d.grab\Desktop\the-game\ART\characters\act-1-enemies\7.forest-root-snarer\production\animation\work\review_frames\ForestRootSnarer_Death\side\0005.png'
00:14.375  render           | Saved: 'C:\Users\d.grab\Desktop\the-game\ART\characters\act-1-enemies\7.forest-root-snarer\production\animation\work\review_frames\ForestRootSnarer_Death\side\0006.png'
00:14.453  render           | Saved: 'C:\Users\d.grab\Desktop\the-game\ART\characters\act-1-enemies\7.forest-root-snarer\production\animation\work\review_frames\ForestRootSnarer_Death\side\0007.png'
00:14.547  render           | Saved: 'C:\Users\d.grab\Desktop\the-game\ART\characters\act-1-enemies\7.forest-root-snarer\production\animation\work\review_frames\ForestRootSnarer_Death\side\0008.png'
00:14.625  render           | Saved: 'C:\Users\d.grab\Desktop\the-game\ART\characters\act-1-enemies\7.forest-root-snarer\production\animation\work\review_frames\ForestRootSnarer_Death\side\0009.png'
00:14.703  render           | Saved: 'C:\Users\d.grab\Desktop\the-game\ART\characters\act-1-enemies\7.forest-root-snarer\production\animation\work\review_frames\ForestRootSnarer_Death\side\0010.png'
00:14.765  render           | Saved: 'C:\Users\d.grab\Desktop\the-game\ART\characters\act-1-enemies\7.forest-root-snarer\production\animation\work\review_frames\ForestRootSnarer_Death\side\0011.png'
00:14.844  render           | Saved: 'C:\Users\d.grab\Desktop\the-game\ART\characters\act-1-enemies\7.forest-root-snarer\production\animation\work\review_frames\ForestRootSnarer_Death\side\0012.png'
00:14.937  render           | Saved: 'C:\Users\d.grab\Desktop\the-game\ART\characters\act-1-enemies\7.forest-root-snarer\production\animation\work\review_frames\ForestRootSnarer_Death\side\0013.png'
00:15.031  render           | Saved: 'C:\Users\d.grab\Desktop\the-game\ART\characters\act-1-enemies\7.forest-root-snarer\production\animation\work\review_frames\ForestRootSnarer_Death\side\0014.png'
00:15.125  render           | Saved: 'C:\Users\d.grab\Desktop\the-game\ART\characters\act-1-enemies\7.forest-root-snarer\production\animation\work\review_frames\ForestRootSnarer_Death\side\0015.png'
00:15.203  render           | Saved: 'C:\Users\d.grab\Desktop\the-game\ART\characters\act-1-enemies\7.forest-root-snarer\production\animation\work\review_frames\ForestRootSnarer_Death\side\0016.png'
00:15.281  render           | Saved: 'C:\Users\d.grab\Desktop\the-game\ART\characters\act-1-enemies\7.forest-root-snarer\production\animation\work\review_frames\ForestRootSnarer_Death\side\0017.png'
00:15.359  render           | Saved: 'C:\Users\d.grab\Desktop\the-game\ART\characters\act-1-enemies\7.forest-root-snarer\production\animation\work\review_frames\ForestRootSnarer_Death\side\0018.png'
00:15.437  render           | Saved: 'C:\Users\d.grab\Desktop\the-game\ART\characters\act-1-enemies\7.forest-root-snarer\production\animation\work\review_frames\ForestRootSnarer_Death\side\0019.png'
00:15.531  render           | Saved: 'C:\Users\d.grab\Desktop\the-game\ART\characters\act-1-enemies\7.forest-root-snarer\production\animation\work\review_frames\ForestRootSnarer_Death\side\0020.png'
00:15.625  render           | Saved: 'C:\Users\d.grab\Desktop\the-game\ART\characters\act-1-enemies\7.forest-root-snarer\production\animation\work\review_frames\ForestRootSnarer_Death\side\0021.png'
00:15.703  render           | Saved: 'C:\Users\d.grab\Desktop\the-game\ART\characters\act-1-enemies\7.forest-root-snarer\production\animation\work\review_frames\ForestRootSnarer_Death\side\0022.png'
00:15.781  render           | Saved: 'C:\Users\d.grab\Desktop\the-game\ART\characters\act-1-enemies\7.forest-root-snarer\production\animation\work\review_frames\ForestRootSnarer_Death\side\0023.png'
00:15.875  render           | Saved: 'C:\Users\d.grab\Desktop\the-game\ART\characters\act-1-enemies\7.forest-root-snarer\production\animation\work\review_frames\ForestRootSnarer_Death\side\0024.png'
00:15.953  render           | Saved: 'C:\Users\d.grab\Desktop\the-game\ART\characters\act-1-enemies\7.forest-root-snarer\production\animation\work\review_frames\ForestRootSnarer_Death\side\0025.png'
00:16.047  render           | Saved: 'C:\Users\d.grab\Desktop\the-game\ART\characters\act-1-enemies\7.forest-root-snarer\production\animation\work\review_frames\ForestRootSnarer_Death\side\0026.png'
00:16.109  render           | Saved: 'C:\Users\d.grab\Desktop\the-game\ART\characters\act-1-enemies\7.forest-root-snarer\production\animation\work\review_frames\ForestRootSnarer_Death\side\0027.png'
00:16.187  render           | Saved: 'C:\Users\d.grab\Desktop\the-game\ART\characters\act-1-enemies\7.forest-root-snarer\production\animation\work\review_frames\ForestRootSnarer_Death\side\0028.png'
00:16.265  render           | Saved: 'C:\Users\d.grab\Desktop\the-game\ART\characters\act-1-enemies\7.forest-root-snarer\production\animation\work\review_frames\ForestRootSnarer_Death\side\0029.png'
00:16.328  render           | Saved: 'C:\Users\d.grab\Desktop\the-game\ART\characters\act-1-enemies\7.forest-root-snarer\production\animation\work\review_frames\ForestRootSnarer_Death\side\0030.png'
00:16.406  render           | Saved: 'C:\Users\d.grab\Desktop\the-game\ART\characters\act-1-enemies\7.forest-root-snarer\production\animation\work\review_frames\ForestRootSnarer_Death\side\0031.png'
00:16.484  render           | Saved: 'C:\Users\d.grab\Desktop\the-game\ART\characters\act-1-enemies\7.forest-root-snarer\production\animation\work\review_frames\ForestRootSnarer_Death\side\0032.png'
00:16.562  render           | Saved: 'C:\Users\d.grab\Desktop\the-game\ART\characters\act-1-enemies\7.forest-root-snarer\production\animation\work\review_frames\ForestRootSnarer_Death\side\0033.png'
00:16.640  render           | Saved: 'C:\Users\d.grab\Desktop\the-game\ART\characters\act-1-enemies\7.forest-root-snarer\production\animation\work\review_frames\ForestRootSnarer_Death\side\0034.png'
00:16.719  render           | Saved: 'C:\Users\d.grab\Desktop\the-game\ART\characters\act-1-enemies\7.forest-root-snarer\production\animation\work\review_frames\ForestRootSnarer_Death\side\0035.png'
00:16.797  render           | Saved: 'C:\Users\d.grab\Desktop\the-game\ART\characters\act-1-enemies\7.forest-root-snarer\production\animation\work\review_frames\ForestRootSnarer_Death\side\0036.png'
00:16.890  render           | Saved: 'C:\Users\d.grab\Desktop\the-game\ART\characters\act-1-enemies\7.forest-root-snarer\production\animation\work\review_frames\ForestRootSnarer_Death\side\0037.png'
00:16.969  render           | Saved: 'C:\Users\d.grab\Desktop\the-game\ART\characters\act-1-enemies\7.forest-root-snarer\production\animation\work\review_frames\ForestRootSnarer_Death\side\0038.png'
00:17.062  render           | Saved: 'C:\Users\d.grab\Desktop\the-game\ART\characters\act-1-enemies\7.forest-root-snarer\production\animation\work\review_frames\ForestRootSnarer_Death\side\0039.png'
00:17.125  render           | Saved: 'C:\Users\d.grab\Desktop\the-game\ART\characters\act-1-enemies\7.forest-root-snarer\production\animation\work\review_frames\ForestRootSnarer_Death\side\0040.png'
00:17.219  render           | Saved: 'C:\Users\d.grab\Desktop\the-game\ART\characters\act-1-enemies\7.forest-root-snarer\production\animation\work\review_frames\ForestRootSnarer_Death\side\0041.png'
00:17.297  render           | Saved: 'C:\Users\d.grab\Desktop\the-game\ART\characters\act-1-enemies\7.forest-root-snarer\production\animation\work\review_frames\ForestRootSnarer_Death\side\0042.png'
00:17.375  render           | Saved: 'C:\Users\d.grab\Desktop\the-game\ART\characters\act-1-enemies\7.forest-root-snarer\production\animation\work\review_frames\ForestRootSnarer_Death\side\0043.png'
00:17.453  render           | Saved: 'C:\Users\d.grab\Desktop\the-game\ART\characters\act-1-enemies\7.forest-root-snarer\production\animation\work\review_frames\ForestRootSnarer_Death\side\0044.png'
00:17.562  render           | Saved: 'C:\Users\d.grab\Desktop\the-game\ART\characters\act-1-enemies\7.forest-root-snarer\production\animation\work\review_frames\ForestRootSnarer_Death\side\0045.png'
RENDERED ForestRootSnarer_Death side 46
00:17.719  render           | Saved: 'C:\Users\d.grab\Desktop\the-game\ART\characters\act-1-enemies\7.forest-root-snarer\production\animation\work\review_frames\ForestRootSnarer_Hit\game\0000.png'
00:17.828  render           | Saved: 'C:\Users\d.grab\Desktop\the-game\ART\characters\act-1-enemies\7.forest-root-snarer\production\animation\work\review_frames\ForestRootSnarer_Hit\game\0001.png'
00:17.937  render           | Saved: 'C:\Users\d.grab\Desktop\the-game\ART\characters\act-1-enemies\7.forest-root-snarer\production\animation\work\review_frames\ForestRootSnarer_Hit\game\0002.png'
00:18.047  render           | Saved: 'C:\Users\d.grab\Desktop\the-game\ART\characters\act-1-enemies\7.forest-root-snarer\production\animation\work\review_frames\ForestRootSnarer_Hit\game\0003.png'
00:18.172  render           | Saved: 'C:\Users\d.grab\Desktop\the-game\ART\characters\act-1-enemies\7.forest-root-snarer\production\animation\work\review_frames\ForestRootSnarer_Hit\game\0004.png'
00:18.344  render           | Saved: 'C:\Users\d.grab\Desktop\the-game\ART\characters\act-1-enemies\7.forest-root-snarer\production\animation\work\review_frames\ForestRootSnarer_Hit\game\0005.png'
00:18.469  render           | Saved: 'C:\Users\d.grab\Desktop\the-game\ART\characters\act-1-enemies\7.forest-root-snarer\production\animation\work\review_frames\ForestRootSnarer_Hit\game\0006.png'
00:18.562  render           | Saved: 'C:\Users\d.grab\Desktop\the-game\ART\characters\act-1-enemies\7.forest-root-snarer\production\animation\work\review_frames\ForestRootSnarer_Hit\game\0007.png'
00:18.656  render           | Saved: 'C:\Users\d.grab\Desktop\the-game\ART\characters\act-1-enemies\7.forest-root-snarer\production\animation\work\review_frames\ForestRootSnarer_Hit\game\0008.png'
00:18.734  render           | Saved: 'C:\Users\d.grab\Desktop\the-game\ART\characters\act-1-enemies\7.forest-root-snarer\production\animation\work\review_frames\ForestRootSnarer_Hit\game\0009.png'
00:18.844  render           | Saved: 'C:\Users\d.grab\Desktop\the-game\ART\characters\act-1-enemies\7.forest-root-snarer\production\animation\work\review_frames\ForestRootSnarer_Hit\game\0010.png'
00:18.922  render           | Saved: 'C:\Users\d.grab\Desktop\the-game\ART\characters\act-1-enemies\7.forest-root-snarer\production\animation\work\review_frames\ForestRootSnarer_Hit\game\0011.png'
00:18.984  render           | Saved: 'C:\Users\d.grab\Desktop\the-game\ART\characters\act-1-enemies\7.forest-root-snarer\production\animation\work\review_frames\ForestRootSnarer_Hit\game\0012.png'
RENDERED ForestRootSnarer_Hit game 13
00:19.078  render           | Saved: 'C:\Users\d.grab\Desktop\the-game\ART\characters\act-1-enemies\7.forest-root-snarer\production\animation\work\review_frames\ForestRootSnarer_Hit\side\0000.png'
00:19.156  render           | Saved: 'C:\Users\d.grab\Desktop\the-game\ART\characters\act-1-enemies\7.forest-root-snarer\production\animation\work\review_frames\ForestRootSnarer_Hit\side\0001.png'
00:19.234  render           | Saved: 'C:\Users\d.grab\Desktop\the-game\ART\characters\act-1-enemies\7.forest-root-snarer\production\animation\work\review_frames\ForestRootSnarer_Hit\side\0002.png'
00:19.312  render           | Saved: 'C:\Users\d.grab\Desktop\the-game\ART\characters\act-1-enemies\7.forest-root-snarer\production\animation\work\review_frames\ForestRootSnarer_Hit\side\0003.png'
00:19.406  render           | Saved: 'C:\Users\d.grab\Desktop\the-game\ART\characters\act-1-enemies\7.forest-root-snarer\production\animation\work\review_frames\ForestRootSnarer_Hit\side\0004.png'
00:19.500  render           | Saved: 'C:\Users\d.grab\Desktop\the-game\ART\characters\act-1-enemies\7.forest-root-snarer\production\animation\work\review_frames\ForestRootSnarer_Hit\side\0005.png'
00:19.594  render           | Saved: 'C:\Users\d.grab\Desktop\the-game\ART\characters\act-1-enemies\7.forest-root-snarer\production\animation\work\review_frames\ForestRootSnarer_Hit\side\0006.png'
00:19.672  render           | Saved: 'C:\Users\d.grab\Desktop\the-game\ART\characters\act-1-enemies\7.forest-root-snarer\production\animation\work\review_frames\ForestRootSnarer_Hit\side\0007.png'
00:19.750  render           | Saved: 'C:\Users\d.grab\Desktop\the-game\ART\characters\act-1-enemies\7.forest-root-snarer\production\animation\work\review_frames\ForestRootSnarer_Hit\side\0008.png'
00:19.859  render           | Saved: 'C:\Users\d.grab\Desktop\the-game\ART\characters\act-1-enemies\7.forest-root-snarer\production\animation\work\review_frames\ForestRootSnarer_Hit\side\0009.png'
00:19.937  render           | Saved: 'C:\Users\d.grab\Desktop\the-game\ART\characters\act-1-enemies\7.forest-root-snarer\production\animation\work\review_frames\ForestRootSnarer_Hit\side\0010.png'
00:20.015  render           | Saved: 'C:\Users\d.grab\Desktop\the-game\ART\characters\act-1-enemies\7.forest-root-snarer\production\animation\work\review_frames\ForestRootSnarer_Hit\side\0011.png'
00:20.094  render           | Saved: 'C:\Users\d.grab\Desktop\the-game\ART\characters\act-1-enemies\7.forest-root-snarer\production\animation\work\review_frames\ForestRootSnarer_Hit\side\0012.png'
RENDERED ForestRootSnarer_Hit side 13
00:20.297  render           | Saved: 'C:\Users\d.grab\Desktop\the-game\ART\characters\act-1-enemies\7.forest-root-snarer\production\animation\work\review_frames\ForestRootSnarer_Idle\game\0000.png'
00:20.375  render           | Saved: 'C:\Users\d.grab\Desktop\the-game\ART\characters\act-1-enemies\7.forest-root-snarer\production\animation\work\review_frames\ForestRootSnarer_Idle\game\0001.png'
00:20.453  render           | Saved: 'C:\Users\d.grab\Desktop\the-game\ART\characters\act-1-enemies\7.forest-root-snarer\production\animation\work\review_frames\ForestRootSnarer_Idle\game\0002.png'
00:20.562  render           | Saved: 'C:\Users\d.grab\Desktop\the-game\ART\characters\act-1-enemies\7.forest-root-snarer\production\animation\work\review_frames\ForestRootSnarer_Idle\game\0003.png'
00:20.640  render           | Saved: 'C:\Users\d.grab\Desktop\the-game\ART\characters\act-1-enemies\7.forest-root-snarer\production\animation\work\review_frames\ForestRootSnarer_Idle\game\0004.png'
00:20.719  render           | Saved: 'C:\Users\d.grab\Desktop\the-game\ART\characters\act-1-enemies\7.forest-root-snarer\production\animation\work\review_frames\ForestRootSnarer_Idle\game\0005.png'
00:20.797  render           | Saved: 'C:\Users\d.grab\Desktop\the-game\ART\characters\act-1-enemies\7.forest-root-snarer\production\animation\work\review_frames\ForestRootSnarer_Idle\game\0006.png'
00:20.859  render           | Saved: 'C:\Users\d.grab\Desktop\the-game\ART\characters\act-1-enemies\7.forest-root-snarer\production\animation\work\review_frames\ForestRootSnarer_Idle\game\0007.png'
00:20.937  render           | Saved: 'C:\Users\d.grab\Desktop\the-game\ART\characters\act-1-enemies\7.forest-root-snarer\production\animation\work\review_frames\ForestRootSnarer_Idle\game\0008.png'
00:21.015  render           | Saved: 'C:\Users\d.grab\Desktop\the-game\ART\characters\act-1-enemies\7.forest-root-snarer\production\animation\work\review_frames\ForestRootSnarer_Idle\game\0009.png'
00:21.094  render           | Saved: 'C:\Users\d.grab\Desktop\the-game\ART\characters\act-1-enemies\7.forest-root-snarer\production\animation\work\review_frames\ForestRootSnarer_Idle\game\0010.png'
00:21.172  render           | Saved: 'C:\Users\d.grab\Desktop\the-game\ART\characters\act-1-enemies\7.forest-root-snarer\production\animation\work\review_frames\ForestRootSnarer_Idle\game\0011.png'
00:21.234  render           | Saved: 'C:\Users\d.grab\Desktop\the-game\ART\characters\act-1-enemies\7.forest-root-snarer\production\animation\work\review_frames\ForestRootSnarer_Idle\game\0012.png'
00:21.312  render           | Saved: 'C:\Users\d.grab\Desktop\the-game\ART\characters\act-1-enemies\7.forest-root-snarer\production\animation\work\review_frames\ForestRootSnarer_Idle\game\0013.png'
00:21.390  render           | Saved: 'C:\Users\d.grab\Desktop\the-game\ART\characters\act-1-enemies\7.forest-root-snarer\production\animation\work\review_frames\ForestRootSnarer_Idle\game\0014.png'
00:21.469  render           | Saved: 'C:\Users\d.grab\Desktop\the-game\ART\characters\act-1-enemies\7.forest-root-snarer\production\animation\work\review_frames\ForestRootSnarer_Idle\game\0015.png'
00:21.562  render           | Saved: 'C:\Users\d.grab\Desktop\the-game\ART\characters\act-1-enemies\7.forest-root-snarer\production\animation\work\review_frames\ForestRootSnarer_Idle\game\0016.png'
00:21.625  render           | Saved: 'C:\Users\d.grab\Desktop\the-game\ART\characters\act-1-enemies\7.forest-root-snarer\production\animation\work\review_frames\ForestRootSnarer_Idle\game\0017.png'
00:21.719  render           | Saved: 'C:\Users\d.grab\Desktop\the-game\ART\characters\act-1-enemies\7.forest-root-snarer\production\animation\work\review_frames\ForestRootSnarer_Idle\game\0018.png'
00:21.797  render           | Saved: 'C:\Users\d.grab\Desktop\the-game\ART\characters\act-1-enemies\7.forest-root-snarer\production\animation\work\review_frames\ForestRootSnarer_Idle\game\0019.png'
00:21.859  render           | Saved: 'C:\Users\d.grab\Desktop\the-game\ART\characters\act-1-enemies\7.forest-root-snarer\production\animation\work\review_frames\ForestRootSnarer_Idle\game\0020.png'
00:21.937  render           | Saved: 'C:\Users\d.grab\Desktop\the-game\ART\characters\act-1-enemies\7.forest-root-snarer\production\animation\work\review_frames\ForestRootSnarer_Idle\game\0021.png'
00:22.015  render           | Saved: 'C:\Users\d.grab\Desktop\the-game\ART\characters\act-1-enemies\7.forest-root-snarer\production\animation\work\review_frames\ForestRootSnarer_Idle\game\0022.png'
00:22.078  render           | Saved: 'C:\Users\d.grab\Desktop\the-game\ART\characters\act-1-enemies\7.forest-root-snarer\production\animation\work\review_frames\ForestRootSnarer_Idle\game\0023.png'
00:22.156  render           | Saved: 'C:\Users\d.grab\Desktop\the-game\ART\characters\act-1-enemies\7.forest-root-snarer\production\animation\work\review_frames\ForestRootSnarer_Idle\game\0024.png'
00:22.219  render           | Saved: 'C:\Users\d.grab\Desktop\the-game\ART\characters\act-1-enemies\7.forest-root-snarer\production\animation\work\review_frames\ForestRootSnarer_Idle\game\0025.png'
00:22.297  render           | Saved: 'C:\Users\d.grab\Desktop\the-game\ART\characters\act-1-enemies\7.forest-root-snarer\production\animation\work\review_frames\ForestRootSnarer_Idle\game\0026.png'
00:22.390  render           | Saved: 'C:\Users\d.grab\Desktop\the-game\ART\characters\act-1-enemies\7.forest-root-snarer\production\animation\work\review_frames\ForestRootSnarer_Idle\game\0027.png'
00:22.453  render           | Saved: 'C:\Users\d.grab\Desktop\the-game\ART\characters\act-1-enemies\7.forest-root-snarer\production\animation\work\review_frames\ForestRootSnarer_Idle\game\0028.png'
00:22.531  render           | Saved: 'C:\Users\d.grab\Desktop\the-game\ART\characters\act-1-enemies\7.forest-root-snarer\production\animation\work\review_frames\ForestRootSnarer_Idle\game\0029.png'
00:22.609  render           | Saved: 'C:\Users\d.grab\Desktop\the-game\ART\characters\act-1-enemies\7.forest-root-snarer\production\animation\work\review_frames\ForestRootSnarer_Idle\game\0030.png'
00:22.687  render           | Saved: 'C:\Users\d.grab\Desktop\the-game\ART\characters\act-1-enemies\7.forest-root-snarer\production\animation\work\review_frames\ForestRootSnarer_Idle\game\0031.png'
00:22.781  render           | Saved: 'C:\Users\d.grab\Desktop\the-game\ART\characters\act-1-enemies\7.forest-root-snarer\production\animation\work\review_frames\ForestRootSnarer_Idle\game\0032.png'
00:22.859  render           | Saved: 'C:\Users\d.grab\Desktop\the-game\ART\characters\act-1-enemies\7.forest-root-snarer\production\animation\work\review_frames\ForestRootSnarer_Idle\game\0033.png'
00:22.953  render           | Saved: 'C:\Users\d.grab\Desktop\the-game\ART\characters\act-1-enemies\7.forest-root-snarer\production\animation\work\review_frames\ForestRootSnarer_Idle\game\0034.png'
00:23.047  render           | Saved: 'C:\Users\d.grab\Desktop\the-game\ART\characters\act-1-enemies\7.forest-root-snarer\production\animation\work\review_frames\ForestRootSnarer_Idle\game\0035.png'
00:23.125  render           | Saved: 'C:\Users\d.grab\Desktop\the-game\ART\characters\act-1-enemies\7.forest-root-snarer\production\animation\work\review_frames\ForestRootSnarer_Idle\game\0036.png'
00:23.187  render           | Saved: 'C:\Users\d.grab\Desktop\the-game\ART\characters\act-1-enemies\7.forest-root-snarer\production\animation\work\review_frames\ForestRootSnarer_Idle\game\0037.png'
00:23.265  render           | Saved: 'C:\Users\d.grab\Desktop\the-game\ART\characters\act-1-enemies\7.forest-root-snarer\production\animation\work\review_frames\ForestRootSnarer_Idle\game\0038.png'
00:23.344  render           | Saved: 'C:\Users\d.grab\Desktop\the-game\ART\characters\act-1-enemies\7.forest-root-snarer\production\animation\work\review_frames\ForestRootSnarer_Idle\game\0039.png'
00:23.422  render           | Saved: 'C:\Users\d.grab\Desktop\the-game\ART\characters\act-1-enemies\7.forest-root-snarer\production\animation\work\review_frames\ForestRootSnarer_Idle\game\0040.png'
00:23.500  render           | Saved: 'C:\Users\d.grab\Desktop\the-game\ART\characters\act-1-enemies\7.forest-root-snarer\production\animation\work\review_frames\ForestRootSnarer_Idle\game\0041.png'
00:23.594  render           | Saved: 'C:\Users\d.grab\Desktop\the-game\ART\characters\act-1-enemies\7.forest-root-snarer\production\animation\work\review_frames\ForestRootSnarer_Idle\game\0042.png'
00:23.672  render           | Saved: 'C:\Users\d.grab\Desktop\the-game\ART\characters\act-1-enemies\7.forest-root-snarer\production\animation\work\review_frames\ForestRootSnarer_Idle\game\0043.png'
00:23.750  render           | Saved: 'C:\Users\d.grab\Desktop\the-game\ART\characters\act-1-enemies\7.forest-root-snarer\production\animation\work\review_frames\ForestRootSnarer_Idle\game\0044.png'
00:23.844  render           | Saved: 'C:\Users\d.grab\Desktop\the-game\ART\characters\act-1-enemies\7.forest-root-snarer\production\animation\work\review_frames\ForestRootSnarer_Idle\game\0045.png'
00:23.937  render           | Saved: 'C:\Users\d.grab\Desktop\the-game\ART\characters\act-1-enemies\7.forest-root-snarer\production\animation\work\review_frames\ForestRootSnarer_Idle\game\0046.png'
00:24.109  render           | Saved: 'C:\Users\d.grab\Desktop\the-game\ART\characters\act-1-enemies\7.forest-root-snarer\production\animation\work\review_frames\ForestRootSnarer_Idle\game\0047.png'
00:24.187  render           | Saved: 'C:\Users\d.grab\Desktop\the-game\ART\characters\act-1-enemies\7.forest-root-snarer\production\animation\work\review_frames\ForestRootSnarer_Idle\game\0048.png'
00:24.281  render           | Saved: 'C:\Users\d.grab\Desktop\the-game\ART\characters\act-1-enemies\7.forest-root-snarer\production\animation\work\review_frames\ForestRootSnarer_Idle\game\0049.png'
00:24.359  render           | Saved: 'C:\Users\d.grab\Desktop\the-game\ART\characters\act-1-enemies\7.forest-root-snarer\production\animation\work\review_frames\ForestRootSnarer_Idle\game\0050.png'
00:24.422  render           | Saved: 'C:\Users\d.grab\Desktop\the-game\ART\characters\act-1-enemies\7.forest-root-snarer\production\animation\work\review_frames\ForestRootSnarer_Idle\game\0051.png'
00:24.500  render           | Saved: 'C:\Users\d.grab\Desktop\the-game\ART\characters\act-1-enemies\7.forest-root-snarer\production\animation\work\review_frames\ForestRootSnarer_Idle\game\0052.png'
00:24.578  render           | Saved: 'C:\Users\d.grab\Desktop\the-game\ART\characters\act-1-enemies\7.forest-root-snarer\production\animation\work\review_frames\ForestRootSnarer_Idle\game\0053.png'
00:24.640  render           | Saved: 'C:\Users\d.grab\Desktop\the-game\ART\characters\act-1-enemies\7.forest-root-snarer\production\animation\work\review_frames\ForestRootSnarer_Idle\game\0054.png'
00:24.719  render           | Saved: 'C:\Users\d.grab\Desktop\the-game\ART\characters\act-1-enemies\7.forest-root-snarer\production\animation\work\review_frames\ForestRootSnarer_Idle\game\0055.png'
00:24.797  render           | Saved: 'C:\Users\d.grab\Desktop\the-game\ART\characters\act-1-enemies\7.forest-root-snarer\production\animation\work\review_frames\ForestRootSnarer_Idle\game\0056.png'
00:24.875  render           | Saved: 'C:\Users\d.grab\Desktop\the-game\ART\characters\act-1-enemies\7.forest-root-snarer\production\animation\work\review_frames\ForestRootSnarer_Idle\game\0057.png'
00:24.953  render           | Saved: 'C:\Users\d.grab\Desktop\the-game\ART\characters\act-1-enemies\7.forest-root-snarer\production\animation\work\review_frames\ForestRootSnarer_Idle\game\0058.png'
00:25.047  render           | Saved: 'C:\Users\d.grab\Desktop\the-game\ART\characters\act-1-enemies\7.forest-root-snarer\production\animation\work\review_frames\ForestRootSnarer_Idle\game\0059.png'
00:25.140  render           | Saved: 'C:\Users\d.grab\Desktop\the-game\ART\characters\act-1-enemies\7.forest-root-snarer\production\animation\work\review_frames\ForestRootSnarer_Idle\game\0060.png'
RENDERED ForestRootSnarer_Idle game 61
00:25.250  render           | Saved: 'C:\Users\d.grab\Desktop\the-game\ART\characters\act-1-enemies\7.forest-root-snarer\production\animation\work\review_frames\ForestRootSnarer_Idle\side\0000.png'
00:25.328  render           | Saved: 'C:\Users\d.grab\Desktop\the-game\ART\characters\act-1-enemies\7.forest-root-snarer\production\animation\work\review_frames\ForestRootSnarer_Idle\side\0001.png'
00:25.406  render           | Saved: 'C:\Users\d.grab\Desktop\the-game\ART\characters\act-1-enemies\7.forest-root-snarer\production\animation\work\review_frames\ForestRootSnarer_Idle\side\0002.png'
00:25.500  render           | Saved: 'C:\Users\d.grab\Desktop\the-game\ART\characters\act-1-enemies\7.forest-root-snarer\production\animation\work\review_frames\ForestRootSnarer_Idle\side\0003.png'
00:25.594  render           | Saved: 'C:\Users\d.grab\Desktop\the-game\ART\characters\act-1-enemies\7.forest-root-snarer\production\animation\work\review_frames\ForestRootSnarer_Idle\side\0004.png'
00:25.672  render           | Saved: 'C:\Users\d.grab\Desktop\the-game\ART\characters\act-1-enemies\7.forest-root-snarer\production\animation\work\review_frames\ForestRootSnarer_Idle\side\0005.png'
00:25.750  render           | Saved: 'C:\Users\d.grab\Desktop\the-game\ART\characters\act-1-enemies\7.forest-root-snarer\production\animation\work\review_frames\ForestRootSnarer_Idle\side\0006.png'
00:25.828  render           | Saved: 'C:\Users\d.grab\Desktop\the-game\ART\characters\act-1-enemies\7.forest-root-snarer\production\animation\work\review_frames\ForestRootSnarer_Idle\side\0007.png'
00:25.906  render           | Saved: 'C:\Users\d.grab\Desktop\the-game\ART\characters\act-1-enemies\7.forest-root-snarer\production\animation\work\review_frames\ForestRootSnarer_Idle\side\0008.png'
00:25.984  render           | Saved: 'C:\Users\d.grab\Desktop\the-game\ART\characters\act-1-enemies\7.forest-root-snarer\production\animation\work\review_frames\ForestRootSnarer_Idle\side\0009.png'
00:26.062  render           | Saved: 'C:\Users\d.grab\Desktop\the-game\ART\characters\act-1-enemies\7.forest-root-snarer\production\animation\work\review_frames\ForestRootSnarer_Idle\side\0010.png'
00:26.172  render           | Saved: 'C:\Users\d.grab\Desktop\the-game\ART\characters\act-1-enemies\7.forest-root-snarer\production\animation\work\review_frames\ForestRootSnarer_Idle\side\0011.png'
00:26.265  render           | Saved: 'C:\Users\d.grab\Desktop\the-game\ART\characters\act-1-enemies\7.forest-root-snarer\production\animation\work\review_frames\ForestRootSnarer_Idle\side\0012.png'
00:26.359  render           | Saved: 'C:\Users\d.grab\Desktop\the-game\ART\characters\act-1-enemies\7.forest-root-snarer\production\animation\work\review_frames\ForestRootSnarer_Idle\side\0013.png'
00:26.453  render           | Saved: 'C:\Users\d.grab\Desktop\the-game\ART\characters\act-1-enemies\7.forest-root-snarer\production\animation\work\review_frames\ForestRootSnarer_Idle\side\0014.png'
00:26.531  render           | Saved: 'C:\Users\d.grab\Desktop\the-game\ART\characters\act-1-enemies\7.forest-root-snarer\production\animation\work\review_frames\ForestRootSnarer_Idle\side\0015.png'
00:26.609  render           | Saved: 'C:\Users\d.grab\Desktop\the-game\ART\characters\act-1-enemies\7.forest-root-snarer\production\animation\work\review_frames\ForestRootSnarer_Idle\side\0016.png'
00:26.672  render           | Saved: 'C:\Users\d.grab\Desktop\the-game\ART\characters\act-1-enemies\7.forest-root-snarer\production\animation\work\review_frames\ForestRootSnarer_Idle\side\0017.png'
00:26.750  render           | Saved: 'C:\Users\d.grab\Desktop\the-game\ART\characters\act-1-enemies\7.forest-root-snarer\production\animation\work\review_frames\ForestRootSnarer_Idle\side\0018.png'
00:26.828  render           | Saved: 'C:\Users\d.grab\Desktop\the-game\ART\characters\act-1-enemies\7.forest-root-snarer\production\animation\work\review_frames\ForestRootSnarer_Idle\side\0019.png'
00:26.906  render           | Saved: 'C:\Users\d.grab\Desktop\the-game\ART\characters\act-1-enemies\7.forest-root-snarer\production\animation\work\review_frames\ForestRootSnarer_Idle\side\0020.png'
00:26.984  render           | Saved: 'C:\Users\d.grab\Desktop\the-game\ART\characters\act-1-enemies\7.forest-root-snarer\production\animation\work\review_frames\ForestRootSnarer_Idle\side\0021.png'
00:27.078  render           | Saved: 'C:\Users\d.grab\Desktop\the-game\ART\characters\act-1-enemies\7.forest-root-snarer\production\animation\work\review_frames\ForestRootSnarer_Idle\side\0022.png'
00:27.156  render           | Saved: 'C:\Users\d.grab\Desktop\the-game\ART\characters\act-1-enemies\7.forest-root-snarer\production\animation\work\review_frames\ForestRootSnarer_Idle\side\0023.png'
00:27.250  render           | Saved: 'C:\Users\d.grab\Desktop\the-game\ART\characters\act-1-enemies\7.forest-root-snarer\production\animation\work\review_frames\ForestRootSnarer_Idle\side\0024.png'
00:27.344  render           | Saved: 'C:\Users\d.grab\Desktop\the-game\ART\characters\act-1-enemies\7.forest-root-snarer\production\animation\work\review_frames\ForestRootSnarer_Idle\side\0025.png'
00:27.437  render           | Saved: 'C:\Users\d.grab\Desktop\the-game\ART\characters\act-1-enemies\7.forest-root-snarer\production\animation\work\review_frames\ForestRootSnarer_Idle\side\0026.png'
00:27.515  render           | Saved: 'C:\Users\d.grab\Desktop\the-game\ART\characters\act-1-enemies\7.forest-root-snarer\production\animation\work\review_frames\ForestRootSnarer_Idle\side\0027.png'
00:27.609  render           | Saved: 'C:\Users\d.grab\Desktop\the-game\ART\characters\act-1-enemies\7.forest-root-snarer\production\animation\work\review_frames\ForestRootSnarer_Idle\side\0028.png'
00:27.703  render           | Saved: 'C:\Users\d.grab\Desktop\the-game\ART\characters\act-1-enemies\7.forest-root-snarer\production\animation\work\review_frames\ForestRootSnarer_Idle\side\0029.png'
00:27.812  render           | Saved: 'C:\Users\d.grab\Desktop\the-game\ART\characters\act-1-enemies\7.forest-root-snarer\production\animation\work\review_frames\ForestRootSnarer_Idle\side\0030.png'
00:27.890  render           | Saved: 'C:\Users\d.grab\Desktop\the-game\ART\characters\act-1-enemies\7.forest-root-snarer\production\animation\work\review_frames\ForestRootSnarer_Idle\side\0031.png'
00:27.969  render           | Saved: 'C:\Users\d.grab\Desktop\the-game\ART\characters\act-1-enemies\7.forest-root-snarer\production\animation\work\review_frames\ForestRootSnarer_Idle\side\0032.png'
00:28.047  render           | Saved: 'C:\Users\d.grab\Desktop\the-game\ART\characters\act-1-enemies\7.forest-root-snarer\production\animation\work\review_frames\ForestRootSnarer_Idle\side\0033.png'
00:28.125  render           | Saved: 'C:\Users\d.grab\Desktop\the-game\ART\characters\act-1-enemies\7.forest-root-snarer\production\animation\work\review_frames\ForestRootSnarer_Idle\side\0034.png'
00:28.203  render           | Saved: 'C:\Users\d.grab\Desktop\the-game\ART\characters\act-1-enemies\7.forest-root-snarer\production\animation\work\review_frames\ForestRootSnarer_Idle\side\0035.png'
00:28.281  render           | Saved: 'C:\Users\d.grab\Desktop\the-game\ART\characters\act-1-enemies\7.forest-root-snarer\production\animation\work\review_frames\ForestRootSnarer_Idle\side\0036.png'
00:28.359  render           | Saved: 'C:\Users\d.grab\Desktop\the-game\ART\characters\act-1-enemies\7.forest-root-snarer\production\animation\work\review_frames\ForestRootSnarer_Idle\side\0037.png'
00:28.453  render           | Saved: 'C:\Users\d.grab\Desktop\the-game\ART\characters\act-1-enemies\7.forest-root-snarer\production\animation\work\review_frames\ForestRootSnarer_Idle\side\0038.png'
00:28.547  render           | Saved: 'C:\Users\d.grab\Desktop\the-game\ART\characters\act-1-enemies\7.forest-root-snarer\production\animation\work\review_frames\ForestRootSnarer_Idle\side\0039.png'
00:28.625  render           | Saved: 'C:\Users\d.grab\Desktop\the-game\ART\characters\act-1-enemies\7.forest-root-snarer\production\animation\work\review_frames\ForestRootSnarer_Idle\side\0040.png'
00:28.734  render           | Saved: 'C:\Users\d.grab\Desktop\the-game\ART\characters\act-1-enemies\7.forest-root-snarer\production\animation\work\review_frames\ForestRootSnarer_Idle\side\0041.png'
00:28.812  render           | Saved: 'C:\Users\d.grab\Desktop\the-game\ART\characters\act-1-enemies\7.forest-root-snarer\production\animation\work\review_frames\ForestRootSnarer_Idle\side\0042.png'
00:28.906  render           | Saved: 'C:\Users\d.grab\Desktop\the-game\ART\characters\act-1-enemies\7.forest-root-snarer\production\animation\work\review_frames\ForestRootSnarer_Idle\side\0043.png'
00:28.984  render           | Saved: 'C:\Users\d.grab\Desktop\the-game\ART\characters\act-1-enemies\7.forest-root-snarer\production\animation\work\review_frames\ForestRootSnarer_Idle\side\0044.png'
00:29.062  render           | Saved: 'C:\Users\d.grab\Desktop\the-game\ART\characters\act-1-enemies\7.forest-root-snarer\production\animation\work\review_frames\ForestRootSnarer_Idle\side\0045.png'
00:29.140  render           | Saved: 'C:\Users\d.grab\Desktop\the-game\ART\characters\act-1-enemies\7.forest-root-snarer\production\animation\work\review_frames\ForestRootSnarer_Idle\side\0046.png'
00:29.234  render           | Saved: 'C:\Users\d.grab\Desktop\the-game\ART\characters\act-1-enemies\7.forest-root-snarer\production\animation\work\review_frames\ForestRootSnarer_Idle\side\0047.png'
00:29.328  render           | Saved: 'C:\Users\d.grab\Desktop\the-game\ART\characters\act-1-enemies\7.forest-root-snarer\production\animation\work\review_frames\ForestRootSnarer_Idle\side\0048.png'
00:29.422  render           | Saved: 'C:\Users\d.grab\Desktop\the-game\ART\characters\act-1-enemies\7.forest-root-snarer\production\animation\work\review_frames\ForestRootSnarer_Idle\side\0049.png'
00:29.500  render           | Saved: 'C:\Users\d.grab\Desktop\the-game\ART\characters\act-1-enemies\7.forest-root-snarer\production\animation\work\review_frames\ForestRootSnarer_Idle\side\0050.png'
00:29.594  render           | Saved: 'C:\Users\d.grab\Desktop\the-game\ART\characters\act-1-enemies\7.forest-root-snarer\production\animation\work\review_frames\ForestRootSnarer_Idle\side\0051.png'
00:29.687  render           | Saved: 'C:\Users\d.grab\Desktop\the-game\ART\characters\act-1-enemies\7.forest-root-snarer\production\animation\work\review_frames\ForestRootSnarer_Idle\side\0052.png'
00:29.812  render           | Saved: 'C:\Users\d.grab\Desktop\the-game\ART\characters\act-1-enemies\7.forest-root-snarer\production\animation\work\review_frames\ForestRootSnarer_Idle\side\0053.png'
00:29.922  render           | Saved: 'C:\Users\d.grab\Desktop\the-game\ART\characters\act-1-enemies\7.forest-root-snarer\production\animation\work\review_frames\ForestRootSnarer_Idle\side\0054.png'
00:30.031  render           | Saved: 'C:\Users\d.grab\Desktop\the-game\ART\characters\act-1-enemies\7.forest-root-snarer\production\animation\work\review_frames\ForestRootSnarer_Idle\side\0055.png'
00:30.140  render           | Saved: 'C:\Users\d.grab\Desktop\the-game\ART\characters\act-1-enemies\7.forest-root-snarer\production\animation\work\review_frames\ForestRootSnarer_Idle\side\0056.png'
00:30.219  render           | Saved: 'C:\Users\d.grab\Desktop\the-game\ART\characters\act-1-enemies\7.forest-root-snarer\production\animation\work\review_frames\ForestRootSnarer_Idle\side\0057.png'
00:30.312  render           | Saved: 'C:\Users\d.grab\Desktop\the-game\ART\characters\act-1-enemies\7.forest-root-snarer\production\animation\work\review_frames\ForestRootSnarer_Idle\side\0058.png'
00:30.390  render           | Saved: 'C:\Users\d.grab\Desktop\the-game\ART\characters\act-1-enemies\7.forest-root-snarer\production\animation\work\review_frames\ForestRootSnarer_Idle\side\0059.png'
00:30.469  render           | Saved: 'C:\Users\d.grab\Desktop\the-game\ART\characters\act-1-enemies\7.forest-root-snarer\production\animation\work\review_frames\ForestRootSnarer_Idle\side\0060.png'
RENDERED ForestRootSnarer_Idle side 61
00:30.687  render           | Saved: 'C:\Users\d.grab\Desktop\the-game\ART\characters\act-1-enemies\7.forest-root-snarer\production\animation\work\review_frames\ForestRootSnarer_Slam\game\0000.png'
00:30.750  render           | Saved: 'C:\Users\d.grab\Desktop\the-game\ART\characters\act-1-enemies\7.forest-root-snarer\production\animation\work\review_frames\ForestRootSnarer_Slam\game\0001.png'
00:30.828  render           | Saved: 'C:\Users\d.grab\Desktop\the-game\ART\characters\act-1-enemies\7.forest-root-snarer\production\animation\work\review_frames\ForestRootSnarer_Slam\game\0002.png'
00:30.906  render           | Saved: 'C:\Users\d.grab\Desktop\the-game\ART\characters\act-1-enemies\7.forest-root-snarer\production\animation\work\review_frames\ForestRootSnarer_Slam\game\0003.png'
00:30.984  render           | Saved: 'C:\Users\d.grab\Desktop\the-game\ART\characters\act-1-enemies\7.forest-root-snarer\production\animation\work\review_frames\ForestRootSnarer_Slam\game\0004.png'
00:31.062  render           | Saved: 'C:\Users\d.grab\Desktop\the-game\ART\characters\act-1-enemies\7.forest-root-snarer\production\animation\work\review_frames\ForestRootSnarer_Slam\game\0005.png'
00:31.156  render           | Saved: 'C:\Users\d.grab\Desktop\the-game\ART\characters\act-1-enemies\7.forest-root-snarer\production\animation\work\review_frames\ForestRootSnarer_Slam\game\0006.png'
00:31.234  render           | Saved: 'C:\Users\d.grab\Desktop\the-game\ART\characters\act-1-enemies\7.forest-root-snarer\production\animation\work\review_frames\ForestRootSnarer_Slam\game\0007.png'
00:31.297  render           | Saved: 'C:\Users\d.grab\Desktop\the-game\ART\characters\act-1-enemies\7.forest-root-snarer\production\animation\work\review_frames\ForestRootSnarer_Slam\game\0008.png'
00:31.359  render           | Saved: 'C:\Users\d.grab\Desktop\the-game\ART\characters\act-1-enemies\7.forest-root-snarer\production\animation\work\review_frames\ForestRootSnarer_Slam\game\0009.png'
00:31.437  render           | Saved: 'C:\Users\d.grab\Desktop\the-game\ART\characters\act-1-enemies\7.forest-root-snarer\production\animation\work\review_frames\ForestRootSnarer_Slam\game\0010.png'
00:31.515  render           | Saved: 'C:\Users\d.grab\Desktop\the-game\ART\characters\act-1-enemies\7.forest-root-snarer\production\animation\work\review_frames\ForestRootSnarer_Slam\game\0011.png'
00:31.578  render           | Saved: 'C:\Users\d.grab\Desktop\the-game\ART\characters\act-1-enemies\7.forest-root-snarer\production\animation\work\review_frames\ForestRootSnarer_Slam\game\0012.png'
00:31.640  render           | Saved: 'C:\Users\d.grab\Desktop\the-game\ART\characters\act-1-enemies\7.forest-root-snarer\production\animation\work\review_frames\ForestRootSnarer_Slam\game\0013.png'
00:31.703  render           | Saved: 'C:\Users\d.grab\Desktop\the-game\ART\characters\act-1-enemies\7.forest-root-snarer\production\animation\work\review_frames\ForestRootSnarer_Slam\game\0014.png'
00:31.765  render           | Saved: 'C:\Users\d.grab\Desktop\the-game\ART\characters\act-1-enemies\7.forest-root-snarer\production\animation\work\review_frames\ForestRootSnarer_Slam\game\0015.png'
00:31.828  render           | Saved: 'C:\Users\d.grab\Desktop\the-game\ART\characters\act-1-enemies\7.forest-root-snarer\production\animation\work\review_frames\ForestRootSnarer_Slam\game\0016.png'
00:31.906  render           | Saved: 'C:\Users\d.grab\Desktop\the-game\ART\characters\act-1-enemies\7.forest-root-snarer\production\animation\work\review_frames\ForestRootSnarer_Slam\game\0017.png'
00:32.000  render           | Saved: 'C:\Users\d.grab\Desktop\the-game\ART\characters\act-1-enemies\7.forest-root-snarer\production\animation\work\review_frames\ForestRootSnarer_Slam\game\0018.png'
00:32.078  render           | Saved: 'C:\Users\d.grab\Desktop\the-game\ART\characters\act-1-enemies\7.forest-root-snarer\production\animation\work\review_frames\ForestRootSnarer_Slam\game\0019.png'
00:32.156  render           | Saved: 'C:\Users\d.grab\Desktop\the-game\ART\characters\act-1-enemies\7.forest-root-snarer\production\animation\work\review_frames\ForestRootSnarer_Slam\game\0020.png'
00:32.234  render           | Saved: 'C:\Users\d.grab\Desktop\the-game\ART\characters\act-1-enemies\7.forest-root-snarer\production\animation\work\review_frames\ForestRootSnarer_Slam\game\0021.png'
00:32.297  render           | Saved: 'C:\Users\d.grab\Desktop\the-game\ART\characters\act-1-enemies\7.forest-root-snarer\production\animation\work\review_frames\ForestRootSnarer_Slam\game\0022.png'
00:32.375  render           | Saved: 'C:\Users\d.grab\Desktop\the-game\ART\characters\act-1-enemies\7.forest-root-snarer\production\animation\work\review_frames\ForestRootSnarer_Slam\game\0023.png'
00:32.437  render           | Saved: 'C:\Users\d.grab\Desktop\the-game\ART\characters\act-1-enemies\7.forest-root-snarer\production\animation\work\review_frames\ForestRootSnarer_Slam\game\0024.png'
00:32.515  render           | Saved: 'C:\Users\d.grab\Desktop\the-game\ART\characters\act-1-enemies\7.forest-root-snarer\production\animation\work\review_frames\ForestRootSnarer_Slam\game\0025.png'
00:32.594  render           | Saved: 'C:\Users\d.grab\Desktop\the-game\ART\characters\act-1-enemies\7.forest-root-snarer\production\animation\work\review_frames\ForestRootSnarer_Slam\game\0026.png'
00:32.672  render           | Saved: 'C:\Users\d.grab\Desktop\the-game\ART\characters\act-1-enemies\7.forest-root-snarer\production\animation\work\review_frames\ForestRootSnarer_Slam\game\0027.png'
00:32.734  render           | Saved: 'C:\Users\d.grab\Desktop\the-game\ART\characters\act-1-enemies\7.forest-root-snarer\production\animation\work\review_frames\ForestRootSnarer_Slam\game\0028.png'
00:32.828  render           | Saved: 'C:\Users\d.grab\Desktop\the-game\ART\characters\act-1-enemies\7.forest-root-snarer\production\animation\work\review_frames\ForestRootSnarer_Slam\game\0029.png'
00:32.890  render           | Saved: 'C:\Users\d.grab\Desktop\the-game\ART\characters\act-1-enemies\7.forest-root-snarer\production\animation\work\review_frames\ForestRootSnarer_Slam\game\0030.png'
00:32.984  render           | Saved: 'C:\Users\d.grab\Desktop\the-game\ART\characters\act-1-enemies\7.forest-root-snarer\production\animation\work\review_frames\ForestRootSnarer_Slam\game\0031.png'
00:33.062  render           | Saved: 'C:\Users\d.grab\Desktop\the-game\ART\characters\act-1-enemies\7.forest-root-snarer\production\animation\work\review_frames\ForestRootSnarer_Slam\game\0032.png'
00:33.140  render           | Saved: 'C:\Users\d.grab\Desktop\the-game\ART\characters\act-1-enemies\7.forest-root-snarer\production\animation\work\review_frames\ForestRootSnarer_Slam\game\0033.png'
00:33.234  render           | Saved: 'C:\Users\d.grab\Desktop\the-game\ART\characters\act-1-enemies\7.forest-root-snarer\production\animation\work\review_frames\ForestRootSnarer_Slam\game\0034.png'
00:33.328  render           | Saved: 'C:\Users\d.grab\Desktop\the-game\ART\characters\act-1-enemies\7.forest-root-snarer\production\animation\work\review_frames\ForestRootSnarer_Slam\game\0035.png'
00:33.406  render           | Saved: 'C:\Users\d.grab\Desktop\the-game\ART\characters\act-1-enemies\7.forest-root-snarer\production\animation\work\review_frames\ForestRootSnarer_Slam\game\0036.png'
00:33.500  render           | Saved: 'C:\Users\d.grab\Desktop\the-game\ART\characters\act-1-enemies\7.forest-root-snarer\production\animation\work\review_frames\ForestRootSnarer_Slam\game\0037.png'
00:33.594  render           | Saved: 'C:\Users\d.grab\Desktop\the-game\ART\characters\act-1-enemies\7.forest-root-snarer\production\animation\work\review_frames\ForestRootSnarer_Slam\game\0038.png'
00:33.672  render           | Saved: 'C:\Users\d.grab\Desktop\the-game\ART\characters\act-1-enemies\7.forest-root-snarer\production\animation\work\review_frames\ForestRootSnarer_Slam\game\0039.png'
00:33.765  render           | Saved: 'C:\Users\d.grab\Desktop\the-game\ART\characters\act-1-enemies\7.forest-root-snarer\production\animation\work\review_frames\ForestRootSnarer_Slam\game\0040.png'
00:33.844  render           | Saved: 'C:\Users\d.grab\Desktop\the-game\ART\characters\act-1-enemies\7.forest-root-snarer\production\animation\work\review_frames\ForestRootSnarer_Slam\game\0041.png'
00:33.937  render           | Saved: 'C:\Users\d.grab\Desktop\the-game\ART\characters\act-1-enemies\7.forest-root-snarer\production\animation\work\review_frames\ForestRootSnarer_Slam\game\0042.png'
00:34.015  render           | Saved: 'C:\Users\d.grab\Desktop\the-game\ART\characters\act-1-enemies\7.forest-root-snarer\production\animation\work\review_frames\ForestRootSnarer_Slam\game\0043.png'
00:34.109  render           | Saved: 'C:\Users\d.grab\Desktop\the-game\ART\characters\act-1-enemies\7.forest-root-snarer\production\animation\work\review_frames\ForestRootSnarer_Slam\game\0044.png'
00:34.187  render           | Saved: 'C:\Users\d.grab\Desktop\the-game\ART\characters\act-1-enemies\7.forest-root-snarer\production\animation\work\review_frames\ForestRootSnarer_Slam\game\0045.png'
00:34.265  render           | Saved: 'C:\Users\d.grab\Desktop\the-game\ART\characters\act-1-enemies\7.forest-root-snarer\production\animation\work\review_frames\ForestRootSnarer_Slam\game\0046.png'
00:34.359  render           | Saved: 'C:\Users\d.grab\Desktop\the-game\ART\characters\act-1-enemies\7.forest-root-snarer\production\animation\work\review_frames\ForestRootSnarer_Slam\game\0047.png'
00:34.422  render           | Saved: 'C:\Users\d.grab\Desktop\the-game\ART\characters\act-1-enemies\7.forest-root-snarer\production\animation\work\review_frames\ForestRootSnarer_Slam\game\0048.png'
00:34.500  render           | Saved: 'C:\Users\d.grab\Desktop\the-game\ART\characters\act-1-enemies\7.forest-root-snarer\production\animation\work\review_frames\ForestRootSnarer_Slam\game\0049.png'
00:34.578  render           | Saved: 'C:\Users\d.grab\Desktop\the-game\ART\characters\act-1-enemies\7.forest-root-snarer\production\animation\work\review_frames\ForestRootSnarer_Slam\game\0050.png'
00:34.656  render           | Saved: 'C:\Users\d.grab\Desktop\the-game\ART\characters\act-1-enemies\7.forest-root-snarer\production\animation\work\review_frames\ForestRootSnarer_Slam\game\0051.png'
00:34.765  render           | Saved: 'C:\Users\d.grab\Desktop\the-game\ART\characters\act-1-enemies\7.forest-root-snarer\production\animation\work\review_frames\ForestRootSnarer_Slam\game\0052.png'
00:34.844  render           | Saved: 'C:\Users\d.grab\Desktop\the-game\ART\characters\act-1-enemies\7.forest-root-snarer\production\animation\work\review_frames\ForestRootSnarer_Slam\game\0053.png'
00:34.906  render           | Saved: 'C:\Users\d.grab\Desktop\the-game\ART\characters\act-1-enemies\7.forest-root-snarer\production\animation\work\review_frames\ForestRootSnarer_Slam\game\0054.png'
00:35.000  render           | Saved: 'C:\Users\d.grab\Desktop\the-game\ART\characters\act-1-enemies\7.forest-root-snarer\production\animation\work\review_frames\ForestRootSnarer_Slam\game\0055.png'
00:35.109  render           | Saved: 'C:\Users\d.grab\Desktop\the-game\ART\characters\act-1-enemies\7.forest-root-snarer\production\animation\work\review_frames\ForestRootSnarer_Slam\game\0056.png'
00:35.187  render           | Saved: 'C:\Users\d.grab\Desktop\the-game\ART\characters\act-1-enemies\7.forest-root-snarer\production\animation\work\review_frames\ForestRootSnarer_Slam\game\0057.png'
00:35.250  render           | Saved: 'C:\Users\d.grab\Desktop\the-game\ART\characters\act-1-enemies\7.forest-root-snarer\production\animation\work\review_frames\ForestRootSnarer_Slam\game\0058.png'
00:35.328  render           | Saved: 'C:\Users\d.grab\Desktop\the-game\ART\characters\act-1-enemies\7.forest-root-snarer\production\animation\work\review_frames\ForestRootSnarer_Slam\game\0059.png'
00:35.406  render           | Saved: 'C:\Users\d.grab\Desktop\the-game\ART\characters\act-1-enemies\7.forest-root-snarer\production\animation\work\review_frames\ForestRootSnarer_Slam\game\0060.png'
00:35.469  render           | Saved: 'C:\Users\d.grab\Desktop\the-game\ART\characters\act-1-enemies\7.forest-root-snarer\production\animation\work\review_frames\ForestRootSnarer_Slam\game\0061.png'
00:35.547  render           | Saved: 'C:\Users\d.grab\Desktop\the-game\ART\characters\act-1-enemies\7.forest-root-snarer\production\animation\work\review_frames\ForestRootSnarer_Slam\game\0062.png'
00:35.609  render           | Saved: 'C:\Users\d.grab\Desktop\the-game\ART\characters\act-1-enemies\7.forest-root-snarer\production\animation\work\review_frames\ForestRootSnarer_Slam\game\0063.png'
00:35.687  render           | Saved: 'C:\Users\d.grab\Desktop\the-game\ART\characters\act-1-enemies\7.forest-root-snarer\production\animation\work\review_frames\ForestRootSnarer_Slam\game\0064.png'
00:35.750  render           | Saved: 'C:\Users\d.grab\Desktop\the-game\ART\characters\act-1-enemies\7.forest-root-snarer\production\animation\work\review_frames\ForestRootSnarer_Slam\game\0065.png'
00:35.828  render           | Saved: 'C:\Users\d.grab\Desktop\the-game\ART\characters\act-1-enemies\7.forest-root-snarer\production\animation\work\review_frames\ForestRootSnarer_Slam\game\0066.png'
00:35.890  render           | Saved: 'C:\Users\d.grab\Desktop\the-game\ART\characters\act-1-enemies\7.forest-root-snarer\production\animation\work\review_frames\ForestRootSnarer_Slam\game\0067.png'
00:35.969  render           | Saved: 'C:\Users\d.grab\Desktop\the-game\ART\characters\act-1-enemies\7.forest-root-snarer\production\animation\work\review_frames\ForestRootSnarer_Slam\game\0068.png'
00:36.047  render           | Saved: 'C:\Users\d.grab\Desktop\the-game\ART\characters\act-1-enemies\7.forest-root-snarer\production\animation\work\review_frames\ForestRootSnarer_Slam\game\0069.png'
00:36.125  render           | Saved: 'C:\Users\d.grab\Desktop\the-game\ART\characters\act-1-enemies\7.forest-root-snarer\production\animation\work\review_frames\ForestRootSnarer_Slam\game\0070.png'
00:36.219  render           | Saved: 'C:\Users\d.grab\Desktop\the-game\ART\characters\act-1-enemies\7.forest-root-snarer\production\animation\work\review_frames\ForestRootSnarer_Slam\game\0071.png'
00:36.312  render           | Saved: 'C:\Users\d.grab\Desktop\the-game\ART\characters\act-1-enemies\7.forest-root-snarer\production\animation\work\review_frames\ForestRootSnarer_Slam\game\0072.png'
RENDERED ForestRootSnarer_Slam game 73
00:37.078  render           | Saved: 'C:\Users\d.grab\Desktop\the-game\ART\characters\act-1-enemies\7.forest-root-snarer\production\animation\work\review_frames\ForestRootSnarer_Slam\side\0000.png'
00:37.187  render           | Saved: 'C:\Users\d.grab\Desktop\the-game\ART\characters\act-1-enemies\7.forest-root-snarer\production\animation\work\review_frames\ForestRootSnarer_Slam\side\0001.png'
00:37.281  render           | Saved: 'C:\Users\d.grab\Desktop\the-game\ART\characters\act-1-enemies\7.forest-root-snarer\production\animation\work\review_frames\ForestRootSnarer_Slam\side\0002.png'
00:37.375  render           | Saved: 'C:\Users\d.grab\Desktop\the-game\ART\characters\act-1-enemies\7.forest-root-snarer\production\animation\work\review_frames\ForestRootSnarer_Slam\side\0003.png'
00:37.453  render           | Saved: 'C:\Users\d.grab\Desktop\the-game\ART\characters\act-1-enemies\7.forest-root-snarer\production\animation\work\review_frames\ForestRootSnarer_Slam\side\0004.png'
00:37.547  render           | Saved: 'C:\Users\d.grab\Desktop\the-game\ART\characters\act-1-enemies\7.forest-root-snarer\production\animation\work\review_frames\ForestRootSnarer_Slam\side\0005.png'
00:37.656  render           | Saved: 'C:\Users\d.grab\Desktop\the-game\ART\characters\act-1-enemies\7.forest-root-snarer\production\animation\work\review_frames\ForestRootSnarer_Slam\side\0006.png'
00:37.734  render           | Saved: 'C:\Users\d.grab\Desktop\the-game\ART\characters\act-1-enemies\7.forest-root-snarer\production\animation\work\review_frames\ForestRootSnarer_Slam\side\0007.png'
00:37.797  render           | Saved: 'C:\Users\d.grab\Desktop\the-game\ART\characters\act-1-enemies\7.forest-root-snarer\production\animation\work\review_frames\ForestRootSnarer_Slam\side\0008.png'
00:37.890  render           | Saved: 'C:\Users\d.grab\Desktop\the-game\ART\characters\act-1-enemies\7.forest-root-snarer\production\animation\work\review_frames\ForestRootSnarer_Slam\side\0009.png'
00:37.953  render           | Saved: 'C:\Users\d.grab\Desktop\the-game\ART\characters\act-1-enemies\7.forest-root-snarer\production\animation\work\review_frames\ForestRootSnarer_Slam\side\0010.png'
00:38.031  render           | Saved: 'C:\Users\d.grab\Desktop\the-game\ART\characters\act-1-enemies\7.forest-root-snarer\production\animation\work\review_frames\ForestRootSnarer_Slam\side\0011.png'
00:38.109  render           | Saved: 'C:\Users\d.grab\Desktop\the-game\ART\characters\act-1-enemies\7.forest-root-snarer\production\animation\work\review_frames\ForestRootSnarer_Slam\side\0012.png'
00:38.187  render           | Saved: 'C:\Users\d.grab\Desktop\the-game\ART\characters\act-1-enemies\7.forest-root-snarer\production\animation\work\review_frames\ForestRootSnarer_Slam\side\0013.png'
00:38.265  render           | Saved: 'C:\Users\d.grab\Desktop\the-game\ART\characters\act-1-enemies\7.forest-root-snarer\production\animation\work\review_frames\ForestRootSnarer_Slam\side\0014.png'
00:38.344  render           | Saved: 'C:\Users\d.grab\Desktop\the-game\ART\characters\act-1-enemies\7.forest-root-snarer\production\animation\work\review_frames\ForestRootSnarer_Slam\side\0015.png'
00:38.437  render           | Saved: 'C:\Users\d.grab\Desktop\the-game\ART\characters\act-1-enemies\7.forest-root-snarer\production\animation\work\review_frames\ForestRootSnarer_Slam\side\0016.png'
00:38.531  render           | Saved: 'C:\Users\d.grab\Desktop\the-game\ART\characters\act-1-enemies\7.forest-root-snarer\production\animation\work\review_frames\ForestRootSnarer_Slam\side\0017.png'
00:38.625  render           | Saved: 'C:\Users\d.grab\Desktop\the-game\ART\characters\act-1-enemies\7.forest-root-snarer\production\animation\work\review_frames\ForestRootSnarer_Slam\side\0018.png'
00:38.703  render           | Saved: 'C:\Users\d.grab\Desktop\the-game\ART\characters\act-1-enemies\7.forest-root-snarer\production\animation\work\review_frames\ForestRootSnarer_Slam\side\0019.png'
00:38.781  render           | Saved: 'C:\Users\d.grab\Desktop\the-game\ART\characters\act-1-enemies\7.forest-root-snarer\production\animation\work\review_frames\ForestRootSnarer_Slam\side\0020.png'
00:38.875  render           | Saved: 'C:\Users\d.grab\Desktop\the-game\ART\characters\act-1-enemies\7.forest-root-snarer\production\animation\work\review_frames\ForestRootSnarer_Slam\side\0021.png'
00:38.953  render           | Saved: 'C:\Users\d.grab\Desktop\the-game\ART\characters\act-1-enemies\7.forest-root-snarer\production\animation\work\review_frames\ForestRootSnarer_Slam\side\0022.png'
00:39.031  render           | Saved: 'C:\Users\d.grab\Desktop\the-game\ART\characters\act-1-enemies\7.forest-root-snarer\production\animation\work\review_frames\ForestRootSnarer_Slam\side\0023.png'
00:39.109  render           | Saved: 'C:\Users\d.grab\Desktop\the-game\ART\characters\act-1-enemies\7.forest-root-snarer\production\animation\work\review_frames\ForestRootSnarer_Slam\side\0024.png'
00:39.187  render           | Saved: 'C:\Users\d.grab\Desktop\the-game\ART\characters\act-1-enemies\7.forest-root-snarer\production\animation\work\review_frames\ForestRootSnarer_Slam\side\0025.png'
00:39.250  render           | Saved: 'C:\Users\d.grab\Desktop\the-game\ART\characters\act-1-enemies\7.forest-root-snarer\production\animation\work\review_frames\ForestRootSnarer_Slam\side\0026.png'
00:39.328  render           | Saved: 'C:\Users\d.grab\Desktop\the-game\ART\characters\act-1-enemies\7.forest-root-snarer\production\animation\work\review_frames\ForestRootSnarer_Slam\side\0027.png'
00:39.437  render           | Saved: 'C:\Users\d.grab\Desktop\the-game\ART\characters\act-1-enemies\7.forest-root-snarer\production\animation\work\review_frames\ForestRootSnarer_Slam\side\0028.png'
00:39.515  render           | Saved: 'C:\Users\d.grab\Desktop\the-game\ART\characters\act-1-enemies\7.forest-root-snarer\production\animation\work\review_frames\ForestRootSnarer_Slam\side\0029.png'
00:39.594  render           | Saved: 'C:\Users\d.grab\Desktop\the-game\ART\characters\act-1-enemies\7.forest-root-snarer\production\animation\work\review_frames\ForestRootSnarer_Slam\side\0030.png'
00:39.703  render           | Saved: 'C:\Users\d.grab\Desktop\the-game\ART\characters\act-1-enemies\7.forest-root-snarer\production\animation\work\review_frames\ForestRootSnarer_Slam\side\0031.png'
00:39.828  render           | Saved: 'C:\Users\d.grab\Desktop\the-game\ART\characters\act-1-enemies\7.forest-root-snarer\production\animation\work\review_frames\ForestRootSnarer_Slam\side\0032.png'
00:39.937  render           | Saved: 'C:\Users\d.grab\Desktop\the-game\ART\characters\act-1-enemies\7.forest-root-snarer\production\animation\work\review_frames\ForestRootSnarer_Slam\side\0033.png'
00:40.047  render           | Saved: 'C:\Users\d.grab\Desktop\the-game\ART\characters\act-1-enemies\7.forest-root-snarer\production\animation\work\review_frames\ForestRootSnarer_Slam\side\0034.png'
00:40.140  render           | Saved: 'C:\Users\d.grab\Desktop\the-game\ART\characters\act-1-enemies\7.forest-root-snarer\production\animation\work\review_frames\ForestRootSnarer_Slam\side\0035.png'
00:40.234  render           | Saved: 'C:\Users\d.grab\Desktop\the-game\ART\characters\act-1-enemies\7.forest-root-snarer\production\animation\work\review_frames\ForestRootSnarer_Slam\side\0036.png'
00:40.312  render           | Saved: 'C:\Users\d.grab\Desktop\the-game\ART\characters\act-1-enemies\7.forest-root-snarer\production\animation\work\review_frames\ForestRootSnarer_Slam\side\0037.png'
00:40.390  render           | Saved: 'C:\Users\d.grab\Desktop\the-game\ART\characters\act-1-enemies\7.forest-root-snarer\production\animation\work\review_frames\ForestRootSnarer_Slam\side\0038.png'
00:40.453  render           | Saved: 'C:\Users\d.grab\Desktop\the-game\ART\characters\act-1-enemies\7.forest-root-snarer\production\animation\work\review_frames\ForestRootSnarer_Slam\side\0039.png'
00:40.547  render           | Saved: 'C:\Users\d.grab\Desktop\the-game\ART\characters\act-1-enemies\7.forest-root-snarer\production\animation\work\review_frames\ForestRootSnarer_Slam\side\0040.png'
00:40.625  render           | Saved: 'C:\Users\d.grab\Desktop\the-game\ART\characters\act-1-enemies\7.forest-root-snarer\production\animation\work\review_frames\ForestRootSnarer_Slam\side\0041.png'
00:40.703  render           | Saved: 'C:\Users\d.grab\Desktop\the-game\ART\characters\act-1-enemies\7.forest-root-snarer\production\animation\work\review_frames\ForestRootSnarer_Slam\side\0042.png'
00:40.797  render           | Saved: 'C:\Users\d.grab\Desktop\the-game\ART\characters\act-1-enemies\7.forest-root-snarer\production\animation\work\review_frames\ForestRootSnarer_Slam\side\0043.png'
00:40.875  render           | Saved: 'C:\Users\d.grab\Desktop\the-game\ART\characters\act-1-enemies\7.forest-root-snarer\production\animation\work\review_frames\ForestRootSnarer_Slam\side\0044.png'
00:40.953  render           | Saved: 'C:\Users\d.grab\Desktop\the-game\ART\characters\act-1-enemies\7.forest-root-snarer\production\animation\work\review_frames\ForestRootSnarer_Slam\side\0045.png'
00:41.062  render           | Saved: 'C:\Users\d.grab\Desktop\the-game\ART\characters\act-1-enemies\7.forest-root-snarer\production\animation\work\review_frames\ForestRootSnarer_Slam\side\0046.png'
00:41.156  render           | Saved: 'C:\Users\d.grab\Desktop\the-game\ART\characters\act-1-enemies\7.forest-root-snarer\production\animation\work\review_frames\ForestRootSnarer_Slam\side\0047.png'
00:41.250  render           | Saved: 'C:\Users\d.grab\Desktop\the-game\ART\characters\act-1-enemies\7.forest-root-snarer\production\animation\work\review_frames\ForestRootSnarer_Slam\side\0048.png'
00:41.328  render           | Saved: 'C:\Users\d.grab\Desktop\the-game\ART\characters\act-1-enemies\7.forest-root-snarer\production\animation\work\review_frames\ForestRootSnarer_Slam\side\0049.png'
00:41.406  render           | Saved: 'C:\Users\d.grab\Desktop\the-game\ART\characters\act-1-enemies\7.forest-root-snarer\production\animation\work\review_frames\ForestRootSnarer_Slam\side\0050.png'
00:41.469  render           | Saved: 'C:\Users\d.grab\Desktop\the-game\ART\characters\act-1-enemies\7.forest-root-snarer\production\animation\work\review_frames\ForestRootSnarer_Slam\side\0051.png'
00:41.562  render           | Saved: 'C:\Users\d.grab\Desktop\the-game\ART\characters\act-1-enemies\7.forest-root-snarer\production\animation\work\review_frames\ForestRootSnarer_Slam\side\0052.png'
00:41.640  render           | Saved: 'C:\Users\d.grab\Desktop\the-game\ART\characters\act-1-enemies\7.forest-root-snarer\production\animation\work\review_frames\ForestRootSnarer_Slam\side\0053.png'
00:41.719  render           | Saved: 'C:\Users\d.grab\Desktop\the-game\ART\characters\act-1-enemies\7.forest-root-snarer\production\animation\work\review_frames\ForestRootSnarer_Slam\side\0054.png'
00:41.797  render           | Saved: 'C:\Users\d.grab\Desktop\the-game\ART\characters\act-1-enemies\7.forest-root-snarer\production\animation\work\review_frames\ForestRootSnarer_Slam\side\0055.png'
00:41.890  render           | Saved: 'C:\Users\d.grab\Desktop\the-game\ART\characters\act-1-enemies\7.forest-root-snarer\production\animation\work\review_frames\ForestRootSnarer_Slam\side\0056.png'
00:42.000  render           | Saved: 'C:\Users\d.grab\Desktop\the-game\ART\characters\act-1-enemies\7.forest-root-snarer\production\animation\work\review_frames\ForestRootSnarer_Slam\side\0057.png'
00:42.078  render           | Saved: 'C:\Users\d.grab\Desktop\the-game\ART\characters\act-1-enemies\7.forest-root-snarer\production\animation\work\review_frames\ForestRootSnarer_Slam\side\0058.png'
00:42.172  render           | Saved: 'C:\Users\d.grab\Desktop\the-game\ART\characters\act-1-enemies\7.forest-root-snarer\production\animation\work\review_frames\ForestRootSnarer_Slam\side\0059.png'
00:42.250  render           | Saved: 'C:\Users\d.grab\Desktop\the-game\ART\characters\act-1-enemies\7.forest-root-snarer\production\animation\work\review_frames\ForestRootSnarer_Slam\side\0060.png'
00:42.359  render           | Saved: 'C:\Users\d.grab\Desktop\the-game\ART\characters\act-1-enemies\7.forest-root-snarer\production\animation\work\review_frames\ForestRootSnarer_Slam\side\0061.png'
00:42.469  render           | Saved: 'C:\Users\d.grab\Desktop\the-game\ART\characters\act-1-enemies\7.forest-root-snarer\production\animation\work\review_frames\ForestRootSnarer_Slam\side\0062.png'
00:42.578  render           | Saved: 'C:\Users\d.grab\Desktop\the-game\ART\characters\act-1-enemies\7.forest-root-snarer\production\animation\work\review_frames\ForestRootSnarer_Slam\side\0063.png'
00:42.687  render           | Saved: 'C:\Users\d.grab\Desktop\the-game\ART\characters\act-1-enemies\7.forest-root-snarer\production\animation\work\review_frames\ForestRootSnarer_Slam\side\0064.png'
00:42.781  render           | Saved: 'C:\Users\d.grab\Desktop\the-game\ART\characters\act-1-enemies\7.forest-root-snarer\production\animation\work\review_frames\ForestRootSnarer_Slam\side\0065.png'
00:42.859  render           | Saved: 'C:\Users\d.grab\Desktop\the-game\ART\characters\act-1-enemies\7.forest-root-snarer\production\animation\work\review_frames\ForestRootSnarer_Slam\side\0066.png'
00:42.937  render           | Saved: 'C:\Users\d.grab\Desktop\the-game\ART\characters\act-1-enemies\7.forest-root-snarer\production\animation\work\review_frames\ForestRootSnarer_Slam\side\0067.png'
00:43.015  render           | Saved: 'C:\Users\d.grab\Desktop\the-game\ART\characters\act-1-enemies\7.forest-root-snarer\production\animation\work\review_frames\ForestRootSnarer_Slam\side\0068.png'
00:43.094  render           | Saved: 'C:\Users\d.grab\Desktop\the-game\ART\characters\act-1-enemies\7.forest-root-snarer\production\animation\work\review_frames\ForestRootSnarer_Slam\side\0069.png'
00:43.172  render           | Saved: 'C:\Users\d.grab\Desktop\the-game\ART\characters\act-1-enemies\7.forest-root-snarer\production\animation\work\review_frames\ForestRootSnarer_Slam\side\0070.png'
00:43.265  render           | Saved: 'C:\Users\d.grab\Desktop\the-game\ART\characters\act-1-enemies\7.forest-root-snarer\production\animation\work\review_frames\ForestRootSnarer_Slam\side\0071.png'
00:43.344  render           | Saved: 'C:\Users\d.grab\Desktop\the-game\ART\characters\act-1-enemies\7.forest-root-snarer\production\animation\work\review_frames\ForestRootSnarer_Slam\side\0072.png'
RENDERED ForestRootSnarer_Slam side 73
00:43.469  render           | Saved: 'C:\Users\d.grab\Desktop\the-game\ART\characters\act-1-enemies\7.forest-root-snarer\production\animation\work\review_frames\ForestRootSnarer_Walk\game\0000.png'
00:43.547  render           | Saved: 'C:\Users\d.grab\Desktop\the-game\ART\characters\act-1-enemies\7.forest-root-snarer\production\animation\work\review_frames\ForestRootSnarer_Walk\game\0001.png'
00:43.640  render           | Saved: 'C:\Users\d.grab\Desktop\the-game\ART\characters\act-1-enemies\7.forest-root-snarer\production\animation\work\review_frames\ForestRootSnarer_Walk\game\0002.png'
00:43.734  render           | Saved: 'C:\Users\d.grab\Desktop\the-game\ART\characters\act-1-enemies\7.forest-root-snarer\production\animation\work\review_frames\ForestRootSnarer_Walk\game\0003.png'
00:43.812  render           | Saved: 'C:\Users\d.grab\Desktop\the-game\ART\characters\act-1-enemies\7.forest-root-snarer\production\animation\work\review_frames\ForestRootSnarer_Walk\game\0004.png'
00:43.906  render           | Saved: 'C:\Users\d.grab\Desktop\the-game\ART\characters\act-1-enemies\7.forest-root-snarer\production\animation\work\review_frames\ForestRootSnarer_Walk\game\0005.png'
00:43.984  render           | Saved: 'C:\Users\d.grab\Desktop\the-game\ART\characters\act-1-enemies\7.forest-root-snarer\production\animation\work\review_frames\ForestRootSnarer_Walk\game\0006.png'
00:44.047  render           | Saved: 'C:\Users\d.grab\Desktop\the-game\ART\characters\act-1-enemies\7.forest-root-snarer\production\animation\work\review_frames\ForestRootSnarer_Walk\game\0007.png'
00:44.125  render           | Saved: 'C:\Users\d.grab\Desktop\the-game\ART\characters\act-1-enemies\7.forest-root-snarer\production\animation\work\review_frames\ForestRootSnarer_Walk\game\0008.png'
00:44.187  render           | Saved: 'C:\Users\d.grab\Desktop\the-game\ART\characters\act-1-enemies\7.forest-root-snarer\production\animation\work\review_frames\ForestRootSnarer_Walk\game\0009.png'
00:44.265  render           | Saved: 'C:\Users\d.grab\Desktop\the-game\ART\characters\act-1-enemies\7.forest-root-snarer\production\animation\work\review_frames\ForestRootSnarer_Walk\game\0010.png'
00:44.359  render           | Saved: 'C:\Users\d.grab\Desktop\the-game\ART\characters\act-1-enemies\7.forest-root-snarer\production\animation\work\review_frames\ForestRootSnarer_Walk\game\0011.png'
00:44.422  render           | Saved: 'C:\Users\d.grab\Desktop\the-game\ART\characters\act-1-enemies\7.forest-root-snarer\production\animation\work\review_frames\ForestRootSnarer_Walk\game\0012.png'
00:44.500  render           | Saved: 'C:\Users\d.grab\Desktop\the-game\ART\characters\act-1-enemies\7.forest-root-snarer\production\animation\work\review_frames\ForestRootSnarer_Walk\game\0013.png'
00:44.578  render           | Saved: 'C:\Users\d.grab\Desktop\the-game\ART\characters\act-1-enemies\7.forest-root-snarer\production\animation\work\review_frames\ForestRootSnarer_Walk\game\0014.png'
00:44.656  render           | Saved: 'C:\Users\d.grab\Desktop\the-game\ART\characters\act-1-enemies\7.forest-root-snarer\production\animation\work\review_frames\ForestRootSnarer_Walk\game\0015.png'
00:44.734  render           | Saved: 'C:\Users\d.grab\Desktop\the-game\ART\characters\act-1-enemies\7.forest-root-snarer\production\animation\work\review_frames\ForestRootSnarer_Walk\game\0016.png'
RENDERED ForestRootSnarer_Walk game 17
00:44.844  render           | Saved: 'C:\Users\d.grab\Desktop\the-game\ART\characters\act-1-enemies\7.forest-root-snarer\production\animation\work\review_frames\ForestRootSnarer_Walk\side\0000.png'
00:44.937  render           | Saved: 'C:\Users\d.grab\Desktop\the-game\ART\characters\act-1-enemies\7.forest-root-snarer\production\animation\work\review_frames\ForestRootSnarer_Walk\side\0001.png'
00:45.031  render           | Saved: 'C:\Users\d.grab\Desktop\the-game\ART\characters\act-1-enemies\7.forest-root-snarer\production\animation\work\review_frames\ForestRootSnarer_Walk\side\0002.png'
00:45.109  render           | Saved: 'C:\Users\d.grab\Desktop\the-game\ART\characters\act-1-enemies\7.forest-root-snarer\production\animation\work\review_frames\ForestRootSnarer_Walk\side\0003.png'
00:45.187  render           | Saved: 'C:\Users\d.grab\Desktop\the-game\ART\characters\act-1-enemies\7.forest-root-snarer\production\animation\work\review_frames\ForestRootSnarer_Walk\side\0004.png'
00:45.265  render           | Saved: 'C:\Users\d.grab\Desktop\the-game\ART\characters\act-1-enemies\7.forest-root-snarer\production\animation\work\review_frames\ForestRootSnarer_Walk\side\0005.png'
00:45.344  render           | Saved: 'C:\Users\d.grab\Desktop\the-game\ART\characters\act-1-enemies\7.forest-root-snarer\production\animation\work\review_frames\ForestRootSnarer_Walk\side\0006.png'
00:45.422  render           | Saved: 'C:\Users\d.grab\Desktop\the-game\ART\characters\act-1-enemies\7.forest-root-snarer\production\animation\work\review_frames\ForestRootSnarer_Walk\side\0007.png'
00:45.484  render           | Saved: 'C:\Users\d.grab\Desktop\the-game\ART\characters\act-1-enemies\7.forest-root-snarer\production\animation\work\review_frames\ForestRootSnarer_Walk\side\0008.png'
00:45.562  render           | Saved: 'C:\Users\d.grab\Desktop\the-game\ART\characters\act-1-enemies\7.forest-root-snarer\production\animation\work\review_frames\ForestRootSnarer_Walk\side\0009.png'
00:45.672  render           | Saved: 'C:\Users\d.grab\Desktop\the-game\ART\characters\act-1-enemies\7.forest-root-snarer\production\animation\work\review_frames\ForestRootSnarer_Walk\side\0010.png'
00:45.750  render           | Saved: 'C:\Users\d.grab\Desktop\the-game\ART\characters\act-1-enemies\7.forest-root-snarer\production\animation\work\review_frames\ForestRootSnarer_Walk\side\0011.png'
00:45.859  render           | Saved: 'C:\Users\d.grab\Desktop\the-game\ART\characters\act-1-enemies\7.forest-root-snarer\production\animation\work\review_frames\ForestRootSnarer_Walk\side\0012.png'
00:45.953  render           | Saved: 'C:\Users\d.grab\Desktop\the-game\ART\characters\act-1-enemies\7.forest-root-snarer\production\animation\work\review_frames\ForestRootSnarer_Walk\side\0013.png'
00:46.047  render           | Saved: 'C:\Users\d.grab\Desktop\the-game\ART\characters\act-1-enemies\7.forest-root-snarer\production\animation\work\review_frames\ForestRootSnarer_Walk\side\0014.png'
00:46.140  render           | Saved: 'C:\Users\d.grab\Desktop\the-game\ART\characters\act-1-enemies\7.forest-root-snarer\production\animation\work\review_frames\ForestRootSnarer_Walk\side\0015.png'
00:46.297  render           | Saved: 'C:\Users\d.grab\Desktop\the-game\ART\characters\act-1-enemies\7.forest-root-snarer\production\animation\work\review_frames\ForestRootSnarer_Walk\side\0016.png'
RENDERED ForestRootSnarer_Walk side 17
RENDER_DONE
[a_Rodin.utils-[36mDBG[0m]: [36mRodinBridge: unregister[0m
Traceback (most recent call last):
  File "C:\Program Files\Blender Foundation\Blender 5.2\5.2\scripts\modules\addon_utils.py", line 595, in disable
    mod.unregister()
    ~~~~~~~~~~~~~~^^
  File "C:\Users\d.grab\AppData\Roaming\Blender Foundation\Blender\5.2\scripts\addons\a_Rodin\__init__.py", line 28, in unregister
    unreg()
    ~~~~~^^
  File "C:\Program Files\Blender Foundation\Blender 5.2\5.2\scripts\modules\bpy\utils\__init__.py", line 1054, in unregister
    mod.unregister()
    ~~~~~~~~~~~~~~^^
  File "C:\Program Files\Blender Foundation\Blender 5.2\5.2\scripts\modules\bpy\utils\__init__.py", line 1054, in unregister
    mod.unregister()
    ~~~~~~~~~~~~~~^^
  File "C:\Program Files\Blender Foundation\Blender 5.2\5.2\scripts\modules\bpy\utils\__init__.py", line 1054, in unregister
    mod.unregister()
    ~~~~~~~~~~~~~~^^
  File "C:\Users\d.grab\AppData\Roaming\Blender Foundation\Blender\5.2\scripts\addons\a_Rodin\src\rodin\properties.py", line 408, in unregister
    bpy.app.handlers.load_post.remove(on_scene_load)
    ~~~~~~~~~~~~~~~~~~~~~~~~~~~~~~~~~^^^^^^^^^^^^^^^
ValueError: list.remove(x): x not in list
Exception in module unregister(): 'C:\\Users\\d.grab\\AppData\\Roaming\\Blender Foundation\\Blender\\5.2\\scripts\\addons\\a_Rodin\\__init__.py'
Blender 5.2.1 LTS (hash 9e2066aef7ef built 2026-08-25 02:38:20)

Blender quit
