[a_Rodin.utils-[36mDBG[0m]: [36mRodinBridge: register[0m
[a_Rodin.utils-[33mWRN[0m]: [33mServer running on port 61863[0m
[a_Rodin.utils-[36mDBG[0m]: [36mon_scene_load[0m
[a_Rodin.utils-[36mDBG[0m]: [36mensure_default_image[0m
00:12.016  blend            | Read blend: "C:\Users\d.grab\Desktop\the-game\ART\characters\act-1-enemies\7.forest-root-snarer\production\animation\ForestRootSnarer_Anim_r01.blend"
00:13.485  render           | Saved: 'C:\Users\d.grab\Desktop\the-game\ART\characters\act-1-enemies\7.forest-root-snarer\production\animation\work\review_frames\ForestRootSnarer_Mend\game\0000.png'
00:13.547  render           | Saved: 'C:\Users\d.grab\Desktop\the-game\ART\characters\act-1-enemies\7.forest-root-snarer\production\animation\work\review_frames\ForestRootSnarer_Mend\game\0001.png'
00:13.610  render           | Saved: 'C:\Users\d.grab\Desktop\the-game\ART\characters\act-1-enemies\7.forest-root-snarer\production\animation\work\review_frames\ForestRootSnarer_Mend\game\0002.png'
00:13.672  render           | Saved: 'C:\Users\d.grab\Desktop\the-game\ART\characters\act-1-enemies\7.forest-root-snarer\production\animation\work\review_frames\ForestRootSnarer_Mend\game\0003.png'
00:13.750  render           | Saved: 'C:\Users\d.grab\Desktop\the-game\ART\characters\act-1-enemies\7.forest-root-snarer\production\animation\work\review_frames\ForestRootSnarer_Mend\game\0004.png'
00:13.813  render           | Saved: 'C:\Users\d.grab\Desktop\the-game\ART\characters\act-1-enemies\7.forest-root-snarer\production\animation\work\review_frames\ForestRootSnarer_Mend\game\0005.png'
00:13.891  render           | Saved: 'C:\Users\d.grab\Desktop\the-game\ART\characters\act-1-enemies\7.forest-root-snarer\production\animation\work\review_frames\ForestRootSnarer_Mend\game\0006.png'
00:13.969  render           | Saved: 'C:\Users\d.grab\Desktop\the-game\ART\characters\act-1-enemies\7.forest-root-snarer\production\animation\work\review_frames\ForestRootSnarer_Mend\game\0007.png'
00:14.047  render           | Saved: 'C:\Users\d.grab\Desktop\the-game\ART\characters\act-1-enemies\7.forest-root-snarer\production\animation\work\review_frames\ForestRootSnarer_Mend\game\0008.png'
00:14.110  render           | Saved: 'C:\Users\d.grab\Desktop\the-game\ART\characters\act-1-enemies\7.forest-root-snarer\production\animation\work\review_frames\ForestRootSnarer_Mend\game\0009.png'
00:14.172  render           | Saved: 'C:\Users\d.grab\Desktop\the-game\ART\characters\act-1-enemies\7.forest-root-snarer\production\animation\work\review_frames\ForestRootSnarer_Mend\game\0010.png'
00:14.250  render           | Saved: 'C:\Users\d.grab\Desktop\the-game\ART\characters\act-1-enemies\7.forest-root-snarer\production\animation\work\review_frames\ForestRootSnarer_Mend\game\0011.png'
00:14.313  render           | Saved: 'C:\Users\d.grab\Desktop\the-game\ART\characters\act-1-enemies\7.forest-root-snarer\production\animation\work\review_frames\ForestRootSnarer_Mend\game\0012.png'
00:14.375  render           | Saved: 'C:\Users\d.grab\Desktop\the-game\ART\characters\act-1-enemies\7.forest-root-snarer\production\animation\work\review_frames\ForestRootSnarer_Mend\game\0013.png'
00:14.438  render           | Saved: 'C:\Users\d.grab\Desktop\the-game\ART\characters\act-1-enemies\7.forest-root-snarer\production\animation\work\review_frames\ForestRootSnarer_Mend\game\0014.png'
00:14.500  render           | Saved: 'C:\Users\d.grab\Desktop\the-game\ART\characters\act-1-enemies\7.forest-root-snarer\production\animation\work\review_frames\ForestRootSnarer_Mend\game\0015.png'
00:14.594  render           | Saved: 'C:\Users\d.grab\Desktop\the-game\ART\characters\act-1-enemies\7.forest-root-snarer\production\animation\work\review_frames\ForestRootSnarer_Mend\game\0016.png'
00:14.672  render           | Saved: 'C:\Users\d.grab\Desktop\the-game\ART\characters\act-1-enemies\7.forest-root-snarer\production\animation\work\review_frames\ForestRootSnarer_Mend\game\0017.png'
00:14.735  render           | Saved: 'C:\Users\d.grab\Desktop\the-game\ART\characters\act-1-enemies\7.forest-root-snarer\production\animation\work\review_frames\ForestRootSnarer_Mend\game\0018.png'
00:14.813  render           | Saved: 'C:\Users\d.grab\Desktop\the-game\ART\characters\act-1-enemies\7.forest-root-snarer\production\animation\work\review_frames\ForestRootSnarer_Mend\game\0019.png'
00:14.875  render           | Saved: 'C:\Users\d.grab\Desktop\the-game\ART\characters\act-1-enemies\7.forest-root-snarer\production\animation\work\review_frames\ForestRootSnarer_Mend\game\0020.png'
00:14.938  render           | Saved: 'C:\Users\d.grab\Desktop\the-game\ART\characters\act-1-enemies\7.forest-root-snarer\production\animation\work\review_frames\ForestRootSnarer_Mend\game\0021.png'
00:15.016  render           | Saved: 'C:\Users\d.grab\Desktop\the-game\ART\characters\act-1-enemies\7.forest-root-snarer\production\animation\work\review_frames\ForestRootSnarer_Mend\game\0022.png'
00:15.078  render           | Saved: 'C:\Users\d.grab\Desktop\the-game\ART\characters\act-1-enemies\7.forest-root-snarer\production\animation\work\review_frames\ForestRootSnarer_Mend\game\0023.png'
00:15.156  render           | Saved: 'C:\Users\d.grab\Desktop\the-game\ART\characters\act-1-enemies\7.forest-root-snarer\production\animation\work\review_frames\ForestRootSnarer_Mend\game\0024.png'
00:15.235  render           | Saved: 'C:\Users\d.grab\Desktop\the-game\ART\characters\act-1-enemies\7.forest-root-snarer\production\animation\work\review_frames\ForestRootSnarer_Mend\game\0025.png'
00:15.281  render           | Saved: 'C:\Users\d.grab\Desktop\the-game\ART\characters\act-1-enemies\7.forest-root-snarer\production\animation\work\review_frames\ForestRootSnarer_Mend\game\0026.png'
00:15.360  render           | Saved: 'C:\Users\d.grab\Desktop\the-game\ART\characters\act-1-enemies\7.forest-root-snarer\production\animation\work\review_frames\ForestRootSnarer_Mend\game\0027.png'
00:15.438  render           | Saved: 'C:\Users\d.grab\Desktop\the-game\ART\characters\act-1-enemies\7.forest-root-snarer\production\animation\work\review_frames\ForestRootSnarer_Mend\game\0028.png'
00:15.485  render           | Saved: 'C:\Users\d.grab\Desktop\the-game\ART\characters\act-1-enemies\7.forest-root-snarer\production\animation\work\review_frames\ForestRootSnarer_Mend\game\0029.png'
00:15.563  render           | Saved: 'C:\Users\d.grab\Desktop\the-game\ART\characters\act-1-enemies\7.forest-root-snarer\production\animation\work\review_frames\ForestRootSnarer_Mend\game\0030.png'
00:15.625  render           | Saved: 'C:\Users\d.grab\Desktop\the-game\ART\characters\act-1-enemies\7.forest-root-snarer\production\animation\work\review_frames\ForestRootSnarer_Mend\game\0031.png'
00:15.703  render           | Saved: 'C:\Users\d.grab\Desktop\the-game\ART\characters\act-1-enemies\7.forest-root-snarer\production\animation\work\review_frames\ForestRootSnarer_Mend\game\0032.png'
00:15.766  render           | Saved: 'C:\Users\d.grab\Desktop\the-game\ART\characters\act-1-enemies\7.forest-root-snarer\production\animation\work\review_frames\ForestRootSnarer_Mend\game\0033.png'
00:15.828  render           | Saved: 'C:\Users\d.grab\Desktop\the-game\ART\characters\act-1-enemies\7.forest-root-snarer\production\animation\work\review_frames\ForestRootSnarer_Mend\game\0034.png'
00:15.906  render           | Saved: 'C:\Users\d.grab\Desktop\the-game\ART\characters\act-1-enemies\7.forest-root-snarer\production\animation\work\review_frames\ForestRootSnarer_Mend\game\0035.png'
00:15.969  render           | Saved: 'C:\Users\d.grab\Desktop\the-game\ART\characters\act-1-enemies\7.forest-root-snarer\production\animation\work\review_frames\ForestRootSnarer_Mend\game\0036.png'
00:16.047  render           | Saved: 'C:\Users\d.grab\Desktop\the-game\ART\characters\act-1-enemies\7.forest-root-snarer\production\animation\work\review_frames\ForestRootSnarer_Mend\game\0037.png'
00:16.141  render           | Saved: 'C:\Users\d.grab\Desktop\the-game\ART\characters\act-1-enemies\7.forest-root-snarer\production\animation\work\review_frames\ForestRootSnarer_Mend\game\0038.png'
00:16.219  render           | Saved: 'C:\Users\d.grab\Desktop\the-game\ART\characters\act-1-enemies\7.forest-root-snarer\production\animation\work\review_frames\ForestRootSnarer_Mend\game\0039.png'
00:16.297  render           | Saved: 'C:\Users\d.grab\Desktop\the-game\ART\characters\act-1-enemies\7.forest-root-snarer\production\animation\work\review_frames\ForestRootSnarer_Mend\game\0040.png'
00:16.391  render           | Saved: 'C:\Users\d.grab\Desktop\the-game\ART\characters\act-1-enemies\7.forest-root-snarer\production\animation\work\review_frames\ForestRootSnarer_Mend\game\0041.png'
00:16.485  render           | Saved: 'C:\Users\d.grab\Desktop\the-game\ART\characters\act-1-enemies\7.forest-root-snarer\production\animation\work\review_frames\ForestRootSnarer_Mend\game\0042.png'
00:16.547  render           | Saved: 'C:\Users\d.grab\Desktop\the-game\ART\characters\act-1-enemies\7.forest-root-snarer\production\animation\work\review_frames\ForestRootSnarer_Mend\game\0043.png'
00:16.625  render           | Saved: 'C:\Users\d.grab\Desktop\the-game\ART\characters\act-1-enemies\7.forest-root-snarer\production\animation\work\review_frames\ForestRootSnarer_Mend\game\0044.png'
00:16.688  render           | Saved: 'C:\Users\d.grab\Desktop\the-game\ART\characters\act-1-enemies\7.forest-root-snarer\production\animation\work\review_frames\ForestRootSnarer_Mend\game\0045.png'
00:16.766  render           | Saved: 'C:\Users\d.grab\Desktop\the-game\ART\characters\act-1-enemies\7.forest-root-snarer\production\animation\work\review_frames\ForestRootSnarer_Mend\game\0046.png'
00:16.828  render           | Saved: 'C:\Users\d.grab\Desktop\the-game\ART\characters\act-1-enemies\7.forest-root-snarer\production\animation\work\review_frames\ForestRootSnarer_Mend\game\0047.png'
00:16.906  render           | Saved: 'C:\Users\d.grab\Desktop\the-game\ART\characters\act-1-enemies\7.forest-root-snarer\production\animation\work\review_frames\ForestRootSnarer_Mend\game\0048.png'
00:16.985  render           | Saved: 'C:\Users\d.grab\Desktop\the-game\ART\characters\act-1-enemies\7.forest-root-snarer\production\animation\work\review_frames\ForestRootSnarer_Mend\game\0049.png'
00:17.063  render           | Saved: 'C:\Users\d.grab\Desktop\the-game\ART\characters\act-1-enemies\7.forest-root-snarer\production\animation\work\review_frames\ForestRootSnarer_Mend\game\0050.png'
Reloading external rigs...
Reloading external metarigs...
RENDERED ForestRootSnarer_Mend game 51
00:17.172  render           | Saved: 'C:\Users\d.grab\Desktop\the-game\ART\characters\act-1-enemies\7.forest-root-snarer\production\animation\work\review_frames\ForestRootSnarer_Mend\side\0000.png'
00:17.266  render           | Saved: 'C:\Users\d.grab\Desktop\the-game\ART\characters\act-1-enemies\7.forest-root-snarer\production\animation\work\review_frames\ForestRootSnarer_Mend\side\0001.png'
00:17.344  render           | Saved: 'C:\Users\d.grab\Desktop\the-game\ART\characters\act-1-enemies\7.forest-root-snarer\production\animation\work\review_frames\ForestRootSnarer_Mend\side\0002.png'
00:17.422  render           | Saved: 'C:\Users\d.grab\Desktop\the-game\ART\characters\act-1-enemies\7.forest-root-snarer\production\animation\work\review_frames\ForestRootSnarer_Mend\side\0003.png'
00:17.500  render           | Saved: 'C:\Users\d.grab\Desktop\the-game\ART\characters\act-1-enemies\7.forest-root-snarer\production\animation\work\review_frames\ForestRootSnarer_Mend\side\0004.png'
00:17.625  render           | Saved: 'C:\Users\d.grab\Desktop\the-game\ART\characters\act-1-enemies\7.forest-root-snarer\production\animation\work\review_frames\ForestRootSnarer_Mend\side\0005.png'
00:17.735  render           | Saved: 'C:\Users\d.grab\Desktop\the-game\ART\characters\act-1-enemies\7.forest-root-snarer\production\animation\work\review_frames\ForestRootSnarer_Mend\side\0006.png'
00:17.828  render           | Saved: 'C:\Users\d.grab\Desktop\the-game\ART\characters\act-1-enemies\7.forest-root-snarer\production\animation\work\review_frames\ForestRootSnarer_Mend\side\0007.png'
00:17.922  render           | Saved: 'C:\Users\d.grab\Desktop\the-game\ART\characters\act-1-enemies\7.forest-root-snarer\production\animation\work\review_frames\ForestRootSnarer_Mend\side\0008.png'
00:17.985  render           | Saved: 'C:\Users\d.grab\Desktop\the-game\ART\characters\act-1-enemies\7.forest-root-snarer\production\animation\work\review_frames\ForestRootSnarer_Mend\side\0009.png'
00:18.063  render           | Saved: 'C:\Users\d.grab\Desktop\the-game\ART\characters\act-1-enemies\7.forest-root-snarer\production\animation\work\review_frames\ForestRootSnarer_Mend\side\0010.png'
00:18.156  render           | Saved: 'C:\Users\d.grab\Desktop\the-game\ART\characters\act-1-enemies\7.forest-root-snarer\production\animation\work\review_frames\ForestRootSnarer_Mend\side\0011.png'
00:18.250  render           | Saved: 'C:\Users\d.grab\Desktop\the-game\ART\characters\act-1-enemies\7.forest-root-snarer\production\animation\work\review_frames\ForestRootSnarer_Mend\side\0012.png'
00:18.328  render           | Saved: 'C:\Users\d.grab\Desktop\the-game\ART\characters\act-1-enemies\7.forest-root-snarer\production\animation\work\review_frames\ForestRootSnarer_Mend\side\0013.png'
00:18.422  render           | Saved: 'C:\Users\d.grab\Desktop\the-game\ART\characters\act-1-enemies\7.forest-root-snarer\production\animation\work\review_frames\ForestRootSnarer_Mend\side\0014.png'
00:18.516  render           | Saved: 'C:\Users\d.grab\Desktop\the-game\ART\characters\act-1-enemies\7.forest-root-snarer\production\animation\work\review_frames\ForestRootSnarer_Mend\side\0015.png'
00:18.610  render           | Saved: 'C:\Users\d.grab\Desktop\the-game\ART\characters\act-1-enemies\7.forest-root-snarer\production\animation\work\review_frames\ForestRootSnarer_Mend\side\0016.png'
00:18.703  render           | Saved: 'C:\Users\d.grab\Desktop\the-game\ART\characters\act-1-enemies\7.forest-root-snarer\production\animation\work\review_frames\ForestRootSnarer_Mend\side\0017.png'
00:18.797  render           | Saved: 'C:\Users\d.grab\Desktop\the-game\ART\characters\act-1-enemies\7.forest-root-snarer\production\animation\work\review_frames\ForestRootSnarer_Mend\side\0018.png'
00:18.906  render           | Saved: 'C:\Users\d.grab\Desktop\the-game\ART\characters\act-1-enemies\7.forest-root-snarer\production\animation\work\review_frames\ForestRootSnarer_Mend\side\0019.png'
00:19.000  render           | Saved: 'C:\Users\d.grab\Desktop\the-game\ART\characters\act-1-enemies\7.forest-root-snarer\production\animation\work\review_frames\ForestRootSnarer_Mend\side\0020.png'
00:19.110  render           | Saved: 'C:\Users\d.grab\Desktop\the-game\ART\characters\act-1-enemies\7.forest-root-snarer\production\animation\work\review_frames\ForestRootSnarer_Mend\side\0021.png'
00:19.219  render           | Saved: 'C:\Users\d.grab\Desktop\the-game\ART\characters\act-1-enemies\7.forest-root-snarer\production\animation\work\review_frames\ForestRootSnarer_Mend\side\0022.png'
00:19.297  render           | Saved: 'C:\Users\d.grab\Desktop\the-game\ART\characters\act-1-enemies\7.forest-root-snarer\production\animation\work\review_frames\ForestRootSnarer_Mend\side\0023.png'
00:19.391  render           | Saved: 'C:\Users\d.grab\Desktop\the-game\ART\characters\act-1-enemies\7.forest-root-snarer\production\animation\work\review_frames\ForestRootSnarer_Mend\side\0024.png'
00:19.485  render           | Saved: 'C:\Users\d.grab\Desktop\the-game\ART\characters\act-1-enemies\7.forest-root-snarer\production\animation\work\review_frames\ForestRootSnarer_Mend\side\0025.png'
00:19.563  render           | Saved: 'C:\Users\d.grab\Desktop\the-game\ART\characters\act-1-enemies\7.forest-root-snarer\production\animation\work\review_frames\ForestRootSnarer_Mend\side\0026.png'
00:19.656  render           | Saved: 'C:\Users\d.grab\Desktop\the-game\ART\characters\act-1-enemies\7.forest-root-snarer\production\animation\work\review_frames\ForestRootSnarer_Mend\side\0027.png'
00:19.750  render           | Saved: 'C:\Users\d.grab\Desktop\the-game\ART\characters\act-1-enemies\7.forest-root-snarer\production\animation\work\review_frames\ForestRootSnarer_Mend\side\0028.png'
00:19.844  render           | Saved: 'C:\Users\d.grab\Desktop\the-game\ART\characters\act-1-enemies\7.forest-root-snarer\production\animation\work\review_frames\ForestRootSnarer_Mend\side\0029.png'
00:19.953  render           | Saved: 'C:\Users\d.grab\Desktop\the-game\ART\characters\act-1-enemies\7.forest-root-snarer\production\animation\work\review_frames\ForestRootSnarer_Mend\side\0030.png'
00:20.047  render           | Saved: 'C:\Users\d.grab\Desktop\the-game\ART\characters\act-1-enemies\7.forest-root-snarer\production\animation\work\review_frames\ForestRootSnarer_Mend\side\0031.png'
00:20.125  render           | Saved: 'C:\Users\d.grab\Desktop\the-game\ART\characters\act-1-enemies\7.forest-root-snarer\production\animation\work\review_frames\ForestRootSnarer_Mend\side\0032.png'
00:20.219  render           | Saved: 'C:\Users\d.grab\Desktop\the-game\ART\characters\act-1-enemies\7.forest-root-snarer\production\animation\work\review_frames\ForestRootSnarer_Mend\side\0033.png'
00:20.297  render           | Saved: 'C:\Users\d.grab\Desktop\the-game\ART\characters\act-1-enemies\7.forest-root-snarer\production\animation\work\review_frames\ForestRootSnarer_Mend\side\0034.png'
00:20.406  render           | Saved: 'C:\Users\d.grab\Desktop\the-game\ART\characters\act-1-enemies\7.forest-root-snarer\production\animation\work\review_frames\ForestRootSnarer_Mend\side\0035.png'
00:20.500  render           | Saved: 'C:\Users\d.grab\Desktop\the-game\ART\characters\act-1-enemies\7.forest-root-snarer\production\animation\work\review_frames\ForestRootSnarer_Mend\side\0036.png'
00:20.594  render           | Saved: 'C:\Users\d.grab\Desktop\the-game\ART\characters\act-1-enemies\7.forest-root-snarer\production\animation\work\review_frames\ForestRootSnarer_Mend\side\0037.png'
00:20.672  render           | Saved: 'C:\Users\d.grab\Desktop\the-game\ART\characters\act-1-enemies\7.forest-root-snarer\production\animation\work\review_frames\ForestRootSnarer_Mend\side\0038.png'
00:20.735  render           | Saved: 'C:\Users\d.grab\Desktop\the-game\ART\characters\act-1-enemies\7.forest-root-snarer\production\animation\work\review_frames\ForestRootSnarer_Mend\side\0039.png'
00:20.844  render           | Saved: 'C:\Users\d.grab\Desktop\the-game\ART\characters\act-1-enemies\7.forest-root-snarer\production\animation\work\review_frames\ForestRootSnarer_Mend\side\0040.png'
00:20.953  render           | Saved: 'C:\Users\d.grab\Desktop\the-game\ART\characters\act-1-enemies\7.forest-root-snarer\production\animation\work\review_frames\ForestRootSnarer_Mend\side\0041.png'
00:21.063  render           | Saved: 'C:\Users\d.grab\Desktop\the-game\ART\characters\act-1-enemies\7.forest-root-snarer\production\animation\work\review_frames\ForestRootSnarer_Mend\side\0042.png'
00:21.203  render           | Saved: 'C:\Users\d.grab\Desktop\the-game\ART\characters\act-1-enemies\7.forest-root-snarer\production\animation\work\review_frames\ForestRootSnarer_Mend\side\0043.png'
00:21.328  render           | Saved: 'C:\Users\d.grab\Desktop\the-game\ART\characters\act-1-enemies\7.forest-root-snarer\production\animation\work\review_frames\ForestRootSnarer_Mend\side\0044.png'
00:21.453  render           | Saved: 'C:\Users\d.grab\Desktop\the-game\ART\characters\act-1-enemies\7.forest-root-snarer\production\animation\work\review_frames\ForestRootSnarer_Mend\side\0045.png'
00:21.563  render           | Saved: 'C:\Users\d.grab\Desktop\the-game\ART\characters\act-1-enemies\7.forest-root-snarer\production\animation\work\review_frames\ForestRootSnarer_Mend\side\0046.png'
00:21.688  render           | Saved: 'C:\Users\d.grab\Desktop\the-game\ART\characters\act-1-enemies\7.forest-root-snarer\production\animation\work\review_frames\ForestRootSnarer_Mend\side\0047.png'
00:21.781  render           | Saved: 'C:\Users\d.grab\Desktop\the-game\ART\characters\act-1-enemies\7.forest-root-snarer\production\animation\work\review_frames\ForestRootSnarer_Mend\side\0048.png'
00:21.891  render           | Saved: 'C:\Users\d.grab\Desktop\the-game\ART\characters\act-1-enemies\7.forest-root-snarer\production\animation\work\review_frames\ForestRootSnarer_Mend\side\0049.png'
00:21.969  render           | Saved: 'C:\Users\d.grab\Desktop\the-game\ART\characters\act-1-enemies\7.forest-root-snarer\production\animation\work\review_frames\ForestRootSnarer_Mend\side\0050.png'
RENDERED ForestRootSnarer_Mend side 51
RENDER_DONE
[a_Rodin.utils-[36mDBG[0m]: [36mRodinBridge: unregister[0m
Traceback (most recent call last):
  File "C:\Program Files\Blender Foundation\Blender 5.2\5.2\scripts\modules\addon_utils.py", line 595, in disable
    mod.unregister()
    ~~~~~~~~~~~~~~^^
  File "C:\Users\d.grab\AppData\Roaming\Blender Foundation\Blender\5.2\scripts\addons\a_Rodin\__init__.py", line 28, in unregister
    unreg()
    ~~~~~^^
  File "C:\Program Files\Blender Foundation\Blender 5.2\5.2\scripts\modules\bpy\utils\__init__.py", line 1054, in unregister
    mod.unregister()
    ~~~~~~~~~~~~~~^^
  File "C:\Program Files\Blender Foundation\Blender 5.2\5.2\scripts\modules\bpy\utils\__init__.py", line 1054, in unregister
    mod.unregister()
    ~~~~~~~~~~~~~~^^
  File "C:\Program Files\Blender Foundation\Blender 5.2\5.2\scripts\modules\bpy\utils\__init__.py", line 1054, in unregister
    mod.unregister()
    ~~~~~~~~~~~~~~^^
  File "C:\Users\d.grab\AppData\Roaming\Blender Foundation\Blender\5.2\scripts\addons\a_Rodin\src\rodin\properties.py", line 408, in unregister
    bpy.app.handlers.load_post.remove(on_scene_load)
    ~~~~~~~~~~~~~~~~~~~~~~~~~~~~~~~~~^^^^^^^^^^^^^^^
ValueError: list.remove(x): x not in list
Exception in module unregister(): 'C:\\Users\\d.grab\\AppData\\Roaming\\Blender Foundation\\Blender\\5.2\\scripts\\addons\\a_Rodin\\__init__.py'
Blender 5.2.1 LTS (hash 9e2066aef7ef built 2026-08-25 02:38:20)

Blender quit
