[a_Rodin.utils-[36mDBG[0m]: [36mRodinBridge: register[0m
[a_Rodin.utils-[33mWRN[0m]: [33mServer running on port 61863[0m
[a_Rodin.utils-[36mDBG[0m]: [36mon_scene_load[0m
[a_Rodin.utils-[36mDBG[0m]: [36mensure_default_image[0m
00:03.937  blend            | Read blend: "C:\Users\d.grab\Desktop\the-game\ART\characters\act-1-enemies\7.forest-root-snarer\production\animation\ForestRootSnarer_Package.blend"
Reloading external rigs...
Reloading external metarigs...
FBX version: 7400
CHECK ForestRootSnarer_Death {'imported_action': 'ARM_ForestRootSnarer.001|ForestRootSnarer_Death', 'frame_range': [0.0, 45.0], 'max_bone_head_diff_m': 0.0, 'max_vertex_diff_m': 0.0, 'root_xy_travel_m': 0.0, 'pelvis_xy_range_m': 0.12}
CHECK ForestRootSnarer_Hit {'imported_action': 'ARM_ForestRootSnarer.001|ForestRootSnarer_Hit', 'frame_range': [0.0, 12.0], 'max_bone_head_diff_m': 0.0, 'max_vertex_diff_m': 0.0, 'root_xy_travel_m': 0.0, 'pelvis_xy_range_m': 0.054}
CHECK ForestRootSnarer_Idle {'imported_action': 'ARM_ForestRootSnarer.001|ForestRootSnarer_Idle', 'frame_range': [0.0, 60.0], 'max_bone_head_diff_m': 0.0, 'max_vertex_diff_m': 0.0, 'root_xy_travel_m': 0.0, 'pelvis_xy_range_m': 0.02}
CHECK ForestRootSnarer_Mend {'imported_action': 'ARM_ForestRootSnarer.001|ForestRootSnarer_Mend', 'frame_range': [0.0, 50.0], 'max_bone_head_diff_m': 0.0, 'max_vertex_diff_m': 0.0, 'root_xy_travel_m': 0.0, 'pelvis_xy_range_m': 0.0545}
CHECK ForestRootSnarer_Slam {'imported_action': 'ARM_ForestRootSnarer.001|ForestRootSnarer_Slam', 'frame_range': [0.0, 72.0], 'max_bone_head_diff_m': 0.0, 'max_vertex_diff_m': 0.0, 'root_xy_travel_m': 0.0, 'pelvis_xy_range_m': 0.1055}
CHECK ForestRootSnarer_Walk {'imported_action': 'ARM_ForestRootSnarer.001|ForestRootSnarer_Walk', 'frame_range': [0.0, 16.0], 'max_bone_head_diff_m': 0.0, 'max_vertex_diff_m': 0.0, 'root_xy_travel_m': 0.0, 'pelvis_xy_range_m': 0.0557}
VERIFY_DONE {"fbx": "C:\\Users\\d.grab\\Desktop\\the-game\\ART\\characters\\act-1-enemies\\7.forest-root-snarer\\production\\animation\\unity_package\\ForestRootSnarer.fbx", "size_mb": 2.22, "anim_stacks_in_fbx": ["ForestRootSnarer_Idle", "ForestRootSnarer_Walk", "ForestRootSnarer_Slam", "ForestRootSnarer_Hit", "ForestRootSnarer_Death", "ForestRootSnarer_Mend"], "imported_bones": 21, "imported_bone_names": ["root", "pelvis", "spine_01", "spine_02", "neck", "head", "jaw", "L_clavicle", "L_arm_upper", "L_arm_lower", "L_hand", "R_clavicle", "R_arm_upper", "R_arm_lower", "R_hand", "L_leg_upper", "L_leg_lower", "L_foot", "R_leg_upper", "R_leg_lower", "R_foot"], "triangles": 24000, "vertices": 11996, "materials": 1, "images": ["C:\\Users\\d.grab\\Desktop\\the-game\\ART\\characters\\act-1-enemies\\7.forest-root-snarer\\production\\animation\\unity_package\\textures\\T_ForestRootSnarer_Color.png", "C:\\User
[a_Rodin.utils-[36mDBG[0m]: [36mRodinBridge: unregister[0m
Traceback (most recent call last):
  File "C:\Program Files\Blender Foundation\Blender 5.2\5.2\scripts\modules\addon_utils.py", line 595, in disable
    mod.unregister()
    ~~~~~~~~~~~~~~^^
  File "C:\Users\d.grab\AppData\Roaming\Blender Foundation\Blender\5.2\scripts\addons\a_Rodin\__init__.py", line 28, in unregister
    unreg()
    ~~~~~^^
  File "C:\Program Files\Blender Foundation\Blender 5.2\5.2\scripts\modules\bpy\utils\__init__.py", line 1054, in unregister
    mod.unregister()
    ~~~~~~~~~~~~~~^^
  File "C:\Program Files\Blender Foundation\Blender 5.2\5.2\scripts\modules\bpy\utils\__init__.py", line 1054, in unregister
    mod.unregister()
    ~~~~~~~~~~~~~~^^
  File "C:\Program Files\Blender Foundation\Blender 5.2\5.2\scripts\modules\bpy\utils\__init__.py", line 1054, in unregister
    mod.unregister()
    ~~~~~~~~~~~~~~^^
  File "C:\Users\d.grab\AppData\Roaming\Blender Foundation\Blender\5.2\scripts\addons\a_Rodin\src\rodin\properties.py", line 408, in unregister
    bpy.app.handlers.load_post.remove(on_scene_load)
    ~~~~~~~~~~~~~~~~~~~~~~~~~~~~~~~~~^^^^^^^^^^^^^^^
ValueError: list.remove(x): x not in list
Exception in module unregister(): 'C:\\Users\\d.grab\\AppData\\Roaming\\Blender Foundation\\Blender\\5.2\\scripts\\addons\\a_Rodin\\__init__.py'
Blender 5.2.1 LTS (hash 9e2066aef7ef built 2026-08-25 02:38:20)

Blender quit
