[a_Rodin.utils-[36mDBG[0m]: [36mRodinBridge: register[0m
[a_Rodin.utils-[33mWRN[0m]: [33mPort 61863 is in use[0m
[a_Rodin.utils-[33mWRN[0m]: [33mPort 61864 is in use[0m
[a_Rodin.utils-[33mWRN[0m]: [33mServer running on port 61865[0m
[a_Rodin.utils-[36mDBG[0m]: [36mon_scene_load[0m
[a_Rodin.utils-[36mDBG[0m]: [36mensure_default_image[0m
Reloading external rigs...
Reloading external metarigs...
20:08:58 | INFO: Data are loaded, start creating Blender stuff
20:08:58 | INFO: Blender create Mesh node tripo_mesh_05d8def3-f9dc-49ca-90b1-3339c1598efc
20:09:07 | INFO: glTF import finished in 8.93s
Info: Saved as "ForestThorncaster_23k_candidate.blend"
INFO Draco is available, use library at C:\Program Files\Blender Foundation\Blender 5.2\5.2\scripts\addons_core\io_scene_gltf2\bf_intern_draco_bridge.dll
INFO MeshOptimizer is available, use library at C:\Program Files\Blender Foundation\Blender 5.2\5.2\scripts\addons_core\io_scene_gltf2\bf_intern_meshopt_bridge.dll
20:10:26 | INFO: Starting glTF 2.0 export
20:10:26 | INFO: Extracting primitive: SM_ForestThorncaster_LOD0
20:10:26 | WARNING: More than one shader node tex image used for a texture. The resulting glTF sampler will behave like the first shader node tex image.
20:10:26 | INFO: Primitives created: 1
20:10:26 | INFO: Finished glTF 2.0 export in 0.36026573181152344 s

{"source": "C:\\Users\\d.grab\\Desktop\\the-game\\ART\\characters\\act-1-enemies\\5.forest-elite-shipomet\\tripo-out\\forest-elite-shipomet-r01-05d8def3\\model.glb", "source_vertices": 778308, "source_triangles": 1466820, "vertices_after_welding": 733368, "triangles_after_welding": 1466745, "candidate_triangles": 23999, "budget_triangles": 25000, "height_m": 2.7, "footprint_m": [1.607, 0.837], "front_axis": "-Y", "materials": 1, "blend": "C:\\Users\\d.grab\\Desktop\\the-game\\ART\\characters\\act-1-enemies\\5.forest-elite-shipomet\\production\\model\\ForestThorncaster_23k_candidate.blend", "glb": "C:\\Users\\d.grab\\Desktop\\the-game\\ART\\characters\\act-1-enemies\\5.forest-elite-shipomet\\production\\model\\ForestThorncaster_23k_candidate.glb"}
[a_Rodin.utils-[36mDBG[0m]: [36mRodinBridge: unregister[0m
Blender 5.2.1 LTS (hash 9e2066aef7ef built 2026-08-25 02:38:20)

Blender quit
