[a_Rodin.utils-DBG]: RodinBridge: register
[a_Rodin.utils-WRN]: Port 61863 is in use
[a_Rodin.utils-WRN]: Server running on port 61864
Traceback (most recent call last):
  File "C:\Program Files\Blender Foundation\Blender 5.2\5.2\scripts\modules\addon_utils.py", line 458, in enable
    mod = importlib.import_module(module_name)
  File "C:\Program Files\Blender Foundation\Blender 5.2\5.2\python\Lib\importlib\__init__.py", line 88, in import_module
    return _bootstrap._gcd_import(name[level:], package, level)
           ~~~~~~~~~~~~~~~~~~~~~~^^^^^^^^^^^^^^^^^^^^^^^^^^^^^^
  File "<frozen importlib._bootstrap>", line 1395, in _gcd_import
  File "<frozen importlib._bootstrap>", line 1360, in _find_and_load
  File "<frozen importlib._bootstrap>", line 1331, in _find_and_load_unlocked
  File "<frozen importlib._bootstrap>", line 935, in _load_unlocked
  File "<frozen importlib._bootstrap_external>", line 1023, in exec_module
  File "<frozen importlib._bootstrap>", line 488, in _call_with_frames_removed
  File "C:\Users\d.grab\AppData\Roaming\Blender Foundation\Blender\5.2\extensions\user_default\higgsfield_blender\__init__.py", line 60, in <module>
    from .features import bridge_gate, phonecam
  File "C:\Users\d.grab\AppData\Roaming\Blender Foundation\Blender\5.2\extensions\user_default\higgsfield_blender\features\bridge_gate.py", line 23, in <module>
    from ..fnf.session import _active_workspace_id, is_authenticated
  File "C:\Users\d.grab\AppData\Roaming\Blender Foundation\Blender\5.2\extensions\user_default\higgsfield_blender\fnf\session.py", line 31, in <module>
    import httpx
ModuleNotFoundError: No module named 'httpx'
[a_Rodin.utils-DBG]: on_scene_load
[a_Rodin.utils-DBG]: ensure_default_image
00:03.703  blend            | Read blend: "C:\Users\d.grab\Desktop\the-game\ART\characters\act-1-enemies\forest-elite-wendigo\production\animation\reference_match_remaining\walk_work\Walk_Reference.blend"
00:03.765  render           | Rendering single frame
00:03.765  render           | Rendering frame 0
00:03.765  render           | Start rendering: Scene, ViewLayer
00:03.765  render           | Engine: EEVEE
00:04.890  render           | Fra: 0 | Rendering 1 / 64 samples
Blender 5.2.1 LTS (hash 9e2066aef7ef built 2026-08-25 02:38:20)
00:04.969  render           | Fra: 0 | Rendering 25 / 64 samples
00:05.047  render           | Fra: 0 | Rendering 50 / 64 samples
00:05.078  render           | Fra: 0 | Rendering 64 / 64 samples
00:05.203  render           | Saved: 'C:\Users\d.grab\Desktop\the-game\ART\characters\act-1-enemies\forest-elite-wendigo\production\animation\reference_match_remaining\walk_work\frames\pose_0000.png'
00:05.203  render           | Time: 00:01.44 (Saving: 00:00.10)
00:05.203  render           | Rendering single frame
00:05.203  render           | Rendering frame 12
00:05.203  render           | Start rendering: Scene, ViewLayer
00:05.203  render           | Engine: EEVEE
00:05.281  render           | Fra: 12 | Rendering 1 / 64 samples
00:05.375  render           | Fra: 12 | Rendering 25 / 64 samples
00:05.469  render           | Fra: 12 | Rendering 50 / 64 samples
00:05.515  render           | Fra: 12 | Rendering 64 / 64 samples
00:05.594  render           | Saved: 'C:\Users\d.grab\Desktop\the-game\ART\characters\act-1-enemies\forest-elite-wendigo\production\animation\reference_match_remaining\walk_work\frames\pose_0012.png'
00:05.594  render           | Time: 00:00.38 (Saving: 00:00.05)
00:05.594  render           | Rendering single frame
00:05.594  render           | Rendering frame 24
00:05.594  render           | Start rendering: Scene, ViewLayer
00:05.594  render           | Engine: EEVEE
00:05.656  render           | Fra: 24 | Rendering 1 / 64 samples
00:05.750  render           | Fra: 24 | Rendering 25 / 64 samples
00:05.844  render           | Fra: 24 | Rendering 50 / 64 samples
00:05.906  render           | Fra: 24 | Rendering 64 / 64 samples
00:05.969  render           | Saved: 'C:\Users\d.grab\Desktop\the-game\ART\characters\act-1-enemies\forest-elite-wendigo\production\animation\reference_match_remaining\walk_work\frames\pose_0024.png'
00:05.969  render           | Time: 00:00.38 (Saving: 00:00.05)
00:05.969  render           | Rendering single frame
00:05.969  render           | Rendering frame 36
00:05.969  render           | Start rendering: Scene, ViewLayer
00:05.969  render           | Engine: EEVEE
00:06.047  render           | Fra: 36 | Rendering 1 / 64 samples
00:06.140  render           | Fra: 36 | Rendering 25 / 64 samples
00:06.234  render           | Fra: 36 | Rendering 50 / 64 samples
00:06.297  render           | Fra: 36 | Rendering 64 / 64 samples
00:06.375  render           | Saved: 'C:\Users\d.grab\Desktop\the-game\ART\characters\act-1-enemies\forest-elite-wendigo\production\animation\reference_match_remaining\walk_work\frames\pose_0036.png'
00:06.375  render           | Time: 00:00.40 (Saving: 00:00.06)
00:06.375  render           | Rendering single frame
00:06.375  render           | Rendering frame 48
00:06.375  render           | Start rendering: Scene, ViewLayer
00:06.375  render           | Engine: EEVEE
00:06.453  render           | Fra: 48 | Rendering 1 / 64 samples
00:06.547  render           | Fra: 48 | Rendering 25 / 64 samples
00:06.640  render           | Fra: 48 | Rendering 50 / 64 samples
00:06.687  render           | Fra: 48 | Rendering 64 / 64 samples
00:06.781  render           | Saved: 'C:\Users\d.grab\Desktop\the-game\ART\characters\act-1-enemies\forest-elite-wendigo\production\animation\reference_match_remaining\walk_work\frames\pose_0048.png'
00:06.781  render           | Time: 00:00.39 (Saving: 00:00.05)
[a_Rodin.utils-DBG]: RodinBridge: unregister
Traceback (most recent call last):
  File "C:\Program Files\Blender Foundation\Blender 5.2\5.2\scripts\modules\addon_utils.py", line 595, in disable
    mod.unregister()
    ~~~~~~~~~~~~~~^^
  File "C:\Users\d.grab\AppData\Roaming\Blender Foundation\Blender\5.2\scripts\addons\a_Rodin\__init__.py", line 28, in unregister
    unreg()
    ~~~~~^^
  File "C:\Program Files\Blender Foundation\Blender 5.2\5.2\scripts\modules\bpy\utils\__init__.py", line 1054, in unregister
    mod.unregister()
    ~~~~~~~~~~~~~~^^
  File "C:\Program Files\Blender Foundation\Blender 5.2\5.2\scripts\modules\bpy\utils\__init__.py", line 1054, in unregister
    mod.unregister()
    ~~~~~~~~~~~~~~^^
  File "C:\Program Files\Blender Foundation\Blender 5.2\5.2\scripts\modules\bpy\utils\__init__.py", line 1054, in unregister
    mod.unregister()
    ~~~~~~~~~~~~~~^^
  File "C:\Users\d.grab\AppData\Roaming\Blender Foundation\Blender\5.2\scripts\addons\a_Rodin\src\rodin\properties.py", line 408, in unregister
    bpy.app.handlers.load_post.remove(on_scene_load)
    ~~~~~~~~~~~~~~~~~~~~~~~~~~~~~~~~~^^^^^^^^^^^^^^^
ValueError: list.remove(x): x not in list
Reloading external rigs...
Reloading external metarigs...
Exception in module unregister(): 'C:\\Users\\d.grab\\AppData\\Roaming\\Blender Foundation\\Blender\\5.2\\scripts\\addons\\a_Rodin\\__init__.py'

Blender quit
