[a_Rodin.utils-DBG]: RodinBridge: register
[a_Rodin.utils-WRN]: Port 61863 is in use
[a_Rodin.utils-WRN]: Server running on port 61864
Traceback (most recent call last):
  File "C:\Program Files\Blender Foundation\Blender 5.2\5.2\scripts\modules\addon_utils.py", line 458, in enable
    mod = importlib.import_module(module_name)
  File "C:\Program Files\Blender Foundation\Blender 5.2\5.2\python\Lib\importlib\__init__.py", line 88, in import_module
    return _bootstrap._gcd_import(name[level:], package, level)
           ~~~~~~~~~~~~~~~~~~~~~~^^^^^^^^^^^^^^^^^^^^^^^^^^^^^^
  File "<frozen importlib._bootstrap>", line 1395, in _gcd_import
  File "<frozen importlib._bootstrap>", line 1360, in _find_and_load
  File "<frozen importlib._bootstrap>", line 1331, in _find_and_load_unlocked
  File "<frozen importlib._bootstrap>", line 935, in _load_unlocked
  File "<frozen importlib._bootstrap_external>", line 1023, in exec_module
  File "<frozen importlib._bootstrap>", line 488, in _call_with_frames_removed
  File "C:\Users\d.grab\AppData\Roaming\Blender Foundation\Blender\5.2\extensions\user_default\higgsfield_blender\__init__.py", line 60, in <module>
    from .features import bridge_gate, phonecam
  File "C:\Users\d.grab\AppData\Roaming\Blender Foundation\Blender\5.2\extensions\user_default\higgsfield_blender\features\bridge_gate.py", line 23, in <module>
    from ..fnf.session import _active_workspace_id, is_authenticated
  File "C:\Users\d.grab\AppData\Roaming\Blender Foundation\Blender\5.2\extensions\user_default\higgsfield_blender\fnf\session.py", line 31, in <module>
    import httpx
ModuleNotFoundError: No module named 'httpx'
[a_Rodin.utils-DBG]: on_scene_load
[a_Rodin.utils-DBG]: ensure_default_image
00:03.578  blend            | Read blend: "C:\Users\d.grab\Desktop\the-game\ART\characters\act-1-enemies\forest-elite-wendigo\production\animation\reference_match_remaining\walk_work\Walk_Final.blend"
00:03.656  render           | Rendering animation (frames 0..48)
00:03.656  render           | Rendering frame 0
00:03.656  render           | Start rendering: Scene, ViewLayer
00:03.656  render           | Engine: EEVEE
00:04.719  render           | Fra: 0 | Rendering 1 / 64 samples
Blender 5.2.1 LTS (hash 9e2066aef7ef built 2026-08-25 02:38:20)
00:04.797  render           | Fra: 0 | Rendering 25 / 64 samples
00:04.860  render           | Fra: 0 | Rendering 50 / 64 samples
00:04.891  render           | Fra: 0 | Rendering 64 / 64 samples
00:05.016  render           | Saved: 'C:\Users\d.grab\Desktop\the-game\ART\characters\act-1-enemies\forest-elite-wendigo\production\animation\reference_match_remaining\walk_work\final_frames\pose_0000.png'
00:05.016  render           | Time: 00:01.36 (Saving: 00:00.09)
00:05.016  render           | Rendering frame 1
00:05.016  render           | Start rendering: Scene, ViewLayer
00:05.016  render           | Engine: EEVEE
00:05.078  render           | Fra: 1 | Rendering 1 / 64 samples
00:05.172  render           | Fra: 1 | Rendering 25 / 64 samples
00:05.250  render           | Fra: 1 | Rendering 50 / 64 samples
00:05.313  render           | Fra: 1 | Rendering 64 / 64 samples
00:05.375  render           | Saved: 'C:\Users\d.grab\Desktop\the-game\ART\characters\act-1-enemies\forest-elite-wendigo\production\animation\reference_match_remaining\walk_work\final_frames\pose_0001.png'
00:05.375  render           | Time: 00:00.36 (Saving: 00:00.04)
00:05.375  render           | Rendering frame 2
00:05.375  render           | Start rendering: Scene, ViewLayer
00:05.375  render           | Engine: EEVEE
00:05.438  render           | Fra: 2 | Rendering 1 / 64 samples
00:05.531  render           | Fra: 2 | Rendering 25 / 64 samples
00:05.625  render           | Fra: 2 | Rendering 50 / 64 samples
00:05.672  render           | Fra: 2 | Rendering 64 / 64 samples
00:05.735  render           | Saved: 'C:\Users\d.grab\Desktop\the-game\ART\characters\act-1-enemies\forest-elite-wendigo\production\animation\reference_match_remaining\walk_work\final_frames\pose_0002.png'
00:05.735  render           | Time: 00:00.35 (Saving: 00:00.04)
00:05.735  render           | Rendering frame 3
00:05.735  render           | Start rendering: Scene, ViewLayer
00:05.735  render           | Engine: EEVEE
00:05.797  render           | Fra: 3 | Rendering 1 / 64 samples
00:05.891  render           | Fra: 3 | Rendering 25 / 64 samples
00:05.985  render           | Fra: 3 | Rendering 50 / 64 samples
00:06.031  render           | Fra: 3 | Rendering 64 / 64 samples
00:06.110  render           | Saved: 'C:\Users\d.grab\Desktop\the-game\ART\characters\act-1-enemies\forest-elite-wendigo\production\animation\reference_match_remaining\walk_work\final_frames\pose_0003.png'
00:06.110  render           | Time: 00:00.36 (Saving: 00:00.04)
00:06.110  render           | Rendering frame 4
00:06.110  render           | Start rendering: Scene, ViewLayer
00:06.110  render           | Engine: EEVEE
00:06.172  render           | Fra: 4 | Rendering 1 / 64 samples
00:06.266  render           | Fra: 4 | Rendering 25 / 64 samples
00:06.344  render           | Fra: 4 | Rendering 50 / 64 samples
00:06.406  render           | Fra: 4 | Rendering 64 / 64 samples
00:06.469  render           | Saved: 'C:\Users\d.grab\Desktop\the-game\ART\characters\act-1-enemies\forest-elite-wendigo\production\animation\reference_match_remaining\walk_work\final_frames\pose_0004.png'
00:06.469  render           | Time: 00:00.37 (Saving: 00:00.05)
00:06.469  render           | Rendering frame 5
00:06.469  render           | Start rendering: Scene, ViewLayer
00:06.469  render           | Engine: EEVEE
00:06.547  render           | Fra: 5 | Rendering 1 / 64 samples
00:06.641  render           | Fra: 5 | Rendering 25 / 64 samples
00:06.735  render           | Fra: 5 | Rendering 50 / 64 samples
00:06.766  render           | Fra: 5 | Rendering 64 / 64 samples
00:06.844  render           | Saved: 'C:\Users\d.grab\Desktop\the-game\ART\characters\act-1-enemies\forest-elite-wendigo\production\animation\reference_match_remaining\walk_work\final_frames\pose_0005.png'
00:06.844  render           | Time: 00:00.37 (Saving: 00:00.05)
00:06.844  render           | Rendering frame 6
00:06.844  render           | Start rendering: Scene, ViewLayer
00:06.844  render           | Engine: EEVEE
00:06.906  render           | Fra: 6 | Rendering 1 / 64 samples
00:07.016  render           | Fra: 6 | Rendering 25 / 64 samples
00:07.094  render           | Fra: 6 | Rendering 50 / 64 samples
00:07.156  render           | Fra: 6 | Rendering 64 / 64 samples
00:07.219  render           | Saved: 'C:\Users\d.grab\Desktop\the-game\ART\characters\act-1-enemies\forest-elite-wendigo\production\animation\reference_match_remaining\walk_work\final_frames\pose_0006.png'
00:07.219  render           | Time: 00:00.37 (Saving: 00:00.04)
00:07.219  render           | Rendering frame 7
00:07.219  render           | Start rendering: Scene, ViewLayer
00:07.219  render           | Engine: EEVEE
00:07.297  render           | Fra: 7 | Rendering 1 / 64 samples
00:07.391  render           | Fra: 7 | Rendering 25 / 64 samples
00:07.485  render           | Fra: 7 | Rendering 50 / 64 samples
00:07.531  render           | Fra: 7 | Rendering 64 / 64 samples
00:07.610  render           | Saved: 'C:\Users\d.grab\Desktop\the-game\ART\characters\act-1-enemies\forest-elite-wendigo\production\animation\reference_match_remaining\walk_work\final_frames\pose_0007.png'
00:07.610  render           | Time: 00:00.38 (Saving: 00:00.05)
00:07.610  render           | Rendering frame 8
00:07.610  render           | Start rendering: Scene, ViewLayer
00:07.610  render           | Engine: EEVEE
00:07.688  render           | Fra: 8 | Rendering 1 / 64 samples
00:07.781  render           | Fra: 8 | Rendering 25 / 64 samples
00:07.875  render           | Fra: 8 | Rendering 50 / 64 samples
00:07.922  render           | Fra: 8 | Rendering 64 / 64 samples
00:08.000  render           | Saved: 'C:\Users\d.grab\Desktop\the-game\ART\characters\act-1-enemies\forest-elite-wendigo\production\animation\reference_match_remaining\walk_work\final_frames\pose_0008.png'
00:08.000  render           | Time: 00:00.38 (Saving: 00:00.04)
00:08.000  render           | Rendering frame 9
00:08.000  render           | Start rendering: Scene, ViewLayer
00:08.000  render           | Engine: EEVEE
00:08.063  render           | Fra: 9 | Rendering 1 / 64 samples
00:08.156  render           | Fra: 9 | Rendering 25 / 64 samples
00:08.250  render           | Fra: 9 | Rendering 50 / 64 samples
00:08.297  render           | Fra: 9 | Rendering 64 / 64 samples
00:08.360  render           | Saved: 'C:\Users\d.grab\Desktop\the-game\ART\characters\act-1-enemies\forest-elite-wendigo\production\animation\reference_match_remaining\walk_work\final_frames\pose_0009.png'
00:08.360  render           | Time: 00:00.36 (Saving: 00:00.04)
00:08.360  render           | Rendering frame 10
00:08.360  render           | Start rendering: Scene, ViewLayer
00:08.360  render           | Engine: EEVEE
00:08.438  render           | Fra: 10 | Rendering 1 / 64 samples
00:08.531  render           | Fra: 10 | Rendering 25 / 64 samples
00:08.625  render           | Fra: 10 | Rendering 50 / 64 samples
00:08.688  render           | Fra: 10 | Rendering 64 / 64 samples
00:08.766  render           | Saved: 'C:\Users\d.grab\Desktop\the-game\ART\characters\act-1-enemies\forest-elite-wendigo\production\animation\reference_match_remaining\walk_work\final_frames\pose_0010.png'
00:08.766  render           | Time: 00:00.40 (Saving: 00:00.05)
00:08.766  render           | Rendering frame 11
00:08.766  render           | Start rendering: Scene, ViewLayer
00:08.766  render           | Engine: EEVEE
00:08.875  render           | Fra: 11 | Rendering 1 / 64 samples
00:08.985  render           | Fra: 11 | Rendering 25 / 64 samples
00:09.078  render           | Fra: 11 | Rendering 50 / 64 samples
00:09.141  render           | Fra: 11 | Rendering 64 / 64 samples
00:09.203  render           | Saved: 'C:\Users\d.grab\Desktop\the-game\ART\characters\act-1-enemies\forest-elite-wendigo\production\animation\reference_match_remaining\walk_work\final_frames\pose_0011.png'
00:09.203  render           | Time: 00:00.44 (Saving: 00:00.04)
00:09.203  render           | Rendering frame 12
00:09.203  render           | Start rendering: Scene, ViewLayer
00:09.203  render           | Engine: EEVEE
00:09.281  render           | Fra: 12 | Rendering 1 / 64 samples
00:09.375  render           | Fra: 12 | Rendering 25 / 64 samples
00:09.469  render           | Fra: 12 | Rendering 50 / 64 samples
00:09.516  render           | Fra: 12 | Rendering 64 / 64 samples
00:09.594  render           | Saved: 'C:\Users\d.grab\Desktop\the-game\ART\characters\act-1-enemies\forest-elite-wendigo\production\animation\reference_match_remaining\walk_work\final_frames\pose_0012.png'
00:09.594  render           | Time: 00:00.38 (Saving: 00:00.05)
00:09.594  render           | Rendering frame 13
00:09.594  render           | Start rendering: Scene, ViewLayer
00:09.594  render           | Engine: EEVEE
00:09.656  render           | Fra: 13 | Rendering 1 / 64 samples
00:09.766  render           | Fra: 13 | Rendering 25 / 64 samples
00:09.860  render           | Fra: 13 | Rendering 50 / 64 samples
00:09.938  render           | Fra: 13 | Rendering 64 / 64 samples
00:10.016  render           | Saved: 'C:\Users\d.grab\Desktop\the-game\ART\characters\act-1-enemies\forest-elite-wendigo\production\animation\reference_match_remaining\walk_work\final_frames\pose_0013.png'
00:10.016  render           | Time: 00:00.43 (Saving: 00:00.05)
00:10.016  render           | Rendering frame 14
00:10.031  render           | Start rendering: Scene, ViewLayer
00:10.031  render           | Engine: EEVEE
00:10.094  render           | Fra: 14 | Rendering 1 / 64 samples
00:10.203  render           | Fra: 14 | Rendering 25 / 64 samples
00:10.297  render           | Fra: 14 | Rendering 50 / 64 samples
00:10.344  render           | Fra: 14 | Rendering 64 / 64 samples
00:10.406  render           | Saved: 'C:\Users\d.grab\Desktop\the-game\ART\characters\act-1-enemies\forest-elite-wendigo\production\animation\reference_match_remaining\walk_work\final_frames\pose_0014.png'
00:10.406  render           | Time: 00:00.38 (Saving: 00:00.04)
00:10.406  render           | Rendering frame 15
00:10.406  render           | Start rendering: Scene, ViewLayer
00:10.406  render           | Engine: EEVEE
00:10.485  render           | Fra: 15 | Rendering 1 / 64 samples
00:10.578  render           | Fra: 15 | Rendering 25 / 64 samples
00:10.656  render           | Fra: 15 | Rendering 50 / 64 samples
00:10.719  render           | Fra: 15 | Rendering 64 / 64 samples
00:10.797  render           | Saved: 'C:\Users\d.grab\Desktop\the-game\ART\characters\act-1-enemies\forest-elite-wendigo\production\animation\reference_match_remaining\walk_work\final_frames\pose_0015.png'
00:10.797  render           | Time: 00:00.38 (Saving: 00:00.05)
00:10.797  render           | Rendering frame 16
00:10.797  render           | Start rendering: Scene, ViewLayer
00:10.797  render           | Engine: EEVEE
00:10.860  render           | Fra: 16 | Rendering 1 / 64 samples
00:10.953  render           | Fra: 16 | Rendering 25 / 64 samples
00:11.063  render           | Fra: 16 | Rendering 50 / 64 samples
00:11.110  render           | Fra: 16 | Rendering 64 / 64 samples
00:11.188  render           | Saved: 'C:\Users\d.grab\Desktop\the-game\ART\characters\act-1-enemies\forest-elite-wendigo\production\animation\reference_match_remaining\walk_work\final_frames\pose_0016.png'
00:11.188  render           | Time: 00:00.38 (Saving: 00:00.05)
00:11.188  render           | Rendering frame 17
00:11.188  render           | Start rendering: Scene, ViewLayer
00:11.188  render           | Engine: EEVEE
00:11.250  render           | Fra: 17 | Rendering 1 / 64 samples
00:11.344  render           | Fra: 17 | Rendering 25 / 64 samples
00:11.422  render           | Fra: 17 | Rendering 50 / 64 samples
00:11.485  render           | Fra: 17 | Rendering 64 / 64 samples
00:11.547  render           | Saved: 'C:\Users\d.grab\Desktop\the-game\ART\characters\act-1-enemies\forest-elite-wendigo\production\animation\reference_match_remaining\walk_work\final_frames\pose_0017.png'
00:11.547  render           | Time: 00:00.37 (Saving: 00:00.04)
00:11.547  render           | Rendering frame 18
00:11.547  render           | Start rendering: Scene, ViewLayer
00:11.547  render           | Engine: EEVEE
00:11.610  render           | Fra: 18 | Rendering 1 / 64 samples
00:11.719  render           | Fra: 18 | Rendering 25 / 64 samples
00:11.813  render           | Fra: 18 | Rendering 50 / 64 samples
00:11.860  render           | Fra: 18 | Rendering 64 / 64 samples
00:11.922  render           | Saved: 'C:\Users\d.grab\Desktop\the-game\ART\characters\act-1-enemies\forest-elite-wendigo\production\animation\reference_match_remaining\walk_work\final_frames\pose_0018.png'
00:11.922  render           | Time: 00:00.37 (Saving: 00:00.04)
00:11.922  render           | Rendering frame 19
00:11.922  render           | Start rendering: Scene, ViewLayer
00:11.922  render           | Engine: EEVEE
00:12.000  render           | Fra: 19 | Rendering 1 / 64 samples
00:12.078  render           | Fra: 19 | Rendering 25 / 64 samples
00:12.172  render           | Fra: 19 | Rendering 50 / 64 samples
00:12.235  render           | Fra: 19 | Rendering 64 / 64 samples
00:12.313  render           | Saved: 'C:\Users\d.grab\Desktop\the-game\ART\characters\act-1-enemies\forest-elite-wendigo\production\animation\reference_match_remaining\walk_work\final_frames\pose_0019.png'
00:12.313  render           | Time: 00:00.38 (Saving: 00:00.05)
00:12.313  render           | Rendering frame 20
00:12.313  render           | Start rendering: Scene, ViewLayer
00:12.313  render           | Engine: EEVEE
00:12.391  render           | Fra: 20 | Rendering 1 / 64 samples
00:12.485  render           | Fra: 20 | Rendering 25 / 64 samples
00:12.578  render           | Fra: 20 | Rendering 50 / 64 samples
00:12.641  render           | Fra: 20 | Rendering 64 / 64 samples
00:12.719  render           | Saved: 'C:\Users\d.grab\Desktop\the-game\ART\characters\act-1-enemies\forest-elite-wendigo\production\animation\reference_match_remaining\walk_work\final_frames\pose_0020.png'
00:12.719  render           | Time: 00:00.40 (Saving: 00:00.04)
00:12.719  render           | Rendering frame 21
00:12.719  render           | Start rendering: Scene, ViewLayer
00:12.719  render           | Engine: EEVEE
00:12.781  render           | Fra: 21 | Rendering 1 / 64 samples
00:12.875  render           | Fra: 21 | Rendering 25 / 64 samples
00:12.953  render           | Fra: 21 | Rendering 50 / 64 samples
00:13.016  render           | Fra: 21 | Rendering 64 / 64 samples
00:13.078  render           | Saved: 'C:\Users\d.grab\Desktop\the-game\ART\characters\act-1-enemies\forest-elite-wendigo\production\animation\reference_match_remaining\walk_work\final_frames\pose_0021.png'
00:13.078  render           | Time: 00:00.36 (Saving: 00:00.04)
00:13.078  render           | Rendering frame 22
00:13.078  render           | Start rendering: Scene, ViewLayer
00:13.078  render           | Engine: EEVEE
00:13.141  render           | Fra: 22 | Rendering 1 / 64 samples
00:13.235  render           | Fra: 22 | Rendering 25 / 64 samples
00:13.328  render           | Fra: 22 | Rendering 50 / 64 samples
00:13.375  render           | Fra: 22 | Rendering 64 / 64 samples
00:13.453  render           | Saved: 'C:\Users\d.grab\Desktop\the-game\ART\characters\act-1-enemies\forest-elite-wendigo\production\animation\reference_match_remaining\walk_work\final_frames\pose_0022.png'
00:13.453  render           | Time: 00:00.37 (Saving: 00:00.04)
00:13.453  render           | Rendering frame 23
00:13.453  render           | Start rendering: Scene, ViewLayer
00:13.453  render           | Engine: EEVEE
00:13.531  render           | Fra: 23 | Rendering 1 / 64 samples
00:13.641  render           | Fra: 23 | Rendering 25 / 64 samples
00:13.719  render           | Fra: 23 | Rendering 50 / 64 samples
00:13.781  render           | Fra: 23 | Rendering 64 / 64 samples
00:13.844  render           | Saved: 'C:\Users\d.grab\Desktop\the-game\ART\characters\act-1-enemies\forest-elite-wendigo\production\animation\reference_match_remaining\walk_work\final_frames\pose_0023.png'
00:13.844  render           | Time: 00:00.38 (Saving: 00:00.05)
00:13.844  render           | Rendering frame 24
00:13.844  render           | Start rendering: Scene, ViewLayer
00:13.844  render           | Engine: EEVEE
00:13.906  render           | Fra: 24 | Rendering 1 / 64 samples
00:14.000  render           | Fra: 24 | Rendering 25 / 64 samples
00:14.094  render           | Fra: 24 | Rendering 50 / 64 samples
00:14.141  render           | Fra: 24 | Rendering 64 / 64 samples
00:14.203  render           | Saved: 'C:\Users\d.grab\Desktop\the-game\ART\characters\act-1-enemies\forest-elite-wendigo\production\animation\reference_match_remaining\walk_work\final_frames\pose_0024.png'
00:14.203  render           | Time: 00:00.36 (Saving: 00:00.04)
00:14.203  render           | Rendering frame 25
00:14.203  render           | Start rendering: Scene, ViewLayer
00:14.203  render           | Engine: EEVEE
00:14.281  render           | Fra: 25 | Rendering 1 / 64 samples
00:14.360  render           | Fra: 25 | Rendering 25 / 64 samples
00:14.453  render           | Fra: 25 | Rendering 50 / 64 samples
00:14.516  render           | Fra: 25 | Rendering 64 / 64 samples
00:14.578  render           | Saved: 'C:\Users\d.grab\Desktop\the-game\ART\characters\act-1-enemies\forest-elite-wendigo\production\animation\reference_match_remaining\walk_work\final_frames\pose_0025.png'
00:14.578  render           | Time: 00:00.36 (Saving: 00:00.04)
00:14.578  render           | Rendering frame 26
00:14.578  render           | Start rendering: Scene, ViewLayer
00:14.578  render           | Engine: EEVEE
00:14.641  render           | Fra: 26 | Rendering 1 / 64 samples
00:14.750  render           | Fra: 26 | Rendering 25 / 64 samples
00:14.844  render           | Fra: 26 | Rendering 50 / 64 samples
00:14.891  render           | Fra: 26 | Rendering 64 / 64 samples
00:14.953  render           | Saved: 'C:\Users\d.grab\Desktop\the-game\ART\characters\act-1-enemies\forest-elite-wendigo\production\animation\reference_match_remaining\walk_work\final_frames\pose_0026.png'
00:14.953  render           | Time: 00:00.37 (Saving: 00:00.05)
00:14.953  render           | Rendering frame 27
00:14.953  render           | Start rendering: Scene, ViewLayer
00:14.953  render           | Engine: EEVEE
00:15.016  render           | Fra: 27 | Rendering 1 / 64 samples
00:15.110  render           | Fra: 27 | Rendering 25 / 64 samples
00:15.203  render           | Fra: 27 | Rendering 50 / 64 samples
00:15.266  render           | Fra: 27 | Rendering 64 / 64 samples
00:15.328  render           | Saved: 'C:\Users\d.grab\Desktop\the-game\ART\characters\act-1-enemies\forest-elite-wendigo\production\animation\reference_match_remaining\walk_work\final_frames\pose_0027.png'
00:15.328  render           | Time: 00:00.37 (Saving: 00:00.04)
00:15.328  render           | Rendering frame 28
00:15.328  render           | Start rendering: Scene, ViewLayer
00:15.328  render           | Engine: EEVEE
00:15.391  render           | Fra: 28 | Rendering 1 / 64 samples
00:15.485  render           | Fra: 28 | Rendering 25 / 64 samples
00:15.578  render           | Fra: 28 | Rendering 50 / 64 samples
00:15.625  render           | Fra: 28 | Rendering 64 / 64 samples
00:15.703  render           | Saved: 'C:\Users\d.grab\Desktop\the-game\ART\characters\act-1-enemies\forest-elite-wendigo\production\animation\reference_match_remaining\walk_work\final_frames\pose_0028.png'
00:15.703  render           | Time: 00:00.37 (Saving: 00:00.05)
00:15.703  render           | Rendering frame 29
00:15.703  render           | Start rendering: Scene, ViewLayer
00:15.703  render           | Engine: EEVEE
00:15.766  render           | Fra: 29 | Rendering 1 / 64 samples
00:15.860  render           | Fra: 29 | Rendering 25 / 64 samples
00:15.969  render           | Fra: 29 | Rendering 50 / 64 samples
00:16.016  render           | Fra: 29 | Rendering 64 / 64 samples
00:16.094  render           | Saved: 'C:\Users\d.grab\Desktop\the-game\ART\characters\act-1-enemies\forest-elite-wendigo\production\animation\reference_match_remaining\walk_work\final_frames\pose_0029.png'
00:16.094  render           | Time: 00:00.38 (Saving: 00:00.04)
00:16.094  render           | Rendering frame 30
00:16.094  render           | Start rendering: Scene, ViewLayer
00:16.094  render           | Engine: EEVEE
00:16.156  render           | Fra: 30 | Rendering 1 / 64 samples
00:16.250  render           | Fra: 30 | Rendering 25 / 64 samples
00:16.344  render           | Fra: 30 | Rendering 50 / 64 samples
00:16.391  render           | Fra: 30 | Rendering 64 / 64 samples
00:16.453  render           | Saved: 'C:\Users\d.grab\Desktop\the-game\ART\characters\act-1-enemies\forest-elite-wendigo\production\animation\reference_match_remaining\walk_work\final_frames\pose_0030.png'
00:16.453  render           | Time: 00:00.36 (Saving: 00:00.04)
00:16.453  render           | Rendering frame 31
00:16.453  render           | Start rendering: Scene, ViewLayer
00:16.453  render           | Engine: EEVEE
00:16.516  render           | Fra: 31 | Rendering 1 / 64 samples
00:16.610  render           | Fra: 31 | Rendering 25 / 64 samples
00:16.703  render           | Fra: 31 | Rendering 50 / 64 samples
00:16.750  render           | Fra: 31 | Rendering 64 / 64 samples
00:16.828  render           | Saved: 'C:\Users\d.grab\Desktop\the-game\ART\characters\act-1-enemies\forest-elite-wendigo\production\animation\reference_match_remaining\walk_work\final_frames\pose_0031.png'
00:16.828  render           | Time: 00:00.37 (Saving: 00:00.04)
00:16.828  render           | Rendering frame 32
00:16.828  render           | Start rendering: Scene, ViewLayer
00:16.828  render           | Engine: EEVEE
00:16.906  render           | Fra: 32 | Rendering 1 / 64 samples
00:17.000  render           | Fra: 32 | Rendering 25 / 64 samples
00:17.110  render           | Fra: 32 | Rendering 50 / 64 samples
00:17.156  render           | Fra: 32 | Rendering 64 / 64 samples
00:17.235  render           | Saved: 'C:\Users\d.grab\Desktop\the-game\ART\characters\act-1-enemies\forest-elite-wendigo\production\animation\reference_match_remaining\walk_work\final_frames\pose_0032.png'
00:17.235  render           | Time: 00:00.40 (Saving: 00:00.05)
00:17.235  render           | Rendering frame 33
00:17.235  render           | Start rendering: Scene, ViewLayer
00:17.235  render           | Engine: EEVEE
00:17.297  render           | Fra: 33 | Rendering 1 / 64 samples
00:17.406  render           | Fra: 33 | Rendering 25 / 64 samples
00:17.485  render           | Fra: 33 | Rendering 50 / 64 samples
00:17.547  render           | Fra: 33 | Rendering 64 / 64 samples
00:17.610  render           | Saved: 'C:\Users\d.grab\Desktop\the-game\ART\characters\act-1-enemies\forest-elite-wendigo\production\animation\reference_match_remaining\walk_work\final_frames\pose_0033.png'
00:17.610  render           | Time: 00:00.37 (Saving: 00:00.04)
00:17.610  render           | Rendering frame 34
00:17.610  render           | Start rendering: Scene, ViewLayer
00:17.610  render           | Engine: EEVEE
00:17.688  render           | Fra: 34 | Rendering 1 / 64 samples
00:17.781  render           | Fra: 34 | Rendering 25 / 64 samples
00:17.875  render           | Fra: 34 | Rendering 50 / 64 samples
00:17.922  render           | Fra: 34 | Rendering 64 / 64 samples
00:18.000  render           | Saved: 'C:\Users\d.grab\Desktop\the-game\ART\characters\act-1-enemies\forest-elite-wendigo\production\animation\reference_match_remaining\walk_work\final_frames\pose_0034.png'
00:18.000  render           | Time: 00:00.38 (Saving: 00:00.05)
00:18.000  render           | Rendering frame 35
00:18.000  render           | Start rendering: Scene, ViewLayer
00:18.000  render           | Engine: EEVEE
00:18.063  render           | Fra: 35 | Rendering 1 / 64 samples
00:18.172  render           | Fra: 35 | Rendering 25 / 64 samples
00:18.266  render           | Fra: 35 | Rendering 50 / 64 samples
00:18.328  render           | Fra: 35 | Rendering 64 / 64 samples
00:18.406  render           | Saved: 'C:\Users\d.grab\Desktop\the-game\ART\characters\act-1-enemies\forest-elite-wendigo\production\animation\reference_match_remaining\walk_work\final_frames\pose_0035.png'
00:18.406  render           | Time: 00:00.40 (Saving: 00:00.05)
00:18.406  render           | Rendering frame 36
00:18.406  render           | Start rendering: Scene, ViewLayer
00:18.406  render           | Engine: EEVEE
00:18.485  render           | Fra: 36 | Rendering 1 / 64 samples
00:18.578  render           | Fra: 36 | Rendering 25 / 64 samples
00:18.672  render           | Fra: 36 | Rendering 50 / 64 samples
00:18.719  render           | Fra: 36 | Rendering 64 / 64 samples
00:18.781  render           | Saved: 'C:\Users\d.grab\Desktop\the-game\ART\characters\act-1-enemies\forest-elite-wendigo\production\animation\reference_match_remaining\walk_work\final_frames\pose_0036.png'
00:18.781  render           | Time: 00:00.38 (Saving: 00:00.05)
00:18.781  render           | Rendering frame 37
00:18.781  render           | Start rendering: Scene, ViewLayer
00:18.781  render           | Engine: EEVEE
00:18.860  render           | Fra: 37 | Rendering 1 / 64 samples
00:18.938  render           | Fra: 37 | Rendering 25 / 64 samples
00:19.031  render           | Fra: 37 | Rendering 50 / 64 samples
00:19.094  render           | Fra: 37 | Rendering 64 / 64 samples
00:19.172  render           | Saved: 'C:\Users\d.grab\Desktop\the-game\ART\characters\act-1-enemies\forest-elite-wendigo\production\animation\reference_match_remaining\walk_work\final_frames\pose_0037.png'
00:19.172  render           | Time: 00:00.37 (Saving: 00:00.05)
00:19.172  render           | Rendering frame 38
00:19.172  render           | Start rendering: Scene, ViewLayer
00:19.172  render           | Engine: EEVEE
00:19.235  render           | Fra: 38 | Rendering 1 / 64 samples
00:19.328  render           | Fra: 38 | Rendering 25 / 64 samples
00:19.438  render           | Fra: 38 | Rendering 50 / 64 samples
00:19.485  render           | Fra: 38 | Rendering 64 / 64 samples
00:19.563  render           | Saved: 'C:\Users\d.grab\Desktop\the-game\ART\characters\act-1-enemies\forest-elite-wendigo\production\animation\reference_match_remaining\walk_work\final_frames\pose_0038.png'
00:19.563  render           | Time: 00:00.40 (Saving: 00:00.05)
00:19.563  render           | Rendering frame 39
00:19.563  render           | Start rendering: Scene, ViewLayer
00:19.563  render           | Engine: EEVEE
00:19.641  render           | Fra: 39 | Rendering 1 / 64 samples
00:19.735  render           | Fra: 39 | Rendering 25 / 64 samples
00:19.828  render           | Fra: 39 | Rendering 50 / 64 samples
00:19.875  render           | Fra: 39 | Rendering 64 / 64 samples
00:19.938  render           | Saved: 'C:\Users\d.grab\Desktop\the-game\ART\characters\act-1-enemies\forest-elite-wendigo\production\animation\reference_match_remaining\walk_work\final_frames\pose_0039.png'
00:19.938  render           | Time: 00:00.37 (Saving: 00:00.04)
00:19.938  render           | Rendering frame 40
00:19.938  render           | Start rendering: Scene, ViewLayer
00:19.938  render           | Engine: EEVEE
00:20.000  render           | Fra: 40 | Rendering 1 / 64 samples
00:20.094  render           | Fra: 40 | Rendering 25 / 64 samples
00:20.188  render           | Fra: 40 | Rendering 50 / 64 samples
00:20.235  render           | Fra: 40 | Rendering 64 / 64 samples
00:20.313  render           | Saved: 'C:\Users\d.grab\Desktop\the-game\ART\characters\act-1-enemies\forest-elite-wendigo\production\animation\reference_match_remaining\walk_work\final_frames\pose_0040.png'
00:20.313  render           | Time: 00:00.36 (Saving: 00:00.04)
00:20.313  render           | Rendering frame 41
00:20.313  render           | Start rendering: Scene, ViewLayer
00:20.313  render           | Engine: EEVEE
00:20.375  render           | Fra: 41 | Rendering 1 / 64 samples
00:20.469  render           | Fra: 41 | Rendering 25 / 64 samples
00:20.563  render           | Fra: 41 | Rendering 50 / 64 samples
00:20.610  render           | Fra: 41 | Rendering 64 / 64 samples
00:20.703  render           | Saved: 'C:\Users\d.grab\Desktop\the-game\ART\characters\act-1-enemies\forest-elite-wendigo\production\animation\reference_match_remaining\walk_work\final_frames\pose_0041.png'
00:20.703  render           | Time: 00:00.38 (Saving: 00:00.05)
00:20.703  render           | Rendering frame 42
00:20.703  render           | Start rendering: Scene, ViewLayer
00:20.703  render           | Engine: EEVEE
00:20.766  render           | Fra: 42 | Rendering 1 / 64 samples
00:20.860  render           | Fra: 42 | Rendering 25 / 64 samples
00:20.953  render           | Fra: 42 | Rendering 50 / 64 samples
00:21.000  render           | Fra: 42 | Rendering 64 / 64 samples
00:21.063  render           | Saved: 'C:\Users\d.grab\Desktop\the-game\ART\characters\act-1-enemies\forest-elite-wendigo\production\animation\reference_match_remaining\walk_work\final_frames\pose_0042.png'
00:21.063  render           | Time: 00:00.37 (Saving: 00:00.04)
00:21.063  render           | Rendering frame 43
00:21.063  render           | Start rendering: Scene, ViewLayer
00:21.063  render           | Engine: EEVEE
00:21.141  render           | Fra: 43 | Rendering 1 / 64 samples
00:21.219  render           | Fra: 43 | Rendering 25 / 64 samples
00:21.313  render           | Fra: 43 | Rendering 50 / 64 samples
00:21.360  render           | Fra: 43 | Rendering 64 / 64 samples
00:21.438  render           | Saved: 'C:\Users\d.grab\Desktop\the-game\ART\characters\act-1-enemies\forest-elite-wendigo\production\animation\reference_match_remaining\walk_work\final_frames\pose_0043.png'
00:21.438  render           | Time: 00:00.36 (Saving: 00:00.04)
00:21.438  render           | Rendering frame 44
00:21.438  render           | Start rendering: Scene, ViewLayer
00:21.438  render           | Engine: EEVEE
00:21.500  render           | Fra: 44 | Rendering 1 / 64 samples
00:21.594  render           | Fra: 44 | Rendering 25 / 64 samples
00:21.688  render           | Fra: 44 | Rendering 50 / 64 samples
00:21.735  render           | Fra: 44 | Rendering 64 / 64 samples
00:21.813  render           | Saved: 'C:\Users\d.grab\Desktop\the-game\ART\characters\act-1-enemies\forest-elite-wendigo\production\animation\reference_match_remaining\walk_work\final_frames\pose_0044.png'
00:21.813  render           | Time: 00:00.38 (Saving: 00:00.05)
00:21.813  render           | Rendering frame 45
00:21.813  render           | Start rendering: Scene, ViewLayer
00:21.813  render           | Engine: EEVEE
00:21.891  render           | Fra: 45 | Rendering 1 / 64 samples
00:21.985  render           | Fra: 45 | Rendering 25 / 64 samples
00:22.063  render           | Fra: 45 | Rendering 50 / 64 samples
00:22.125  render           | Fra: 45 | Rendering 64 / 64 samples
00:22.188  render           | Saved: 'C:\Users\d.grab\Desktop\the-game\ART\characters\act-1-enemies\forest-elite-wendigo\production\animation\reference_match_remaining\walk_work\final_frames\pose_0045.png'
00:22.188  render           | Time: 00:00.37 (Saving: 00:00.04)
00:22.188  render           | Rendering frame 46
00:22.188  render           | Start rendering: Scene, ViewLayer
00:22.188  render           | Engine: EEVEE
00:22.266  render           | Fra: 46 | Rendering 1 / 64 samples
00:22.360  render           | Fra: 46 | Rendering 25 / 64 samples
00:22.438  render           | Fra: 46 | Rendering 50 / 64 samples
00:22.485  render           | Fra: 46 | Rendering 64 / 64 samples
00:22.563  render           | Saved: 'C:\Users\d.grab\Desktop\the-game\ART\characters\act-1-enemies\forest-elite-wendigo\production\animation\reference_match_remaining\walk_work\final_frames\pose_0046.png'
00:22.563  render           | Time: 00:00.36 (Saving: 00:00.04)
00:22.563  render           | Rendering frame 47
00:22.563  render           | Start rendering: Scene, ViewLayer
00:22.563  render           | Engine: EEVEE
00:22.625  render           | Fra: 47 | Rendering 1 / 64 samples
00:22.719  render           | Fra: 47 | Rendering 25 / 64 samples
00:22.813  render           | Fra: 47 | Rendering 50 / 64 samples
00:22.860  render           | Fra: 47 | Rendering 64 / 64 samples
00:22.938  render           | Saved: 'C:\Users\d.grab\Desktop\the-game\ART\characters\act-1-enemies\forest-elite-wendigo\production\animation\reference_match_remaining\walk_work\final_frames\pose_0047.png'
00:22.938  render           | Time: 00:00.37 (Saving: 00:00.05)
00:22.938  render           | Rendering frame 48
00:22.938  render           | Start rendering: Scene, ViewLayer
00:22.938  render           | Engine: EEVEE
00:23.000  render           | Fra: 48 | Rendering 1 / 64 samples
00:23.110  render           | Fra: 48 | Rendering 25 / 64 samples
00:23.203  render           | Fra: 48 | Rendering 50 / 64 samples
00:23.250  render           | Fra: 48 | Rendering 64 / 64 samples
00:23.313  render           | Saved: 'C:\Users\d.grab\Desktop\the-game\ART\characters\act-1-enemies\forest-elite-wendigo\production\animation\reference_match_remaining\walk_work\final_frames\pose_0048.png'
00:23.313  render           | Time: 00:00.38 (Saving: 00:00.04)
[a_Rodin.utils-DBG]: RodinBridge: unregister
Traceback (most recent call last):
  File "C:\Program Files\Blender Foundation\Blender 5.2\5.2\scripts\modules\addon_utils.py", line 595, in disable
    mod.unregister()
    ~~~~~~~~~~~~~~^^
  File "C:\Users\d.grab\AppData\Roaming\Blender Foundation\Blender\5.2\scripts\addons\a_Rodin\__init__.py", line 28, in unregister
    unreg()
    ~~~~~^^
  File "C:\Program Files\Blender Foundation\Blender 5.2\5.2\scripts\modules\bpy\utils\__init__.py", line 1054, in unregister
    mod.unregister()
    ~~~~~~~~~~~~~~^^
  File "C:\Program Files\Blender Foundation\Blender 5.2\5.2\scripts\modules\bpy\utils\__init__.py", line 1054, in unregister
    mod.unregister()
    ~~~~~~~~~~~~~~^^
  File "C:\Program Files\Blender Foundation\Blender 5.2\5.2\scripts\modules\bpy\utils\__init__.py", line 1054, in unregister
    mod.unregister()
    ~~~~~~~~~~~~~~^^
  File "C:\Users\d.grab\AppData\Roaming\Blender Foundation\Blender\5.2\scripts\addons\a_Rodin\src\rodin\properties.py", line 408, in unregister
    bpy.app.handlers.load_post.remove(on_scene_load)
    ~~~~~~~~~~~~~~~~~~~~~~~~~~~~~~~~~^^^^^^^^^^^^^^^
ValueError: list.remove(x): x not in list
Reloading external rigs...
Reloading external metarigs...
Exception in module unregister(): 'C:\\Users\\d.grab\\AppData\\Roaming\\Blender Foundation\\Blender\\5.2\\scripts\\addons\\a_Rodin\\__init__.py'

Blender quit
