00:03.468  blend            | Read blend: "C:\Users\d.grab\Desktop\the-game\ART\characters\act-1-enemies\forest-stonepoof\production\animation\windup_start\Stonehoof_WindupStart_r01.blend"
00:03.515  blend            | Read blend: "C:\Users\d.grab\Desktop\the-game\ART\characters\act-1-enemies\forest-stonepoof\production\animation\charge_loop\Stonehoof_ChargeLoop_r01.blend"
C:\Users\d.grab\Desktop\the-game\ART\characters\act-1-enemies\forest-stonepoof\production\animation\brake\build_brake.py:123: DeprecationWarning: 'Material.use_nodes' is expected to be removed in Blender 6.0
  mat=bpy.data.materials.new('MAT_QA_FloorMarks');mat.use_nodes=True;mat.node_tree.nodes.get('Principled BSDF').inputs['Base Color'].default_value=(.035,.045,.045,1);mat.node_tree.nodes.get('Principled BSDF').inputs['Roughness'].default_value=.9;go.data.materials.append(mat)
00:07.953  render           | Saved: 'C:\Users\d.grab\Desktop\the-game\ART\characters\act-1-enemies\forest-stonepoof\production\review\animation_brake\side_frames\0000.png'
00:08.359  render           | Saved: 'C:\Users\d.grab\Desktop\the-game\ART\characters\act-1-enemies\forest-stonepoof\production\review\animation_brake\side_frames\0001.png'
00:08.718  render           | Saved: 'C:\Users\d.grab\Desktop\the-game\ART\characters\act-1-enemies\forest-stonepoof\production\review\animation_brake\side_frames\0002.png'
00:09.062  render           | Saved: 'C:\Users\d.grab\Desktop\the-game\ART\characters\act-1-enemies\forest-stonepoof\production\review\animation_brake\side_frames\0003.png'
00:09.437  render           | Saved: 'C:\Users\d.grab\Desktop\the-game\ART\characters\act-1-enemies\forest-stonepoof\production\review\animation_brake\side_frames\0004.png'
00:09.828  render           | Saved: 'C:\Users\d.grab\Desktop\the-game\ART\characters\act-1-enemies\forest-stonepoof\production\review\animation_brake\side_frames\0005.png'
00:10.234  render           | Saved: 'C:\Users\d.grab\Desktop\the-game\ART\characters\act-1-enemies\forest-stonepoof\production\review\animation_brake\side_frames\0006.png'
00:10.578  render           | Saved: 'C:\Users\d.grab\Desktop\the-game\ART\characters\act-1-enemies\forest-stonepoof\production\review\animation_brake\side_frames\0007.png'
00:10.984  render           | Saved: 'C:\Users\d.grab\Desktop\the-game\ART\characters\act-1-enemies\forest-stonepoof\production\review\animation_brake\side_frames\0008.png'
00:11.312  render           | Saved: 'C:\Users\d.grab\Desktop\the-game\ART\characters\act-1-enemies\forest-stonepoof\production\review\animation_brake\side_frames\0009.png'
00:11.625  render           | Saved: 'C:\Users\d.grab\Desktop\the-game\ART\characters\act-1-enemies\forest-stonepoof\production\review\animation_brake\side_frames\0010.png'
00:11.937  render           | Saved: 'C:\Users\d.grab\Desktop\the-game\ART\characters\act-1-enemies\forest-stonepoof\production\review\animation_brake\side_frames\0011.png'
00:12.343  render           | Saved: 'C:\Users\d.grab\Desktop\the-game\ART\characters\act-1-enemies\forest-stonepoof\production\review\animation_brake\side_frames\0012.png'
00:12.765  render           | Saved: 'C:\Users\d.grab\Desktop\the-game\ART\characters\act-1-enemies\forest-stonepoof\production\review\animation_brake\side_frames\0013.png'
00:13.125  render           | Saved: 'C:\Users\d.grab\Desktop\the-game\ART\characters\act-1-enemies\forest-stonepoof\production\review\animation_brake\side_frames\0014.png'
00:13.531  render           | Saved: 'C:\Users\d.grab\Desktop\the-game\ART\characters\act-1-enemies\forest-stonepoof\production\review\animation_brake\side_frames\0015.png'
00:13.984  render           | Saved: 'C:\Users\d.grab\Desktop\the-game\ART\characters\act-1-enemies\forest-stonepoof\production\review\animation_brake\side_frames\0016.png'
00:14.390  render           | Saved: 'C:\Users\d.grab\Desktop\the-game\ART\characters\act-1-enemies\forest-stonepoof\production\review\animation_brake\side_frames\0017.png'
00:14.765  render           | Saved: 'C:\Users\d.grab\Desktop\the-game\ART\characters\act-1-enemies\forest-stonepoof\production\review\animation_brake\side_frames\0018.png'
00:15.140  render           | Saved: 'C:\Users\d.grab\Desktop\the-game\ART\characters\act-1-enemies\forest-stonepoof\production\review\animation_brake\game_frames\0000.png'
00:15.468  render           | Saved: 'C:\Users\d.grab\Desktop\the-game\ART\characters\act-1-enemies\forest-stonepoof\production\review\animation_brake\game_frames\0001.png'
00:15.734  render           | Saved: 'C:\Users\d.grab\Desktop\the-game\ART\characters\act-1-enemies\forest-stonepoof\production\review\animation_brake\game_frames\0002.png'
00:16.109  render           | Saved: 'C:\Users\d.grab\Desktop\the-game\ART\characters\act-1-enemies\forest-stonepoof\production\review\animation_brake\game_frames\0003.png'
00:16.484  render           | Saved: 'C:\Users\d.grab\Desktop\the-game\ART\characters\act-1-enemies\forest-stonepoof\production\review\animation_brake\game_frames\0004.png'
00:16.843  render           | Saved: 'C:\Users\d.grab\Desktop\the-game\ART\characters\act-1-enemies\forest-stonepoof\production\review\animation_brake\game_frames\0005.png'
00:17.203  render           | Saved: 'C:\Users\d.grab\Desktop\the-game\ART\characters\act-1-enemies\forest-stonepoof\production\review\animation_brake\game_frames\0006.png'
00:17.593  render           | Saved: 'C:\Users\d.grab\Desktop\the-game\ART\characters\act-1-enemies\forest-stonepoof\production\review\animation_brake\game_frames\0007.png'
00:17.968  render           | Saved: 'C:\Users\d.grab\Desktop\the-game\ART\characters\act-1-enemies\forest-stonepoof\production\review\animation_brake\game_frames\0008.png'
00:18.328  render           | Saved: 'C:\Users\d.grab\Desktop\the-game\ART\characters\act-1-enemies\forest-stonepoof\production\review\animation_brake\game_frames\0009.png'
00:18.687  render           | Saved: 'C:\Users\d.grab\Desktop\the-game\ART\characters\act-1-enemies\forest-stonepoof\production\review\animation_brake\game_frames\0010.png'
00:19.062  render           | Saved: 'C:\Users\d.grab\Desktop\the-game\ART\characters\act-1-enemies\forest-stonepoof\production\review\animation_brake\game_frames\0011.png'
00:19.406  render           | Saved: 'C:\Users\d.grab\Desktop\the-game\ART\characters\act-1-enemies\forest-stonepoof\production\review\animation_brake\game_frames\0012.png'
00:19.796  render           | Saved: 'C:\Users\d.grab\Desktop\the-game\ART\characters\act-1-enemies\forest-stonepoof\production\review\animation_brake\game_frames\0013.png'
00:20.203  render           | Saved: 'C:\Users\d.grab\Desktop\the-game\ART\characters\act-1-enemies\forest-stonepoof\production\review\animation_brake\game_frames\0014.png'
00:20.546  render           | Saved: 'C:\Users\d.grab\Desktop\the-game\ART\characters\act-1-enemies\forest-stonepoof\production\review\animation_brake\game_frames\0015.png'
00:20.968  render           | Saved: 'C:\Users\d.grab\Desktop\the-game\ART\characters\act-1-enemies\forest-stonepoof\production\review\animation_brake\game_frames\0016.png'
00:21.343  render           | Saved: 'C:\Users\d.grab\Desktop\the-game\ART\characters\act-1-enemies\forest-stonepoof\production\review\animation_brake\game_frames\0017.png'
00:21.718  render           | Saved: 'C:\Users\d.grab\Desktop\the-game\ART\characters\act-1-enemies\forest-stonepoof\production\review\animation_brake\game_frames\0018.png'
Info: Saved as "Stonehoof_Brake_r01.blend"
BRAKE_BUILT {"source_sha256": {"C:\\Users\\d.grab\\Desktop\\the-game\\ART\\characters\\act-1-enemies\\forest-stonepoof\\production\\animation\\windup_start\\Stonehoof_WindupStart_r01.blend": "f10a5f0747be7adb1b598cdbbddd0bd080af3ddd49e9ef25f6340ebb5510960e", "C:\\Users\\d.grab\\Desktop\\the-game\\ART\\characters\\act-1-enemies\\forest-stonepoof\\production\\animation\\charge_loop\\Stonehoof_ChargeLoop_r01.blend": "c8d4ea70675e5db835052b25952ab960c4f68e25ba87b574eb3598150d3871d5"}, "joins": {"from_accepted_gallop_phase_0": {"max_joint_position_m": 1.6049041769309353e-07, "max_matrix_error": 1.1026859283447266e-06}, "to_accepted_stance": {"max_joint_position_m": 3.533335239106231e-06, "max_matrix_error": 1.5363097190856934e-05}}, "contacts": {"front_left": 3, "front_right": 3.7, "hind_left": 4.3, "hind_right": 5}, "frames": 18, "fps": 30, "stop_frame": 14, "braking_distance_preview_m": 3.4, "owner_approved": false, "phase_transition_note": "Canonical phase-0 join shown. Runtime must blend arbitrary gait phase within the braking interval, never wait past the arena boundary."}
Blender 5.2.1 LTS (hash 9e2066aef7ef built 2026-08-25 02:38:20)

Blender quit
