[a_Rodin.utils-[36mDBG[0m]: [36mRodinBridge: register[0m
[a_Rodin.utils-[33mWRN[0m]: [33mServer running on port 61863[0m
[a_Rodin.utils-[36mDBG[0m]: [36mon_scene_load[0m
[a_Rodin.utils-[36mDBG[0m]: [36mensure_default_image[0m
00:03.750  blend            | Read blend: "C:\Users\d.grab\Desktop\the-game\ART\characters\act-1-enemies\6.forest-stonepoof\production\animation\windup_start\Stonehoof_WindupStart_r01.blend"
Reloading external rigs...
Reloading external metarigs...
Info: Saved as "Stonehoof_Idle_Controls.blend"
AUTHORED Idle {'minimum_skin_z': -2.73853629551013e-07, 'maximum_unreachable_target': 0, 'reach_data': {}}
Info: Saved as "Stonehoof_Walk_Controls.blend"
AUTHORED Walk {'minimum_skin_z': -1.9604340195655823e-05, 'maximum_unreachable_target': 0, 'reach_data': {}}
Info: Saved as "Stonehoof_Hit_Controls.blend"
AUTHORED Hit {'minimum_skin_z': 3.7213141013126005e-08, 'maximum_unreachable_target': 0, 'reach_data': {}}
00:11.719  blend            | Read blend: "C:\Users\d.grab\Desktop\the-game\ART\characters\act-1-enemies\6.forest-stonepoof\production\animation\windup_start\Stonehoof_WindupStart_Baked_r01.blend"
Info: Saved as "ForestStonehoof_Production.blend"

FBX export starting... 'C:\\Users\\d.grab\\Desktop\\the-game\\razlom\\Assets\\Resources\\Characters\\Forest_Stonehoof\\ForestStonehoof.fbx'
(bpy.data.armatures['rig'], 'POSE')
export finished in 3.0100 sec.
PACKAGE_EXPORTED
[a_Rodin.utils-[36mDBG[0m]: [36mRodinBridge: unregister[0m
Traceback (most recent call last):
  File "C:\Program Files\Blender Foundation\Blender 5.2\5.2\scripts\modules\addon_utils.py", line 595, in disable
    mod.unregister()
    ~~~~~~~~~~~~~~^^
  File "C:\Users\d.grab\AppData\Roaming\Blender Foundation\Blender\5.2\scripts\addons\a_Rodin\__init__.py", line 28, in unregister
    unreg()
    ~~~~~^^
  File "C:\Program Files\Blender Foundation\Blender 5.2\5.2\scripts\modules\bpy\utils\__init__.py", line 1054, in unregister
    mod.unregister()
    ~~~~~~~~~~~~~~^^
  File "C:\Program Files\Blender Foundation\Blender 5.2\5.2\scripts\modules\bpy\utils\__init__.py", line 1054, in unregister
    mod.unregister()
    ~~~~~~~~~~~~~~^^
  File "C:\Program Files\Blender Foundation\Blender 5.2\5.2\scripts\modules\bpy\utils\__init__.py", line 1054, in unregister
    mod.unregister()
    ~~~~~~~~~~~~~~^^
  File "C:\Users\d.grab\AppData\Roaming\Blender Foundation\Blender\5.2\scripts\addons\a_Rodin\src\rodin\properties.py", line 408, in unregister
    bpy.app.handlers.load_post.remove(on_scene_load)
    ~~~~~~~~~~~~~~~~~~~~~~~~~~~~~~~~~^^^^^^^^^^^^^^^
ValueError: list.remove(x): x not in list
Exception in module unregister(): 'C:\\Users\\d.grab\\AppData\\Roaming\\Blender Foundation\\Blender\\5.2\\scripts\\addons\\a_Rodin\\__init__.py'
Blender 5.2.1 LTS (hash 9e2066aef7ef built 2026-08-25 02:38:20)

Blender quit
