00:03.250  blend            | Read blend: "C:\Users\d.grab\Desktop\the-game\ART\characters\act-1-enemies\forest-stonepoof\production\Stonehoof_ModelCandidate_r03.blend"
00:06.953  render           | Saved: 'C:\Users\d.grab\Desktop\the-game\ART\characters\act-1-enemies\forest-stonepoof\production\review\animation_windup_start\side_frames\0000.png'
00:07.312  render           | Saved: 'C:\Users\d.grab\Desktop\the-game\ART\characters\act-1-enemies\forest-stonepoof\production\review\animation_windup_start\side_frames\0001.png'
00:07.672  render           | Saved: 'C:\Users\d.grab\Desktop\the-game\ART\characters\act-1-enemies\forest-stonepoof\production\review\animation_windup_start\side_frames\0002.png'
00:08.016  render           | Saved: 'C:\Users\d.grab\Desktop\the-game\ART\characters\act-1-enemies\forest-stonepoof\production\review\animation_windup_start\side_frames\0003.png'
00:08.344  render           | Saved: 'C:\Users\d.grab\Desktop\the-game\ART\characters\act-1-enemies\forest-stonepoof\production\review\animation_windup_start\side_frames\0004.png'
00:08.719  render           | Saved: 'C:\Users\d.grab\Desktop\the-game\ART\characters\act-1-enemies\forest-stonepoof\production\review\animation_windup_start\side_frames\0005.png'
00:09.141  render           | Saved: 'C:\Users\d.grab\Desktop\the-game\ART\characters\act-1-enemies\forest-stonepoof\production\review\animation_windup_start\side_frames\0006.png'
00:09.469  render           | Saved: 'C:\Users\d.grab\Desktop\the-game\ART\characters\act-1-enemies\forest-stonepoof\production\review\animation_windup_start\side_frames\0007.png'
00:09.828  render           | Saved: 'C:\Users\d.grab\Desktop\the-game\ART\characters\act-1-enemies\forest-stonepoof\production\review\animation_windup_start\side_frames\0008.png'
00:10.234  render           | Saved: 'C:\Users\d.grab\Desktop\the-game\ART\characters\act-1-enemies\forest-stonepoof\production\review\animation_windup_start\side_frames\0009.png'
00:10.625  render           | Saved: 'C:\Users\d.grab\Desktop\the-game\ART\characters\act-1-enemies\forest-stonepoof\production\review\animation_windup_start\side_frames\0010.png'
00:10.984  render           | Saved: 'C:\Users\d.grab\Desktop\the-game\ART\characters\act-1-enemies\forest-stonepoof\production\review\animation_windup_start\side_frames\0011.png'
00:11.328  render           | Saved: 'C:\Users\d.grab\Desktop\the-game\ART\characters\act-1-enemies\forest-stonepoof\production\review\animation_windup_start\side_frames\0012.png'
00:11.687  render           | Saved: 'C:\Users\d.grab\Desktop\the-game\ART\characters\act-1-enemies\forest-stonepoof\production\review\animation_windup_start\side_frames\0013.png'
00:12.031  render           | Saved: 'C:\Users\d.grab\Desktop\the-game\ART\characters\act-1-enemies\forest-stonepoof\production\review\animation_windup_start\side_frames\0014.png'
00:12.359  render           | Saved: 'C:\Users\d.grab\Desktop\the-game\ART\characters\act-1-enemies\forest-stonepoof\production\review\animation_windup_start\side_frames\0015.png'
00:12.719  render           | Saved: 'C:\Users\d.grab\Desktop\the-game\ART\characters\act-1-enemies\forest-stonepoof\production\review\animation_windup_start\side_frames\0016.png'
00:13.078  render           | Saved: 'C:\Users\d.grab\Desktop\the-game\ART\characters\act-1-enemies\forest-stonepoof\production\review\animation_windup_start\side_frames\0017.png'
00:13.406  render           | Saved: 'C:\Users\d.grab\Desktop\the-game\ART\characters\act-1-enemies\forest-stonepoof\production\review\animation_windup_start\side_frames\0018.png'
00:13.766  render           | Saved: 'C:\Users\d.grab\Desktop\the-game\ART\characters\act-1-enemies\forest-stonepoof\production\review\animation_windup_start\side_frames\0019.png'
00:14.172  render           | Saved: 'C:\Users\d.grab\Desktop\the-game\ART\characters\act-1-enemies\forest-stonepoof\production\review\animation_windup_start\side_frames\0020.png'
00:14.500  render           | Saved: 'C:\Users\d.grab\Desktop\the-game\ART\characters\act-1-enemies\forest-stonepoof\production\review\animation_windup_start\side_frames\0021.png'
00:14.859  render           | Saved: 'C:\Users\d.grab\Desktop\the-game\ART\characters\act-1-enemies\forest-stonepoof\production\review\animation_windup_start\side_frames\0022.png'
00:15.234  render           | Saved: 'C:\Users\d.grab\Desktop\the-game\ART\characters\act-1-enemies\forest-stonepoof\production\review\animation_windup_start\side_frames\0023.png'
00:15.578  render           | Saved: 'C:\Users\d.grab\Desktop\the-game\ART\characters\act-1-enemies\forest-stonepoof\production\review\animation_windup_start\side_frames\0024.png'
00:15.922  render           | Saved: 'C:\Users\d.grab\Desktop\the-game\ART\characters\act-1-enemies\forest-stonepoof\production\review\animation_windup_start\side_frames\0025.png'
00:16.297  render           | Saved: 'C:\Users\d.grab\Desktop\the-game\ART\characters\act-1-enemies\forest-stonepoof\production\review\animation_windup_start\side_frames\0026.png'
00:16.703  render           | Saved: 'C:\Users\d.grab\Desktop\the-game\ART\characters\act-1-enemies\forest-stonepoof\production\review\animation_windup_start\side_frames\0027.png'
00:17.047  render           | Saved: 'C:\Users\d.grab\Desktop\the-game\ART\characters\act-1-enemies\forest-stonepoof\production\review\animation_windup_start\side_frames\0028.png'
00:17.391  render           | Saved: 'C:\Users\d.grab\Desktop\the-game\ART\characters\act-1-enemies\forest-stonepoof\production\review\animation_windup_start\side_frames\0029.png'
00:17.766  render           | Saved: 'C:\Users\d.grab\Desktop\the-game\ART\characters\act-1-enemies\forest-stonepoof\production\review\animation_windup_start\side_frames\0030.png'
00:18.141  render           | Saved: 'C:\Users\d.grab\Desktop\the-game\ART\characters\act-1-enemies\forest-stonepoof\production\review\animation_windup_start\side_frames\0031.png'
00:18.469  render           | Saved: 'C:\Users\d.grab\Desktop\the-game\ART\characters\act-1-enemies\forest-stonepoof\production\review\animation_windup_start\side_frames\0032.png'
00:18.844  render           | Saved: 'C:\Users\d.grab\Desktop\the-game\ART\characters\act-1-enemies\forest-stonepoof\production\review\animation_windup_start\side_frames\0033.png'
00:19.203  render           | Saved: 'C:\Users\d.grab\Desktop\the-game\ART\characters\act-1-enemies\forest-stonepoof\production\review\animation_windup_start\side_frames\0034.png'
00:19.531  render           | Saved: 'C:\Users\d.grab\Desktop\the-game\ART\characters\act-1-enemies\forest-stonepoof\production\review\animation_windup_start\side_frames\0035.png'
00:19.906  render           | Saved: 'C:\Users\d.grab\Desktop\the-game\ART\characters\act-1-enemies\forest-stonepoof\production\review\animation_windup_start\side_frames\0036.png'
00:20.297  render           | Saved: 'C:\Users\d.grab\Desktop\the-game\ART\characters\act-1-enemies\forest-stonepoof\production\review\animation_windup_start\game_frames\0000.png'
00:20.687  render           | Saved: 'C:\Users\d.grab\Desktop\the-game\ART\characters\act-1-enemies\forest-stonepoof\production\review\animation_windup_start\game_frames\0001.png'
00:21.062  render           | Saved: 'C:\Users\d.grab\Desktop\the-game\ART\characters\act-1-enemies\forest-stonepoof\production\review\animation_windup_start\game_frames\0002.png'
00:21.406  render           | Saved: 'C:\Users\d.grab\Desktop\the-game\ART\characters\act-1-enemies\forest-stonepoof\production\review\animation_windup_start\game_frames\0003.png'
00:21.766  render           | Saved: 'C:\Users\d.grab\Desktop\the-game\ART\characters\act-1-enemies\forest-stonepoof\production\review\animation_windup_start\game_frames\0004.png'
00:22.125  render           | Saved: 'C:\Users\d.grab\Desktop\the-game\ART\characters\act-1-enemies\forest-stonepoof\production\review\animation_windup_start\game_frames\0005.png'
00:22.469  render           | Saved: 'C:\Users\d.grab\Desktop\the-game\ART\characters\act-1-enemies\forest-stonepoof\production\review\animation_windup_start\game_frames\0006.png'
00:22.812  render           | Saved: 'C:\Users\d.grab\Desktop\the-game\ART\characters\act-1-enemies\forest-stonepoof\production\review\animation_windup_start\game_frames\0007.png'
00:23.203  render           | Saved: 'C:\Users\d.grab\Desktop\the-game\ART\characters\act-1-enemies\forest-stonepoof\production\review\animation_windup_start\game_frames\0008.png'
00:23.562  render           | Saved: 'C:\Users\d.grab\Desktop\the-game\ART\characters\act-1-enemies\forest-stonepoof\production\review\animation_windup_start\game_frames\0009.png'
00:23.906  render           | Saved: 'C:\Users\d.grab\Desktop\the-game\ART\characters\act-1-enemies\forest-stonepoof\production\review\animation_windup_start\game_frames\0010.png'
00:24.266  render           | Saved: 'C:\Users\d.grab\Desktop\the-game\ART\characters\act-1-enemies\forest-stonepoof\production\review\animation_windup_start\game_frames\0011.png'
00:24.609  render           | Saved: 'C:\Users\d.grab\Desktop\the-game\ART\characters\act-1-enemies\forest-stonepoof\production\review\animation_windup_start\game_frames\0012.png'
00:24.969  render           | Saved: 'C:\Users\d.grab\Desktop\the-game\ART\characters\act-1-enemies\forest-stonepoof\production\review\animation_windup_start\game_frames\0013.png'
00:25.344  render           | Saved: 'C:\Users\d.grab\Desktop\the-game\ART\characters\act-1-enemies\forest-stonepoof\production\review\animation_windup_start\game_frames\0014.png'
00:25.703  render           | Saved: 'C:\Users\d.grab\Desktop\the-game\ART\characters\act-1-enemies\forest-stonepoof\production\review\animation_windup_start\game_frames\0015.png'
00:26.062  render           | Saved: 'C:\Users\d.grab\Desktop\the-game\ART\characters\act-1-enemies\forest-stonepoof\production\review\animation_windup_start\game_frames\0016.png'
00:26.453  render           | Saved: 'C:\Users\d.grab\Desktop\the-game\ART\characters\act-1-enemies\forest-stonepoof\production\review\animation_windup_start\game_frames\0017.png'
00:26.781  render           | Saved: 'C:\Users\d.grab\Desktop\the-game\ART\characters\act-1-enemies\forest-stonepoof\production\review\animation_windup_start\game_frames\0018.png'
00:27.141  render           | Saved: 'C:\Users\d.grab\Desktop\the-game\ART\characters\act-1-enemies\forest-stonepoof\production\review\animation_windup_start\game_frames\0019.png'
00:27.516  render           | Saved: 'C:\Users\d.grab\Desktop\the-game\ART\characters\act-1-enemies\forest-stonepoof\production\review\animation_windup_start\game_frames\0020.png'
00:27.859  render           | Saved: 'C:\Users\d.grab\Desktop\the-game\ART\characters\act-1-enemies\forest-stonepoof\production\review\animation_windup_start\game_frames\0021.png'
00:28.203  render           | Saved: 'C:\Users\d.grab\Desktop\the-game\ART\characters\act-1-enemies\forest-stonepoof\production\review\animation_windup_start\game_frames\0022.png'
00:28.578  render           | Saved: 'C:\Users\d.grab\Desktop\the-game\ART\characters\act-1-enemies\forest-stonepoof\production\review\animation_windup_start\game_frames\0023.png'
00:29.000  render           | Saved: 'C:\Users\d.grab\Desktop\the-game\ART\characters\act-1-enemies\forest-stonepoof\production\review\animation_windup_start\game_frames\0024.png'
00:29.359  render           | Saved: 'C:\Users\d.grab\Desktop\the-game\ART\characters\act-1-enemies\forest-stonepoof\production\review\animation_windup_start\game_frames\0025.png'
00:29.703  render           | Saved: 'C:\Users\d.grab\Desktop\the-game\ART\characters\act-1-enemies\forest-stonepoof\production\review\animation_windup_start\game_frames\0026.png'
00:30.031  render           | Saved: 'C:\Users\d.grab\Desktop\the-game\ART\characters\act-1-enemies\forest-stonepoof\production\review\animation_windup_start\game_frames\0027.png'
00:30.359  render           | Saved: 'C:\Users\d.grab\Desktop\the-game\ART\characters\act-1-enemies\forest-stonepoof\production\review\animation_windup_start\game_frames\0028.png'
00:30.703  render           | Saved: 'C:\Users\d.grab\Desktop\the-game\ART\characters\act-1-enemies\forest-stonepoof\production\review\animation_windup_start\game_frames\0029.png'
00:31.062  render           | Saved: 'C:\Users\d.grab\Desktop\the-game\ART\characters\act-1-enemies\forest-stonepoof\production\review\animation_windup_start\game_frames\0030.png'
00:31.469  render           | Saved: 'C:\Users\d.grab\Desktop\the-game\ART\characters\act-1-enemies\forest-stonepoof\production\review\animation_windup_start\game_frames\0031.png'
00:31.844  render           | Saved: 'C:\Users\d.grab\Desktop\the-game\ART\characters\act-1-enemies\forest-stonepoof\production\review\animation_windup_start\game_frames\0032.png'
00:32.219  render           | Saved: 'C:\Users\d.grab\Desktop\the-game\ART\characters\act-1-enemies\forest-stonepoof\production\review\animation_windup_start\game_frames\0033.png'
00:32.594  render           | Saved: 'C:\Users\d.grab\Desktop\the-game\ART\characters\act-1-enemies\forest-stonepoof\production\review\animation_windup_start\game_frames\0034.png'
00:32.969  render           | Saved: 'C:\Users\d.grab\Desktop\the-game\ART\characters\act-1-enemies\forest-stonepoof\production\review\animation_windup_start\game_frames\0035.png'
00:33.312  render           | Saved: 'C:\Users\d.grab\Desktop\the-game\ART\characters\act-1-enemies\forest-stonepoof\production\review\animation_windup_start\game_frames\0036.png'
Info: Saved as "Stonehoof_WindupStart_r01.blend"
BUILD_COMPLETE {"stage": "authored_windup_start_candidate", "frames": [0, 36], "fps": 30, "windup_frames": 30, "launch_frames": 6, "skin_vertices_local_hoof_cleanup": 1388, "legs": {"front_left": {"pole_bind_error_m": 0.000921123253327404, "sole_z": -5.960464477539063e-08, "sole_ids": [2, 13, 17, 124, 128, 132, 133, 142, 143, 144, 145, 146]}, "front_right": {"pole_bind_error_m": 0.00034728749600447203, "sole_z": 0.0027189254760742188, "sole_ids": [5944, 5945, 5946, 5947, 5948, 5949, 5955, 5961, 5962, 5966, 5967, 6064, 6105, 6120, 6121]}, "hind_left": {"pole_bind_error_m": 0.0002050892174205712, "sole_z": 0.002423584461212158, "sole_ids": [7459, 7460, 7467, 7468, 7469, 7470, 7471, 7472, 7473, 7474, 7479, 7535, 7564, 7565, 7568, 7576, 7594, 7595, 7601, 7603, 7605, 7606, 7608, 7609, 7610, 7611, 7639, 7641, 7644, 7645, 7647, 7648, 7649, 7650, 7651]}, "hind_right": {"pole_bind_error_m": 5.1621373339824055e-05, "sole_z": 0.0056160688400268555, "sole_ids": [9554, 9556, 9562, 9583, 9584, 9585, 9586, 9587, 9589, 9590, 9617, 9618, 9619, 9620, 9621, 9624, 9625, 9627, 9658, 9659, 9661, 9662, 9663, 9665, 9666, 9668, 9670, 9671, 9672, 9673, 9674, 9675, 9676, 9707, 9710, 9711, 9712, 9719, 9720, 9722, 9723, 9724, 9725, 9726, 9727]}}, "root_motion": "carrier excluded from runtime", "source_model": "Stonehoof_ModelCandidate_r03.blend"}
Blender 5.2.1 LTS (hash 9e2066aef7ef built 2026-08-25 02:38:20)

Blender quit
