[a_Rodin.utils-[36mDBG[0m]: [36mRodinBridge: register[0m
[a_Rodin.utils-[33mWRN[0m]: [33mServer running on port 61863[0m
[a_Rodin.utils-[36mDBG[0m]: [36mon_scene_load[0m
[a_Rodin.utils-[36mDBG[0m]: [36mensure_default_image[0m
00:04.438  blend            | Read blend: "C:\Users\d.grab\Desktop\the-game\ART\characters\act-1-enemies\6.forest-stonepoof\production\animation\windup_start\Stonehoof_WindupStart_r01.blend"
00:05.125  blend            | Read blend: "C:\Users\d.grab\Desktop\the-game\ART\characters\act-1-enemies\6.forest-stonepoof\production\animation\turn\Stonehoof_Turn_r01.blend"
Reloading external rigs...
Reloading external metarigs...
TURN_AUTHORED TurnLeft {"crouch_m": {"min": 0.050769917864967276, "max": 0.0691174761493748}, "max_ik_target_error_m": 4.693666143562052e-05, "loop_seam_max_position_m": 1.3838839248572819e-07}
TURN_AUTHORED TurnRight {"crouch_m": {"min": 0.03431012511425779, "max": 0.07420432630350482}, "max_ik_target_error_m": 5.472364769454294e-05, "loop_seam_max_position_m": 2.2302015940987714e-07}
Info: Saved as "Stonehoof_Turn_r01.blend"
Info: Saved as "Stonehoof_Turn_Baked_r01.blend"
TURN_BAKED {"deforming_bones": 34, "sample_step_frames": 0.0625, "root_yaw_removed": true, "scale_curves": false, "owner_approved": false, "clips": {"AN_Stonehoof_TurnLeft": {"frames": 15, "seconds": 0.5, "max_joint_error_m": 8.720681004762371e-07, "max_rotation_error_deg": 0.05595291023658669, "loop_seam_position_m": 1.9213254687529247e-07}, "AN_Stonehoof_TurnRight": {"frames": 15, "seconds": 0.5, "max_joint_error_m": 8.346728854707655e-07, "max_rotation_error_deg": 0.05595291023658669, "loop_seam_position_m": 1.6924465733171325e-07}}}
TURN_BUILT all
[a_Rodin.utils-[36mDBG[0m]: [36mRodinBridge: unregister[0m
Traceback (most recent call last):
  File "C:\Program Files\Blender Foundation\Blender 5.2\5.2\scripts\modules\addon_utils.py", line 595, in disable
    mod.unregister()
    ~~~~~~~~~~~~~~^^
  File "C:\Users\d.grab\AppData\Roaming\Blender Foundation\Blender\5.2\scripts\addons\a_Rodin\__init__.py", line 28, in unregister
    unreg()
    ~~~~~^^
  File "C:\Program Files\Blender Foundation\Blender 5.2\5.2\scripts\modules\bpy\utils\__init__.py", line 1054, in unregister
    mod.unregister()
    ~~~~~~~~~~~~~~^^
  File "C:\Program Files\Blender Foundation\Blender 5.2\5.2\scripts\modules\bpy\utils\__init__.py", line 1054, in unregister
    mod.unregister()
    ~~~~~~~~~~~~~~^^
  File "C:\Program Files\Blender Foundation\Blender 5.2\5.2\scripts\modules\bpy\utils\__init__.py", line 1054, in unregister
    mod.unregister()
    ~~~~~~~~~~~~~~^^
  File "C:\Users\d.grab\AppData\Roaming\Blender Foundation\Blender\5.2\scripts\addons\a_Rodin\src\rodin\properties.py", line 408, in unregister
    bpy.app.handlers.load_post.remove(on_scene_load)
    ~~~~~~~~~~~~~~~~~~~~~~~~~~~~~~~~~^^^^^^^^^^^^^^^
ValueError: list.remove(x): x not in list
Exception in module unregister(): 'C:\\Users\\d.grab\\AppData\\Roaming\\Blender Foundation\\Blender\\5.2\\scripts\\addons\\a_Rodin\\__init__.py'
Blender 5.2.1 LTS (hash 9e2066aef7ef built 2026-08-25 02:38:20)

Blender quit
