00:03.640  blend            | Read blend: "C:\Users\d.grab\Desktop\the-game\ART\characters\act-1-enemies\forest-stonepoof\production\animation\windup_start\Stonehoof_WindupStart_r01.blend"
00:03.687  blend            | Read blend: "C:\Users\d.grab\Desktop\the-game\ART\characters\act-1-enemies\forest-stonepoof\production\animation\charge_loop\Stonehoof_ChargeLoop_r01.blend"
C:\Users\d.grab\Desktop\the-game\ART\characters\act-1-enemies\forest-stonepoof\production\animation\collision\build_collision.py:130: DeprecationWarning: 'Material.use_nodes' is expected to be removed in Blender 6.0
  wallmat=bpy.data.materials.new('MAT_QA_Stone');wallmat.use_nodes=True;wallmat.node_tree.nodes.get('Principled BSDF').inputs['Base Color'].default_value=(.19,.22,.20,1);wallmat.node_tree.nodes.get('Principled BSDF').inputs['Roughness'].default_value=.9;wall.data.materials.append(wallmat);wall['review_only']=True
C:\Users\d.grab\Desktop\the-game\ART\characters\act-1-enemies\forest-stonepoof\production\animation\collision\build_collision.py:141: DeprecationWarning: 'Material.use_nodes' is expected to be removed in Blender 6.0
  mat=bpy.data.materials.new('MAT_QA_FloorMarks');mat.use_nodes=True;mat.node_tree.nodes.get('Principled BSDF').inputs['Base Color'].default_value=(.035,.045,.045,1);mat.node_tree.nodes.get('Principled BSDF').inputs['Roughness'].default_value=.9;go.data.materials.append(mat)
00:10.187  render           | Saved: 'C:\Users\d.grab\Desktop\the-game\ART\characters\act-1-enemies\forest-stonepoof\production\review\animation_collision\side_frames\0000.png'
00:10.547  render           | Saved: 'C:\Users\d.grab\Desktop\the-game\ART\characters\act-1-enemies\forest-stonepoof\production\review\animation_collision\side_frames\0001.png'
00:10.922  render           | Saved: 'C:\Users\d.grab\Desktop\the-game\ART\characters\act-1-enemies\forest-stonepoof\production\review\animation_collision\side_frames\0002.png'
00:11.281  render           | Saved: 'C:\Users\d.grab\Desktop\the-game\ART\characters\act-1-enemies\forest-stonepoof\production\review\animation_collision\side_frames\0003.png'
00:11.640  render           | Saved: 'C:\Users\d.grab\Desktop\the-game\ART\characters\act-1-enemies\forest-stonepoof\production\review\animation_collision\side_frames\0004.png'
00:12.015  render           | Saved: 'C:\Users\d.grab\Desktop\the-game\ART\characters\act-1-enemies\forest-stonepoof\production\review\animation_collision\side_frames\0005.png'
00:12.390  render           | Saved: 'C:\Users\d.grab\Desktop\the-game\ART\characters\act-1-enemies\forest-stonepoof\production\review\animation_collision\side_frames\0006.png'
00:12.781  render           | Saved: 'C:\Users\d.grab\Desktop\the-game\ART\characters\act-1-enemies\forest-stonepoof\production\review\animation_collision\side_frames\0007.png'
00:13.156  render           | Saved: 'C:\Users\d.grab\Desktop\the-game\ART\characters\act-1-enemies\forest-stonepoof\production\review\animation_collision\side_frames\0008.png'
00:13.547  render           | Saved: 'C:\Users\d.grab\Desktop\the-game\ART\characters\act-1-enemies\forest-stonepoof\production\review\animation_collision\side_frames\0009.png'
00:13.953  render           | Saved: 'C:\Users\d.grab\Desktop\the-game\ART\characters\act-1-enemies\forest-stonepoof\production\review\animation_collision\side_frames\0010.png'
00:14.359  render           | Saved: 'C:\Users\d.grab\Desktop\the-game\ART\characters\act-1-enemies\forest-stonepoof\production\review\animation_collision\side_frames\0011.png'
00:14.750  render           | Saved: 'C:\Users\d.grab\Desktop\the-game\ART\characters\act-1-enemies\forest-stonepoof\production\review\animation_collision\side_frames\0012.png'
00:15.140  render           | Saved: 'C:\Users\d.grab\Desktop\the-game\ART\characters\act-1-enemies\forest-stonepoof\production\review\animation_collision\side_frames\0013.png'
00:15.531  render           | Saved: 'C:\Users\d.grab\Desktop\the-game\ART\characters\act-1-enemies\forest-stonepoof\production\review\animation_collision\side_frames\0014.png'
00:15.922  render           | Saved: 'C:\Users\d.grab\Desktop\the-game\ART\characters\act-1-enemies\forest-stonepoof\production\review\animation_collision\side_frames\0015.png'
00:16.328  render           | Saved: 'C:\Users\d.grab\Desktop\the-game\ART\characters\act-1-enemies\forest-stonepoof\production\review\animation_collision\side_frames\0016.png'
00:16.734  render           | Saved: 'C:\Users\d.grab\Desktop\the-game\ART\characters\act-1-enemies\forest-stonepoof\production\review\animation_collision\side_frames\0017.png'
00:17.109  render           | Saved: 'C:\Users\d.grab\Desktop\the-game\ART\characters\act-1-enemies\forest-stonepoof\production\review\animation_collision\side_frames\0018.png'
00:17.515  render           | Saved: 'C:\Users\d.grab\Desktop\the-game\ART\characters\act-1-enemies\forest-stonepoof\production\review\animation_collision\side_frames\0019.png'
00:17.906  render           | Saved: 'C:\Users\d.grab\Desktop\the-game\ART\characters\act-1-enemies\forest-stonepoof\production\review\animation_collision\side_frames\0020.png'
00:18.281  render           | Saved: 'C:\Users\d.grab\Desktop\the-game\ART\characters\act-1-enemies\forest-stonepoof\production\review\animation_collision\side_frames\0021.png'
00:18.672  render           | Saved: 'C:\Users\d.grab\Desktop\the-game\ART\characters\act-1-enemies\forest-stonepoof\production\review\animation_collision\side_frames\0022.png'
00:19.078  render           | Saved: 'C:\Users\d.grab\Desktop\the-game\ART\characters\act-1-enemies\forest-stonepoof\production\review\animation_collision\side_frames\0023.png'
00:19.468  render           | Saved: 'C:\Users\d.grab\Desktop\the-game\ART\characters\act-1-enemies\forest-stonepoof\production\review\animation_collision\side_frames\0024.png'
00:19.843  render           | Saved: 'C:\Users\d.grab\Desktop\the-game\ART\characters\act-1-enemies\forest-stonepoof\production\review\animation_collision\side_frames\0025.png'
00:20.218  render           | Saved: 'C:\Users\d.grab\Desktop\the-game\ART\characters\act-1-enemies\forest-stonepoof\production\review\animation_collision\side_frames\0026.png'
00:20.609  render           | Saved: 'C:\Users\d.grab\Desktop\the-game\ART\characters\act-1-enemies\forest-stonepoof\production\review\animation_collision\side_frames\0027.png'
00:20.968  render           | Saved: 'C:\Users\d.grab\Desktop\the-game\ART\characters\act-1-enemies\forest-stonepoof\production\review\animation_collision\side_frames\0028.png'
00:21.359  render           | Saved: 'C:\Users\d.grab\Desktop\the-game\ART\characters\act-1-enemies\forest-stonepoof\production\review\animation_collision\side_frames\0029.png'
00:21.734  render           | Saved: 'C:\Users\d.grab\Desktop\the-game\ART\characters\act-1-enemies\forest-stonepoof\production\review\animation_collision\side_frames\0030.png'
00:22.093  render           | Saved: 'C:\Users\d.grab\Desktop\the-game\ART\characters\act-1-enemies\forest-stonepoof\production\review\animation_collision\side_frames\0031.png'
00:22.484  render           | Saved: 'C:\Users\d.grab\Desktop\the-game\ART\characters\act-1-enemies\forest-stonepoof\production\review\animation_collision\side_frames\0032.png'
00:22.890  render           | Saved: 'C:\Users\d.grab\Desktop\the-game\ART\characters\act-1-enemies\forest-stonepoof\production\review\animation_collision\side_frames\0033.png'
00:23.265  render           | Saved: 'C:\Users\d.grab\Desktop\the-game\ART\characters\act-1-enemies\forest-stonepoof\production\review\animation_collision\side_frames\0034.png'
00:23.703  render           | Saved: 'C:\Users\d.grab\Desktop\the-game\ART\characters\act-1-enemies\forest-stonepoof\production\review\animation_collision\side_frames\0035.png'
00:24.125  render           | Saved: 'C:\Users\d.grab\Desktop\the-game\ART\characters\act-1-enemies\forest-stonepoof\production\review\animation_collision\side_frames\0036.png'
00:24.515  render           | Saved: 'C:\Users\d.grab\Desktop\the-game\ART\characters\act-1-enemies\forest-stonepoof\production\review\animation_collision\side_frames\0037.png'
00:24.875  render           | Saved: 'C:\Users\d.grab\Desktop\the-game\ART\characters\act-1-enemies\forest-stonepoof\production\review\animation_collision\side_frames\0038.png'
00:25.265  render           | Saved: 'C:\Users\d.grab\Desktop\the-game\ART\characters\act-1-enemies\forest-stonepoof\production\review\animation_collision\side_frames\0039.png'
00:25.609  render           | Saved: 'C:\Users\d.grab\Desktop\the-game\ART\characters\act-1-enemies\forest-stonepoof\production\review\animation_collision\side_frames\0040.png'
00:25.968  render           | Saved: 'C:\Users\d.grab\Desktop\the-game\ART\characters\act-1-enemies\forest-stonepoof\production\review\animation_collision\side_frames\0041.png'
00:26.359  render           | Saved: 'C:\Users\d.grab\Desktop\the-game\ART\characters\act-1-enemies\forest-stonepoof\production\review\animation_collision\side_frames\0042.png'
00:26.718  render           | Saved: 'C:\Users\d.grab\Desktop\the-game\ART\characters\act-1-enemies\forest-stonepoof\production\review\animation_collision\side_frames\0043.png'
00:27.062  render           | Saved: 'C:\Users\d.grab\Desktop\the-game\ART\characters\act-1-enemies\forest-stonepoof\production\review\animation_collision\side_frames\0044.png'
00:27.484  render           | Saved: 'C:\Users\d.grab\Desktop\the-game\ART\characters\act-1-enemies\forest-stonepoof\production\review\animation_collision\side_frames\0045.png'
00:27.875  render           | Saved: 'C:\Users\d.grab\Desktop\the-game\ART\characters\act-1-enemies\forest-stonepoof\production\review\animation_collision\side_frames\0046.png'
00:28.265  render           | Saved: 'C:\Users\d.grab\Desktop\the-game\ART\characters\act-1-enemies\forest-stonepoof\production\review\animation_collision\side_frames\0047.png'
00:28.687  render           | Saved: 'C:\Users\d.grab\Desktop\the-game\ART\characters\act-1-enemies\forest-stonepoof\production\review\animation_collision\side_frames\0048.png'
00:29.078  render           | Saved: 'C:\Users\d.grab\Desktop\the-game\ART\characters\act-1-enemies\forest-stonepoof\production\review\animation_collision\game_frames\0000.png'
00:29.437  render           | Saved: 'C:\Users\d.grab\Desktop\the-game\ART\characters\act-1-enemies\forest-stonepoof\production\review\animation_collision\game_frames\0001.png'
00:29.843  render           | Saved: 'C:\Users\d.grab\Desktop\the-game\ART\characters\act-1-enemies\forest-stonepoof\production\review\animation_collision\game_frames\0002.png'
00:30.234  render           | Saved: 'C:\Users\d.grab\Desktop\the-game\ART\characters\act-1-enemies\forest-stonepoof\production\review\animation_collision\game_frames\0003.png'
00:30.593  render           | Saved: 'C:\Users\d.grab\Desktop\the-game\ART\characters\act-1-enemies\forest-stonepoof\production\review\animation_collision\game_frames\0004.png'
00:31.000  render           | Saved: 'C:\Users\d.grab\Desktop\the-game\ART\characters\act-1-enemies\forest-stonepoof\production\review\animation_collision\game_frames\0005.png'
00:31.375  render           | Saved: 'C:\Users\d.grab\Desktop\the-game\ART\characters\act-1-enemies\forest-stonepoof\production\review\animation_collision\game_frames\0006.png'
00:31.750  render           | Saved: 'C:\Users\d.grab\Desktop\the-game\ART\characters\act-1-enemies\forest-stonepoof\production\review\animation_collision\game_frames\0007.png'
00:32.140  render           | Saved: 'C:\Users\d.grab\Desktop\the-game\ART\characters\act-1-enemies\forest-stonepoof\production\review\animation_collision\game_frames\0008.png'
00:32.531  render           | Saved: 'C:\Users\d.grab\Desktop\the-game\ART\characters\act-1-enemies\forest-stonepoof\production\review\animation_collision\game_frames\0009.png'
00:32.922  render           | Saved: 'C:\Users\d.grab\Desktop\the-game\ART\characters\act-1-enemies\forest-stonepoof\production\review\animation_collision\game_frames\0010.png'
00:33.297  render           | Saved: 'C:\Users\d.grab\Desktop\the-game\ART\characters\act-1-enemies\forest-stonepoof\production\review\animation_collision\game_frames\0011.png'
00:33.718  render           | Saved: 'C:\Users\d.grab\Desktop\the-game\ART\characters\act-1-enemies\forest-stonepoof\production\review\animation_collision\game_frames\0012.png'
00:34.156  render           | Saved: 'C:\Users\d.grab\Desktop\the-game\ART\characters\act-1-enemies\forest-stonepoof\production\review\animation_collision\game_frames\0013.png'
00:34.531  render           | Saved: 'C:\Users\d.grab\Desktop\the-game\ART\characters\act-1-enemies\forest-stonepoof\production\review\animation_collision\game_frames\0014.png'
00:34.937  render           | Saved: 'C:\Users\d.grab\Desktop\the-game\ART\characters\act-1-enemies\forest-stonepoof\production\review\animation_collision\game_frames\0015.png'
00:35.359  render           | Saved: 'C:\Users\d.grab\Desktop\the-game\ART\characters\act-1-enemies\forest-stonepoof\production\review\animation_collision\game_frames\0016.png'
00:35.750  render           | Saved: 'C:\Users\d.grab\Desktop\the-game\ART\characters\act-1-enemies\forest-stonepoof\production\review\animation_collision\game_frames\0017.png'
00:36.125  render           | Saved: 'C:\Users\d.grab\Desktop\the-game\ART\characters\act-1-enemies\forest-stonepoof\production\review\animation_collision\game_frames\0018.png'
00:36.531  render           | Saved: 'C:\Users\d.grab\Desktop\the-game\ART\characters\act-1-enemies\forest-stonepoof\production\review\animation_collision\game_frames\0019.png'
00:36.906  render           | Saved: 'C:\Users\d.grab\Desktop\the-game\ART\characters\act-1-enemies\forest-stonepoof\production\review\animation_collision\game_frames\0020.png'
00:37.343  render           | Saved: 'C:\Users\d.grab\Desktop\the-game\ART\characters\act-1-enemies\forest-stonepoof\production\review\animation_collision\game_frames\0021.png'
00:37.781  render           | Saved: 'C:\Users\d.grab\Desktop\the-game\ART\characters\act-1-enemies\forest-stonepoof\production\review\animation_collision\game_frames\0022.png'
00:38.172  render           | Saved: 'C:\Users\d.grab\Desktop\the-game\ART\characters\act-1-enemies\forest-stonepoof\production\review\animation_collision\game_frames\0023.png'
00:38.562  render           | Saved: 'C:\Users\d.grab\Desktop\the-game\ART\characters\act-1-enemies\forest-stonepoof\production\review\animation_collision\game_frames\0024.png'
00:38.984  render           | Saved: 'C:\Users\d.grab\Desktop\the-game\ART\characters\act-1-enemies\forest-stonepoof\production\review\animation_collision\game_frames\0025.png'
00:39.390  render           | Saved: 'C:\Users\d.grab\Desktop\the-game\ART\characters\act-1-enemies\forest-stonepoof\production\review\animation_collision\game_frames\0026.png'
00:39.797  render           | Saved: 'C:\Users\d.grab\Desktop\the-game\ART\characters\act-1-enemies\forest-stonepoof\production\review\animation_collision\game_frames\0027.png'
00:40.203  render           | Saved: 'C:\Users\d.grab\Desktop\the-game\ART\characters\act-1-enemies\forest-stonepoof\production\review\animation_collision\game_frames\0028.png'
00:40.609  render           | Saved: 'C:\Users\d.grab\Desktop\the-game\ART\characters\act-1-enemies\forest-stonepoof\production\review\animation_collision\game_frames\0029.png'
00:40.984  render           | Saved: 'C:\Users\d.grab\Desktop\the-game\ART\characters\act-1-enemies\forest-stonepoof\production\review\animation_collision\game_frames\0030.png'
00:41.375  render           | Saved: 'C:\Users\d.grab\Desktop\the-game\ART\characters\act-1-enemies\forest-stonepoof\production\review\animation_collision\game_frames\0031.png'
00:41.781  render           | Saved: 'C:\Users\d.grab\Desktop\the-game\ART\characters\act-1-enemies\forest-stonepoof\production\review\animation_collision\game_frames\0032.png'
00:42.218  render           | Saved: 'C:\Users\d.grab\Desktop\the-game\ART\characters\act-1-enemies\forest-stonepoof\production\review\animation_collision\game_frames\0033.png'
00:42.656  render           | Saved: 'C:\Users\d.grab\Desktop\the-game\ART\characters\act-1-enemies\forest-stonepoof\production\review\animation_collision\game_frames\0034.png'
00:43.047  render           | Saved: 'C:\Users\d.grab\Desktop\the-game\ART\characters\act-1-enemies\forest-stonepoof\production\review\animation_collision\game_frames\0035.png'
00:43.437  render           | Saved: 'C:\Users\d.grab\Desktop\the-game\ART\characters\act-1-enemies\forest-stonepoof\production\review\animation_collision\game_frames\0036.png'
00:43.859  render           | Saved: 'C:\Users\d.grab\Desktop\the-game\ART\characters\act-1-enemies\forest-stonepoof\production\review\animation_collision\game_frames\0037.png'
00:44.250  render           | Saved: 'C:\Users\d.grab\Desktop\the-game\ART\characters\act-1-enemies\forest-stonepoof\production\review\animation_collision\game_frames\0038.png'
00:44.625  render           | Saved: 'C:\Users\d.grab\Desktop\the-game\ART\characters\act-1-enemies\forest-stonepoof\production\review\animation_collision\game_frames\0039.png'
00:45.015  render           | Saved: 'C:\Users\d.grab\Desktop\the-game\ART\characters\act-1-enemies\forest-stonepoof\production\review\animation_collision\game_frames\0040.png'
00:45.406  render           | Saved: 'C:\Users\d.grab\Desktop\the-game\ART\characters\act-1-enemies\forest-stonepoof\production\review\animation_collision\game_frames\0041.png'
00:45.812  render           | Saved: 'C:\Users\d.grab\Desktop\the-game\ART\characters\act-1-enemies\forest-stonepoof\production\review\animation_collision\game_frames\0042.png'
00:46.187  render           | Saved: 'C:\Users\d.grab\Desktop\the-game\ART\characters\act-1-enemies\forest-stonepoof\production\review\animation_collision\game_frames\0043.png'
00:46.593  render           | Saved: 'C:\Users\d.grab\Desktop\the-game\ART\characters\act-1-enemies\forest-stonepoof\production\review\animation_collision\game_frames\0044.png'
00:46.984  render           | Saved: 'C:\Users\d.grab\Desktop\the-game\ART\characters\act-1-enemies\forest-stonepoof\production\review\animation_collision\game_frames\0045.png'
00:47.359  render           | Saved: 'C:\Users\d.grab\Desktop\the-game\ART\characters\act-1-enemies\forest-stonepoof\production\review\animation_collision\game_frames\0046.png'
00:47.765  render           | Saved: 'C:\Users\d.grab\Desktop\the-game\ART\characters\act-1-enemies\forest-stonepoof\production\review\animation_collision\game_frames\0047.png'
00:48.172  render           | Saved: 'C:\Users\d.grab\Desktop\the-game\ART\characters\act-1-enemies\forest-stonepoof\production\review\animation_collision\game_frames\0048.png'
Info: Saved as "Stonehoof_Collision_r01.blend"
COLLISION_BUILT {"source_sha256": {"C:\\Users\\d.grab\\Desktop\\the-game\\ART\\characters\\act-1-enemies\\forest-stonepoof\\production\\animation\\windup_start\\Stonehoof_WindupStart_r01.blend": "f10a5f0747be7adb1b598cdbbddd0bd080af3ddd49e9ef25f6340ebb5510960e", "C:\\Users\\d.grab\\Desktop\\the-game\\ART\\characters\\act-1-enemies\\forest-stonepoof\\production\\animation\\charge_loop\\Stonehoof_ChargeLoop_r01.blend": "c8d4ea70675e5db835052b25952ab960c4f68e25ba87b574eb3598150d3871d5", "C:\\Users\\d.grab\\Desktop\\the-game\\ART\\characters\\act-1-enemies\\forest-stonepoof\\production\\animation\\brake\\Stonehoof_Brake_r01.blend": "e24f05a5fcf5e394c6a22d121c6a684c40e97c5e3dff9ca7df1f725bcc16eaa9"}, "joins": {"from_accepted_gallop_phase_0": {"max_joint_position_m": 0.0, "max_matrix_error": 0.0}, "to_accepted_stance": {"max_joint_position_m": 1.4394861073176052e-06, "max_matrix_error": 4.999339580535889e-06}}, "contacts": {"front_left": 14, "front_right": 14.5, "hind_left": 15.5, "hind_right": 16}, "frames": 48, "fps": 30, "impact_frame": 12, "stun_frames": 36, "wall_y": -5.8281474113464355, "forehead_contact_vertex": 1606, "forehead_contact_rest": [-0.12133099138736725, -0.7889637351036072, 1.011625051498413], "forehead_contact_world": [-0.12133082002401352, -5.8281474113464355, 0.9123938083648682], "owner_approved": false, "phase_transition_note": "Canonical phase shown. Runtime blends arbitrary gait phase and uses Sim collision tick, with no delayed contact. WallBrace is optional within running time, never extra preparation."}
Blender 5.2.1 LTS (hash 9e2066aef7ef built 2026-08-25 02:38:20)

Blender quit
