00:02.922  blend            | Read blend: "C:\Users\d.grab\Desktop\the-game\ART\characters\act-1-enemies\forest-stonepoof\production\animation\collision\Stonehoof_Collision_r01.blend"
C:\Users\d.grab\Desktop\the-game\ART\characters\act-1-enemies\forest-stonepoof\production\animation\collision\render_upper.py:18: DeprecationWarning: 'Material.use_nodes' is expected to be removed in Blender 6.0
  mat=bpy.data.materials.new('MAT_QA_FloorMarks');mat.use_nodes=True
00:05.000  render           | Saved: 'C:\Users\d.grab\Desktop\the-game\ART\characters\act-1-enemies\forest-stonepoof\production\review\animation_collision\game_frames\0000.png'
00:05.422  render           | Saved: 'C:\Users\d.grab\Desktop\the-game\ART\characters\act-1-enemies\forest-stonepoof\production\review\animation_collision\game_frames\0001.png'
00:05.766  render           | Saved: 'C:\Users\d.grab\Desktop\the-game\ART\characters\act-1-enemies\forest-stonepoof\production\review\animation_collision\game_frames\0002.png'
00:06.078  render           | Saved: 'C:\Users\d.grab\Desktop\the-game\ART\characters\act-1-enemies\forest-stonepoof\production\review\animation_collision\game_frames\0003.png'
00:06.391  render           | Saved: 'C:\Users\d.grab\Desktop\the-game\ART\characters\act-1-enemies\forest-stonepoof\production\review\animation_collision\game_frames\0004.png'
00:06.688  render           | Saved: 'C:\Users\d.grab\Desktop\the-game\ART\characters\act-1-enemies\forest-stonepoof\production\review\animation_collision\game_frames\0005.png'
00:07.063  render           | Saved: 'C:\Users\d.grab\Desktop\the-game\ART\characters\act-1-enemies\forest-stonepoof\production\review\animation_collision\game_frames\0006.png'
00:07.391  render           | Saved: 'C:\Users\d.grab\Desktop\the-game\ART\characters\act-1-enemies\forest-stonepoof\production\review\animation_collision\game_frames\0007.png'
00:07.750  render           | Saved: 'C:\Users\d.grab\Desktop\the-game\ART\characters\act-1-enemies\forest-stonepoof\production\review\animation_collision\game_frames\0008.png'
00:08.047  render           | Saved: 'C:\Users\d.grab\Desktop\the-game\ART\characters\act-1-enemies\forest-stonepoof\production\review\animation_collision\game_frames\0009.png'
00:08.344  render           | Saved: 'C:\Users\d.grab\Desktop\the-game\ART\characters\act-1-enemies\forest-stonepoof\production\review\animation_collision\game_frames\0010.png'
00:08.688  render           | Saved: 'C:\Users\d.grab\Desktop\the-game\ART\characters\act-1-enemies\forest-stonepoof\production\review\animation_collision\game_frames\0011.png'
00:09.016  render           | Saved: 'C:\Users\d.grab\Desktop\the-game\ART\characters\act-1-enemies\forest-stonepoof\production\review\animation_collision\game_frames\0012.png'
00:09.328  render           | Saved: 'C:\Users\d.grab\Desktop\the-game\ART\characters\act-1-enemies\forest-stonepoof\production\review\animation_collision\game_frames\0013.png'
00:09.703  render           | Saved: 'C:\Users\d.grab\Desktop\the-game\ART\characters\act-1-enemies\forest-stonepoof\production\review\animation_collision\game_frames\0014.png'
00:10.141  render           | Saved: 'C:\Users\d.grab\Desktop\the-game\ART\characters\act-1-enemies\forest-stonepoof\production\review\animation_collision\game_frames\0015.png'
00:10.547  render           | Saved: 'C:\Users\d.grab\Desktop\the-game\ART\characters\act-1-enemies\forest-stonepoof\production\review\animation_collision\game_frames\0016.png'
00:10.938  render           | Saved: 'C:\Users\d.grab\Desktop\the-game\ART\characters\act-1-enemies\forest-stonepoof\production\review\animation_collision\game_frames\0017.png'
00:11.391  render           | Saved: 'C:\Users\d.grab\Desktop\the-game\ART\characters\act-1-enemies\forest-stonepoof\production\review\animation_collision\game_frames\0018.png'
00:11.781  render           | Saved: 'C:\Users\d.grab\Desktop\the-game\ART\characters\act-1-enemies\forest-stonepoof\production\review\animation_collision\game_frames\0019.png'
00:12.141  render           | Saved: 'C:\Users\d.grab\Desktop\the-game\ART\characters\act-1-enemies\forest-stonepoof\production\review\animation_collision\game_frames\0020.png'
00:12.500  render           | Saved: 'C:\Users\d.grab\Desktop\the-game\ART\characters\act-1-enemies\forest-stonepoof\production\review\animation_collision\game_frames\0021.png'
00:12.891  render           | Saved: 'C:\Users\d.grab\Desktop\the-game\ART\characters\act-1-enemies\forest-stonepoof\production\review\animation_collision\game_frames\0022.png'
00:13.281  render           | Saved: 'C:\Users\d.grab\Desktop\the-game\ART\characters\act-1-enemies\forest-stonepoof\production\review\animation_collision\game_frames\0023.png'
00:13.656  render           | Saved: 'C:\Users\d.grab\Desktop\the-game\ART\characters\act-1-enemies\forest-stonepoof\production\review\animation_collision\game_frames\0024.png'
00:13.985  render           | Saved: 'C:\Users\d.grab\Desktop\the-game\ART\characters\act-1-enemies\forest-stonepoof\production\review\animation_collision\game_frames\0025.png'
00:14.360  render           | Saved: 'C:\Users\d.grab\Desktop\the-game\ART\characters\act-1-enemies\forest-stonepoof\production\review\animation_collision\game_frames\0026.png'
00:14.703  render           | Saved: 'C:\Users\d.grab\Desktop\the-game\ART\characters\act-1-enemies\forest-stonepoof\production\review\animation_collision\game_frames\0027.png'
00:15.063  render           | Saved: 'C:\Users\d.grab\Desktop\the-game\ART\characters\act-1-enemies\forest-stonepoof\production\review\animation_collision\game_frames\0028.png'
00:15.391  render           | Saved: 'C:\Users\d.grab\Desktop\the-game\ART\characters\act-1-enemies\forest-stonepoof\production\review\animation_collision\game_frames\0029.png'
00:15.750  render           | Saved: 'C:\Users\d.grab\Desktop\the-game\ART\characters\act-1-enemies\forest-stonepoof\production\review\animation_collision\game_frames\0030.png'
00:16.156  render           | Saved: 'C:\Users\d.grab\Desktop\the-game\ART\characters\act-1-enemies\forest-stonepoof\production\review\animation_collision\game_frames\0031.png'
00:16.516  render           | Saved: 'C:\Users\d.grab\Desktop\the-game\ART\characters\act-1-enemies\forest-stonepoof\production\review\animation_collision\game_frames\0032.png'
00:16.891  render           | Saved: 'C:\Users\d.grab\Desktop\the-game\ART\characters\act-1-enemies\forest-stonepoof\production\review\animation_collision\game_frames\0033.png'
00:17.266  render           | Saved: 'C:\Users\d.grab\Desktop\the-game\ART\characters\act-1-enemies\forest-stonepoof\production\review\animation_collision\game_frames\0034.png'
00:17.703  render           | Saved: 'C:\Users\d.grab\Desktop\the-game\ART\characters\act-1-enemies\forest-stonepoof\production\review\animation_collision\game_frames\0035.png'
00:18.125  render           | Saved: 'C:\Users\d.grab\Desktop\the-game\ART\characters\act-1-enemies\forest-stonepoof\production\review\animation_collision\game_frames\0036.png'
00:18.547  render           | Saved: 'C:\Users\d.grab\Desktop\the-game\ART\characters\act-1-enemies\forest-stonepoof\production\review\animation_collision\game_frames\0037.png'
00:18.922  render           | Saved: 'C:\Users\d.grab\Desktop\the-game\ART\characters\act-1-enemies\forest-stonepoof\production\review\animation_collision\game_frames\0038.png'
00:19.297  render           | Saved: 'C:\Users\d.grab\Desktop\the-game\ART\characters\act-1-enemies\forest-stonepoof\production\review\animation_collision\game_frames\0039.png'
00:19.672  render           | Saved: 'C:\Users\d.grab\Desktop\the-game\ART\characters\act-1-enemies\forest-stonepoof\production\review\animation_collision\game_frames\0040.png'
00:20.031  render           | Saved: 'C:\Users\d.grab\Desktop\the-game\ART\characters\act-1-enemies\forest-stonepoof\production\review\animation_collision\game_frames\0041.png'
00:20.391  render           | Saved: 'C:\Users\d.grab\Desktop\the-game\ART\characters\act-1-enemies\forest-stonepoof\production\review\animation_collision\game_frames\0042.png'
00:20.750  render           | Saved: 'C:\Users\d.grab\Desktop\the-game\ART\characters\act-1-enemies\forest-stonepoof\production\review\animation_collision\game_frames\0043.png'
00:21.172  render           | Saved: 'C:\Users\d.grab\Desktop\the-game\ART\characters\act-1-enemies\forest-stonepoof\production\review\animation_collision\game_frames\0044.png'
00:21.563  render           | Saved: 'C:\Users\d.grab\Desktop\the-game\ART\characters\act-1-enemies\forest-stonepoof\production\review\animation_collision\game_frames\0045.png'
00:21.922  render           | Saved: 'C:\Users\d.grab\Desktop\the-game\ART\characters\act-1-enemies\forest-stonepoof\production\review\animation_collision\game_frames\0046.png'
00:22.250  render           | Saved: 'C:\Users\d.grab\Desktop\the-game\ART\characters\act-1-enemies\forest-stonepoof\production\review\animation_collision\game_frames\0047.png'
00:22.641  render           | Saved: 'C:\Users\d.grab\Desktop\the-game\ART\characters\act-1-enemies\forest-stonepoof\production\review\animation_collision\game_frames\0048.png'
UPPER_CAMERA_RENDER_COMPLETE
Blender 5.2.1 LTS (hash 9e2066aef7ef built 2026-08-25 02:38:20)

Blender quit
