[a_Rodin.utils-[36mDBG[0m]: [36mRodinBridge: register[0m
[a_Rodin.utils-[33mWRN[0m]: [33mServer running on port 61863[0m
Traceback (most recent call last):
  File "C:\Program Files\Blender Foundation\Blender 5.2\5.2\scripts\modules\addon_utils.py", line 458, in enable
    mod = importlib.import_module(module_name)
  File "C:\Program Files\Blender Foundation\Blender 5.2\5.2\python\Lib\importlib\__init__.py", line 88, in import_module
    return _bootstrap._gcd_import(name[level:], package, level)
           ~~~~~~~~~~~~~~~~~~~~~~^^^^^^^^^^^^^^^^^^^^^^^^^^^^^^
  File "<frozen importlib._bootstrap>", line 1395, in _gcd_import
  File "<frozen importlib._bootstrap>", line 1360, in _find_and_load
  File "<frozen importlib._bootstrap>", line 1331, in _find_and_load_unlocked
  File "<frozen importlib._bootstrap>", line 935, in _load_unlocked
  File "<frozen importlib._bootstrap_external>", line 1023, in exec_module
  File "<frozen importlib._bootstrap>", line 488, in _call_with_frames_removed
  File "C:\Users\d.grab\AppData\Roaming\Blender Foundation\Blender\5.2\extensions\user_default\higgsfield_blender\__init__.py", line 60, in <module>
    from .features import bridge_gate, phonecam
  File "C:\Users\d.grab\AppData\Roaming\Blender Foundation\Blender\5.2\extensions\user_default\higgsfield_blender\features\bridge_gate.py", line 23, in <module>
    from ..fnf.session import _active_workspace_id, is_authenticated
  File "C:\Users\d.grab\AppData\Roaming\Blender Foundation\Blender\5.2\extensions\user_default\higgsfield_blender\fnf\session.py", line 31, in <module>
    import httpx
ModuleNotFoundError: No module named 'httpx'
[a_Rodin.utils-[36mDBG[0m]: [36mon_scene_load[0m
[a_Rodin.utils-[36mDBG[0m]: [36mensure_default_image[0m
00:04.094  blend            | Read blend: "C:\Users\d.grab\Desktop\the-game\ART\characters\act-1-enemies\8.forest-splitbark\production\animation\ForestSplitter_Baked_r01.blend"
00:05.641  render           | Saved: 'C:\Users\d.grab\Desktop\the-game\ART\characters\act-1-enemies\8.forest-splitbark\production\review\animation_r01\frames\ForestSplitter_Bite_game\0000.png'
00:05.813  render           | Saved: 'C:\Users\d.grab\Desktop\the-game\ART\characters\act-1-enemies\8.forest-splitbark\production\review\animation_r01\frames\ForestSplitter_Bite_game\0001.png'
00:05.969  render           | Saved: 'C:\Users\d.grab\Desktop\the-game\ART\characters\act-1-enemies\8.forest-splitbark\production\review\animation_r01\frames\ForestSplitter_Bite_game\0002.png'
00:06.125  render           | Saved: 'C:\Users\d.grab\Desktop\the-game\ART\characters\act-1-enemies\8.forest-splitbark\production\review\animation_r01\frames\ForestSplitter_Bite_game\0003.png'
00:06.282  render           | Saved: 'C:\Users\d.grab\Desktop\the-game\ART\characters\act-1-enemies\8.forest-splitbark\production\review\animation_r01\frames\ForestSplitter_Bite_game\0004.png'
00:06.438  render           | Saved: 'C:\Users\d.grab\Desktop\the-game\ART\characters\act-1-enemies\8.forest-splitbark\production\review\animation_r01\frames\ForestSplitter_Bite_game\0005.png'
00:06.625  render           | Saved: 'C:\Users\d.grab\Desktop\the-game\ART\characters\act-1-enemies\8.forest-splitbark\production\review\animation_r01\frames\ForestSplitter_Bite_game\0006.png'
00:06.797  render           | Saved: 'C:\Users\d.grab\Desktop\the-game\ART\characters\act-1-enemies\8.forest-splitbark\production\review\animation_r01\frames\ForestSplitter_Bite_game\0007.png'
00:06.969  render           | Saved: 'C:\Users\d.grab\Desktop\the-game\ART\characters\act-1-enemies\8.forest-splitbark\production\review\animation_r01\frames\ForestSplitter_Bite_game\0008.png'
00:07.141  render           | Saved: 'C:\Users\d.grab\Desktop\the-game\ART\characters\act-1-enemies\8.forest-splitbark\production\review\animation_r01\frames\ForestSplitter_Bite_game\0009.png'
00:07.344  render           | Saved: 'C:\Users\d.grab\Desktop\the-game\ART\characters\act-1-enemies\8.forest-splitbark\production\review\animation_r01\frames\ForestSplitter_Bite_game\0010.png'
00:07.578  render           | Saved: 'C:\Users\d.grab\Desktop\the-game\ART\characters\act-1-enemies\8.forest-splitbark\production\review\animation_r01\frames\ForestSplitter_Bite_game\0011.png'
00:07.782  render           | Saved: 'C:\Users\d.grab\Desktop\the-game\ART\characters\act-1-enemies\8.forest-splitbark\production\review\animation_r01\frames\ForestSplitter_Bite_game\0012.png'
00:07.938  render           | Saved: 'C:\Users\d.grab\Desktop\the-game\ART\characters\act-1-enemies\8.forest-splitbark\production\review\animation_r01\frames\ForestSplitter_Bite_game\0013.png'
00:08.110  render           | Saved: 'C:\Users\d.grab\Desktop\the-game\ART\characters\act-1-enemies\8.forest-splitbark\production\review\animation_r01\frames\ForestSplitter_Bite_game\0014.png'
00:08.282  render           | Saved: 'C:\Users\d.grab\Desktop\the-game\ART\characters\act-1-enemies\8.forest-splitbark\production\review\animation_r01\frames\ForestSplitter_Bite_game\0015.png'
00:08.469  render           | Saved: 'C:\Users\d.grab\Desktop\the-game\ART\characters\act-1-enemies\8.forest-splitbark\production\review\animation_r01\frames\ForestSplitter_Bite_game\0016.png'
00:08.641  render           | Saved: 'C:\Users\d.grab\Desktop\the-game\ART\characters\act-1-enemies\8.forest-splitbark\production\review\animation_r01\frames\ForestSplitter_Bite_game\0017.png'
00:08.813  render           | Saved: 'C:\Users\d.grab\Desktop\the-game\ART\characters\act-1-enemies\8.forest-splitbark\production\review\animation_r01\frames\ForestSplitter_Bite_game\0018.png'
00:08.969  render           | Saved: 'C:\Users\d.grab\Desktop\the-game\ART\characters\act-1-enemies\8.forest-splitbark\production\review\animation_r01\frames\ForestSplitter_Bite_game\0019.png'
00:09.125  render           | Saved: 'C:\Users\d.grab\Desktop\the-game\ART\characters\act-1-enemies\8.forest-splitbark\production\review\animation_r01\frames\ForestSplitter_Bite_game\0020.png'
00:09.297  render           | Saved: 'C:\Users\d.grab\Desktop\the-game\ART\characters\act-1-enemies\8.forest-splitbark\production\review\animation_r01\frames\ForestSplitter_Bite_game\0021.png'
00:09.469  render           | Saved: 'C:\Users\d.grab\Desktop\the-game\ART\characters\act-1-enemies\8.forest-splitbark\production\review\animation_r01\frames\ForestSplitter_Bite_game\0022.png'
00:09.657  render           | Saved: 'C:\Users\d.grab\Desktop\the-game\ART\characters\act-1-enemies\8.forest-splitbark\production\review\animation_r01\frames\ForestSplitter_Bite_game\0023.png'
00:09.844  render           | Saved: 'C:\Users\d.grab\Desktop\the-game\ART\characters\act-1-enemies\8.forest-splitbark\production\review\animation_r01\frames\ForestSplitter_Bite_game\0024.png'
00:10.000  render           | Saved: 'C:\Users\d.grab\Desktop\the-game\ART\characters\act-1-enemies\8.forest-splitbark\production\review\animation_r01\frames\ForestSplitter_Bite_game\0025.png'
00:10.157  render           | Saved: 'C:\Users\d.grab\Desktop\the-game\ART\characters\act-1-enemies\8.forest-splitbark\production\review\animation_r01\frames\ForestSplitter_Bite_game\0026.png'
00:10.313  render           | Saved: 'C:\Users\d.grab\Desktop\the-game\ART\characters\act-1-enemies\8.forest-splitbark\production\review\animation_r01\frames\ForestSplitter_Bite_game\0027.png'
00:10.485  render           | Saved: 'C:\Users\d.grab\Desktop\the-game\ART\characters\act-1-enemies\8.forest-splitbark\production\review\animation_r01\frames\ForestSplitter_Bite_game\0028.png'
00:10.657  render           | Saved: 'C:\Users\d.grab\Desktop\the-game\ART\characters\act-1-enemies\8.forest-splitbark\production\review\animation_r01\frames\ForestSplitter_Bite_game\0029.png'
00:10.844  render           | Saved: 'C:\Users\d.grab\Desktop\the-game\ART\characters\act-1-enemies\8.forest-splitbark\production\review\animation_r01\frames\ForestSplitter_Bite_game\0030.png'
Reloading external rigs...
Reloading external metarigs...
RENDERED ForestSplitter_Bite game 31
00:11.047  render           | Saved: 'C:\Users\d.grab\Desktop\the-game\ART\characters\act-1-enemies\8.forest-splitbark\production\review\animation_r01\frames\ForestSplitter_Bite_side\0000.png'
00:11.235  render           | Saved: 'C:\Users\d.grab\Desktop\the-game\ART\characters\act-1-enemies\8.forest-splitbark\production\review\animation_r01\frames\ForestSplitter_Bite_side\0001.png'
00:11.391  render           | Saved: 'C:\Users\d.grab\Desktop\the-game\ART\characters\act-1-enemies\8.forest-splitbark\production\review\animation_r01\frames\ForestSplitter_Bite_side\0002.png'
00:11.547  render           | Saved: 'C:\Users\d.grab\Desktop\the-game\ART\characters\act-1-enemies\8.forest-splitbark\production\review\animation_r01\frames\ForestSplitter_Bite_side\0003.png'
00:11.719  render           | Saved: 'C:\Users\d.grab\Desktop\the-game\ART\characters\act-1-enemies\8.forest-splitbark\production\review\animation_r01\frames\ForestSplitter_Bite_side\0004.png'
00:11.907  render           | Saved: 'C:\Users\d.grab\Desktop\the-game\ART\characters\act-1-enemies\8.forest-splitbark\production\review\animation_r01\frames\ForestSplitter_Bite_side\0005.png'
00:12.078  render           | Saved: 'C:\Users\d.grab\Desktop\the-game\ART\characters\act-1-enemies\8.forest-splitbark\production\review\animation_r01\frames\ForestSplitter_Bite_side\0006.png'
00:12.250  render           | Saved: 'C:\Users\d.grab\Desktop\the-game\ART\characters\act-1-enemies\8.forest-splitbark\production\review\animation_r01\frames\ForestSplitter_Bite_side\0007.png'
00:12.438  render           | Saved: 'C:\Users\d.grab\Desktop\the-game\ART\characters\act-1-enemies\8.forest-splitbark\production\review\animation_r01\frames\ForestSplitter_Bite_side\0008.png'
00:12.594  render           | Saved: 'C:\Users\d.grab\Desktop\the-game\ART\characters\act-1-enemies\8.forest-splitbark\production\review\animation_r01\frames\ForestSplitter_Bite_side\0009.png'
00:12.766  render           | Saved: 'C:\Users\d.grab\Desktop\the-game\ART\characters\act-1-enemies\8.forest-splitbark\production\review\animation_r01\frames\ForestSplitter_Bite_side\0010.png'
00:12.922  render           | Saved: 'C:\Users\d.grab\Desktop\the-game\ART\characters\act-1-enemies\8.forest-splitbark\production\review\animation_r01\frames\ForestSplitter_Bite_side\0011.png'
00:13.078  render           | Saved: 'C:\Users\d.grab\Desktop\the-game\ART\characters\act-1-enemies\8.forest-splitbark\production\review\animation_r01\frames\ForestSplitter_Bite_side\0012.png'
00:13.266  render           | Saved: 'C:\Users\d.grab\Desktop\the-game\ART\characters\act-1-enemies\8.forest-splitbark\production\review\animation_r01\frames\ForestSplitter_Bite_side\0013.png'
00:13.453  render           | Saved: 'C:\Users\d.grab\Desktop\the-game\ART\characters\act-1-enemies\8.forest-splitbark\production\review\animation_r01\frames\ForestSplitter_Bite_side\0014.png'
00:13.641  render           | Saved: 'C:\Users\d.grab\Desktop\the-game\ART\characters\act-1-enemies\8.forest-splitbark\production\review\animation_r01\frames\ForestSplitter_Bite_side\0015.png'
00:13.813  render           | Saved: 'C:\Users\d.grab\Desktop\the-game\ART\characters\act-1-enemies\8.forest-splitbark\production\review\animation_r01\frames\ForestSplitter_Bite_side\0016.png'
00:13.969  render           | Saved: 'C:\Users\d.grab\Desktop\the-game\ART\characters\act-1-enemies\8.forest-splitbark\production\review\animation_r01\frames\ForestSplitter_Bite_side\0017.png'
00:14.141  render           | Saved: 'C:\Users\d.grab\Desktop\the-game\ART\characters\act-1-enemies\8.forest-splitbark\production\review\animation_r01\frames\ForestSplitter_Bite_side\0018.png'
00:14.313  render           | Saved: 'C:\Users\d.grab\Desktop\the-game\ART\characters\act-1-enemies\8.forest-splitbark\production\review\animation_r01\frames\ForestSplitter_Bite_side\0019.png'
00:14.532  render           | Saved: 'C:\Users\d.grab\Desktop\the-game\ART\characters\act-1-enemies\8.forest-splitbark\production\review\animation_r01\frames\ForestSplitter_Bite_side\0020.png'
00:14.766  render           | Saved: 'C:\Users\d.grab\Desktop\the-game\ART\characters\act-1-enemies\8.forest-splitbark\production\review\animation_r01\frames\ForestSplitter_Bite_side\0021.png'
00:14.938  render           | Saved: 'C:\Users\d.grab\Desktop\the-game\ART\characters\act-1-enemies\8.forest-splitbark\production\review\animation_r01\frames\ForestSplitter_Bite_side\0022.png'
00:15.125  render           | Saved: 'C:\Users\d.grab\Desktop\the-game\ART\characters\act-1-enemies\8.forest-splitbark\production\review\animation_r01\frames\ForestSplitter_Bite_side\0023.png'
00:15.297  render           | Saved: 'C:\Users\d.grab\Desktop\the-game\ART\characters\act-1-enemies\8.forest-splitbark\production\review\animation_r01\frames\ForestSplitter_Bite_side\0024.png'
00:15.469  render           | Saved: 'C:\Users\d.grab\Desktop\the-game\ART\characters\act-1-enemies\8.forest-splitbark\production\review\animation_r01\frames\ForestSplitter_Bite_side\0025.png'
00:15.641  render           | Saved: 'C:\Users\d.grab\Desktop\the-game\ART\characters\act-1-enemies\8.forest-splitbark\production\review\animation_r01\frames\ForestSplitter_Bite_side\0026.png'
00:15.828  render           | Saved: 'C:\Users\d.grab\Desktop\the-game\ART\characters\act-1-enemies\8.forest-splitbark\production\review\animation_r01\frames\ForestSplitter_Bite_side\0027.png'
00:16.016  render           | Saved: 'C:\Users\d.grab\Desktop\the-game\ART\characters\act-1-enemies\8.forest-splitbark\production\review\animation_r01\frames\ForestSplitter_Bite_side\0028.png'
00:16.219  render           | Saved: 'C:\Users\d.grab\Desktop\the-game\ART\characters\act-1-enemies\8.forest-splitbark\production\review\animation_r01\frames\ForestSplitter_Bite_side\0029.png'
00:16.407  render           | Saved: 'C:\Users\d.grab\Desktop\the-game\ART\characters\act-1-enemies\8.forest-splitbark\production\review\animation_r01\frames\ForestSplitter_Bite_side\0030.png'
RENDERED ForestSplitter_Bite side 31
RENDER_DONE
[a_Rodin.utils-[36mDBG[0m]: [36mRodinBridge: unregister[0m
Traceback (most recent call last):
  File "C:\Program Files\Blender Foundation\Blender 5.2\5.2\scripts\modules\addon_utils.py", line 595, in disable
    mod.unregister()
    ~~~~~~~~~~~~~~^^
  File "C:\Users\d.grab\AppData\Roaming\Blender Foundation\Blender\5.2\scripts\addons\a_Rodin\__init__.py", line 28, in unregister
    unreg()
    ~~~~~^^
  File "C:\Program Files\Blender Foundation\Blender 5.2\5.2\scripts\modules\bpy\utils\__init__.py", line 1054, in unregister
    mod.unregister()
    ~~~~~~~~~~~~~~^^
  File "C:\Program Files\Blender Foundation\Blender 5.2\5.2\scripts\modules\bpy\utils\__init__.py", line 1054, in unregister
    mod.unregister()
    ~~~~~~~~~~~~~~^^
  File "C:\Program Files\Blender Foundation\Blender 5.2\5.2\scripts\modules\bpy\utils\__init__.py", line 1054, in unregister
    mod.unregister()
    ~~~~~~~~~~~~~~^^
  File "C:\Users\d.grab\AppData\Roaming\Blender Foundation\Blender\5.2\scripts\addons\a_Rodin\src\rodin\properties.py", line 408, in unregister
    bpy.app.handlers.load_post.remove(on_scene_load)
    ~~~~~~~~~~~~~~~~~~~~~~~~~~~~~~~~~^^^^^^^^^^^^^^^
ValueError: list.remove(x): x not in list
Exception in module unregister(): 'C:\\Users\\d.grab\\AppData\\Roaming\\Blender Foundation\\Blender\\5.2\\scripts\\addons\\a_Rodin\\__init__.py'
Blender 5.2.1 LTS (hash 9e2066aef7ef built 2026-08-25 02:38:20)

Blender quit
