[a_Rodin.utils-[36mDBG[0m]: [36mRodinBridge: register[0m
[a_Rodin.utils-[33mWRN[0m]: [33mServer running on port 61863[0m
[a_Rodin.utils-[36mDBG[0m]: [36mon_scene_load[0m
[a_Rodin.utils-[36mDBG[0m]: [36mensure_default_image[0m
00:04.328  blend            | Read blend: "C:\Users\d.grab\Desktop\the-game\ART\characters\act-1-enemies\8.forest-splitbark\production\animation\ForestSplitter_Baked_r02.blend"
00:05.750  render           | Saved: 'C:\Users\d.grab\Desktop\the-game\ART\characters\act-1-enemies\8.forest-splitbark\production\review\animation_r01\frames\ForestSplitter_RollCurl_game\0000.png'
00:05.922  render           | Saved: 'C:\Users\d.grab\Desktop\the-game\ART\characters\act-1-enemies\8.forest-splitbark\production\review\animation_r01\frames\ForestSplitter_RollCurl_game\0001.png'
00:06.078  render           | Saved: 'C:\Users\d.grab\Desktop\the-game\ART\characters\act-1-enemies\8.forest-splitbark\production\review\animation_r01\frames\ForestSplitter_RollCurl_game\0002.png'
00:06.234  render           | Saved: 'C:\Users\d.grab\Desktop\the-game\ART\characters\act-1-enemies\8.forest-splitbark\production\review\animation_r01\frames\ForestSplitter_RollCurl_game\0003.png'
00:06.406  render           | Saved: 'C:\Users\d.grab\Desktop\the-game\ART\characters\act-1-enemies\8.forest-splitbark\production\review\animation_r01\frames\ForestSplitter_RollCurl_game\0004.png'
00:06.563  render           | Saved: 'C:\Users\d.grab\Desktop\the-game\ART\characters\act-1-enemies\8.forest-splitbark\production\review\animation_r01\frames\ForestSplitter_RollCurl_game\0005.png'
00:06.734  render           | Saved: 'C:\Users\d.grab\Desktop\the-game\ART\characters\act-1-enemies\8.forest-splitbark\production\review\animation_r01\frames\ForestSplitter_RollCurl_game\0006.png'
00:06.938  render           | Saved: 'C:\Users\d.grab\Desktop\the-game\ART\characters\act-1-enemies\8.forest-splitbark\production\review\animation_r01\frames\ForestSplitter_RollCurl_game\0007.png'
00:07.094  render           | Saved: 'C:\Users\d.grab\Desktop\the-game\ART\characters\act-1-enemies\8.forest-splitbark\production\review\animation_r01\frames\ForestSplitter_RollCurl_game\0008.png'
00:07.266  render           | Saved: 'C:\Users\d.grab\Desktop\the-game\ART\characters\act-1-enemies\8.forest-splitbark\production\review\animation_r01\frames\ForestSplitter_RollCurl_game\0009.png'
00:07.469  render           | Saved: 'C:\Users\d.grab\Desktop\the-game\ART\characters\act-1-enemies\8.forest-splitbark\production\review\animation_r01\frames\ForestSplitter_RollCurl_game\0010.png'
00:07.641  render           | Saved: 'C:\Users\d.grab\Desktop\the-game\ART\characters\act-1-enemies\8.forest-splitbark\production\review\animation_r01\frames\ForestSplitter_RollCurl_game\0011.png'
00:07.813  render           | Saved: 'C:\Users\d.grab\Desktop\the-game\ART\characters\act-1-enemies\8.forest-splitbark\production\review\animation_r01\frames\ForestSplitter_RollCurl_game\0012.png'
00:08.016  render           | Saved: 'C:\Users\d.grab\Desktop\the-game\ART\characters\act-1-enemies\8.forest-splitbark\production\review\animation_r01\frames\ForestSplitter_RollCurl_game\0013.png'
00:08.250  render           | Saved: 'C:\Users\d.grab\Desktop\the-game\ART\characters\act-1-enemies\8.forest-splitbark\production\review\animation_r01\frames\ForestSplitter_RollCurl_game\0014.png'
00:08.500  render           | Saved: 'C:\Users\d.grab\Desktop\the-game\ART\characters\act-1-enemies\8.forest-splitbark\production\review\animation_r01\frames\ForestSplitter_RollCurl_game\0015.png'
00:08.750  render           | Saved: 'C:\Users\d.grab\Desktop\the-game\ART\characters\act-1-enemies\8.forest-splitbark\production\review\animation_r01\frames\ForestSplitter_RollCurl_game\0016.png'
00:08.938  render           | Saved: 'C:\Users\d.grab\Desktop\the-game\ART\characters\act-1-enemies\8.forest-splitbark\production\review\animation_r01\frames\ForestSplitter_RollCurl_game\0017.png'
00:09.109  render           | Saved: 'C:\Users\d.grab\Desktop\the-game\ART\characters\act-1-enemies\8.forest-splitbark\production\review\animation_r01\frames\ForestSplitter_RollCurl_game\0018.png'
00:09.266  render           | Saved: 'C:\Users\d.grab\Desktop\the-game\ART\characters\act-1-enemies\8.forest-splitbark\production\review\animation_r01\frames\ForestSplitter_RollCurl_game\0019.png'
00:09.422  render           | Saved: 'C:\Users\d.grab\Desktop\the-game\ART\characters\act-1-enemies\8.forest-splitbark\production\review\animation_r01\frames\ForestSplitter_RollCurl_game\0020.png'
00:09.594  render           | Saved: 'C:\Users\d.grab\Desktop\the-game\ART\characters\act-1-enemies\8.forest-splitbark\production\review\animation_r01\frames\ForestSplitter_RollCurl_game\0021.png'
00:09.766  render           | Saved: 'C:\Users\d.grab\Desktop\the-game\ART\characters\act-1-enemies\8.forest-splitbark\production\review\animation_r01\frames\ForestSplitter_RollCurl_game\0022.png'
00:09.953  render           | Saved: 'C:\Users\d.grab\Desktop\the-game\ART\characters\act-1-enemies\8.forest-splitbark\production\review\animation_r01\frames\ForestSplitter_RollCurl_game\0023.png'
00:10.109  render           | Saved: 'C:\Users\d.grab\Desktop\the-game\ART\characters\act-1-enemies\8.forest-splitbark\production\review\animation_r01\frames\ForestSplitter_RollCurl_game\0024.png'
00:10.266  render           | Saved: 'C:\Users\d.grab\Desktop\the-game\ART\characters\act-1-enemies\8.forest-splitbark\production\review\animation_r01\frames\ForestSplitter_RollCurl_game\0025.png'
00:10.438  render           | Saved: 'C:\Users\d.grab\Desktop\the-game\ART\characters\act-1-enemies\8.forest-splitbark\production\review\animation_r01\frames\ForestSplitter_RollCurl_game\0026.png'
00:10.578  render           | Saved: 'C:\Users\d.grab\Desktop\the-game\ART\characters\act-1-enemies\8.forest-splitbark\production\review\animation_r01\frames\ForestSplitter_RollCurl_game\0027.png'
00:10.797  render           | Saved: 'C:\Users\d.grab\Desktop\the-game\ART\characters\act-1-enemies\8.forest-splitbark\production\review\animation_r01\frames\ForestSplitter_RollCurl_game\0028.png'
00:10.984  render           | Saved: 'C:\Users\d.grab\Desktop\the-game\ART\characters\act-1-enemies\8.forest-splitbark\production\review\animation_r01\frames\ForestSplitter_RollCurl_game\0029.png'
00:11.172  render           | Saved: 'C:\Users\d.grab\Desktop\the-game\ART\characters\act-1-enemies\8.forest-splitbark\production\review\animation_r01\frames\ForestSplitter_RollCurl_game\0030.png'
Reloading external rigs...
Reloading external metarigs...
RENDERED ForestSplitter_RollCurl game 31
00:11.344  render           | Saved: 'C:\Users\d.grab\Desktop\the-game\ART\characters\act-1-enemies\8.forest-splitbark\production\review\animation_r01\frames\ForestSplitter_RollCurl_side\0000.png'
00:11.516  render           | Saved: 'C:\Users\d.grab\Desktop\the-game\ART\characters\act-1-enemies\8.forest-splitbark\production\review\animation_r01\frames\ForestSplitter_RollCurl_side\0001.png'
00:11.656  render           | Saved: 'C:\Users\d.grab\Desktop\the-game\ART\characters\act-1-enemies\8.forest-splitbark\production\review\animation_r01\frames\ForestSplitter_RollCurl_side\0002.png'
00:11.828  render           | Saved: 'C:\Users\d.grab\Desktop\the-game\ART\characters\act-1-enemies\8.forest-splitbark\production\review\animation_r01\frames\ForestSplitter_RollCurl_side\0003.png'
00:11.984  render           | Saved: 'C:\Users\d.grab\Desktop\the-game\ART\characters\act-1-enemies\8.forest-splitbark\production\review\animation_r01\frames\ForestSplitter_RollCurl_side\0004.png'
00:12.156  render           | Saved: 'C:\Users\d.grab\Desktop\the-game\ART\characters\act-1-enemies\8.forest-splitbark\production\review\animation_r01\frames\ForestSplitter_RollCurl_side\0005.png'
00:12.344  render           | Saved: 'C:\Users\d.grab\Desktop\the-game\ART\characters\act-1-enemies\8.forest-splitbark\production\review\animation_r01\frames\ForestSplitter_RollCurl_side\0006.png'
00:12.516  render           | Saved: 'C:\Users\d.grab\Desktop\the-game\ART\characters\act-1-enemies\8.forest-splitbark\production\review\animation_r01\frames\ForestSplitter_RollCurl_side\0007.png'
00:12.688  render           | Saved: 'C:\Users\d.grab\Desktop\the-game\ART\characters\act-1-enemies\8.forest-splitbark\production\review\animation_r01\frames\ForestSplitter_RollCurl_side\0008.png'
00:12.828  render           | Saved: 'C:\Users\d.grab\Desktop\the-game\ART\characters\act-1-enemies\8.forest-splitbark\production\review\animation_r01\frames\ForestSplitter_RollCurl_side\0009.png'
00:12.984  render           | Saved: 'C:\Users\d.grab\Desktop\the-game\ART\characters\act-1-enemies\8.forest-splitbark\production\review\animation_r01\frames\ForestSplitter_RollCurl_side\0010.png'
00:13.156  render           | Saved: 'C:\Users\d.grab\Desktop\the-game\ART\characters\act-1-enemies\8.forest-splitbark\production\review\animation_r01\frames\ForestSplitter_RollCurl_side\0011.png'
00:13.313  render           | Saved: 'C:\Users\d.grab\Desktop\the-game\ART\characters\act-1-enemies\8.forest-splitbark\production\review\animation_r01\frames\ForestSplitter_RollCurl_side\0012.png'
00:13.484  render           | Saved: 'C:\Users\d.grab\Desktop\the-game\ART\characters\act-1-enemies\8.forest-splitbark\production\review\animation_r01\frames\ForestSplitter_RollCurl_side\0013.png'
00:13.672  render           | Saved: 'C:\Users\d.grab\Desktop\the-game\ART\characters\act-1-enemies\8.forest-splitbark\production\review\animation_r01\frames\ForestSplitter_RollCurl_side\0014.png'
00:13.828  render           | Saved: 'C:\Users\d.grab\Desktop\the-game\ART\characters\act-1-enemies\8.forest-splitbark\production\review\animation_r01\frames\ForestSplitter_RollCurl_side\0015.png'
00:13.984  render           | Saved: 'C:\Users\d.grab\Desktop\the-game\ART\characters\act-1-enemies\8.forest-splitbark\production\review\animation_r01\frames\ForestSplitter_RollCurl_side\0016.png'
00:14.141  render           | Saved: 'C:\Users\d.grab\Desktop\the-game\ART\characters\act-1-enemies\8.forest-splitbark\production\review\animation_r01\frames\ForestSplitter_RollCurl_side\0017.png'
00:14.313  render           | Saved: 'C:\Users\d.grab\Desktop\the-game\ART\characters\act-1-enemies\8.forest-splitbark\production\review\animation_r01\frames\ForestSplitter_RollCurl_side\0018.png'
00:14.484  render           | Saved: 'C:\Users\d.grab\Desktop\the-game\ART\characters\act-1-enemies\8.forest-splitbark\production\review\animation_r01\frames\ForestSplitter_RollCurl_side\0019.png'
00:14.672  render           | Saved: 'C:\Users\d.grab\Desktop\the-game\ART\characters\act-1-enemies\8.forest-splitbark\production\review\animation_r01\frames\ForestSplitter_RollCurl_side\0020.png'
00:14.859  render           | Saved: 'C:\Users\d.grab\Desktop\the-game\ART\characters\act-1-enemies\8.forest-splitbark\production\review\animation_r01\frames\ForestSplitter_RollCurl_side\0021.png'
00:15.047  render           | Saved: 'C:\Users\d.grab\Desktop\the-game\ART\characters\act-1-enemies\8.forest-splitbark\production\review\animation_r01\frames\ForestSplitter_RollCurl_side\0022.png'
00:15.234  render           | Saved: 'C:\Users\d.grab\Desktop\the-game\ART\characters\act-1-enemies\8.forest-splitbark\production\review\animation_r01\frames\ForestSplitter_RollCurl_side\0023.png'
00:15.406  render           | Saved: 'C:\Users\d.grab\Desktop\the-game\ART\characters\act-1-enemies\8.forest-splitbark\production\review\animation_r01\frames\ForestSplitter_RollCurl_side\0024.png'
00:15.578  render           | Saved: 'C:\Users\d.grab\Desktop\the-game\ART\characters\act-1-enemies\8.forest-splitbark\production\review\animation_r01\frames\ForestSplitter_RollCurl_side\0025.png'
00:15.781  render           | Saved: 'C:\Users\d.grab\Desktop\the-game\ART\characters\act-1-enemies\8.forest-splitbark\production\review\animation_r01\frames\ForestSplitter_RollCurl_side\0026.png'
00:15.969  render           | Saved: 'C:\Users\d.grab\Desktop\the-game\ART\characters\act-1-enemies\8.forest-splitbark\production\review\animation_r01\frames\ForestSplitter_RollCurl_side\0027.png'
00:16.172  render           | Saved: 'C:\Users\d.grab\Desktop\the-game\ART\characters\act-1-enemies\8.forest-splitbark\production\review\animation_r01\frames\ForestSplitter_RollCurl_side\0028.png'
00:16.359  render           | Saved: 'C:\Users\d.grab\Desktop\the-game\ART\characters\act-1-enemies\8.forest-splitbark\production\review\animation_r01\frames\ForestSplitter_RollCurl_side\0029.png'
00:16.516  render           | Saved: 'C:\Users\d.grab\Desktop\the-game\ART\characters\act-1-enemies\8.forest-splitbark\production\review\animation_r01\frames\ForestSplitter_RollCurl_side\0030.png'
RENDERED ForestSplitter_RollCurl side 31
00:16.672  render           | Saved: 'C:\Users\d.grab\Desktop\the-game\ART\characters\act-1-enemies\8.forest-splitbark\production\review\animation_r01\frames\ForestSplitter_RollLoop_game\0000.png'
00:16.859  render           | Saved: 'C:\Users\d.grab\Desktop\the-game\ART\characters\act-1-enemies\8.forest-splitbark\production\review\animation_r01\frames\ForestSplitter_RollLoop_game\0001.png'
00:17.047  render           | Saved: 'C:\Users\d.grab\Desktop\the-game\ART\characters\act-1-enemies\8.forest-splitbark\production\review\animation_r01\frames\ForestSplitter_RollLoop_game\0002.png'
00:17.219  render           | Saved: 'C:\Users\d.grab\Desktop\the-game\ART\characters\act-1-enemies\8.forest-splitbark\production\review\animation_r01\frames\ForestSplitter_RollLoop_game\0003.png'
00:17.406  render           | Saved: 'C:\Users\d.grab\Desktop\the-game\ART\characters\act-1-enemies\8.forest-splitbark\production\review\animation_r01\frames\ForestSplitter_RollLoop_game\0004.png'
00:17.563  render           | Saved: 'C:\Users\d.grab\Desktop\the-game\ART\characters\act-1-enemies\8.forest-splitbark\production\review\animation_r01\frames\ForestSplitter_RollLoop_game\0005.png'
00:17.719  render           | Saved: 'C:\Users\d.grab\Desktop\the-game\ART\characters\act-1-enemies\8.forest-splitbark\production\review\animation_r01\frames\ForestSplitter_RollLoop_game\0006.png'
00:17.891  render           | Saved: 'C:\Users\d.grab\Desktop\the-game\ART\characters\act-1-enemies\8.forest-splitbark\production\review\animation_r01\frames\ForestSplitter_RollLoop_game\0007.png'
00:18.047  render           | Saved: 'C:\Users\d.grab\Desktop\the-game\ART\characters\act-1-enemies\8.forest-splitbark\production\review\animation_r01\frames\ForestSplitter_RollLoop_game\0008.png'
00:18.219  render           | Saved: 'C:\Users\d.grab\Desktop\the-game\ART\characters\act-1-enemies\8.forest-splitbark\production\review\animation_r01\frames\ForestSplitter_RollLoop_game\0009.png'
00:18.375  render           | Saved: 'C:\Users\d.grab\Desktop\the-game\ART\characters\act-1-enemies\8.forest-splitbark\production\review\animation_r01\frames\ForestSplitter_RollLoop_game\0010.png'
00:18.563  render           | Saved: 'C:\Users\d.grab\Desktop\the-game\ART\characters\act-1-enemies\8.forest-splitbark\production\review\animation_r01\frames\ForestSplitter_RollLoop_game\0011.png'
RENDERED ForestSplitter_RollLoop game 12
00:18.734  render           | Saved: 'C:\Users\d.grab\Desktop\the-game\ART\characters\act-1-enemies\8.forest-splitbark\production\review\animation_r01\frames\ForestSplitter_RollLoop_side\0000.png'
00:18.891  render           | Saved: 'C:\Users\d.grab\Desktop\the-game\ART\characters\act-1-enemies\8.forest-splitbark\production\review\animation_r01\frames\ForestSplitter_RollLoop_side\0001.png'
00:19.031  render           | Saved: 'C:\Users\d.grab\Desktop\the-game\ART\characters\act-1-enemies\8.forest-splitbark\production\review\animation_r01\frames\ForestSplitter_RollLoop_side\0002.png'
00:19.203  render           | Saved: 'C:\Users\d.grab\Desktop\the-game\ART\characters\act-1-enemies\8.forest-splitbark\production\review\animation_r01\frames\ForestSplitter_RollLoop_side\0003.png'
00:19.359  render           | Saved: 'C:\Users\d.grab\Desktop\the-game\ART\characters\act-1-enemies\8.forest-splitbark\production\review\animation_r01\frames\ForestSplitter_RollLoop_side\0004.png'
00:19.531  render           | Saved: 'C:\Users\d.grab\Desktop\the-game\ART\characters\act-1-enemies\8.forest-splitbark\production\review\animation_r01\frames\ForestSplitter_RollLoop_side\0005.png'
00:19.703  render           | Saved: 'C:\Users\d.grab\Desktop\the-game\ART\characters\act-1-enemies\8.forest-splitbark\production\review\animation_r01\frames\ForestSplitter_RollLoop_side\0006.png'
00:19.875  render           | Saved: 'C:\Users\d.grab\Desktop\the-game\ART\characters\act-1-enemies\8.forest-splitbark\production\review\animation_r01\frames\ForestSplitter_RollLoop_side\0007.png'
00:20.031  render           | Saved: 'C:\Users\d.grab\Desktop\the-game\ART\characters\act-1-enemies\8.forest-splitbark\production\review\animation_r01\frames\ForestSplitter_RollLoop_side\0008.png'
00:20.172  render           | Saved: 'C:\Users\d.grab\Desktop\the-game\ART\characters\act-1-enemies\8.forest-splitbark\production\review\animation_r01\frames\ForestSplitter_RollLoop_side\0009.png'
00:20.328  render           | Saved: 'C:\Users\d.grab\Desktop\the-game\ART\characters\act-1-enemies\8.forest-splitbark\production\review\animation_r01\frames\ForestSplitter_RollLoop_side\0010.png'
00:20.484  render           | Saved: 'C:\Users\d.grab\Desktop\the-game\ART\characters\act-1-enemies\8.forest-splitbark\production\review\animation_r01\frames\ForestSplitter_RollLoop_side\0011.png'
RENDERED ForestSplitter_RollLoop side 12
00:20.656  render           | Saved: 'C:\Users\d.grab\Desktop\the-game\ART\characters\act-1-enemies\8.forest-splitbark\production\review\animation_r01\frames\ForestSplitter_RollUncurl_game\0000.png'
00:20.844  render           | Saved: 'C:\Users\d.grab\Desktop\the-game\ART\characters\act-1-enemies\8.forest-splitbark\production\review\animation_r01\frames\ForestSplitter_RollUncurl_game\0001.png'
00:21.016  render           | Saved: 'C:\Users\d.grab\Desktop\the-game\ART\characters\act-1-enemies\8.forest-splitbark\production\review\animation_r01\frames\ForestSplitter_RollUncurl_game\0002.png'
00:21.172  render           | Saved: 'C:\Users\d.grab\Desktop\the-game\ART\characters\act-1-enemies\8.forest-splitbark\production\review\animation_r01\frames\ForestSplitter_RollUncurl_game\0003.png'
00:21.328  render           | Saved: 'C:\Users\d.grab\Desktop\the-game\ART\characters\act-1-enemies\8.forest-splitbark\production\review\animation_r01\frames\ForestSplitter_RollUncurl_game\0004.png'
00:21.516  render           | Saved: 'C:\Users\d.grab\Desktop\the-game\ART\characters\act-1-enemies\8.forest-splitbark\production\review\animation_r01\frames\ForestSplitter_RollUncurl_game\0005.png'
00:21.688  render           | Saved: 'C:\Users\d.grab\Desktop\the-game\ART\characters\act-1-enemies\8.forest-splitbark\production\review\animation_r01\frames\ForestSplitter_RollUncurl_game\0006.png'
00:21.859  render           | Saved: 'C:\Users\d.grab\Desktop\the-game\ART\characters\act-1-enemies\8.forest-splitbark\production\review\animation_r01\frames\ForestSplitter_RollUncurl_game\0007.png'
00:22.047  render           | Saved: 'C:\Users\d.grab\Desktop\the-game\ART\characters\act-1-enemies\8.forest-splitbark\production\review\animation_r01\frames\ForestSplitter_RollUncurl_game\0008.png'
00:22.250  render           | Saved: 'C:\Users\d.grab\Desktop\the-game\ART\characters\act-1-enemies\8.forest-splitbark\production\review\animation_r01\frames\ForestSplitter_RollUncurl_game\0009.png'
00:22.422  render           | Saved: 'C:\Users\d.grab\Desktop\the-game\ART\characters\act-1-enemies\8.forest-splitbark\production\review\animation_r01\frames\ForestSplitter_RollUncurl_game\0010.png'
00:22.578  render           | Saved: 'C:\Users\d.grab\Desktop\the-game\ART\characters\act-1-enemies\8.forest-splitbark\production\review\animation_r01\frames\ForestSplitter_RollUncurl_game\0011.png'
00:22.750  render           | Saved: 'C:\Users\d.grab\Desktop\the-game\ART\characters\act-1-enemies\8.forest-splitbark\production\review\animation_r01\frames\ForestSplitter_RollUncurl_game\0012.png'
00:22.938  render           | Saved: 'C:\Users\d.grab\Desktop\the-game\ART\characters\act-1-enemies\8.forest-splitbark\production\review\animation_r01\frames\ForestSplitter_RollUncurl_game\0013.png'
00:23.125  render           | Saved: 'C:\Users\d.grab\Desktop\the-game\ART\characters\act-1-enemies\8.forest-splitbark\production\review\animation_r01\frames\ForestSplitter_RollUncurl_game\0014.png'
00:23.313  render           | Saved: 'C:\Users\d.grab\Desktop\the-game\ART\characters\act-1-enemies\8.forest-splitbark\production\review\animation_r01\frames\ForestSplitter_RollUncurl_game\0015.png'
00:23.531  render           | Saved: 'C:\Users\d.grab\Desktop\the-game\ART\characters\act-1-enemies\8.forest-splitbark\production\review\animation_r01\frames\ForestSplitter_RollUncurl_game\0016.png'
00:23.703  render           | Saved: 'C:\Users\d.grab\Desktop\the-game\ART\characters\act-1-enemies\8.forest-splitbark\production\review\animation_r01\frames\ForestSplitter_RollUncurl_game\0017.png'
00:23.859  render           | Saved: 'C:\Users\d.grab\Desktop\the-game\ART\characters\act-1-enemies\8.forest-splitbark\production\review\animation_r01\frames\ForestSplitter_RollUncurl_game\0018.png'
00:24.016  render           | Saved: 'C:\Users\d.grab\Desktop\the-game\ART\characters\act-1-enemies\8.forest-splitbark\production\review\animation_r01\frames\ForestSplitter_RollUncurl_game\0019.png'
00:24.172  render           | Saved: 'C:\Users\d.grab\Desktop\the-game\ART\characters\act-1-enemies\8.forest-splitbark\production\review\animation_r01\frames\ForestSplitter_RollUncurl_game\0020.png'
00:24.328  render           | Saved: 'C:\Users\d.grab\Desktop\the-game\ART\characters\act-1-enemies\8.forest-splitbark\production\review\animation_r01\frames\ForestSplitter_RollUncurl_game\0021.png'
00:24.500  render           | Saved: 'C:\Users\d.grab\Desktop\the-game\ART\characters\act-1-enemies\8.forest-splitbark\production\review\animation_r01\frames\ForestSplitter_RollUncurl_game\0022.png'
00:24.688  render           | Saved: 'C:\Users\d.grab\Desktop\the-game\ART\characters\act-1-enemies\8.forest-splitbark\production\review\animation_r01\frames\ForestSplitter_RollUncurl_game\0023.png'
00:24.859  render           | Saved: 'C:\Users\d.grab\Desktop\the-game\ART\characters\act-1-enemies\8.forest-splitbark\production\review\animation_r01\frames\ForestSplitter_RollUncurl_game\0024.png'
00:25.016  render           | Saved: 'C:\Users\d.grab\Desktop\the-game\ART\characters\act-1-enemies\8.forest-splitbark\production\review\animation_r01\frames\ForestSplitter_RollUncurl_game\0025.png'
00:25.172  render           | Saved: 'C:\Users\d.grab\Desktop\the-game\ART\characters\act-1-enemies\8.forest-splitbark\production\review\animation_r01\frames\ForestSplitter_RollUncurl_game\0026.png'
00:25.328  render           | Saved: 'C:\Users\d.grab\Desktop\the-game\ART\characters\act-1-enemies\8.forest-splitbark\production\review\animation_r01\frames\ForestSplitter_RollUncurl_game\0027.png'
00:25.484  render           | Saved: 'C:\Users\d.grab\Desktop\the-game\ART\characters\act-1-enemies\8.forest-splitbark\production\review\animation_r01\frames\ForestSplitter_RollUncurl_game\0028.png'
00:25.672  render           | Saved: 'C:\Users\d.grab\Desktop\the-game\ART\characters\act-1-enemies\8.forest-splitbark\production\review\animation_r01\frames\ForestSplitter_RollUncurl_game\0029.png'
00:25.844  render           | Saved: 'C:\Users\d.grab\Desktop\the-game\ART\characters\act-1-enemies\8.forest-splitbark\production\review\animation_r01\frames\ForestSplitter_RollUncurl_game\0030.png'
RENDERED ForestSplitter_RollUncurl game 31
00:26.016  render           | Saved: 'C:\Users\d.grab\Desktop\the-game\ART\characters\act-1-enemies\8.forest-splitbark\production\review\animation_r01\frames\ForestSplitter_RollUncurl_side\0000.png'
00:26.188  render           | Saved: 'C:\Users\d.grab\Desktop\the-game\ART\characters\act-1-enemies\8.forest-splitbark\production\review\animation_r01\frames\ForestSplitter_RollUncurl_side\0001.png'
00:26.328  render           | Saved: 'C:\Users\d.grab\Desktop\the-game\ART\characters\act-1-enemies\8.forest-splitbark\production\review\animation_r01\frames\ForestSplitter_RollUncurl_side\0002.png'
00:26.484  render           | Saved: 'C:\Users\d.grab\Desktop\the-game\ART\characters\act-1-enemies\8.forest-splitbark\production\review\animation_r01\frames\ForestSplitter_RollUncurl_side\0003.png'
00:26.641  render           | Saved: 'C:\Users\d.grab\Desktop\the-game\ART\characters\act-1-enemies\8.forest-splitbark\production\review\animation_r01\frames\ForestSplitter_RollUncurl_side\0004.png'
00:26.813  render           | Saved: 'C:\Users\d.grab\Desktop\the-game\ART\characters\act-1-enemies\8.forest-splitbark\production\review\animation_r01\frames\ForestSplitter_RollUncurl_side\0005.png'
00:26.984  render           | Saved: 'C:\Users\d.grab\Desktop\the-game\ART\characters\act-1-enemies\8.forest-splitbark\production\review\animation_r01\frames\ForestSplitter_RollUncurl_side\0006.png'
00:27.234  render           | Saved: 'C:\Users\d.grab\Desktop\the-game\ART\characters\act-1-enemies\8.forest-splitbark\production\review\animation_r01\frames\ForestSplitter_RollUncurl_side\0007.png'
00:27.391  render           | Saved: 'C:\Users\d.grab\Desktop\the-game\ART\characters\act-1-enemies\8.forest-splitbark\production\review\animation_r01\frames\ForestSplitter_RollUncurl_side\0008.png'
00:27.547  render           | Saved: 'C:\Users\d.grab\Desktop\the-game\ART\characters\act-1-enemies\8.forest-splitbark\production\review\animation_r01\frames\ForestSplitter_RollUncurl_side\0009.png'
00:27.688  render           | Saved: 'C:\Users\d.grab\Desktop\the-game\ART\characters\act-1-enemies\8.forest-splitbark\production\review\animation_r01\frames\ForestSplitter_RollUncurl_side\0010.png'
00:27.859  render           | Saved: 'C:\Users\d.grab\Desktop\the-game\ART\characters\act-1-enemies\8.forest-splitbark\production\review\animation_r01\frames\ForestSplitter_RollUncurl_side\0011.png'
00:28.031  render           | Saved: 'C:\Users\d.grab\Desktop\the-game\ART\characters\act-1-enemies\8.forest-splitbark\production\review\animation_r01\frames\ForestSplitter_RollUncurl_side\0012.png'
00:28.203  render           | Saved: 'C:\Users\d.grab\Desktop\the-game\ART\characters\act-1-enemies\8.forest-splitbark\production\review\animation_r01\frames\ForestSplitter_RollUncurl_side\0013.png'
00:28.375  render           | Saved: 'C:\Users\d.grab\Desktop\the-game\ART\characters\act-1-enemies\8.forest-splitbark\production\review\animation_r01\frames\ForestSplitter_RollUncurl_side\0014.png'
00:28.516  render           | Saved: 'C:\Users\d.grab\Desktop\the-game\ART\characters\act-1-enemies\8.forest-splitbark\production\review\animation_r01\frames\ForestSplitter_RollUncurl_side\0015.png'
00:28.672  render           | Saved: 'C:\Users\d.grab\Desktop\the-game\ART\characters\act-1-enemies\8.forest-splitbark\production\review\animation_r01\frames\ForestSplitter_RollUncurl_side\0016.png'
00:28.828  render           | Saved: 'C:\Users\d.grab\Desktop\the-game\ART\characters\act-1-enemies\8.forest-splitbark\production\review\animation_r01\frames\ForestSplitter_RollUncurl_side\0017.png'
00:28.984  render           | Saved: 'C:\Users\d.grab\Desktop\the-game\ART\characters\act-1-enemies\8.forest-splitbark\production\review\animation_r01\frames\ForestSplitter_RollUncurl_side\0018.png'
00:29.156  render           | Saved: 'C:\Users\d.grab\Desktop\the-game\ART\characters\act-1-enemies\8.forest-splitbark\production\review\animation_r01\frames\ForestSplitter_RollUncurl_side\0019.png'
00:29.328  render           | Saved: 'C:\Users\d.grab\Desktop\the-game\ART\characters\act-1-enemies\8.forest-splitbark\production\review\animation_r01\frames\ForestSplitter_RollUncurl_side\0020.png'
00:29.500  render           | Saved: 'C:\Users\d.grab\Desktop\the-game\ART\characters\act-1-enemies\8.forest-splitbark\production\review\animation_r01\frames\ForestSplitter_RollUncurl_side\0021.png'
00:29.672  render           | Saved: 'C:\Users\d.grab\Desktop\the-game\ART\characters\act-1-enemies\8.forest-splitbark\production\review\animation_r01\frames\ForestSplitter_RollUncurl_side\0022.png'
00:29.828  render           | Saved: 'C:\Users\d.grab\Desktop\the-game\ART\characters\act-1-enemies\8.forest-splitbark\production\review\animation_r01\frames\ForestSplitter_RollUncurl_side\0023.png'
00:29.984  render           | Saved: 'C:\Users\d.grab\Desktop\the-game\ART\characters\act-1-enemies\8.forest-splitbark\production\review\animation_r01\frames\ForestSplitter_RollUncurl_side\0024.png'
00:30.141  render           | Saved: 'C:\Users\d.grab\Desktop\the-game\ART\characters\act-1-enemies\8.forest-splitbark\production\review\animation_r01\frames\ForestSplitter_RollUncurl_side\0025.png'
00:30.297  render           | Saved: 'C:\Users\d.grab\Desktop\the-game\ART\characters\act-1-enemies\8.forest-splitbark\production\review\animation_r01\frames\ForestSplitter_RollUncurl_side\0026.png'
00:30.469  render           | Saved: 'C:\Users\d.grab\Desktop\the-game\ART\characters\act-1-enemies\8.forest-splitbark\production\review\animation_r01\frames\ForestSplitter_RollUncurl_side\0027.png'
00:30.641  render           | Saved: 'C:\Users\d.grab\Desktop\the-game\ART\characters\act-1-enemies\8.forest-splitbark\production\review\animation_r01\frames\ForestSplitter_RollUncurl_side\0028.png'
00:30.828  render           | Saved: 'C:\Users\d.grab\Desktop\the-game\ART\characters\act-1-enemies\8.forest-splitbark\production\review\animation_r01\frames\ForestSplitter_RollUncurl_side\0029.png'
00:31.000  render           | Saved: 'C:\Users\d.grab\Desktop\the-game\ART\characters\act-1-enemies\8.forest-splitbark\production\review\animation_r01\frames\ForestSplitter_RollUncurl_side\0030.png'
RENDERED ForestSplitter_RollUncurl side 31
00:31.156  render           | Saved: 'C:\Users\d.grab\Desktop\the-game\ART\characters\act-1-enemies\8.forest-splitbark\production\review\animation_r01\frames\ForestSplitter_RollDizzy_game\0000.png'
00:31.328  render           | Saved: 'C:\Users\d.grab\Desktop\the-game\ART\characters\act-1-enemies\8.forest-splitbark\production\review\animation_r01\frames\ForestSplitter_RollDizzy_game\0001.png'
00:31.484  render           | Saved: 'C:\Users\d.grab\Desktop\the-game\ART\characters\act-1-enemies\8.forest-splitbark\production\review\animation_r01\frames\ForestSplitter_RollDizzy_game\0002.png'
00:31.656  render           | Saved: 'C:\Users\d.grab\Desktop\the-game\ART\characters\act-1-enemies\8.forest-splitbark\production\review\animation_r01\frames\ForestSplitter_RollDizzy_game\0003.png'
00:31.844  render           | Saved: 'C:\Users\d.grab\Desktop\the-game\ART\characters\act-1-enemies\8.forest-splitbark\production\review\animation_r01\frames\ForestSplitter_RollDizzy_game\0004.png'
00:32.016  render           | Saved: 'C:\Users\d.grab\Desktop\the-game\ART\characters\act-1-enemies\8.forest-splitbark\production\review\animation_r01\frames\ForestSplitter_RollDizzy_game\0005.png'
00:32.188  render           | Saved: 'C:\Users\d.grab\Desktop\the-game\ART\characters\act-1-enemies\8.forest-splitbark\production\review\animation_r01\frames\ForestSplitter_RollDizzy_game\0006.png'
00:32.359  render           | Saved: 'C:\Users\d.grab\Desktop\the-game\ART\characters\act-1-enemies\8.forest-splitbark\production\review\animation_r01\frames\ForestSplitter_RollDizzy_game\0007.png'
00:32.531  render           | Saved: 'C:\Users\d.grab\Desktop\the-game\ART\characters\act-1-enemies\8.forest-splitbark\production\review\animation_r01\frames\ForestSplitter_RollDizzy_game\0008.png'
00:32.734  render           | Saved: 'C:\Users\d.grab\Desktop\the-game\ART\characters\act-1-enemies\8.forest-splitbark\production\review\animation_r01\frames\ForestSplitter_RollDizzy_game\0009.png'
00:32.922  render           | Saved: 'C:\Users\d.grab\Desktop\the-game\ART\characters\act-1-enemies\8.forest-splitbark\production\review\animation_r01\frames\ForestSplitter_RollDizzy_game\0010.png'
00:33.109  render           | Saved: 'C:\Users\d.grab\Desktop\the-game\ART\characters\act-1-enemies\8.forest-splitbark\production\review\animation_r01\frames\ForestSplitter_RollDizzy_game\0011.png'
00:33.328  render           | Saved: 'C:\Users\d.grab\Desktop\the-game\ART\characters\act-1-enemies\8.forest-splitbark\production\review\animation_r01\frames\ForestSplitter_RollDizzy_game\0012.png'
00:33.516  render           | Saved: 'C:\Users\d.grab\Desktop\the-game\ART\characters\act-1-enemies\8.forest-splitbark\production\review\animation_r01\frames\ForestSplitter_RollDizzy_game\0013.png'
00:33.672  render           | Saved: 'C:\Users\d.grab\Desktop\the-game\ART\characters\act-1-enemies\8.forest-splitbark\production\review\animation_r01\frames\ForestSplitter_RollDizzy_game\0014.png'
00:33.828  render           | Saved: 'C:\Users\d.grab\Desktop\the-game\ART\characters\act-1-enemies\8.forest-splitbark\production\review\animation_r01\frames\ForestSplitter_RollDizzy_game\0015.png'
00:34.016  render           | Saved: 'C:\Users\d.grab\Desktop\the-game\ART\characters\act-1-enemies\8.forest-splitbark\production\review\animation_r01\frames\ForestSplitter_RollDizzy_game\0016.png'
00:34.172  render           | Saved: 'C:\Users\d.grab\Desktop\the-game\ART\characters\act-1-enemies\8.forest-splitbark\production\review\animation_r01\frames\ForestSplitter_RollDizzy_game\0017.png'
00:34.359  render           | Saved: 'C:\Users\d.grab\Desktop\the-game\ART\characters\act-1-enemies\8.forest-splitbark\production\review\animation_r01\frames\ForestSplitter_RollDizzy_game\0018.png'
00:34.531  render           | Saved: 'C:\Users\d.grab\Desktop\the-game\ART\characters\act-1-enemies\8.forest-splitbark\production\review\animation_r01\frames\ForestSplitter_RollDizzy_game\0019.png'
00:34.688  render           | Saved: 'C:\Users\d.grab\Desktop\the-game\ART\characters\act-1-enemies\8.forest-splitbark\production\review\animation_r01\frames\ForestSplitter_RollDizzy_game\0020.png'
00:34.859  render           | Saved: 'C:\Users\d.grab\Desktop\the-game\ART\characters\act-1-enemies\8.forest-splitbark\production\review\animation_r01\frames\ForestSplitter_RollDizzy_game\0021.png'
00:35.016  render           | Saved: 'C:\Users\d.grab\Desktop\the-game\ART\characters\act-1-enemies\8.forest-splitbark\production\review\animation_r01\frames\ForestSplitter_RollDizzy_game\0022.png'
00:35.188  render           | Saved: 'C:\Users\d.grab\Desktop\the-game\ART\characters\act-1-enemies\8.forest-splitbark\production\review\animation_r01\frames\ForestSplitter_RollDizzy_game\0023.png'
00:35.359  render           | Saved: 'C:\Users\d.grab\Desktop\the-game\ART\characters\act-1-enemies\8.forest-splitbark\production\review\animation_r01\frames\ForestSplitter_RollDizzy_game\0024.png'
00:35.531  render           | Saved: 'C:\Users\d.grab\Desktop\the-game\ART\characters\act-1-enemies\8.forest-splitbark\production\review\animation_r01\frames\ForestSplitter_RollDizzy_game\0025.png'
00:35.734  render           | Saved: 'C:\Users\d.grab\Desktop\the-game\ART\characters\act-1-enemies\8.forest-splitbark\production\review\animation_r01\frames\ForestSplitter_RollDizzy_game\0026.png'
00:35.891  render           | Saved: 'C:\Users\d.grab\Desktop\the-game\ART\characters\act-1-enemies\8.forest-splitbark\production\review\animation_r01\frames\ForestSplitter_RollDizzy_game\0027.png'
00:36.047  render           | Saved: 'C:\Users\d.grab\Desktop\the-game\ART\characters\act-1-enemies\8.forest-splitbark\production\review\animation_r01\frames\ForestSplitter_RollDizzy_game\0028.png'
00:36.203  render           | Saved: 'C:\Users\d.grab\Desktop\the-game\ART\characters\act-1-enemies\8.forest-splitbark\production\review\animation_r01\frames\ForestSplitter_RollDizzy_game\0029.png'
00:36.359  render           | Saved: 'C:\Users\d.grab\Desktop\the-game\ART\characters\act-1-enemies\8.forest-splitbark\production\review\animation_r01\frames\ForestSplitter_RollDizzy_game\0030.png'
00:36.531  render           | Saved: 'C:\Users\d.grab\Desktop\the-game\ART\characters\act-1-enemies\8.forest-splitbark\production\review\animation_r01\frames\ForestSplitter_RollDizzy_game\0031.png'
00:36.734  render           | Saved: 'C:\Users\d.grab\Desktop\the-game\ART\characters\act-1-enemies\8.forest-splitbark\production\review\animation_r01\frames\ForestSplitter_RollDizzy_game\0032.png'
00:36.922  render           | Saved: 'C:\Users\d.grab\Desktop\the-game\ART\characters\act-1-enemies\8.forest-splitbark\production\review\animation_r01\frames\ForestSplitter_RollDizzy_game\0033.png'
00:37.094  render           | Saved: 'C:\Users\d.grab\Desktop\the-game\ART\characters\act-1-enemies\8.forest-splitbark\production\review\animation_r01\frames\ForestSplitter_RollDizzy_game\0034.png'
00:37.266  render           | Saved: 'C:\Users\d.grab\Desktop\the-game\ART\characters\act-1-enemies\8.forest-splitbark\production\review\animation_r01\frames\ForestSplitter_RollDizzy_game\0035.png'
00:37.438  render           | Saved: 'C:\Users\d.grab\Desktop\the-game\ART\characters\act-1-enemies\8.forest-splitbark\production\review\animation_r01\frames\ForestSplitter_RollDizzy_game\0036.png'
00:37.656  render           | Saved: 'C:\Users\d.grab\Desktop\the-game\ART\characters\act-1-enemies\8.forest-splitbark\production\review\animation_r01\frames\ForestSplitter_RollDizzy_game\0037.png'
00:37.844  render           | Saved: 'C:\Users\d.grab\Desktop\the-game\ART\characters\act-1-enemies\8.forest-splitbark\production\review\animation_r01\frames\ForestSplitter_RollDizzy_game\0038.png'
00:38.031  render           | Saved: 'C:\Users\d.grab\Desktop\the-game\ART\characters\act-1-enemies\8.forest-splitbark\production\review\animation_r01\frames\ForestSplitter_RollDizzy_game\0039.png'
00:38.250  render           | Saved: 'C:\Users\d.grab\Desktop\the-game\ART\characters\act-1-enemies\8.forest-splitbark\production\review\animation_r01\frames\ForestSplitter_RollDizzy_game\0040.png'
00:38.500  render           | Saved: 'C:\Users\d.grab\Desktop\the-game\ART\characters\act-1-enemies\8.forest-splitbark\production\review\animation_r01\frames\ForestSplitter_RollDizzy_game\0041.png'
00:38.750  render           | Saved: 'C:\Users\d.grab\Desktop\the-game\ART\characters\act-1-enemies\8.forest-splitbark\production\review\animation_r01\frames\ForestSplitter_RollDizzy_game\0042.png'
00:38.953  render           | Saved: 'C:\Users\d.grab\Desktop\the-game\ART\characters\act-1-enemies\8.forest-splitbark\production\review\animation_r01\frames\ForestSplitter_RollDizzy_game\0043.png'
00:39.141  render           | Saved: 'C:\Users\d.grab\Desktop\the-game\ART\characters\act-1-enemies\8.forest-splitbark\production\review\animation_r01\frames\ForestSplitter_RollDizzy_game\0044.png'
00:39.344  render           | Saved: 'C:\Users\d.grab\Desktop\the-game\ART\characters\act-1-enemies\8.forest-splitbark\production\review\animation_r01\frames\ForestSplitter_RollDizzy_game\0045.png'
RENDERED ForestSplitter_RollDizzy game 46
00:39.531  render           | Saved: 'C:\Users\d.grab\Desktop\the-game\ART\characters\act-1-enemies\8.forest-splitbark\production\review\animation_r01\frames\ForestSplitter_RollDizzy_side\0000.png'
00:39.688  render           | Saved: 'C:\Users\d.grab\Desktop\the-game\ART\characters\act-1-enemies\8.forest-splitbark\production\review\animation_r01\frames\ForestSplitter_RollDizzy_side\0001.png'
00:39.844  render           | Saved: 'C:\Users\d.grab\Desktop\the-game\ART\characters\act-1-enemies\8.forest-splitbark\production\review\animation_r01\frames\ForestSplitter_RollDizzy_side\0002.png'
00:40.016  render           | Saved: 'C:\Users\d.grab\Desktop\the-game\ART\characters\act-1-enemies\8.forest-splitbark\production\review\animation_r01\frames\ForestSplitter_RollDizzy_side\0003.png'
00:40.188  render           | Saved: 'C:\Users\d.grab\Desktop\the-game\ART\characters\act-1-enemies\8.forest-splitbark\production\review\animation_r01\frames\ForestSplitter_RollDizzy_side\0004.png'
00:40.406  render           | Saved: 'C:\Users\d.grab\Desktop\the-game\ART\characters\act-1-enemies\8.forest-splitbark\production\review\animation_r01\frames\ForestSplitter_RollDizzy_side\0005.png'
00:40.609  render           | Saved: 'C:\Users\d.grab\Desktop\the-game\ART\characters\act-1-enemies\8.forest-splitbark\production\review\animation_r01\frames\ForestSplitter_RollDizzy_side\0006.png'
00:40.797  render           | Saved: 'C:\Users\d.grab\Desktop\the-game\ART\characters\act-1-enemies\8.forest-splitbark\production\review\animation_r01\frames\ForestSplitter_RollDizzy_side\0007.png'
00:40.953  render           | Saved: 'C:\Users\d.grab\Desktop\the-game\ART\characters\act-1-enemies\8.forest-splitbark\production\review\animation_r01\frames\ForestSplitter_RollDizzy_side\0008.png'
00:41.109  render           | Saved: 'C:\Users\d.grab\Desktop\the-game\ART\characters\act-1-enemies\8.forest-splitbark\production\review\animation_r01\frames\ForestSplitter_RollDizzy_side\0009.png'
00:41.281  render           | Saved: 'C:\Users\d.grab\Desktop\the-game\ART\characters\act-1-enemies\8.forest-splitbark\production\review\animation_r01\frames\ForestSplitter_RollDizzy_side\0010.png'
00:41.469  render           | Saved: 'C:\Users\d.grab\Desktop\the-game\ART\characters\act-1-enemies\8.forest-splitbark\production\review\animation_r01\frames\ForestSplitter_RollDizzy_side\0011.png'
00:41.641  render           | Saved: 'C:\Users\d.grab\Desktop\the-game\ART\characters\act-1-enemies\8.forest-splitbark\production\review\animation_r01\frames\ForestSplitter_RollDizzy_side\0012.png'
00:41.844  render           | Saved: 'C:\Users\d.grab\Desktop\the-game\ART\characters\act-1-enemies\8.forest-splitbark\production\review\animation_r01\frames\ForestSplitter_RollDizzy_side\0013.png'
00:42.016  render           | Saved: 'C:\Users\d.grab\Desktop\the-game\ART\characters\act-1-enemies\8.forest-splitbark\production\review\animation_r01\frames\ForestSplitter_RollDizzy_side\0014.png'
00:42.203  render           | Saved: 'C:\Users\d.grab\Desktop\the-game\ART\characters\act-1-enemies\8.forest-splitbark\production\review\animation_r01\frames\ForestSplitter_RollDizzy_side\0015.png'
00:42.344  render           | Saved: 'C:\Users\d.grab\Desktop\the-game\ART\characters\act-1-enemies\8.forest-splitbark\production\review\animation_r01\frames\ForestSplitter_RollDizzy_side\0016.png'
00:42.516  render           | Saved: 'C:\Users\d.grab\Desktop\the-game\ART\characters\act-1-enemies\8.forest-splitbark\production\review\animation_r01\frames\ForestSplitter_RollDizzy_side\0017.png'
00:42.703  render           | Saved: 'C:\Users\d.grab\Desktop\the-game\ART\characters\act-1-enemies\8.forest-splitbark\production\review\animation_r01\frames\ForestSplitter_RollDizzy_side\0018.png'
00:42.875  render           | Saved: 'C:\Users\d.grab\Desktop\the-game\ART\characters\act-1-enemies\8.forest-splitbark\production\review\animation_r01\frames\ForestSplitter_RollDizzy_side\0019.png'
00:43.031  render           | Saved: 'C:\Users\d.grab\Desktop\the-game\ART\characters\act-1-enemies\8.forest-splitbark\production\review\animation_r01\frames\ForestSplitter_RollDizzy_side\0020.png'
00:43.234  render           | Saved: 'C:\Users\d.grab\Desktop\the-game\ART\characters\act-1-enemies\8.forest-splitbark\production\review\animation_r01\frames\ForestSplitter_RollDizzy_side\0021.png'
00:43.406  render           | Saved: 'C:\Users\d.grab\Desktop\the-game\ART\characters\act-1-enemies\8.forest-splitbark\production\review\animation_r01\frames\ForestSplitter_RollDizzy_side\0022.png'
00:43.578  render           | Saved: 'C:\Users\d.grab\Desktop\the-game\ART\characters\act-1-enemies\8.forest-splitbark\production\review\animation_r01\frames\ForestSplitter_RollDizzy_side\0023.png'
00:43.750  render           | Saved: 'C:\Users\d.grab\Desktop\the-game\ART\characters\act-1-enemies\8.forest-splitbark\production\review\animation_r01\frames\ForestSplitter_RollDizzy_side\0024.png'
00:43.922  render           | Saved: 'C:\Users\d.grab\Desktop\the-game\ART\characters\act-1-enemies\8.forest-splitbark\production\review\animation_r01\frames\ForestSplitter_RollDizzy_side\0025.png'
00:44.094  render           | Saved: 'C:\Users\d.grab\Desktop\the-game\ART\characters\act-1-enemies\8.forest-splitbark\production\review\animation_r01\frames\ForestSplitter_RollDizzy_side\0026.png'
00:44.266  render           | Saved: 'C:\Users\d.grab\Desktop\the-game\ART\characters\act-1-enemies\8.forest-splitbark\production\review\animation_r01\frames\ForestSplitter_RollDizzy_side\0027.png'
00:44.469  render           | Saved: 'C:\Users\d.grab\Desktop\the-game\ART\characters\act-1-enemies\8.forest-splitbark\production\review\animation_r01\frames\ForestSplitter_RollDizzy_side\0028.png'
00:44.703  render           | Saved: 'C:\Users\d.grab\Desktop\the-game\ART\characters\act-1-enemies\8.forest-splitbark\production\review\animation_r01\frames\ForestSplitter_RollDizzy_side\0029.png'
00:44.891  render           | Saved: 'C:\Users\d.grab\Desktop\the-game\ART\characters\act-1-enemies\8.forest-splitbark\production\review\animation_r01\frames\ForestSplitter_RollDizzy_side\0030.png'
00:45.078  render           | Saved: 'C:\Users\d.grab\Desktop\the-game\ART\characters\act-1-enemies\8.forest-splitbark\production\review\animation_r01\frames\ForestSplitter_RollDizzy_side\0031.png'
00:45.266  render           | Saved: 'C:\Users\d.grab\Desktop\the-game\ART\characters\act-1-enemies\8.forest-splitbark\production\review\animation_r01\frames\ForestSplitter_RollDizzy_side\0032.png'
00:45.484  render           | Saved: 'C:\Users\d.grab\Desktop\the-game\ART\characters\act-1-enemies\8.forest-splitbark\production\review\animation_r01\frames\ForestSplitter_RollDizzy_side\0033.png'
00:45.688  render           | Saved: 'C:\Users\d.grab\Desktop\the-game\ART\characters\act-1-enemies\8.forest-splitbark\production\review\animation_r01\frames\ForestSplitter_RollDizzy_side\0034.png'
00:45.875  render           | Saved: 'C:\Users\d.grab\Desktop\the-game\ART\characters\act-1-enemies\8.forest-splitbark\production\review\animation_r01\frames\ForestSplitter_RollDizzy_side\0035.png'
00:46.063  render           | Saved: 'C:\Users\d.grab\Desktop\the-game\ART\characters\act-1-enemies\8.forest-splitbark\production\review\animation_r01\frames\ForestSplitter_RollDizzy_side\0036.png'
00:46.234  render           | Saved: 'C:\Users\d.grab\Desktop\the-game\ART\characters\act-1-enemies\8.forest-splitbark\production\review\animation_r01\frames\ForestSplitter_RollDizzy_side\0037.png'
00:46.406  render           | Saved: 'C:\Users\d.grab\Desktop\the-game\ART\characters\act-1-enemies\8.forest-splitbark\production\review\animation_r01\frames\ForestSplitter_RollDizzy_side\0038.png'
00:46.594  render           | Saved: 'C:\Users\d.grab\Desktop\the-game\ART\characters\act-1-enemies\8.forest-splitbark\production\review\animation_r01\frames\ForestSplitter_RollDizzy_side\0039.png'
00:46.797  render           | Saved: 'C:\Users\d.grab\Desktop\the-game\ART\characters\act-1-enemies\8.forest-splitbark\production\review\animation_r01\frames\ForestSplitter_RollDizzy_side\0040.png'
00:46.969  render           | Saved: 'C:\Users\d.grab\Desktop\the-game\ART\characters\act-1-enemies\8.forest-splitbark\production\review\animation_r01\frames\ForestSplitter_RollDizzy_side\0041.png'
00:47.125  render           | Saved: 'C:\Users\d.grab\Desktop\the-game\ART\characters\act-1-enemies\8.forest-splitbark\production\review\animation_r01\frames\ForestSplitter_RollDizzy_side\0042.png'
00:47.297  render           | Saved: 'C:\Users\d.grab\Desktop\the-game\ART\characters\act-1-enemies\8.forest-splitbark\production\review\animation_r01\frames\ForestSplitter_RollDizzy_side\0043.png'
00:47.453  render           | Saved: 'C:\Users\d.grab\Desktop\the-game\ART\characters\act-1-enemies\8.forest-splitbark\production\review\animation_r01\frames\ForestSplitter_RollDizzy_side\0044.png'
00:47.625  render           | Saved: 'C:\Users\d.grab\Desktop\the-game\ART\characters\act-1-enemies\8.forest-splitbark\production\review\animation_r01\frames\ForestSplitter_RollDizzy_side\0045.png'
RENDERED ForestSplitter_RollDizzy side 46
00:47.781  render           | Saved: 'C:\Users\d.grab\Desktop\the-game\ART\characters\act-1-enemies\8.forest-splitbark\production\review\animation_r01\frames\RollSeq_uncurl\0000.png'
00:48.031  render           | Saved: 'C:\Users\d.grab\Desktop\the-game\ART\characters\act-1-enemies\8.forest-splitbark\production\review\animation_r01\frames\RollSeq_uncurl\0001.png'
00:48.266  render           | Saved: 'C:\Users\d.grab\Desktop\the-game\ART\characters\act-1-enemies\8.forest-splitbark\production\review\animation_r01\frames\RollSeq_uncurl\0002.png'
00:48.516  render           | Saved: 'C:\Users\d.grab\Desktop\the-game\ART\characters\act-1-enemies\8.forest-splitbark\production\review\animation_r01\frames\RollSeq_uncurl\0003.png'
00:48.703  render           | Saved: 'C:\Users\d.grab\Desktop\the-game\ART\characters\act-1-enemies\8.forest-splitbark\production\review\animation_r01\frames\RollSeq_uncurl\0004.png'
00:48.875  render           | Saved: 'C:\Users\d.grab\Desktop\the-game\ART\characters\act-1-enemies\8.forest-splitbark\production\review\animation_r01\frames\RollSeq_uncurl\0005.png'
00:49.266  render           | Saved: 'C:\Users\d.grab\Desktop\the-game\ART\characters\act-1-enemies\8.forest-splitbark\production\review\animation_r01\frames\RollSeq_uncurl\0006.png'
00:49.578  render           | Saved: 'C:\Users\d.grab\Desktop\the-game\ART\characters\act-1-enemies\8.forest-splitbark\production\review\animation_r01\frames\RollSeq_uncurl\0007.png'
00:49.781  render           | Saved: 'C:\Users\d.grab\Desktop\the-game\ART\characters\act-1-enemies\8.forest-splitbark\production\review\animation_r01\frames\RollSeq_uncurl\0008.png'
00:49.984  render           | Saved: 'C:\Users\d.grab\Desktop\the-game\ART\characters\act-1-enemies\8.forest-splitbark\production\review\animation_r01\frames\RollSeq_uncurl\0009.png'
00:50.156  render           | Saved: 'C:\Users\d.grab\Desktop\the-game\ART\characters\act-1-enemies\8.forest-splitbark\production\review\animation_r01\frames\RollSeq_uncurl\0010.png'
00:50.359  render           | Saved: 'C:\Users\d.grab\Desktop\the-game\ART\characters\act-1-enemies\8.forest-splitbark\production\review\animation_r01\frames\RollSeq_uncurl\0011.png'
00:50.563  render           | Saved: 'C:\Users\d.grab\Desktop\the-game\ART\characters\act-1-enemies\8.forest-splitbark\production\review\animation_r01\frames\RollSeq_uncurl\0012.png'
00:50.750  render           | Saved: 'C:\Users\d.grab\Desktop\the-game\ART\characters\act-1-enemies\8.forest-splitbark\production\review\animation_r01\frames\RollSeq_uncurl\0013.png'
00:50.953  render           | Saved: 'C:\Users\d.grab\Desktop\the-game\ART\characters\act-1-enemies\8.forest-splitbark\production\review\animation_r01\frames\RollSeq_uncurl\0014.png'
00:51.141  render           | Saved: 'C:\Users\d.grab\Desktop\the-game\ART\characters\act-1-enemies\8.forest-splitbark\production\review\animation_r01\frames\RollSeq_uncurl\0015.png'
00:51.328  render           | Saved: 'C:\Users\d.grab\Desktop\the-game\ART\characters\act-1-enemies\8.forest-splitbark\production\review\animation_r01\frames\RollSeq_uncurl\0016.png'
00:51.516  render           | Saved: 'C:\Users\d.grab\Desktop\the-game\ART\characters\act-1-enemies\8.forest-splitbark\production\review\animation_r01\frames\RollSeq_uncurl\0017.png'
00:51.719  render           | Saved: 'C:\Users\d.grab\Desktop\the-game\ART\characters\act-1-enemies\8.forest-splitbark\production\review\animation_r01\frames\RollSeq_uncurl\0018.png'
00:51.938  render           | Saved: 'C:\Users\d.grab\Desktop\the-game\ART\characters\act-1-enemies\8.forest-splitbark\production\review\animation_r01\frames\RollSeq_uncurl\0019.png'
00:52.156  render           | Saved: 'C:\Users\d.grab\Desktop\the-game\ART\characters\act-1-enemies\8.forest-splitbark\production\review\animation_r01\frames\RollSeq_uncurl\0020.png'
00:52.406  render           | Saved: 'C:\Users\d.grab\Desktop\the-game\ART\characters\act-1-enemies\8.forest-splitbark\production\review\animation_r01\frames\RollSeq_uncurl\0021.png'
00:52.594  render           | Saved: 'C:\Users\d.grab\Desktop\the-game\ART\characters\act-1-enemies\8.forest-splitbark\production\review\animation_r01\frames\RollSeq_uncurl\0022.png'
00:52.781  render           | Saved: 'C:\Users\d.grab\Desktop\the-game\ART\characters\act-1-enemies\8.forest-splitbark\production\review\animation_r01\frames\RollSeq_uncurl\0023.png'
00:52.969  render           | Saved: 'C:\Users\d.grab\Desktop\the-game\ART\characters\act-1-enemies\8.forest-splitbark\production\review\animation_r01\frames\RollSeq_uncurl\0024.png'
00:53.156  render           | Saved: 'C:\Users\d.grab\Desktop\the-game\ART\characters\act-1-enemies\8.forest-splitbark\production\review\animation_r01\frames\RollSeq_uncurl\0025.png'
00:53.359  render           | Saved: 'C:\Users\d.grab\Desktop\the-game\ART\characters\act-1-enemies\8.forest-splitbark\production\review\animation_r01\frames\RollSeq_uncurl\0026.png'
00:53.641  render           | Saved: 'C:\Users\d.grab\Desktop\the-game\ART\characters\act-1-enemies\8.forest-splitbark\production\review\animation_r01\frames\RollSeq_uncurl\0027.png'
00:53.828  render           | Saved: 'C:\Users\d.grab\Desktop\the-game\ART\characters\act-1-enemies\8.forest-splitbark\production\review\animation_r01\frames\RollSeq_uncurl\0028.png'
00:54.016  render           | Saved: 'C:\Users\d.grab\Desktop\the-game\ART\characters\act-1-enemies\8.forest-splitbark\production\review\animation_r01\frames\RollSeq_uncurl\0029.png'
00:54.203  render           | Saved: 'C:\Users\d.grab\Desktop\the-game\ART\characters\act-1-enemies\8.forest-splitbark\production\review\animation_r01\frames\RollSeq_uncurl\0030.png'
00:54.438  render           | Saved: 'C:\Users\d.grab\Desktop\the-game\ART\characters\act-1-enemies\8.forest-splitbark\production\review\animation_r01\frames\RollSeq_uncurl\0031.png'
00:54.625  render           | Saved: 'C:\Users\d.grab\Desktop\the-game\ART\characters\act-1-enemies\8.forest-splitbark\production\review\animation_r01\frames\RollSeq_uncurl\0032.png'
00:54.828  render           | Saved: 'C:\Users\d.grab\Desktop\the-game\ART\characters\act-1-enemies\8.forest-splitbark\production\review\animation_r01\frames\RollSeq_uncurl\0033.png'
00:55.063  render           | Saved: 'C:\Users\d.grab\Desktop\the-game\ART\characters\act-1-enemies\8.forest-splitbark\production\review\animation_r01\frames\RollSeq_uncurl\0034.png'
00:55.234  render           | Saved: 'C:\Users\d.grab\Desktop\the-game\ART\characters\act-1-enemies\8.forest-splitbark\production\review\animation_r01\frames\RollSeq_uncurl\0035.png'
00:55.391  render           | Saved: 'C:\Users\d.grab\Desktop\the-game\ART\characters\act-1-enemies\8.forest-splitbark\production\review\animation_r01\frames\RollSeq_uncurl\0036.png'
00:55.563  render           | Saved: 'C:\Users\d.grab\Desktop\the-game\ART\characters\act-1-enemies\8.forest-splitbark\production\review\animation_r01\frames\RollSeq_uncurl\0037.png'
00:55.734  render           | Saved: 'C:\Users\d.grab\Desktop\the-game\ART\characters\act-1-enemies\8.forest-splitbark\production\review\animation_r01\frames\RollSeq_uncurl\0038.png'
00:55.906  render           | Saved: 'C:\Users\d.grab\Desktop\the-game\ART\characters\act-1-enemies\8.forest-splitbark\production\review\animation_r01\frames\RollSeq_uncurl\0039.png'
00:56.125  render           | Saved: 'C:\Users\d.grab\Desktop\the-game\ART\characters\act-1-enemies\8.forest-splitbark\production\review\animation_r01\frames\RollSeq_uncurl\0040.png'
00:56.297  render           | Saved: 'C:\Users\d.grab\Desktop\the-game\ART\characters\act-1-enemies\8.forest-splitbark\production\review\animation_r01\frames\RollSeq_uncurl\0041.png'
00:56.469  render           | Saved: 'C:\Users\d.grab\Desktop\the-game\ART\characters\act-1-enemies\8.forest-splitbark\production\review\animation_r01\frames\RollSeq_uncurl\0042.png'
00:56.641  render           | Saved: 'C:\Users\d.grab\Desktop\the-game\ART\characters\act-1-enemies\8.forest-splitbark\production\review\animation_r01\frames\RollSeq_uncurl\0043.png'
00:56.813  render           | Saved: 'C:\Users\d.grab\Desktop\the-game\ART\characters\act-1-enemies\8.forest-splitbark\production\review\animation_r01\frames\RollSeq_uncurl\0044.png'
00:56.984  render           | Saved: 'C:\Users\d.grab\Desktop\the-game\ART\characters\act-1-enemies\8.forest-splitbark\production\review\animation_r01\frames\RollSeq_uncurl\0045.png'
00:57.188  render           | Saved: 'C:\Users\d.grab\Desktop\the-game\ART\characters\act-1-enemies\8.forest-splitbark\production\review\animation_r01\frames\RollSeq_uncurl\0046.png'
00:57.391  render           | Saved: 'C:\Users\d.grab\Desktop\the-game\ART\characters\act-1-enemies\8.forest-splitbark\production\review\animation_r01\frames\RollSeq_uncurl\0047.png'
00:57.594  render           | Saved: 'C:\Users\d.grab\Desktop\the-game\ART\characters\act-1-enemies\8.forest-splitbark\production\review\animation_r01\frames\RollSeq_uncurl\0048.png'
00:57.797  render           | Saved: 'C:\Users\d.grab\Desktop\the-game\ART\characters\act-1-enemies\8.forest-splitbark\production\review\animation_r01\frames\RollSeq_uncurl\0049.png'
00:57.984  render           | Saved: 'C:\Users\d.grab\Desktop\the-game\ART\characters\act-1-enemies\8.forest-splitbark\production\review\animation_r01\frames\RollSeq_uncurl\0050.png'
00:58.188  render           | Saved: 'C:\Users\d.grab\Desktop\the-game\ART\characters\act-1-enemies\8.forest-splitbark\production\review\animation_r01\frames\RollSeq_uncurl\0051.png'
00:58.375  render           | Saved: 'C:\Users\d.grab\Desktop\the-game\ART\characters\act-1-enemies\8.forest-splitbark\production\review\animation_r01\frames\RollSeq_uncurl\0052.png'
00:58.547  render           | Saved: 'C:\Users\d.grab\Desktop\the-game\ART\characters\act-1-enemies\8.forest-splitbark\production\review\animation_r01\frames\RollSeq_uncurl\0053.png'
00:58.719  render           | Saved: 'C:\Users\d.grab\Desktop\the-game\ART\characters\act-1-enemies\8.forest-splitbark\production\review\animation_r01\frames\RollSeq_uncurl\0054.png'
00:58.891  render           | Saved: 'C:\Users\d.grab\Desktop\the-game\ART\characters\act-1-enemies\8.forest-splitbark\production\review\animation_r01\frames\RollSeq_uncurl\0055.png'
00:59.047  render           | Saved: 'C:\Users\d.grab\Desktop\the-game\ART\characters\act-1-enemies\8.forest-splitbark\production\review\animation_r01\frames\RollSeq_uncurl\0056.png'
00:59.203  render           | Saved: 'C:\Users\d.grab\Desktop\the-game\ART\characters\act-1-enemies\8.forest-splitbark\production\review\animation_r01\frames\RollSeq_uncurl\0057.png'
00:59.359  render           | Saved: 'C:\Users\d.grab\Desktop\the-game\ART\characters\act-1-enemies\8.forest-splitbark\production\review\animation_r01\frames\RollSeq_uncurl\0058.png'
00:59.516  render           | Saved: 'C:\Users\d.grab\Desktop\the-game\ART\characters\act-1-enemies\8.forest-splitbark\production\review\animation_r01\frames\RollSeq_uncurl\0059.png'
00:59.672  render           | Saved: 'C:\Users\d.grab\Desktop\the-game\ART\characters\act-1-enemies\8.forest-splitbark\production\review\animation_r01\frames\RollSeq_uncurl\0060.png'
00:59.875  render           | Saved: 'C:\Users\d.grab\Desktop\the-game\ART\characters\act-1-enemies\8.forest-splitbark\production\review\animation_r01\frames\RollSeq_uncurl\0061.png'
01:00.063  render           | Saved: 'C:\Users\d.grab\Desktop\the-game\ART\characters\act-1-enemies\8.forest-splitbark\production\review\animation_r01\frames\RollSeq_uncurl\0062.png'
01:00.219  render           | Saved: 'C:\Users\d.grab\Desktop\the-game\ART\characters\act-1-enemies\8.forest-splitbark\production\review\animation_r01\frames\RollSeq_uncurl\0063.png'
01:00.375  render           | Saved: 'C:\Users\d.grab\Desktop\the-game\ART\characters\act-1-enemies\8.forest-splitbark\production\review\animation_r01\frames\RollSeq_uncurl\0064.png'
01:00.531  render           | Saved: 'C:\Users\d.grab\Desktop\the-game\ART\characters\act-1-enemies\8.forest-splitbark\production\review\animation_r01\frames\RollSeq_uncurl\0065.png'
01:00.688  render           | Saved: 'C:\Users\d.grab\Desktop\the-game\ART\characters\act-1-enemies\8.forest-splitbark\production\review\animation_r01\frames\RollSeq_uncurl\0066.png'
01:00.859  render           | Saved: 'C:\Users\d.grab\Desktop\the-game\ART\characters\act-1-enemies\8.forest-splitbark\production\review\animation_r01\frames\RollSeq_uncurl\0067.png'
01:01.094  render           | Saved: 'C:\Users\d.grab\Desktop\the-game\ART\characters\act-1-enemies\8.forest-splitbark\production\review\animation_r01\frames\RollSeq_uncurl\0068.png'
01:01.281  render           | Saved: 'C:\Users\d.grab\Desktop\the-game\ART\characters\act-1-enemies\8.forest-splitbark\production\review\animation_r01\frames\RollSeq_uncurl\0069.png'
01:01.453  render           | Saved: 'C:\Users\d.grab\Desktop\the-game\ART\characters\act-1-enemies\8.forest-splitbark\production\review\animation_r01\frames\RollSeq_uncurl\0070.png'
01:01.625  render           | Saved: 'C:\Users\d.grab\Desktop\the-game\ART\characters\act-1-enemies\8.forest-splitbark\production\review\animation_r01\frames\RollSeq_uncurl\0071.png'
01:01.781  render           | Saved: 'C:\Users\d.grab\Desktop\the-game\ART\characters\act-1-enemies\8.forest-splitbark\production\review\animation_r01\frames\RollSeq_uncurl\0072.png'
01:01.969  render           | Saved: 'C:\Users\d.grab\Desktop\the-game\ART\characters\act-1-enemies\8.forest-splitbark\production\review\animation_r01\frames\RollSeq_uncurl\0073.png'
01:02.141  render           | Saved: 'C:\Users\d.grab\Desktop\the-game\ART\characters\act-1-enemies\8.forest-splitbark\production\review\animation_r01\frames\RollSeq_uncurl\0074.png'
01:02.328  render           | Saved: 'C:\Users\d.grab\Desktop\the-game\ART\characters\act-1-enemies\8.forest-splitbark\production\review\animation_r01\frames\RollSeq_uncurl\0075.png'
01:02.500  render           | Saved: 'C:\Users\d.grab\Desktop\the-game\ART\characters\act-1-enemies\8.forest-splitbark\production\review\animation_r01\frames\RollSeq_uncurl\0076.png'
01:02.672  render           | Saved: 'C:\Users\d.grab\Desktop\the-game\ART\characters\act-1-enemies\8.forest-splitbark\production\review\animation_r01\frames\RollSeq_uncurl\0077.png'
01:02.828  render           | Saved: 'C:\Users\d.grab\Desktop\the-game\ART\characters\act-1-enemies\8.forest-splitbark\production\review\animation_r01\frames\RollSeq_uncurl\0078.png'
01:03.000  render           | Saved: 'C:\Users\d.grab\Desktop\the-game\ART\characters\act-1-enemies\8.forest-splitbark\production\review\animation_r01\frames\RollSeq_uncurl\0079.png'
01:03.188  render           | Saved: 'C:\Users\d.grab\Desktop\the-game\ART\characters\act-1-enemies\8.forest-splitbark\production\review\animation_r01\frames\RollSeq_uncurl\0080.png'
01:03.375  render           | Saved: 'C:\Users\d.grab\Desktop\the-game\ART\characters\act-1-enemies\8.forest-splitbark\production\review\animation_r01\frames\RollSeq_uncurl\0081.png'
01:03.609  render           | Saved: 'C:\Users\d.grab\Desktop\the-game\ART\characters\act-1-enemies\8.forest-splitbark\production\review\animation_r01\frames\RollSeq_uncurl\0082.png'
01:03.813  render           | Saved: 'C:\Users\d.grab\Desktop\the-game\ART\characters\act-1-enemies\8.forest-splitbark\production\review\animation_r01\frames\RollSeq_uncurl\0083.png'
01:04.016  render           | Saved: 'C:\Users\d.grab\Desktop\the-game\ART\characters\act-1-enemies\8.forest-splitbark\production\review\animation_r01\frames\RollSeq_uncurl\0084.png'
01:04.203  render           | Saved: 'C:\Users\d.grab\Desktop\the-game\ART\characters\act-1-enemies\8.forest-splitbark\production\review\animation_r01\frames\RollSeq_uncurl\0085.png'
01:04.375  render           | Saved: 'C:\Users\d.grab\Desktop\the-game\ART\characters\act-1-enemies\8.forest-splitbark\production\review\animation_r01\frames\RollSeq_uncurl\0086.png'
01:04.563  render           | Saved: 'C:\Users\d.grab\Desktop\the-game\ART\characters\act-1-enemies\8.forest-splitbark\production\review\animation_r01\frames\RollSeq_uncurl\0087.png'
01:04.750  render           | Saved: 'C:\Users\d.grab\Desktop\the-game\ART\characters\act-1-enemies\8.forest-splitbark\production\review\animation_r01\frames\RollSeq_uncurl\0088.png'
01:04.953  render           | Saved: 'C:\Users\d.grab\Desktop\the-game\ART\characters\act-1-enemies\8.forest-splitbark\production\review\animation_r01\frames\RollSeq_uncurl\0089.png'
RENDERED RollSeq uncurl 90
C:\Users\d.grab\Desktop\the-game\ART\characters\act-1-enemies\8.forest-splitbark\production\animation\render_review.py:138: DeprecationWarning: 'Material.use_nodes' is expected to be removed in Blender 6.0
  mat.use_nodes = True
01:05.141  render           | Saved: 'C:\Users\d.grab\Desktop\the-game\ART\characters\act-1-enemies\8.forest-splitbark\production\review\animation_r01\frames\RollSeq_dizzy\0000.png'
01:05.313  render           | Saved: 'C:\Users\d.grab\Desktop\the-game\ART\characters\act-1-enemies\8.forest-splitbark\production\review\animation_r01\frames\RollSeq_dizzy\0001.png'
01:05.484  render           | Saved: 'C:\Users\d.grab\Desktop\the-game\ART\characters\act-1-enemies\8.forest-splitbark\production\review\animation_r01\frames\RollSeq_dizzy\0002.png'
01:05.656  render           | Saved: 'C:\Users\d.grab\Desktop\the-game\ART\characters\act-1-enemies\8.forest-splitbark\production\review\animation_r01\frames\RollSeq_dizzy\0003.png'
01:05.844  render           | Saved: 'C:\Users\d.grab\Desktop\the-game\ART\characters\act-1-enemies\8.forest-splitbark\production\review\animation_r01\frames\RollSeq_dizzy\0004.png'
01:06.047  render           | Saved: 'C:\Users\d.grab\Desktop\the-game\ART\characters\act-1-enemies\8.forest-splitbark\production\review\animation_r01\frames\RollSeq_dizzy\0005.png'
01:06.234  render           | Saved: 'C:\Users\d.grab\Desktop\the-game\ART\characters\act-1-enemies\8.forest-splitbark\production\review\animation_r01\frames\RollSeq_dizzy\0006.png'
01:06.406  render           | Saved: 'C:\Users\d.grab\Desktop\the-game\ART\characters\act-1-enemies\8.forest-splitbark\production\review\animation_r01\frames\RollSeq_dizzy\0007.png'
01:06.594  render           | Saved: 'C:\Users\d.grab\Desktop\the-game\ART\characters\act-1-enemies\8.forest-splitbark\production\review\animation_r01\frames\RollSeq_dizzy\0008.png'
01:06.766  render           | Saved: 'C:\Users\d.grab\Desktop\the-game\ART\characters\act-1-enemies\8.forest-splitbark\production\review\animation_r01\frames\RollSeq_dizzy\0009.png'
01:06.953  render           | Saved: 'C:\Users\d.grab\Desktop\the-game\ART\characters\act-1-enemies\8.forest-splitbark\production\review\animation_r01\frames\RollSeq_dizzy\0010.png'
01:07.172  render           | Saved: 'C:\Users\d.grab\Desktop\the-game\ART\characters\act-1-enemies\8.forest-splitbark\production\review\animation_r01\frames\RollSeq_dizzy\0011.png'
01:07.391  render           | Saved: 'C:\Users\d.grab\Desktop\the-game\ART\characters\act-1-enemies\8.forest-splitbark\production\review\animation_r01\frames\RollSeq_dizzy\0012.png'
01:07.672  render           | Saved: 'C:\Users\d.grab\Desktop\the-game\ART\characters\act-1-enemies\8.forest-splitbark\production\review\animation_r01\frames\RollSeq_dizzy\0013.png'
01:07.906  render           | Saved: 'C:\Users\d.grab\Desktop\the-game\ART\characters\act-1-enemies\8.forest-splitbark\production\review\animation_r01\frames\RollSeq_dizzy\0014.png'
01:08.141  render           | Saved: 'C:\Users\d.grab\Desktop\the-game\ART\characters\act-1-enemies\8.forest-splitbark\production\review\animation_r01\frames\RollSeq_dizzy\0015.png'
01:08.406  render           | Saved: 'C:\Users\d.grab\Desktop\the-game\ART\characters\act-1-enemies\8.forest-splitbark\production\review\animation_r01\frames\RollSeq_dizzy\0016.png'
01:08.734  render           | Saved: 'C:\Users\d.grab\Desktop\the-game\ART\characters\act-1-enemies\8.forest-splitbark\production\review\animation_r01\frames\RollSeq_dizzy\0017.png'
01:09.063  render           | Saved: 'C:\Users\d.grab\Desktop\the-game\ART\characters\act-1-enemies\8.forest-splitbark\production\review\animation_r01\frames\RollSeq_dizzy\0018.png'
01:09.469  render           | Saved: 'C:\Users\d.grab\Desktop\the-game\ART\characters\act-1-enemies\8.forest-splitbark\production\review\animation_r01\frames\RollSeq_dizzy\0019.png'
01:09.797  render           | Saved: 'C:\Users\d.grab\Desktop\the-game\ART\characters\act-1-enemies\8.forest-splitbark\production\review\animation_r01\frames\RollSeq_dizzy\0020.png'
01:10.063  render           | Saved: 'C:\Users\d.grab\Desktop\the-game\ART\characters\act-1-enemies\8.forest-splitbark\production\review\animation_r01\frames\RollSeq_dizzy\0021.png'
01:10.422  render           | Saved: 'C:\Users\d.grab\Desktop\the-game\ART\characters\act-1-enemies\8.forest-splitbark\production\review\animation_r01\frames\RollSeq_dizzy\0022.png'
01:10.656  render           | Saved: 'C:\Users\d.grab\Desktop\the-game\ART\characters\act-1-enemies\8.forest-splitbark\production\review\animation_r01\frames\RollSeq_dizzy\0023.png'
01:10.859  render           | Saved: 'C:\Users\d.grab\Desktop\the-game\ART\characters\act-1-enemies\8.forest-splitbark\production\review\animation_r01\frames\RollSeq_dizzy\0024.png'
01:11.078  render           | Saved: 'C:\Users\d.grab\Desktop\the-game\ART\characters\act-1-enemies\8.forest-splitbark\production\review\animation_r01\frames\RollSeq_dizzy\0025.png'
01:11.313  render           | Saved: 'C:\Users\d.grab\Desktop\the-game\ART\characters\act-1-enemies\8.forest-splitbark\production\review\animation_r01\frames\RollSeq_dizzy\0026.png'
01:11.516  render           | Saved: 'C:\Users\d.grab\Desktop\the-game\ART\characters\act-1-enemies\8.forest-splitbark\production\review\animation_r01\frames\RollSeq_dizzy\0027.png'
01:11.766  render           | Saved: 'C:\Users\d.grab\Desktop\the-game\ART\characters\act-1-enemies\8.forest-splitbark\production\review\animation_r01\frames\RollSeq_dizzy\0028.png'
01:12.000  render           | Saved: 'C:\Users\d.grab\Desktop\the-game\ART\characters\act-1-enemies\8.forest-splitbark\production\review\animation_r01\frames\RollSeq_dizzy\0029.png'
01:12.219  render           | Saved: 'C:\Users\d.grab\Desktop\the-game\ART\characters\act-1-enemies\8.forest-splitbark\production\review\animation_r01\frames\RollSeq_dizzy\0030.png'
01:12.484  render           | Saved: 'C:\Users\d.grab\Desktop\the-game\ART\characters\act-1-enemies\8.forest-splitbark\production\review\animation_r01\frames\RollSeq_dizzy\0031.png'
01:12.734  render           | Saved: 'C:\Users\d.grab\Desktop\the-game\ART\characters\act-1-enemies\8.forest-splitbark\production\review\animation_r01\frames\RollSeq_dizzy\0032.png'
01:12.984  render           | Saved: 'C:\Users\d.grab\Desktop\the-game\ART\characters\act-1-enemies\8.forest-splitbark\production\review\animation_r01\frames\RollSeq_dizzy\0033.png'
01:13.234  render           | Saved: 'C:\Users\d.grab\Desktop\the-game\ART\characters\act-1-enemies\8.forest-splitbark\production\review\animation_r01\frames\RollSeq_dizzy\0034.png'
01:13.484  render           | Saved: 'C:\Users\d.grab\Desktop\the-game\ART\characters\act-1-enemies\8.forest-splitbark\production\review\animation_r01\frames\RollSeq_dizzy\0035.png'
01:13.688  render           | Saved: 'C:\Users\d.grab\Desktop\the-game\ART\characters\act-1-enemies\8.forest-splitbark\production\review\animation_r01\frames\RollSeq_dizzy\0036.png'
01:13.906  render           | Saved: 'C:\Users\d.grab\Desktop\the-game\ART\characters\act-1-enemies\8.forest-splitbark\production\review\animation_r01\frames\RollSeq_dizzy\0037.png'
01:14.125  render           | Saved: 'C:\Users\d.grab\Desktop\the-game\ART\characters\act-1-enemies\8.forest-splitbark\production\review\animation_r01\frames\RollSeq_dizzy\0038.png'
01:14.328  render           | Saved: 'C:\Users\d.grab\Desktop\the-game\ART\characters\act-1-enemies\8.forest-splitbark\production\review\animation_r01\frames\RollSeq_dizzy\0039.png'
01:14.563  render           | Saved: 'C:\Users\d.grab\Desktop\the-game\ART\characters\act-1-enemies\8.forest-splitbark\production\review\animation_r01\frames\RollSeq_dizzy\0040.png'
01:14.766  render           | Saved: 'C:\Users\d.grab\Desktop\the-game\ART\characters\act-1-enemies\8.forest-splitbark\production\review\animation_r01\frames\RollSeq_dizzy\0041.png'
01:14.969  render           | Saved: 'C:\Users\d.grab\Desktop\the-game\ART\characters\act-1-enemies\8.forest-splitbark\production\review\animation_r01\frames\RollSeq_dizzy\0042.png'
01:15.172  render           | Saved: 'C:\Users\d.grab\Desktop\the-game\ART\characters\act-1-enemies\8.forest-splitbark\production\review\animation_r01\frames\RollSeq_dizzy\0043.png'
01:15.359  render           | Saved: 'C:\Users\d.grab\Desktop\the-game\ART\characters\act-1-enemies\8.forest-splitbark\production\review\animation_r01\frames\RollSeq_dizzy\0044.png'
01:15.563  render           | Saved: 'C:\Users\d.grab\Desktop\the-game\ART\characters\act-1-enemies\8.forest-splitbark\production\review\animation_r01\frames\RollSeq_dizzy\0045.png'
01:15.766  render           | Saved: 'C:\Users\d.grab\Desktop\the-game\ART\characters\act-1-enemies\8.forest-splitbark\production\review\animation_r01\frames\RollSeq_dizzy\0046.png'
01:15.969  render           | Saved: 'C:\Users\d.grab\Desktop\the-game\ART\characters\act-1-enemies\8.forest-splitbark\production\review\animation_r01\frames\RollSeq_dizzy\0047.png'
01:16.125  render           | Saved: 'C:\Users\d.grab\Desktop\the-game\ART\characters\act-1-enemies\8.forest-splitbark\production\review\animation_r01\frames\RollSeq_dizzy\0048.png'
01:16.297  render           | Saved: 'C:\Users\d.grab\Desktop\the-game\ART\characters\act-1-enemies\8.forest-splitbark\production\review\animation_r01\frames\RollSeq_dizzy\0049.png'
01:16.469  render           | Saved: 'C:\Users\d.grab\Desktop\the-game\ART\characters\act-1-enemies\8.forest-splitbark\production\review\animation_r01\frames\RollSeq_dizzy\0050.png'
01:16.641  render           | Saved: 'C:\Users\d.grab\Desktop\the-game\ART\characters\act-1-enemies\8.forest-splitbark\production\review\animation_r01\frames\RollSeq_dizzy\0051.png'
01:16.844  render           | Saved: 'C:\Users\d.grab\Desktop\the-game\ART\characters\act-1-enemies\8.forest-splitbark\production\review\animation_r01\frames\RollSeq_dizzy\0052.png'
01:17.031  render           | Saved: 'C:\Users\d.grab\Desktop\the-game\ART\characters\act-1-enemies\8.forest-splitbark\production\review\animation_r01\frames\RollSeq_dizzy\0053.png'
01:17.219  render           | Saved: 'C:\Users\d.grab\Desktop\the-game\ART\characters\act-1-enemies\8.forest-splitbark\production\review\animation_r01\frames\RollSeq_dizzy\0054.png'
01:17.406  render           | Saved: 'C:\Users\d.grab\Desktop\the-game\ART\characters\act-1-enemies\8.forest-splitbark\production\review\animation_r01\frames\RollSeq_dizzy\0055.png'
01:17.578  render           | Saved: 'C:\Users\d.grab\Desktop\the-game\ART\characters\act-1-enemies\8.forest-splitbark\production\review\animation_r01\frames\RollSeq_dizzy\0056.png'
01:17.750  render           | Saved: 'C:\Users\d.grab\Desktop\the-game\ART\characters\act-1-enemies\8.forest-splitbark\production\review\animation_r01\frames\RollSeq_dizzy\0057.png'
01:17.938  render           | Saved: 'C:\Users\d.grab\Desktop\the-game\ART\characters\act-1-enemies\8.forest-splitbark\production\review\animation_r01\frames\RollSeq_dizzy\0058.png'
01:18.141  render           | Saved: 'C:\Users\d.grab\Desktop\the-game\ART\characters\act-1-enemies\8.forest-splitbark\production\review\animation_r01\frames\RollSeq_dizzy\0059.png'
01:18.344  render           | Saved: 'C:\Users\d.grab\Desktop\the-game\ART\characters\act-1-enemies\8.forest-splitbark\production\review\animation_r01\frames\RollSeq_dizzy\0060.png'
01:18.516  render           | Saved: 'C:\Users\d.grab\Desktop\the-game\ART\characters\act-1-enemies\8.forest-splitbark\production\review\animation_r01\frames\RollSeq_dizzy\0061.png'
01:18.688  render           | Saved: 'C:\Users\d.grab\Desktop\the-game\ART\characters\act-1-enemies\8.forest-splitbark\production\review\animation_r01\frames\RollSeq_dizzy\0062.png'
01:18.859  render           | Saved: 'C:\Users\d.grab\Desktop\the-game\ART\characters\act-1-enemies\8.forest-splitbark\production\review\animation_r01\frames\RollSeq_dizzy\0063.png'
01:19.031  render           | Saved: 'C:\Users\d.grab\Desktop\the-game\ART\characters\act-1-enemies\8.forest-splitbark\production\review\animation_r01\frames\RollSeq_dizzy\0064.png'
01:19.203  render           | Saved: 'C:\Users\d.grab\Desktop\the-game\ART\characters\act-1-enemies\8.forest-splitbark\production\review\animation_r01\frames\RollSeq_dizzy\0065.png'
01:19.391  render           | Saved: 'C:\Users\d.grab\Desktop\the-game\ART\characters\act-1-enemies\8.forest-splitbark\production\review\animation_r01\frames\RollSeq_dizzy\0066.png'
01:19.578  render           | Saved: 'C:\Users\d.grab\Desktop\the-game\ART\characters\act-1-enemies\8.forest-splitbark\production\review\animation_r01\frames\RollSeq_dizzy\0067.png'
01:19.750  render           | Saved: 'C:\Users\d.grab\Desktop\the-game\ART\characters\act-1-enemies\8.forest-splitbark\production\review\animation_r01\frames\RollSeq_dizzy\0068.png'
01:19.953  render           | Saved: 'C:\Users\d.grab\Desktop\the-game\ART\characters\act-1-enemies\8.forest-splitbark\production\review\animation_r01\frames\RollSeq_dizzy\0069.png'
01:20.125  render           | Saved: 'C:\Users\d.grab\Desktop\the-game\ART\characters\act-1-enemies\8.forest-splitbark\production\review\animation_r01\frames\RollSeq_dizzy\0070.png'
01:20.328  render           | Saved: 'C:\Users\d.grab\Desktop\the-game\ART\characters\act-1-enemies\8.forest-splitbark\production\review\animation_r01\frames\RollSeq_dizzy\0071.png'
01:20.516  render           | Saved: 'C:\Users\d.grab\Desktop\the-game\ART\characters\act-1-enemies\8.forest-splitbark\production\review\animation_r01\frames\RollSeq_dizzy\0072.png'
01:20.719  render           | Saved: 'C:\Users\d.grab\Desktop\the-game\ART\characters\act-1-enemies\8.forest-splitbark\production\review\animation_r01\frames\RollSeq_dizzy\0073.png'
01:20.906  render           | Saved: 'C:\Users\d.grab\Desktop\the-game\ART\characters\act-1-enemies\8.forest-splitbark\production\review\animation_r01\frames\RollSeq_dizzy\0074.png'
01:21.094  render           | Saved: 'C:\Users\d.grab\Desktop\the-game\ART\characters\act-1-enemies\8.forest-splitbark\production\review\animation_r01\frames\RollSeq_dizzy\0075.png'
01:21.266  render           | Saved: 'C:\Users\d.grab\Desktop\the-game\ART\characters\act-1-enemies\8.forest-splitbark\production\review\animation_r01\frames\RollSeq_dizzy\0076.png'
01:21.422  render           | Saved: 'C:\Users\d.grab\Desktop\the-game\ART\characters\act-1-enemies\8.forest-splitbark\production\review\animation_r01\frames\RollSeq_dizzy\0077.png'
01:21.594  render           | Saved: 'C:\Users\d.grab\Desktop\the-game\ART\characters\act-1-enemies\8.forest-splitbark\production\review\animation_r01\frames\RollSeq_dizzy\0078.png'
01:21.781  render           | Saved: 'C:\Users\d.grab\Desktop\the-game\ART\characters\act-1-enemies\8.forest-splitbark\production\review\animation_r01\frames\RollSeq_dizzy\0079.png'
01:21.953  render           | Saved: 'C:\Users\d.grab\Desktop\the-game\ART\characters\act-1-enemies\8.forest-splitbark\production\review\animation_r01\frames\RollSeq_dizzy\0080.png'
01:22.109  render           | Saved: 'C:\Users\d.grab\Desktop\the-game\ART\characters\act-1-enemies\8.forest-splitbark\production\review\animation_r01\frames\RollSeq_dizzy\0081.png'
01:22.266  render           | Saved: 'C:\Users\d.grab\Desktop\the-game\ART\characters\act-1-enemies\8.forest-splitbark\production\review\animation_r01\frames\RollSeq_dizzy\0082.png'
01:22.422  render           | Saved: 'C:\Users\d.grab\Desktop\the-game\ART\characters\act-1-enemies\8.forest-splitbark\production\review\animation_r01\frames\RollSeq_dizzy\0083.png'
01:22.578  render           | Saved: 'C:\Users\d.grab\Desktop\the-game\ART\characters\act-1-enemies\8.forest-splitbark\production\review\animation_r01\frames\RollSeq_dizzy\0084.png'
01:22.734  render           | Saved: 'C:\Users\d.grab\Desktop\the-game\ART\characters\act-1-enemies\8.forest-splitbark\production\review\animation_r01\frames\RollSeq_dizzy\0085.png'
01:22.906  render           | Saved: 'C:\Users\d.grab\Desktop\the-game\ART\characters\act-1-enemies\8.forest-splitbark\production\review\animation_r01\frames\RollSeq_dizzy\0086.png'
01:23.078  render           | Saved: 'C:\Users\d.grab\Desktop\the-game\ART\characters\act-1-enemies\8.forest-splitbark\production\review\animation_r01\frames\RollSeq_dizzy\0087.png'
01:23.250  render           | Saved: 'C:\Users\d.grab\Desktop\the-game\ART\characters\act-1-enemies\8.forest-splitbark\production\review\animation_r01\frames\RollSeq_dizzy\0088.png'
01:23.406  render           | Saved: 'C:\Users\d.grab\Desktop\the-game\ART\characters\act-1-enemies\8.forest-splitbark\production\review\animation_r01\frames\RollSeq_dizzy\0089.png'
01:23.547  render           | Saved: 'C:\Users\d.grab\Desktop\the-game\ART\characters\act-1-enemies\8.forest-splitbark\production\review\animation_r01\frames\RollSeq_dizzy\0090.png'
01:23.719  render           | Saved: 'C:\Users\d.grab\Desktop\the-game\ART\characters\act-1-enemies\8.forest-splitbark\production\review\animation_r01\frames\RollSeq_dizzy\0091.png'
01:23.891  render           | Saved: 'C:\Users\d.grab\Desktop\the-game\ART\characters\act-1-enemies\8.forest-splitbark\production\review\animation_r01\frames\RollSeq_dizzy\0092.png'
01:24.063  render           | Saved: 'C:\Users\d.grab\Desktop\the-game\ART\characters\act-1-enemies\8.forest-splitbark\production\review\animation_r01\frames\RollSeq_dizzy\0093.png'
01:24.219  render           | Saved: 'C:\Users\d.grab\Desktop\the-game\ART\characters\act-1-enemies\8.forest-splitbark\production\review\animation_r01\frames\RollSeq_dizzy\0094.png'
01:24.391  render           | Saved: 'C:\Users\d.grab\Desktop\the-game\ART\characters\act-1-enemies\8.forest-splitbark\production\review\animation_r01\frames\RollSeq_dizzy\0095.png'
01:24.547  render           | Saved: 'C:\Users\d.grab\Desktop\the-game\ART\characters\act-1-enemies\8.forest-splitbark\production\review\animation_r01\frames\RollSeq_dizzy\0096.png'
01:24.703  render           | Saved: 'C:\Users\d.grab\Desktop\the-game\ART\characters\act-1-enemies\8.forest-splitbark\production\review\animation_r01\frames\RollSeq_dizzy\0097.png'
RENDERED RollSeq dizzy 98
RENDER_DONE
[a_Rodin.utils-[36mDBG[0m]: [36mRodinBridge: unregister[0m
Traceback (most recent call last):
  File "C:\Program Files\Blender Foundation\Blender 5.2\5.2\scripts\modules\addon_utils.py", line 595, in disable
    mod.unregister()
    ~~~~~~~~~~~~~~^^
  File "C:\Users\d.grab\AppData\Roaming\Blender Foundation\Blender\5.2\scripts\addons\a_Rodin\__init__.py", line 28, in unregister
    unreg()
    ~~~~~^^
  File "C:\Program Files\Blender Foundation\Blender 5.2\5.2\scripts\modules\bpy\utils\__init__.py", line 1054, in unregister
    mod.unregister()
    ~~~~~~~~~~~~~~^^
  File "C:\Program Files\Blender Foundation\Blender 5.2\5.2\scripts\modules\bpy\utils\__init__.py", line 1054, in unregister
    mod.unregister()
    ~~~~~~~~~~~~~~^^
  File "C:\Program Files\Blender Foundation\Blender 5.2\5.2\scripts\modules\bpy\utils\__init__.py", line 1054, in unregister
    mod.unregister()
    ~~~~~~~~~~~~~~^^
  File "C:\Users\d.grab\AppData\Roaming\Blender Foundation\Blender\5.2\scripts\addons\a_Rodin\src\rodin\properties.py", line 408, in unregister
    bpy.app.handlers.load_post.remove(on_scene_load)
    ~~~~~~~~~~~~~~~~~~~~~~~~~~~~~~~~~^^^^^^^^^^^^^^^
ValueError: list.remove(x): x not in list
Exception in module unregister(): 'C:\\Users\\d.grab\\AppData\\Roaming\\Blender Foundation\\Blender\\5.2\\scripts\\addons\\a_Rodin\\__init__.py'
Blender 5.2.1 LTS (hash 9e2066aef7ef built 2026-08-25 02:38:20)

Blender quit
