[a_Rodin.utils-[36mDBG[0m]: [36mRodinBridge: register[0m
[a_Rodin.utils-[33mWRN[0m]: [33mPort 61863 is in use[0m
[a_Rodin.utils-[33mWRN[0m]: [33mServer running on port 61864[0m
[a_Rodin.utils-[36mDBG[0m]: [36mon_scene_load[0m
[a_Rodin.utils-[36mDBG[0m]: [36mensure_default_image[0m
00:08.172  blend            | Read blend: "C:\Users\d.grab\Desktop\the-game\ART\characters\act-1-enemies\8.forest-splitbark\production\animation\ForestSplitter_Baked_r01.blend"
00:10.734  render           | Saved: 'C:\Users\d.grab\Desktop\the-game\ART\characters\act-1-enemies\8.forest-splitbark\production\review\animation_r01\frames\ForestSplitter_Idle_game\0000.png'
00:11.000  render           | Saved: 'C:\Users\d.grab\Desktop\the-game\ART\characters\act-1-enemies\8.forest-splitbark\production\review\animation_r01\frames\ForestSplitter_Idle_game\0001.png'
00:11.266  render           | Saved: 'C:\Users\d.grab\Desktop\the-game\ART\characters\act-1-enemies\8.forest-splitbark\production\review\animation_r01\frames\ForestSplitter_Idle_game\0002.png'
00:11.531  render           | Saved: 'C:\Users\d.grab\Desktop\the-game\ART\characters\act-1-enemies\8.forest-splitbark\production\review\animation_r01\frames\ForestSplitter_Idle_game\0003.png'
00:11.797  render           | Saved: 'C:\Users\d.grab\Desktop\the-game\ART\characters\act-1-enemies\8.forest-splitbark\production\review\animation_r01\frames\ForestSplitter_Idle_game\0004.png'
00:12.016  render           | Saved: 'C:\Users\d.grab\Desktop\the-game\ART\characters\act-1-enemies\8.forest-splitbark\production\review\animation_r01\frames\ForestSplitter_Idle_game\0005.png'
00:12.250  render           | Saved: 'C:\Users\d.grab\Desktop\the-game\ART\characters\act-1-enemies\8.forest-splitbark\production\review\animation_r01\frames\ForestSplitter_Idle_game\0006.png'
00:12.484  render           | Saved: 'C:\Users\d.grab\Desktop\the-game\ART\characters\act-1-enemies\8.forest-splitbark\production\review\animation_r01\frames\ForestSplitter_Idle_game\0007.png'
00:12.750  render           | Saved: 'C:\Users\d.grab\Desktop\the-game\ART\characters\act-1-enemies\8.forest-splitbark\production\review\animation_r01\frames\ForestSplitter_Idle_game\0008.png'
00:12.984  render           | Saved: 'C:\Users\d.grab\Desktop\the-game\ART\characters\act-1-enemies\8.forest-splitbark\production\review\animation_r01\frames\ForestSplitter_Idle_game\0009.png'
00:13.219  render           | Saved: 'C:\Users\d.grab\Desktop\the-game\ART\characters\act-1-enemies\8.forest-splitbark\production\review\animation_r01\frames\ForestSplitter_Idle_game\0010.png'
00:13.437  render           | Saved: 'C:\Users\d.grab\Desktop\the-game\ART\characters\act-1-enemies\8.forest-splitbark\production\review\animation_r01\frames\ForestSplitter_Idle_game\0011.png'
00:13.656  render           | Saved: 'C:\Users\d.grab\Desktop\the-game\ART\characters\act-1-enemies\8.forest-splitbark\production\review\animation_r01\frames\ForestSplitter_Idle_game\0012.png'
00:13.891  render           | Saved: 'C:\Users\d.grab\Desktop\the-game\ART\characters\act-1-enemies\8.forest-splitbark\production\review\animation_r01\frames\ForestSplitter_Idle_game\0013.png'
00:14.141  render           | Saved: 'C:\Users\d.grab\Desktop\the-game\ART\characters\act-1-enemies\8.forest-splitbark\production\review\animation_r01\frames\ForestSplitter_Idle_game\0014.png'
00:14.375  render           | Saved: 'C:\Users\d.grab\Desktop\the-game\ART\characters\act-1-enemies\8.forest-splitbark\production\review\animation_r01\frames\ForestSplitter_Idle_game\0015.png'
00:14.578  render           | Saved: 'C:\Users\d.grab\Desktop\the-game\ART\characters\act-1-enemies\8.forest-splitbark\production\review\animation_r01\frames\ForestSplitter_Idle_game\0016.png'
00:14.812  render           | Saved: 'C:\Users\d.grab\Desktop\the-game\ART\characters\act-1-enemies\8.forest-splitbark\production\review\animation_r01\frames\ForestSplitter_Idle_game\0017.png'
00:15.016  render           | Saved: 'C:\Users\d.grab\Desktop\the-game\ART\characters\act-1-enemies\8.forest-splitbark\production\review\animation_r01\frames\ForestSplitter_Idle_game\0018.png'
00:15.281  render           | Saved: 'C:\Users\d.grab\Desktop\the-game\ART\characters\act-1-enemies\8.forest-splitbark\production\review\animation_r01\frames\ForestSplitter_Idle_game\0019.png'
00:15.516  render           | Saved: 'C:\Users\d.grab\Desktop\the-game\ART\characters\act-1-enemies\8.forest-splitbark\production\review\animation_r01\frames\ForestSplitter_Idle_game\0020.png'
00:15.734  render           | Saved: 'C:\Users\d.grab\Desktop\the-game\ART\characters\act-1-enemies\8.forest-splitbark\production\review\animation_r01\frames\ForestSplitter_Idle_game\0021.png'
00:15.953  render           | Saved: 'C:\Users\d.grab\Desktop\the-game\ART\characters\act-1-enemies\8.forest-splitbark\production\review\animation_r01\frames\ForestSplitter_Idle_game\0022.png'
00:16.172  render           | Saved: 'C:\Users\d.grab\Desktop\the-game\ART\characters\act-1-enemies\8.forest-splitbark\production\review\animation_r01\frames\ForestSplitter_Idle_game\0023.png'
00:16.391  render           | Saved: 'C:\Users\d.grab\Desktop\the-game\ART\characters\act-1-enemies\8.forest-splitbark\production\review\animation_r01\frames\ForestSplitter_Idle_game\0024.png'
00:16.625  render           | Saved: 'C:\Users\d.grab\Desktop\the-game\ART\characters\act-1-enemies\8.forest-splitbark\production\review\animation_r01\frames\ForestSplitter_Idle_game\0025.png'
00:16.859  render           | Saved: 'C:\Users\d.grab\Desktop\the-game\ART\characters\act-1-enemies\8.forest-splitbark\production\review\animation_r01\frames\ForestSplitter_Idle_game\0026.png'
00:17.062  render           | Saved: 'C:\Users\d.grab\Desktop\the-game\ART\characters\act-1-enemies\8.forest-splitbark\production\review\animation_r01\frames\ForestSplitter_Idle_game\0027.png'
00:17.281  render           | Saved: 'C:\Users\d.grab\Desktop\the-game\ART\characters\act-1-enemies\8.forest-splitbark\production\review\animation_r01\frames\ForestSplitter_Idle_game\0028.png'
00:17.484  render           | Saved: 'C:\Users\d.grab\Desktop\the-game\ART\characters\act-1-enemies\8.forest-splitbark\production\review\animation_r01\frames\ForestSplitter_Idle_game\0029.png'
00:17.734  render           | Saved: 'C:\Users\d.grab\Desktop\the-game\ART\characters\act-1-enemies\8.forest-splitbark\production\review\animation_r01\frames\ForestSplitter_Idle_game\0030.png'
00:17.984  render           | Saved: 'C:\Users\d.grab\Desktop\the-game\ART\characters\act-1-enemies\8.forest-splitbark\production\review\animation_r01\frames\ForestSplitter_Idle_game\0031.png'
00:18.266  render           | Saved: 'C:\Users\d.grab\Desktop\the-game\ART\characters\act-1-enemies\8.forest-splitbark\production\review\animation_r01\frames\ForestSplitter_Idle_game\0032.png'
00:18.469  render           | Saved: 'C:\Users\d.grab\Desktop\the-game\ART\characters\act-1-enemies\8.forest-splitbark\production\review\animation_r01\frames\ForestSplitter_Idle_game\0033.png'
00:18.703  render           | Saved: 'C:\Users\d.grab\Desktop\the-game\ART\characters\act-1-enemies\8.forest-splitbark\production\review\animation_r01\frames\ForestSplitter_Idle_game\0034.png'
00:18.922  render           | Saved: 'C:\Users\d.grab\Desktop\the-game\ART\characters\act-1-enemies\8.forest-splitbark\production\review\animation_r01\frames\ForestSplitter_Idle_game\0035.png'
00:19.172  render           | Saved: 'C:\Users\d.grab\Desktop\the-game\ART\characters\act-1-enemies\8.forest-splitbark\production\review\animation_r01\frames\ForestSplitter_Idle_game\0036.png'
00:19.406  render           | Saved: 'C:\Users\d.grab\Desktop\the-game\ART\characters\act-1-enemies\8.forest-splitbark\production\review\animation_r01\frames\ForestSplitter_Idle_game\0037.png'
00:19.625  render           | Saved: 'C:\Users\d.grab\Desktop\the-game\ART\characters\act-1-enemies\8.forest-splitbark\production\review\animation_r01\frames\ForestSplitter_Idle_game\0038.png'
00:19.828  render           | Saved: 'C:\Users\d.grab\Desktop\the-game\ART\characters\act-1-enemies\8.forest-splitbark\production\review\animation_r01\frames\ForestSplitter_Idle_game\0039.png'
00:20.094  render           | Saved: 'C:\Users\d.grab\Desktop\the-game\ART\characters\act-1-enemies\8.forest-splitbark\production\review\animation_r01\frames\ForestSplitter_Idle_game\0040.png'
00:20.406  render           | Saved: 'C:\Users\d.grab\Desktop\the-game\ART\characters\act-1-enemies\8.forest-splitbark\production\review\animation_r01\frames\ForestSplitter_Idle_game\0041.png'
00:20.656  render           | Saved: 'C:\Users\d.grab\Desktop\the-game\ART\characters\act-1-enemies\8.forest-splitbark\production\review\animation_r01\frames\ForestSplitter_Idle_game\0042.png'
00:20.953  render           | Saved: 'C:\Users\d.grab\Desktop\the-game\ART\characters\act-1-enemies\8.forest-splitbark\production\review\animation_r01\frames\ForestSplitter_Idle_game\0043.png'
00:21.156  render           | Saved: 'C:\Users\d.grab\Desktop\the-game\ART\characters\act-1-enemies\8.forest-splitbark\production\review\animation_r01\frames\ForestSplitter_Idle_game\0044.png'
00:21.375  render           | Saved: 'C:\Users\d.grab\Desktop\the-game\ART\characters\act-1-enemies\8.forest-splitbark\production\review\animation_r01\frames\ForestSplitter_Idle_game\0045.png'
00:21.625  render           | Saved: 'C:\Users\d.grab\Desktop\the-game\ART\characters\act-1-enemies\8.forest-splitbark\production\review\animation_r01\frames\ForestSplitter_Idle_game\0046.png'
00:21.859  render           | Saved: 'C:\Users\d.grab\Desktop\the-game\ART\characters\act-1-enemies\8.forest-splitbark\production\review\animation_r01\frames\ForestSplitter_Idle_game\0047.png'
00:22.078  render           | Saved: 'C:\Users\d.grab\Desktop\the-game\ART\characters\act-1-enemies\8.forest-splitbark\production\review\animation_r01\frames\ForestSplitter_Idle_game\0048.png'
00:22.312  render           | Saved: 'C:\Users\d.grab\Desktop\the-game\ART\characters\act-1-enemies\8.forest-splitbark\production\review\animation_r01\frames\ForestSplitter_Idle_game\0049.png'
00:22.578  render           | Saved: 'C:\Users\d.grab\Desktop\the-game\ART\characters\act-1-enemies\8.forest-splitbark\production\review\animation_r01\frames\ForestSplitter_Idle_game\0050.png'
00:22.797  render           | Saved: 'C:\Users\d.grab\Desktop\the-game\ART\characters\act-1-enemies\8.forest-splitbark\production\review\animation_r01\frames\ForestSplitter_Idle_game\0051.png'
00:23.031  render           | Saved: 'C:\Users\d.grab\Desktop\the-game\ART\characters\act-1-enemies\8.forest-splitbark\production\review\animation_r01\frames\ForestSplitter_Idle_game\0052.png'
00:23.234  render           | Saved: 'C:\Users\d.grab\Desktop\the-game\ART\characters\act-1-enemies\8.forest-splitbark\production\review\animation_r01\frames\ForestSplitter_Idle_game\0053.png'
00:23.484  render           | Saved: 'C:\Users\d.grab\Desktop\the-game\ART\characters\act-1-enemies\8.forest-splitbark\production\review\animation_r01\frames\ForestSplitter_Idle_game\0054.png'
00:23.719  render           | Saved: 'C:\Users\d.grab\Desktop\the-game\ART\characters\act-1-enemies\8.forest-splitbark\production\review\animation_r01\frames\ForestSplitter_Idle_game\0055.png'
00:24.047  render           | Saved: 'C:\Users\d.grab\Desktop\the-game\ART\characters\act-1-enemies\8.forest-splitbark\production\review\animation_r01\frames\ForestSplitter_Idle_game\0056.png'
00:24.344  render           | Saved: 'C:\Users\d.grab\Desktop\the-game\ART\characters\act-1-enemies\8.forest-splitbark\production\review\animation_r01\frames\ForestSplitter_Idle_game\0057.png'
00:24.578  render           | Saved: 'C:\Users\d.grab\Desktop\the-game\ART\characters\act-1-enemies\8.forest-splitbark\production\review\animation_r01\frames\ForestSplitter_Idle_game\0058.png'
00:24.797  render           | Saved: 'C:\Users\d.grab\Desktop\the-game\ART\characters\act-1-enemies\8.forest-splitbark\production\review\animation_r01\frames\ForestSplitter_Idle_game\0059.png'
Reloading external rigs...
Reloading external metarigs...
RENDERED ForestSplitter_Idle game 60
00:24.969  render           | Saved: 'C:\Users\d.grab\Desktop\the-game\ART\characters\act-1-enemies\8.forest-splitbark\production\review\animation_r01\frames\ForestSplitter_Idle_side\0000.png'
00:25.156  render           | Saved: 'C:\Users\d.grab\Desktop\the-game\ART\characters\act-1-enemies\8.forest-splitbark\production\review\animation_r01\frames\ForestSplitter_Idle_side\0001.png'
00:25.359  render           | Saved: 'C:\Users\d.grab\Desktop\the-game\ART\characters\act-1-enemies\8.forest-splitbark\production\review\animation_r01\frames\ForestSplitter_Idle_side\0002.png'
00:25.531  render           | Saved: 'C:\Users\d.grab\Desktop\the-game\ART\characters\act-1-enemies\8.forest-splitbark\production\review\animation_r01\frames\ForestSplitter_Idle_side\0003.png'
00:25.734  render           | Saved: 'C:\Users\d.grab\Desktop\the-game\ART\characters\act-1-enemies\8.forest-splitbark\production\review\animation_r01\frames\ForestSplitter_Idle_side\0004.png'
00:25.922  render           | Saved: 'C:\Users\d.grab\Desktop\the-game\ART\characters\act-1-enemies\8.forest-splitbark\production\review\animation_r01\frames\ForestSplitter_Idle_side\0005.png'
00:26.078  render           | Saved: 'C:\Users\d.grab\Desktop\the-game\ART\characters\act-1-enemies\8.forest-splitbark\production\review\animation_r01\frames\ForestSplitter_Idle_side\0006.png'
00:26.234  render           | Saved: 'C:\Users\d.grab\Desktop\the-game\ART\characters\act-1-enemies\8.forest-splitbark\production\review\animation_r01\frames\ForestSplitter_Idle_side\0007.png'
00:26.422  render           | Saved: 'C:\Users\d.grab\Desktop\the-game\ART\characters\act-1-enemies\8.forest-splitbark\production\review\animation_r01\frames\ForestSplitter_Idle_side\0008.png'
00:26.594  render           | Saved: 'C:\Users\d.grab\Desktop\the-game\ART\characters\act-1-enemies\8.forest-splitbark\production\review\animation_r01\frames\ForestSplitter_Idle_side\0009.png'
00:26.781  render           | Saved: 'C:\Users\d.grab\Desktop\the-game\ART\characters\act-1-enemies\8.forest-splitbark\production\review\animation_r01\frames\ForestSplitter_Idle_side\0010.png'
00:26.953  render           | Saved: 'C:\Users\d.grab\Desktop\the-game\ART\characters\act-1-enemies\8.forest-splitbark\production\review\animation_r01\frames\ForestSplitter_Idle_side\0011.png'
00:27.141  render           | Saved: 'C:\Users\d.grab\Desktop\the-game\ART\characters\act-1-enemies\8.forest-splitbark\production\review\animation_r01\frames\ForestSplitter_Idle_side\0012.png'
00:27.312  render           | Saved: 'C:\Users\d.grab\Desktop\the-game\ART\characters\act-1-enemies\8.forest-splitbark\production\review\animation_r01\frames\ForestSplitter_Idle_side\0013.png'
00:27.469  render           | Saved: 'C:\Users\d.grab\Desktop\the-game\ART\characters\act-1-enemies\8.forest-splitbark\production\review\animation_r01\frames\ForestSplitter_Idle_side\0014.png'
00:27.641  render           | Saved: 'C:\Users\d.grab\Desktop\the-game\ART\characters\act-1-enemies\8.forest-splitbark\production\review\animation_r01\frames\ForestSplitter_Idle_side\0015.png'
00:27.812  render           | Saved: 'C:\Users\d.grab\Desktop\the-game\ART\characters\act-1-enemies\8.forest-splitbark\production\review\animation_r01\frames\ForestSplitter_Idle_side\0016.png'
00:28.000  render           | Saved: 'C:\Users\d.grab\Desktop\the-game\ART\characters\act-1-enemies\8.forest-splitbark\production\review\animation_r01\frames\ForestSplitter_Idle_side\0017.png'
00:28.187  render           | Saved: 'C:\Users\d.grab\Desktop\the-game\ART\characters\act-1-enemies\8.forest-splitbark\production\review\animation_r01\frames\ForestSplitter_Idle_side\0018.png'
00:28.359  render           | Saved: 'C:\Users\d.grab\Desktop\the-game\ART\characters\act-1-enemies\8.forest-splitbark\production\review\animation_r01\frames\ForestSplitter_Idle_side\0019.png'
00:28.516  render           | Saved: 'C:\Users\d.grab\Desktop\the-game\ART\characters\act-1-enemies\8.forest-splitbark\production\review\animation_r01\frames\ForestSplitter_Idle_side\0020.png'
00:28.687  render           | Saved: 'C:\Users\d.grab\Desktop\the-game\ART\characters\act-1-enemies\8.forest-splitbark\production\review\animation_r01\frames\ForestSplitter_Idle_side\0021.png'
00:28.875  render           | Saved: 'C:\Users\d.grab\Desktop\the-game\ART\characters\act-1-enemies\8.forest-splitbark\production\review\animation_r01\frames\ForestSplitter_Idle_side\0022.png'
00:29.078  render           | Saved: 'C:\Users\d.grab\Desktop\the-game\ART\characters\act-1-enemies\8.forest-splitbark\production\review\animation_r01\frames\ForestSplitter_Idle_side\0023.png'
00:29.297  render           | Saved: 'C:\Users\d.grab\Desktop\the-game\ART\characters\act-1-enemies\8.forest-splitbark\production\review\animation_r01\frames\ForestSplitter_Idle_side\0024.png'
00:29.516  render           | Saved: 'C:\Users\d.grab\Desktop\the-game\ART\characters\act-1-enemies\8.forest-splitbark\production\review\animation_r01\frames\ForestSplitter_Idle_side\0025.png'
00:29.719  render           | Saved: 'C:\Users\d.grab\Desktop\the-game\ART\characters\act-1-enemies\8.forest-splitbark\production\review\animation_r01\frames\ForestSplitter_Idle_side\0026.png'
00:29.906  render           | Saved: 'C:\Users\d.grab\Desktop\the-game\ART\characters\act-1-enemies\8.forest-splitbark\production\review\animation_r01\frames\ForestSplitter_Idle_side\0027.png'
00:30.109  render           | Saved: 'C:\Users\d.grab\Desktop\the-game\ART\characters\act-1-enemies\8.forest-splitbark\production\review\animation_r01\frames\ForestSplitter_Idle_side\0028.png'
00:30.312  render           | Saved: 'C:\Users\d.grab\Desktop\the-game\ART\characters\act-1-enemies\8.forest-splitbark\production\review\animation_r01\frames\ForestSplitter_Idle_side\0029.png'
00:30.547  render           | Saved: 'C:\Users\d.grab\Desktop\the-game\ART\characters\act-1-enemies\8.forest-splitbark\production\review\animation_r01\frames\ForestSplitter_Idle_side\0030.png'
00:30.781  render           | Saved: 'C:\Users\d.grab\Desktop\the-game\ART\characters\act-1-enemies\8.forest-splitbark\production\review\animation_r01\frames\ForestSplitter_Idle_side\0031.png'
00:30.984  render           | Saved: 'C:\Users\d.grab\Desktop\the-game\ART\characters\act-1-enemies\8.forest-splitbark\production\review\animation_r01\frames\ForestSplitter_Idle_side\0032.png'
00:31.187  render           | Saved: 'C:\Users\d.grab\Desktop\the-game\ART\characters\act-1-enemies\8.forest-splitbark\production\review\animation_r01\frames\ForestSplitter_Idle_side\0033.png'
00:31.391  render           | Saved: 'C:\Users\d.grab\Desktop\the-game\ART\characters\act-1-enemies\8.forest-splitbark\production\review\animation_r01\frames\ForestSplitter_Idle_side\0034.png'
00:31.578  render           | Saved: 'C:\Users\d.grab\Desktop\the-game\ART\characters\act-1-enemies\8.forest-splitbark\production\review\animation_r01\frames\ForestSplitter_Idle_side\0035.png'
00:31.812  render           | Saved: 'C:\Users\d.grab\Desktop\the-game\ART\characters\act-1-enemies\8.forest-splitbark\production\review\animation_r01\frames\ForestSplitter_Idle_side\0036.png'
00:32.031  render           | Saved: 'C:\Users\d.grab\Desktop\the-game\ART\characters\act-1-enemies\8.forest-splitbark\production\review\animation_r01\frames\ForestSplitter_Idle_side\0037.png'
00:32.250  render           | Saved: 'C:\Users\d.grab\Desktop\the-game\ART\characters\act-1-enemies\8.forest-splitbark\production\review\animation_r01\frames\ForestSplitter_Idle_side\0038.png'
00:32.516  render           | Saved: 'C:\Users\d.grab\Desktop\the-game\ART\characters\act-1-enemies\8.forest-splitbark\production\review\animation_r01\frames\ForestSplitter_Idle_side\0039.png'
00:32.703  render           | Saved: 'C:\Users\d.grab\Desktop\the-game\ART\characters\act-1-enemies\8.forest-splitbark\production\review\animation_r01\frames\ForestSplitter_Idle_side\0040.png'
00:32.891  render           | Saved: 'C:\Users\d.grab\Desktop\the-game\ART\characters\act-1-enemies\8.forest-splitbark\production\review\animation_r01\frames\ForestSplitter_Idle_side\0041.png'
00:33.078  render           | Saved: 'C:\Users\d.grab\Desktop\the-game\ART\characters\act-1-enemies\8.forest-splitbark\production\review\animation_r01\frames\ForestSplitter_Idle_side\0042.png'
00:33.297  render           | Saved: 'C:\Users\d.grab\Desktop\the-game\ART\characters\act-1-enemies\8.forest-splitbark\production\review\animation_r01\frames\ForestSplitter_Idle_side\0043.png'
00:33.484  render           | Saved: 'C:\Users\d.grab\Desktop\the-game\ART\characters\act-1-enemies\8.forest-splitbark\production\review\animation_r01\frames\ForestSplitter_Idle_side\0044.png'
00:33.656  render           | Saved: 'C:\Users\d.grab\Desktop\the-game\ART\characters\act-1-enemies\8.forest-splitbark\production\review\animation_r01\frames\ForestSplitter_Idle_side\0045.png'
00:33.828  render           | Saved: 'C:\Users\d.grab\Desktop\the-game\ART\characters\act-1-enemies\8.forest-splitbark\production\review\animation_r01\frames\ForestSplitter_Idle_side\0046.png'
00:34.000  render           | Saved: 'C:\Users\d.grab\Desktop\the-game\ART\characters\act-1-enemies\8.forest-splitbark\production\review\animation_r01\frames\ForestSplitter_Idle_side\0047.png'
00:34.219  render           | Saved: 'C:\Users\d.grab\Desktop\the-game\ART\characters\act-1-enemies\8.forest-splitbark\production\review\animation_r01\frames\ForestSplitter_Idle_side\0048.png'
00:34.422  render           | Saved: 'C:\Users\d.grab\Desktop\the-game\ART\characters\act-1-enemies\8.forest-splitbark\production\review\animation_r01\frames\ForestSplitter_Idle_side\0049.png'
00:34.609  render           | Saved: 'C:\Users\d.grab\Desktop\the-game\ART\characters\act-1-enemies\8.forest-splitbark\production\review\animation_r01\frames\ForestSplitter_Idle_side\0050.png'
00:34.766  render           | Saved: 'C:\Users\d.grab\Desktop\the-game\ART\characters\act-1-enemies\8.forest-splitbark\production\review\animation_r01\frames\ForestSplitter_Idle_side\0051.png'
00:34.937  render           | Saved: 'C:\Users\d.grab\Desktop\the-game\ART\characters\act-1-enemies\8.forest-splitbark\production\review\animation_r01\frames\ForestSplitter_Idle_side\0052.png'
00:35.094  render           | Saved: 'C:\Users\d.grab\Desktop\the-game\ART\characters\act-1-enemies\8.forest-splitbark\production\review\animation_r01\frames\ForestSplitter_Idle_side\0053.png'
00:35.297  render           | Saved: 'C:\Users\d.grab\Desktop\the-game\ART\characters\act-1-enemies\8.forest-splitbark\production\review\animation_r01\frames\ForestSplitter_Idle_side\0054.png'
00:35.500  render           | Saved: 'C:\Users\d.grab\Desktop\the-game\ART\characters\act-1-enemies\8.forest-splitbark\production\review\animation_r01\frames\ForestSplitter_Idle_side\0055.png'
00:35.734  render           | Saved: 'C:\Users\d.grab\Desktop\the-game\ART\characters\act-1-enemies\8.forest-splitbark\production\review\animation_r01\frames\ForestSplitter_Idle_side\0056.png'
00:35.922  render           | Saved: 'C:\Users\d.grab\Desktop\the-game\ART\characters\act-1-enemies\8.forest-splitbark\production\review\animation_r01\frames\ForestSplitter_Idle_side\0057.png'
00:36.109  render           | Saved: 'C:\Users\d.grab\Desktop\the-game\ART\characters\act-1-enemies\8.forest-splitbark\production\review\animation_r01\frames\ForestSplitter_Idle_side\0058.png'
00:36.297  render           | Saved: 'C:\Users\d.grab\Desktop\the-game\ART\characters\act-1-enemies\8.forest-splitbark\production\review\animation_r01\frames\ForestSplitter_Idle_side\0059.png'
RENDERED ForestSplitter_Idle side 60
00:36.500  render           | Saved: 'C:\Users\d.grab\Desktop\the-game\ART\characters\act-1-enemies\8.forest-splitbark\production\review\animation_r01\frames\ForestSplitter_Walk_game\0000.png'
00:36.734  render           | Saved: 'C:\Users\d.grab\Desktop\the-game\ART\characters\act-1-enemies\8.forest-splitbark\production\review\animation_r01\frames\ForestSplitter_Walk_game\0001.png'
00:36.984  render           | Saved: 'C:\Users\d.grab\Desktop\the-game\ART\characters\act-1-enemies\8.forest-splitbark\production\review\animation_r01\frames\ForestSplitter_Walk_game\0002.png'
00:37.234  render           | Saved: 'C:\Users\d.grab\Desktop\the-game\ART\characters\act-1-enemies\8.forest-splitbark\production\review\animation_r01\frames\ForestSplitter_Walk_game\0003.png'
00:37.453  render           | Saved: 'C:\Users\d.grab\Desktop\the-game\ART\characters\act-1-enemies\8.forest-splitbark\production\review\animation_r01\frames\ForestSplitter_Walk_game\0004.png'
00:37.641  render           | Saved: 'C:\Users\d.grab\Desktop\the-game\ART\characters\act-1-enemies\8.forest-splitbark\production\review\animation_r01\frames\ForestSplitter_Walk_game\0005.png'
00:37.844  render           | Saved: 'C:\Users\d.grab\Desktop\the-game\ART\characters\act-1-enemies\8.forest-splitbark\production\review\animation_r01\frames\ForestSplitter_Walk_game\0006.png'
00:38.125  render           | Saved: 'C:\Users\d.grab\Desktop\the-game\ART\characters\act-1-enemies\8.forest-splitbark\production\review\animation_r01\frames\ForestSplitter_Walk_game\0007.png'
00:38.391  render           | Saved: 'C:\Users\d.grab\Desktop\the-game\ART\characters\act-1-enemies\8.forest-splitbark\production\review\animation_r01\frames\ForestSplitter_Walk_game\0008.png'
00:38.687  render           | Saved: 'C:\Users\d.grab\Desktop\the-game\ART\characters\act-1-enemies\8.forest-splitbark\production\review\animation_r01\frames\ForestSplitter_Walk_game\0009.png'
RENDERED ForestSplitter_Walk game 10
00:38.875  render           | Saved: 'C:\Users\d.grab\Desktop\the-game\ART\characters\act-1-enemies\8.forest-splitbark\production\review\animation_r01\frames\ForestSplitter_Walk_side\0000.png'
00:39.156  render           | Saved: 'C:\Users\d.grab\Desktop\the-game\ART\characters\act-1-enemies\8.forest-splitbark\production\review\animation_r01\frames\ForestSplitter_Walk_side\0001.png'
00:39.375  render           | Saved: 'C:\Users\d.grab\Desktop\the-game\ART\characters\act-1-enemies\8.forest-splitbark\production\review\animation_r01\frames\ForestSplitter_Walk_side\0002.png'
00:39.578  render           | Saved: 'C:\Users\d.grab\Desktop\the-game\ART\characters\act-1-enemies\8.forest-splitbark\production\review\animation_r01\frames\ForestSplitter_Walk_side\0003.png'
00:39.781  render           | Saved: 'C:\Users\d.grab\Desktop\the-game\ART\characters\act-1-enemies\8.forest-splitbark\production\review\animation_r01\frames\ForestSplitter_Walk_side\0004.png'
00:39.953  render           | Saved: 'C:\Users\d.grab\Desktop\the-game\ART\characters\act-1-enemies\8.forest-splitbark\production\review\animation_r01\frames\ForestSplitter_Walk_side\0005.png'
00:40.109  render           | Saved: 'C:\Users\d.grab\Desktop\the-game\ART\characters\act-1-enemies\8.forest-splitbark\production\review\animation_r01\frames\ForestSplitter_Walk_side\0006.png'
00:40.297  render           | Saved: 'C:\Users\d.grab\Desktop\the-game\ART\characters\act-1-enemies\8.forest-splitbark\production\review\animation_r01\frames\ForestSplitter_Walk_side\0007.png'
00:40.469  render           | Saved: 'C:\Users\d.grab\Desktop\the-game\ART\characters\act-1-enemies\8.forest-splitbark\production\review\animation_r01\frames\ForestSplitter_Walk_side\0008.png'
00:40.641  render           | Saved: 'C:\Users\d.grab\Desktop\the-game\ART\characters\act-1-enemies\8.forest-splitbark\production\review\animation_r01\frames\ForestSplitter_Walk_side\0009.png'
RENDERED ForestSplitter_Walk side 10
00:40.875  render           | Saved: 'C:\Users\d.grab\Desktop\the-game\ART\characters\act-1-enemies\8.forest-splitbark\production\review\animation_r01\frames\ForestSplitter_Bite_game\0000.png'
00:41.078  render           | Saved: 'C:\Users\d.grab\Desktop\the-game\ART\characters\act-1-enemies\8.forest-splitbark\production\review\animation_r01\frames\ForestSplitter_Bite_game\0001.png'
00:41.250  render           | Saved: 'C:\Users\d.grab\Desktop\the-game\ART\characters\act-1-enemies\8.forest-splitbark\production\review\animation_r01\frames\ForestSplitter_Bite_game\0002.png'
00:41.406  render           | Saved: 'C:\Users\d.grab\Desktop\the-game\ART\characters\act-1-enemies\8.forest-splitbark\production\review\animation_r01\frames\ForestSplitter_Bite_game\0003.png'
00:41.594  render           | Saved: 'C:\Users\d.grab\Desktop\the-game\ART\characters\act-1-enemies\8.forest-splitbark\production\review\animation_r01\frames\ForestSplitter_Bite_game\0004.png'
00:41.766  render           | Saved: 'C:\Users\d.grab\Desktop\the-game\ART\characters\act-1-enemies\8.forest-splitbark\production\review\animation_r01\frames\ForestSplitter_Bite_game\0005.png'
00:41.969  render           | Saved: 'C:\Users\d.grab\Desktop\the-game\ART\characters\act-1-enemies\8.forest-splitbark\production\review\animation_r01\frames\ForestSplitter_Bite_game\0006.png'
00:42.187  render           | Saved: 'C:\Users\d.grab\Desktop\the-game\ART\characters\act-1-enemies\8.forest-splitbark\production\review\animation_r01\frames\ForestSplitter_Bite_game\0007.png'
00:42.406  render           | Saved: 'C:\Users\d.grab\Desktop\the-game\ART\characters\act-1-enemies\8.forest-splitbark\production\review\animation_r01\frames\ForestSplitter_Bite_game\0008.png'
00:42.578  render           | Saved: 'C:\Users\d.grab\Desktop\the-game\ART\characters\act-1-enemies\8.forest-splitbark\production\review\animation_r01\frames\ForestSplitter_Bite_game\0009.png'
00:42.766  render           | Saved: 'C:\Users\d.grab\Desktop\the-game\ART\characters\act-1-enemies\8.forest-splitbark\production\review\animation_r01\frames\ForestSplitter_Bite_game\0010.png'
00:42.953  render           | Saved: 'C:\Users\d.grab\Desktop\the-game\ART\characters\act-1-enemies\8.forest-splitbark\production\review\animation_r01\frames\ForestSplitter_Bite_game\0011.png'
00:43.156  render           | Saved: 'C:\Users\d.grab\Desktop\the-game\ART\characters\act-1-enemies\8.forest-splitbark\production\review\animation_r01\frames\ForestSplitter_Bite_game\0012.png'
00:43.391  render           | Saved: 'C:\Users\d.grab\Desktop\the-game\ART\characters\act-1-enemies\8.forest-splitbark\production\review\animation_r01\frames\ForestSplitter_Bite_game\0013.png'
00:43.641  render           | Saved: 'C:\Users\d.grab\Desktop\the-game\ART\characters\act-1-enemies\8.forest-splitbark\production\review\animation_r01\frames\ForestSplitter_Bite_game\0014.png'
00:43.828  render           | Saved: 'C:\Users\d.grab\Desktop\the-game\ART\characters\act-1-enemies\8.forest-splitbark\production\review\animation_r01\frames\ForestSplitter_Bite_game\0015.png'
00:44.031  render           | Saved: 'C:\Users\d.grab\Desktop\the-game\ART\characters\act-1-enemies\8.forest-splitbark\production\review\animation_r01\frames\ForestSplitter_Bite_game\0016.png'
00:44.266  render           | Saved: 'C:\Users\d.grab\Desktop\the-game\ART\characters\act-1-enemies\8.forest-splitbark\production\review\animation_r01\frames\ForestSplitter_Bite_game\0017.png'
00:44.500  render           | Saved: 'C:\Users\d.grab\Desktop\the-game\ART\characters\act-1-enemies\8.forest-splitbark\production\review\animation_r01\frames\ForestSplitter_Bite_game\0018.png'
00:44.734  render           | Saved: 'C:\Users\d.grab\Desktop\the-game\ART\characters\act-1-enemies\8.forest-splitbark\production\review\animation_r01\frames\ForestSplitter_Bite_game\0019.png'
00:44.922  render           | Saved: 'C:\Users\d.grab\Desktop\the-game\ART\characters\act-1-enemies\8.forest-splitbark\production\review\animation_r01\frames\ForestSplitter_Bite_game\0020.png'
00:45.125  render           | Saved: 'C:\Users\d.grab\Desktop\the-game\ART\characters\act-1-enemies\8.forest-splitbark\production\review\animation_r01\frames\ForestSplitter_Bite_game\0021.png'
00:45.328  render           | Saved: 'C:\Users\d.grab\Desktop\the-game\ART\characters\act-1-enemies\8.forest-splitbark\production\review\animation_r01\frames\ForestSplitter_Bite_game\0022.png'
00:45.531  render           | Saved: 'C:\Users\d.grab\Desktop\the-game\ART\characters\act-1-enemies\8.forest-splitbark\production\review\animation_r01\frames\ForestSplitter_Bite_game\0023.png'
00:45.734  render           | Saved: 'C:\Users\d.grab\Desktop\the-game\ART\characters\act-1-enemies\8.forest-splitbark\production\review\animation_r01\frames\ForestSplitter_Bite_game\0024.png'
00:45.953  render           | Saved: 'C:\Users\d.grab\Desktop\the-game\ART\characters\act-1-enemies\8.forest-splitbark\production\review\animation_r01\frames\ForestSplitter_Bite_game\0025.png'
00:46.141  render           | Saved: 'C:\Users\d.grab\Desktop\the-game\ART\characters\act-1-enemies\8.forest-splitbark\production\review\animation_r01\frames\ForestSplitter_Bite_game\0026.png'
00:46.344  render           | Saved: 'C:\Users\d.grab\Desktop\the-game\ART\characters\act-1-enemies\8.forest-splitbark\production\review\animation_r01\frames\ForestSplitter_Bite_game\0027.png'
00:46.562  render           | Saved: 'C:\Users\d.grab\Desktop\the-game\ART\characters\act-1-enemies\8.forest-splitbark\production\review\animation_r01\frames\ForestSplitter_Bite_game\0028.png'
00:46.719  render           | Saved: 'C:\Users\d.grab\Desktop\the-game\ART\characters\act-1-enemies\8.forest-splitbark\production\review\animation_r01\frames\ForestSplitter_Bite_game\0029.png'
00:46.906  render           | Saved: 'C:\Users\d.grab\Desktop\the-game\ART\characters\act-1-enemies\8.forest-splitbark\production\review\animation_r01\frames\ForestSplitter_Bite_game\0030.png'
RENDERED ForestSplitter_Bite game 31
00:47.125  render           | Saved: 'C:\Users\d.grab\Desktop\the-game\ART\characters\act-1-enemies\8.forest-splitbark\production\review\animation_r01\frames\ForestSplitter_Bite_side\0000.png'
00:47.375  render           | Saved: 'C:\Users\d.grab\Desktop\the-game\ART\characters\act-1-enemies\8.forest-splitbark\production\review\animation_r01\frames\ForestSplitter_Bite_side\0001.png'
00:47.609  render           | Saved: 'C:\Users\d.grab\Desktop\the-game\ART\characters\act-1-enemies\8.forest-splitbark\production\review\animation_r01\frames\ForestSplitter_Bite_side\0002.png'
00:47.859  render           | Saved: 'C:\Users\d.grab\Desktop\the-game\ART\characters\act-1-enemies\8.forest-splitbark\production\review\animation_r01\frames\ForestSplitter_Bite_side\0003.png'
00:48.078  render           | Saved: 'C:\Users\d.grab\Desktop\the-game\ART\characters\act-1-enemies\8.forest-splitbark\production\review\animation_r01\frames\ForestSplitter_Bite_side\0004.png'
00:48.328  render           | Saved: 'C:\Users\d.grab\Desktop\the-game\ART\characters\act-1-enemies\8.forest-splitbark\production\review\animation_r01\frames\ForestSplitter_Bite_side\0005.png'
00:48.562  render           | Saved: 'C:\Users\d.grab\Desktop\the-game\ART\characters\act-1-enemies\8.forest-splitbark\production\review\animation_r01\frames\ForestSplitter_Bite_side\0006.png'
00:48.781  render           | Saved: 'C:\Users\d.grab\Desktop\the-game\ART\characters\act-1-enemies\8.forest-splitbark\production\review\animation_r01\frames\ForestSplitter_Bite_side\0007.png'
00:48.984  render           | Saved: 'C:\Users\d.grab\Desktop\the-game\ART\characters\act-1-enemies\8.forest-splitbark\production\review\animation_r01\frames\ForestSplitter_Bite_side\0008.png'
00:49.156  render           | Saved: 'C:\Users\d.grab\Desktop\the-game\ART\characters\act-1-enemies\8.forest-splitbark\production\review\animation_r01\frames\ForestSplitter_Bite_side\0009.png'
00:49.375  render           | Saved: 'C:\Users\d.grab\Desktop\the-game\ART\characters\act-1-enemies\8.forest-splitbark\production\review\animation_r01\frames\ForestSplitter_Bite_side\0010.png'
00:49.578  render           | Saved: 'C:\Users\d.grab\Desktop\the-game\ART\characters\act-1-enemies\8.forest-splitbark\production\review\animation_r01\frames\ForestSplitter_Bite_side\0011.png'
00:49.766  render           | Saved: 'C:\Users\d.grab\Desktop\the-game\ART\characters\act-1-enemies\8.forest-splitbark\production\review\animation_r01\frames\ForestSplitter_Bite_side\0012.png'
00:49.969  render           | Saved: 'C:\Users\d.grab\Desktop\the-game\ART\characters\act-1-enemies\8.forest-splitbark\production\review\animation_r01\frames\ForestSplitter_Bite_side\0013.png'
00:50.187  render           | Saved: 'C:\Users\d.grab\Desktop\the-game\ART\characters\act-1-enemies\8.forest-splitbark\production\review\animation_r01\frames\ForestSplitter_Bite_side\0014.png'
00:50.562  render           | Saved: 'C:\Users\d.grab\Desktop\the-game\ART\characters\act-1-enemies\8.forest-splitbark\production\review\animation_r01\frames\ForestSplitter_Bite_side\0015.png'
00:50.812  render           | Saved: 'C:\Users\d.grab\Desktop\the-game\ART\characters\act-1-enemies\8.forest-splitbark\production\review\animation_r01\frames\ForestSplitter_Bite_side\0016.png'
00:51.031  render           | Saved: 'C:\Users\d.grab\Desktop\the-game\ART\characters\act-1-enemies\8.forest-splitbark\production\review\animation_r01\frames\ForestSplitter_Bite_side\0017.png'
00:51.266  render           | Saved: 'C:\Users\d.grab\Desktop\the-game\ART\characters\act-1-enemies\8.forest-splitbark\production\review\animation_r01\frames\ForestSplitter_Bite_side\0018.png'
00:51.484  render           | Saved: 'C:\Users\d.grab\Desktop\the-game\ART\characters\act-1-enemies\8.forest-splitbark\production\review\animation_r01\frames\ForestSplitter_Bite_side\0019.png'
00:51.641  render           | Saved: 'C:\Users\d.grab\Desktop\the-game\ART\characters\act-1-enemies\8.forest-splitbark\production\review\animation_r01\frames\ForestSplitter_Bite_side\0020.png'
00:51.812  render           | Saved: 'C:\Users\d.grab\Desktop\the-game\ART\characters\act-1-enemies\8.forest-splitbark\production\review\animation_r01\frames\ForestSplitter_Bite_side\0021.png'
00:52.031  render           | Saved: 'C:\Users\d.grab\Desktop\the-game\ART\characters\act-1-enemies\8.forest-splitbark\production\review\animation_r01\frames\ForestSplitter_Bite_side\0022.png'
00:52.234  render           | Saved: 'C:\Users\d.grab\Desktop\the-game\ART\characters\act-1-enemies\8.forest-splitbark\production\review\animation_r01\frames\ForestSplitter_Bite_side\0023.png'
00:52.437  render           | Saved: 'C:\Users\d.grab\Desktop\the-game\ART\characters\act-1-enemies\8.forest-splitbark\production\review\animation_r01\frames\ForestSplitter_Bite_side\0024.png'
00:52.672  render           | Saved: 'C:\Users\d.grab\Desktop\the-game\ART\characters\act-1-enemies\8.forest-splitbark\production\review\animation_r01\frames\ForestSplitter_Bite_side\0025.png'
00:52.844  render           | Saved: 'C:\Users\d.grab\Desktop\the-game\ART\characters\act-1-enemies\8.forest-splitbark\production\review\animation_r01\frames\ForestSplitter_Bite_side\0026.png'
00:53.031  render           | Saved: 'C:\Users\d.grab\Desktop\the-game\ART\characters\act-1-enemies\8.forest-splitbark\production\review\animation_r01\frames\ForestSplitter_Bite_side\0027.png'
00:53.234  render           | Saved: 'C:\Users\d.grab\Desktop\the-game\ART\characters\act-1-enemies\8.forest-splitbark\production\review\animation_r01\frames\ForestSplitter_Bite_side\0028.png'
00:53.437  render           | Saved: 'C:\Users\d.grab\Desktop\the-game\ART\characters\act-1-enemies\8.forest-splitbark\production\review\animation_r01\frames\ForestSplitter_Bite_side\0029.png'
00:53.672  render           | Saved: 'C:\Users\d.grab\Desktop\the-game\ART\characters\act-1-enemies\8.forest-splitbark\production\review\animation_r01\frames\ForestSplitter_Bite_side\0030.png'
RENDERED ForestSplitter_Bite side 31
00:53.922  render           | Saved: 'C:\Users\d.grab\Desktop\the-game\ART\characters\act-1-enemies\8.forest-splitbark\production\review\animation_r01\frames\ForestSplitter_Hit_game\0000.png'
00:54.109  render           | Saved: 'C:\Users\d.grab\Desktop\the-game\ART\characters\act-1-enemies\8.forest-splitbark\production\review\animation_r01\frames\ForestSplitter_Hit_game\0001.png'
00:54.297  render           | Saved: 'C:\Users\d.grab\Desktop\the-game\ART\characters\act-1-enemies\8.forest-splitbark\production\review\animation_r01\frames\ForestSplitter_Hit_game\0002.png'
00:54.500  render           | Saved: 'C:\Users\d.grab\Desktop\the-game\ART\characters\act-1-enemies\8.forest-splitbark\production\review\animation_r01\frames\ForestSplitter_Hit_game\0003.png'
00:54.719  render           | Saved: 'C:\Users\d.grab\Desktop\the-game\ART\characters\act-1-enemies\8.forest-splitbark\production\review\animation_r01\frames\ForestSplitter_Hit_game\0004.png'
00:54.953  render           | Saved: 'C:\Users\d.grab\Desktop\the-game\ART\characters\act-1-enemies\8.forest-splitbark\production\review\animation_r01\frames\ForestSplitter_Hit_game\0005.png'
00:55.172  render           | Saved: 'C:\Users\d.grab\Desktop\the-game\ART\characters\act-1-enemies\8.forest-splitbark\production\review\animation_r01\frames\ForestSplitter_Hit_game\0006.png'
00:55.344  render           | Saved: 'C:\Users\d.grab\Desktop\the-game\ART\characters\act-1-enemies\8.forest-splitbark\production\review\animation_r01\frames\ForestSplitter_Hit_game\0007.png'
00:55.516  render           | Saved: 'C:\Users\d.grab\Desktop\the-game\ART\characters\act-1-enemies\8.forest-splitbark\production\review\animation_r01\frames\ForestSplitter_Hit_game\0008.png'
00:55.719  render           | Saved: 'C:\Users\d.grab\Desktop\the-game\ART\characters\act-1-enemies\8.forest-splitbark\production\review\animation_r01\frames\ForestSplitter_Hit_game\0009.png'
00:55.906  render           | Saved: 'C:\Users\d.grab\Desktop\the-game\ART\characters\act-1-enemies\8.forest-splitbark\production\review\animation_r01\frames\ForestSplitter_Hit_game\0010.png'
00:56.109  render           | Saved: 'C:\Users\d.grab\Desktop\the-game\ART\characters\act-1-enemies\8.forest-splitbark\production\review\animation_r01\frames\ForestSplitter_Hit_game\0011.png'
00:56.344  render           | Saved: 'C:\Users\d.grab\Desktop\the-game\ART\characters\act-1-enemies\8.forest-splitbark\production\review\animation_r01\frames\ForestSplitter_Hit_game\0012.png'
RENDERED ForestSplitter_Hit game 13
00:56.547  render           | Saved: 'C:\Users\d.grab\Desktop\the-game\ART\characters\act-1-enemies\8.forest-splitbark\production\review\animation_r01\frames\ForestSplitter_Hit_side\0000.png'
00:56.719  render           | Saved: 'C:\Users\d.grab\Desktop\the-game\ART\characters\act-1-enemies\8.forest-splitbark\production\review\animation_r01\frames\ForestSplitter_Hit_side\0001.png'
00:56.922  render           | Saved: 'C:\Users\d.grab\Desktop\the-game\ART\characters\act-1-enemies\8.forest-splitbark\production\review\animation_r01\frames\ForestSplitter_Hit_side\0002.png'
00:57.141  render           | Saved: 'C:\Users\d.grab\Desktop\the-game\ART\characters\act-1-enemies\8.forest-splitbark\production\review\animation_r01\frames\ForestSplitter_Hit_side\0003.png'
00:57.391  render           | Saved: 'C:\Users\d.grab\Desktop\the-game\ART\characters\act-1-enemies\8.forest-splitbark\production\review\animation_r01\frames\ForestSplitter_Hit_side\0004.png'
00:57.594  render           | Saved: 'C:\Users\d.grab\Desktop\the-game\ART\characters\act-1-enemies\8.forest-splitbark\production\review\animation_r01\frames\ForestSplitter_Hit_side\0005.png'
00:57.781  render           | Saved: 'C:\Users\d.grab\Desktop\the-game\ART\characters\act-1-enemies\8.forest-splitbark\production\review\animation_r01\frames\ForestSplitter_Hit_side\0006.png'
00:57.953  render           | Saved: 'C:\Users\d.grab\Desktop\the-game\ART\characters\act-1-enemies\8.forest-splitbark\production\review\animation_r01\frames\ForestSplitter_Hit_side\0007.png'
00:58.125  render           | Saved: 'C:\Users\d.grab\Desktop\the-game\ART\characters\act-1-enemies\8.forest-splitbark\production\review\animation_r01\frames\ForestSplitter_Hit_side\0008.png'
00:58.328  render           | Saved: 'C:\Users\d.grab\Desktop\the-game\ART\characters\act-1-enemies\8.forest-splitbark\production\review\animation_r01\frames\ForestSplitter_Hit_side\0009.png'
00:58.547  render           | Saved: 'C:\Users\d.grab\Desktop\the-game\ART\characters\act-1-enemies\8.forest-splitbark\production\review\animation_r01\frames\ForestSplitter_Hit_side\0010.png'
00:58.734  render           | Saved: 'C:\Users\d.grab\Desktop\the-game\ART\characters\act-1-enemies\8.forest-splitbark\production\review\animation_r01\frames\ForestSplitter_Hit_side\0011.png'
00:58.922  render           | Saved: 'C:\Users\d.grab\Desktop\the-game\ART\characters\act-1-enemies\8.forest-splitbark\production\review\animation_r01\frames\ForestSplitter_Hit_side\0012.png'
RENDERED ForestSplitter_Hit side 13
00:59.109  render           | Saved: 'C:\Users\d.grab\Desktop\the-game\ART\characters\act-1-enemies\8.forest-splitbark\production\review\animation_r01\frames\ForestSplitter_Death_game\0000.png'
00:59.281  render           | Saved: 'C:\Users\d.grab\Desktop\the-game\ART\characters\act-1-enemies\8.forest-splitbark\production\review\animation_r01\frames\ForestSplitter_Death_game\0001.png'
00:59.484  render           | Saved: 'C:\Users\d.grab\Desktop\the-game\ART\characters\act-1-enemies\8.forest-splitbark\production\review\animation_r01\frames\ForestSplitter_Death_game\0002.png'
00:59.687  render           | Saved: 'C:\Users\d.grab\Desktop\the-game\ART\characters\act-1-enemies\8.forest-splitbark\production\review\animation_r01\frames\ForestSplitter_Death_game\0003.png'
00:59.891  render           | Saved: 'C:\Users\d.grab\Desktop\the-game\ART\characters\act-1-enemies\8.forest-splitbark\production\review\animation_r01\frames\ForestSplitter_Death_game\0004.png'
01:00.094  render           | Saved: 'C:\Users\d.grab\Desktop\the-game\ART\characters\act-1-enemies\8.forest-splitbark\production\review\animation_r01\frames\ForestSplitter_Death_game\0005.png'
01:00.312  render           | Saved: 'C:\Users\d.grab\Desktop\the-game\ART\characters\act-1-enemies\8.forest-splitbark\production\review\animation_r01\frames\ForestSplitter_Death_game\0006.png'
01:00.516  render           | Saved: 'C:\Users\d.grab\Desktop\the-game\ART\characters\act-1-enemies\8.forest-splitbark\production\review\animation_r01\frames\ForestSplitter_Death_game\0007.png'
01:00.719  render           | Saved: 'C:\Users\d.grab\Desktop\the-game\ART\characters\act-1-enemies\8.forest-splitbark\production\review\animation_r01\frames\ForestSplitter_Death_game\0008.png'
01:00.906  render           | Saved: 'C:\Users\d.grab\Desktop\the-game\ART\characters\act-1-enemies\8.forest-splitbark\production\review\animation_r01\frames\ForestSplitter_Death_game\0009.png'
01:01.125  render           | Saved: 'C:\Users\d.grab\Desktop\the-game\ART\characters\act-1-enemies\8.forest-splitbark\production\review\animation_r01\frames\ForestSplitter_Death_game\0010.png'
01:01.359  render           | Saved: 'C:\Users\d.grab\Desktop\the-game\ART\characters\act-1-enemies\8.forest-splitbark\production\review\animation_r01\frames\ForestSplitter_Death_game\0011.png'
01:01.578  render           | Saved: 'C:\Users\d.grab\Desktop\the-game\ART\characters\act-1-enemies\8.forest-splitbark\production\review\animation_r01\frames\ForestSplitter_Death_game\0012.png'
RENDERED ForestSplitter_Death game 13
01:01.766  render           | Saved: 'C:\Users\d.grab\Desktop\the-game\ART\characters\act-1-enemies\8.forest-splitbark\production\review\animation_r01\frames\ForestSplitter_Death_side\0000.png'
01:01.984  render           | Saved: 'C:\Users\d.grab\Desktop\the-game\ART\characters\act-1-enemies\8.forest-splitbark\production\review\animation_r01\frames\ForestSplitter_Death_side\0001.png'
01:02.172  render           | Saved: 'C:\Users\d.grab\Desktop\the-game\ART\characters\act-1-enemies\8.forest-splitbark\production\review\animation_r01\frames\ForestSplitter_Death_side\0002.png'
01:02.406  render           | Saved: 'C:\Users\d.grab\Desktop\the-game\ART\characters\act-1-enemies\8.forest-splitbark\production\review\animation_r01\frames\ForestSplitter_Death_side\0003.png'
01:02.609  render           | Saved: 'C:\Users\d.grab\Desktop\the-game\ART\characters\act-1-enemies\8.forest-splitbark\production\review\animation_r01\frames\ForestSplitter_Death_side\0004.png'
01:02.812  render           | Saved: 'C:\Users\d.grab\Desktop\the-game\ART\characters\act-1-enemies\8.forest-splitbark\production\review\animation_r01\frames\ForestSplitter_Death_side\0005.png'
01:02.984  render           | Saved: 'C:\Users\d.grab\Desktop\the-game\ART\characters\act-1-enemies\8.forest-splitbark\production\review\animation_r01\frames\ForestSplitter_Death_side\0006.png'
01:03.172  render           | Saved: 'C:\Users\d.grab\Desktop\the-game\ART\characters\act-1-enemies\8.forest-splitbark\production\review\animation_r01\frames\ForestSplitter_Death_side\0007.png'
01:03.344  render           | Saved: 'C:\Users\d.grab\Desktop\the-game\ART\characters\act-1-enemies\8.forest-splitbark\production\review\animation_r01\frames\ForestSplitter_Death_side\0008.png'
01:03.594  render           | Saved: 'C:\Users\d.grab\Desktop\the-game\ART\characters\act-1-enemies\8.forest-splitbark\production\review\animation_r01\frames\ForestSplitter_Death_side\0009.png'
01:03.797  render           | Saved: 'C:\Users\d.grab\Desktop\the-game\ART\characters\act-1-enemies\8.forest-splitbark\production\review\animation_r01\frames\ForestSplitter_Death_side\0010.png'
01:03.969  render           | Saved: 'C:\Users\d.grab\Desktop\the-game\ART\characters\act-1-enemies\8.forest-splitbark\production\review\animation_r01\frames\ForestSplitter_Death_side\0011.png'
01:04.156  render           | Saved: 'C:\Users\d.grab\Desktop\the-game\ART\characters\act-1-enemies\8.forest-splitbark\production\review\animation_r01\frames\ForestSplitter_Death_side\0012.png'
RENDERED ForestSplitter_Death side 13
01:04.328  render           | Saved: 'C:\Users\d.grab\Desktop\the-game\ART\characters\act-1-enemies\8.forest-splitbark\production\review\animation_r01\frames\ForestSplitter_Pop_game\0000.png'
01:04.516  render           | Saved: 'C:\Users\d.grab\Desktop\the-game\ART\characters\act-1-enemies\8.forest-splitbark\production\review\animation_r01\frames\ForestSplitter_Pop_game\0001.png'
01:04.719  render           | Saved: 'C:\Users\d.grab\Desktop\the-game\ART\characters\act-1-enemies\8.forest-splitbark\production\review\animation_r01\frames\ForestSplitter_Pop_game\0002.png'
01:04.922  render           | Saved: 'C:\Users\d.grab\Desktop\the-game\ART\characters\act-1-enemies\8.forest-splitbark\production\review\animation_r01\frames\ForestSplitter_Pop_game\0003.png'
01:05.125  render           | Saved: 'C:\Users\d.grab\Desktop\the-game\ART\characters\act-1-enemies\8.forest-splitbark\production\review\animation_r01\frames\ForestSplitter_Pop_game\0004.png'
01:05.297  render           | Saved: 'C:\Users\d.grab\Desktop\the-game\ART\characters\act-1-enemies\8.forest-splitbark\production\review\animation_r01\frames\ForestSplitter_Pop_game\0005.png'
01:05.469  render           | Saved: 'C:\Users\d.grab\Desktop\the-game\ART\characters\act-1-enemies\8.forest-splitbark\production\review\animation_r01\frames\ForestSplitter_Pop_game\0006.png'
01:05.703  render           | Saved: 'C:\Users\d.grab\Desktop\the-game\ART\characters\act-1-enemies\8.forest-splitbark\production\review\animation_r01\frames\ForestSplitter_Pop_game\0007.png'
01:05.922  render           | Saved: 'C:\Users\d.grab\Desktop\the-game\ART\characters\act-1-enemies\8.forest-splitbark\production\review\animation_r01\frames\ForestSplitter_Pop_game\0008.png'
01:06.156  render           | Saved: 'C:\Users\d.grab\Desktop\the-game\ART\characters\act-1-enemies\8.forest-splitbark\production\review\animation_r01\frames\ForestSplitter_Pop_game\0009.png'
01:06.359  render           | Saved: 'C:\Users\d.grab\Desktop\the-game\ART\characters\act-1-enemies\8.forest-splitbark\production\review\animation_r01\frames\ForestSplitter_Pop_game\0010.png'
RENDERED ForestSplitter_Pop game 11
01:06.578  render           | Saved: 'C:\Users\d.grab\Desktop\the-game\ART\characters\act-1-enemies\8.forest-splitbark\production\review\animation_r01\frames\ForestSplitter_Pop_side\0000.png'
01:06.766  render           | Saved: 'C:\Users\d.grab\Desktop\the-game\ART\characters\act-1-enemies\8.forest-splitbark\production\review\animation_r01\frames\ForestSplitter_Pop_side\0001.png'
01:06.984  render           | Saved: 'C:\Users\d.grab\Desktop\the-game\ART\characters\act-1-enemies\8.forest-splitbark\production\review\animation_r01\frames\ForestSplitter_Pop_side\0002.png'
01:07.187  render           | Saved: 'C:\Users\d.grab\Desktop\the-game\ART\characters\act-1-enemies\8.forest-splitbark\production\review\animation_r01\frames\ForestSplitter_Pop_side\0003.png'
01:07.453  render           | Saved: 'C:\Users\d.grab\Desktop\the-game\ART\characters\act-1-enemies\8.forest-splitbark\production\review\animation_r01\frames\ForestSplitter_Pop_side\0004.png'
01:07.703  render           | Saved: 'C:\Users\d.grab\Desktop\the-game\ART\characters\act-1-enemies\8.forest-splitbark\production\review\animation_r01\frames\ForestSplitter_Pop_side\0005.png'
01:08.047  render           | Saved: 'C:\Users\d.grab\Desktop\the-game\ART\characters\act-1-enemies\8.forest-splitbark\production\review\animation_r01\frames\ForestSplitter_Pop_side\0006.png'
01:08.250  render           | Saved: 'C:\Users\d.grab\Desktop\the-game\ART\characters\act-1-enemies\8.forest-splitbark\production\review\animation_r01\frames\ForestSplitter_Pop_side\0007.png'
01:08.516  render           | Saved: 'C:\Users\d.grab\Desktop\the-game\ART\characters\act-1-enemies\8.forest-splitbark\production\review\animation_r01\frames\ForestSplitter_Pop_side\0008.png'
01:08.812  render           | Saved: 'C:\Users\d.grab\Desktop\the-game\ART\characters\act-1-enemies\8.forest-splitbark\production\review\animation_r01\frames\ForestSplitter_Pop_side\0009.png'
01:09.062  render           | Saved: 'C:\Users\d.grab\Desktop\the-game\ART\characters\act-1-enemies\8.forest-splitbark\production\review\animation_r01\frames\ForestSplitter_Pop_side\0010.png'
RENDERED ForestSplitter_Pop side 11
01:09.281  render           | Saved: 'C:\Users\d.grab\Desktop\the-game\ART\characters\act-1-enemies\8.forest-splitbark\production\review\animation_r01\frames\Sequence_game\0000.png'
01:09.500  render           | Saved: 'C:\Users\d.grab\Desktop\the-game\ART\characters\act-1-enemies\8.forest-splitbark\production\review\animation_r01\frames\Sequence_game\0001.png'
01:09.734  render           | Saved: 'C:\Users\d.grab\Desktop\the-game\ART\characters\act-1-enemies\8.forest-splitbark\production\review\animation_r01\frames\Sequence_game\0002.png'
01:09.984  render           | Saved: 'C:\Users\d.grab\Desktop\the-game\ART\characters\act-1-enemies\8.forest-splitbark\production\review\animation_r01\frames\Sequence_game\0003.png'
01:10.266  render           | Saved: 'C:\Users\d.grab\Desktop\the-game\ART\characters\act-1-enemies\8.forest-splitbark\production\review\animation_r01\frames\Sequence_game\0004.png'
01:10.484  render           | Saved: 'C:\Users\d.grab\Desktop\the-game\ART\characters\act-1-enemies\8.forest-splitbark\production\review\animation_r01\frames\Sequence_game\0005.png'
01:10.687  render           | Saved: 'C:\Users\d.grab\Desktop\the-game\ART\characters\act-1-enemies\8.forest-splitbark\production\review\animation_r01\frames\Sequence_game\0006.png'
01:10.937  render           | Saved: 'C:\Users\d.grab\Desktop\the-game\ART\characters\act-1-enemies\8.forest-splitbark\production\review\animation_r01\frames\Sequence_game\0007.png'
01:11.297  render           | Saved: 'C:\Users\d.grab\Desktop\the-game\ART\characters\act-1-enemies\8.forest-splitbark\production\review\animation_r01\frames\Sequence_game\0008.png'
01:11.562  render           | Saved: 'C:\Users\d.grab\Desktop\the-game\ART\characters\act-1-enemies\8.forest-splitbark\production\review\animation_r01\frames\Sequence_game\0009.png'
01:11.766  render           | Saved: 'C:\Users\d.grab\Desktop\the-game\ART\characters\act-1-enemies\8.forest-splitbark\production\review\animation_r01\frames\Sequence_game\0010.png'
01:11.969  render           | Saved: 'C:\Users\d.grab\Desktop\the-game\ART\characters\act-1-enemies\8.forest-splitbark\production\review\animation_r01\frames\Sequence_game\0011.png'
01:12.172  render           | Saved: 'C:\Users\d.grab\Desktop\the-game\ART\characters\act-1-enemies\8.forest-splitbark\production\review\animation_r01\frames\Sequence_game\0012.png'
01:12.375  render           | Saved: 'C:\Users\d.grab\Desktop\the-game\ART\characters\act-1-enemies\8.forest-splitbark\production\review\animation_r01\frames\Sequence_game\0013.png'
01:12.578  render           | Saved: 'C:\Users\d.grab\Desktop\the-game\ART\characters\act-1-enemies\8.forest-splitbark\production\review\animation_r01\frames\Sequence_game\0014.png'
01:12.812  render           | Saved: 'C:\Users\d.grab\Desktop\the-game\ART\characters\act-1-enemies\8.forest-splitbark\production\review\animation_r01\frames\Sequence_game\0015.png'
01:13.031  render           | Saved: 'C:\Users\d.grab\Desktop\the-game\ART\characters\act-1-enemies\8.forest-splitbark\production\review\animation_r01\frames\Sequence_game\0016.png'
01:13.250  render           | Saved: 'C:\Users\d.grab\Desktop\the-game\ART\characters\act-1-enemies\8.forest-splitbark\production\review\animation_r01\frames\Sequence_game\0017.png'
01:13.469  render           | Saved: 'C:\Users\d.grab\Desktop\the-game\ART\characters\act-1-enemies\8.forest-splitbark\production\review\animation_r01\frames\Sequence_game\0018.png'
01:13.687  render           | Saved: 'C:\Users\d.grab\Desktop\the-game\ART\characters\act-1-enemies\8.forest-splitbark\production\review\animation_r01\frames\Sequence_game\0019.png'
01:13.922  render           | Saved: 'C:\Users\d.grab\Desktop\the-game\ART\characters\act-1-enemies\8.forest-splitbark\production\review\animation_r01\frames\Sequence_game\0020.png'
01:14.141  render           | Saved: 'C:\Users\d.grab\Desktop\the-game\ART\characters\act-1-enemies\8.forest-splitbark\production\review\animation_r01\frames\Sequence_game\0021.png'
01:14.391  render           | Saved: 'C:\Users\d.grab\Desktop\the-game\ART\characters\act-1-enemies\8.forest-splitbark\production\review\animation_r01\frames\Sequence_game\0022.png'
01:14.578  render           | Saved: 'C:\Users\d.grab\Desktop\the-game\ART\characters\act-1-enemies\8.forest-splitbark\production\review\animation_r01\frames\Sequence_game\0023.png'
01:14.797  render           | Saved: 'C:\Users\d.grab\Desktop\the-game\ART\characters\act-1-enemies\8.forest-splitbark\production\review\animation_r01\frames\Sequence_game\0024.png'
01:15.031  render           | Saved: 'C:\Users\d.grab\Desktop\the-game\ART\characters\act-1-enemies\8.forest-splitbark\production\review\animation_r01\frames\Sequence_game\0025.png'
01:15.281  render           | Saved: 'C:\Users\d.grab\Desktop\the-game\ART\characters\act-1-enemies\8.forest-splitbark\production\review\animation_r01\frames\Sequence_game\0026.png'
01:15.531  render           | Saved: 'C:\Users\d.grab\Desktop\the-game\ART\characters\act-1-enemies\8.forest-splitbark\production\review\animation_r01\frames\Sequence_game\0027.png'
01:15.781  render           | Saved: 'C:\Users\d.grab\Desktop\the-game\ART\characters\act-1-enemies\8.forest-splitbark\production\review\animation_r01\frames\Sequence_game\0028.png'
01:16.000  render           | Saved: 'C:\Users\d.grab\Desktop\the-game\ART\characters\act-1-enemies\8.forest-splitbark\production\review\animation_r01\frames\Sequence_game\0029.png'
01:16.234  render           | Saved: 'C:\Users\d.grab\Desktop\the-game\ART\characters\act-1-enemies\8.forest-splitbark\production\review\animation_r01\frames\Sequence_game\0030.png'
01:16.469  render           | Saved: 'C:\Users\d.grab\Desktop\the-game\ART\characters\act-1-enemies\8.forest-splitbark\production\review\animation_r01\frames\Sequence_game\0031.png'
01:16.687  render           | Saved: 'C:\Users\d.grab\Desktop\the-game\ART\characters\act-1-enemies\8.forest-splitbark\production\review\animation_r01\frames\Sequence_game\0032.png'
01:16.875  render           | Saved: 'C:\Users\d.grab\Desktop\the-game\ART\characters\act-1-enemies\8.forest-splitbark\production\review\animation_r01\frames\Sequence_game\0033.png'
01:17.078  render           | Saved: 'C:\Users\d.grab\Desktop\the-game\ART\characters\act-1-enemies\8.forest-splitbark\production\review\animation_r01\frames\Sequence_game\0034.png'
01:17.297  render           | Saved: 'C:\Users\d.grab\Desktop\the-game\ART\characters\act-1-enemies\8.forest-splitbark\production\review\animation_r01\frames\Sequence_game\0035.png'
01:17.578  render           | Saved: 'C:\Users\d.grab\Desktop\the-game\ART\characters\act-1-enemies\8.forest-splitbark\production\review\animation_r01\frames\Sequence_game\0036.png'
01:17.859  render           | Saved: 'C:\Users\d.grab\Desktop\the-game\ART\characters\act-1-enemies\8.forest-splitbark\production\review\animation_r01\frames\Sequence_game\0037.png'
01:18.125  render           | Saved: 'C:\Users\d.grab\Desktop\the-game\ART\characters\act-1-enemies\8.forest-splitbark\production\review\animation_r01\frames\Sequence_game\0038.png'
RENDERED Sequence 39
RENDER_DONE
[a_Rodin.utils-[36mDBG[0m]: [36mRodinBridge: unregister[0m
Traceback (most recent call last):
  File "C:\Program Files\Blender Foundation\Blender 5.2\5.2\scripts\modules\addon_utils.py", line 595, in disable
    mod.unregister()
    ~~~~~~~~~~~~~~^^
  File "C:\Users\d.grab\AppData\Roaming\Blender Foundation\Blender\5.2\scripts\addons\a_Rodin\__init__.py", line 28, in unregister
    unreg()
    ~~~~~^^
  File "C:\Program Files\Blender Foundation\Blender 5.2\5.2\scripts\modules\bpy\utils\__init__.py", line 1054, in unregister
    mod.unregister()
    ~~~~~~~~~~~~~~^^
  File "C:\Program Files\Blender Foundation\Blender 5.2\5.2\scripts\modules\bpy\utils\__init__.py", line 1054, in unregister
    mod.unregister()
    ~~~~~~~~~~~~~~^^
  File "C:\Program Files\Blender Foundation\Blender 5.2\5.2\scripts\modules\bpy\utils\__init__.py", line 1054, in unregister
    mod.unregister()
    ~~~~~~~~~~~~~~^^
  File "C:\Users\d.grab\AppData\Roaming\Blender Foundation\Blender\5.2\scripts\addons\a_Rodin\src\rodin\properties.py", line 408, in unregister
    bpy.app.handlers.load_post.remove(on_scene_load)
    ~~~~~~~~~~~~~~~~~~~~~~~~~~~~~~~~~^^^^^^^^^^^^^^^
ValueError: list.remove(x): x not in list
Exception in module unregister(): 'C:\\Users\\d.grab\\AppData\\Roaming\\Blender Foundation\\Blender\\5.2\\scripts\\addons\\a_Rodin\\__init__.py'
Blender 5.2.1 LTS (hash 9e2066aef7ef built 2026-08-25 02:38:20)

Blender quit
