[a_Rodin.utils-[36mDBG[0m]: [36mRodinBridge: register[0m
[a_Rodin.utils-[33mWRN[0m]: [33mServer running on port 61863[0m
[a_Rodin.utils-[36mDBG[0m]: [36mon_scene_load[0m
[a_Rodin.utils-[36mDBG[0m]: [36mensure_default_image[0m
00:04.828  blend            | Read blend: "C:\Users\d.grab\Desktop\the-game\ART\characters\act-1-enemies\8.forest-splitbark\production\animation\ForestSplitter_Baked_r02.blend"
00:06.313  render           | Saved: 'C:\Users\d.grab\Desktop\the-game\ART\characters\act-1-enemies\8.forest-splitbark\production\review\animation_r01\frames\RollSeq_uncurl\0000.png'
00:06.469  render           | Saved: 'C:\Users\d.grab\Desktop\the-game\ART\characters\act-1-enemies\8.forest-splitbark\production\review\animation_r01\frames\RollSeq_uncurl\0001.png'
00:06.641  render           | Saved: 'C:\Users\d.grab\Desktop\the-game\ART\characters\act-1-enemies\8.forest-splitbark\production\review\animation_r01\frames\RollSeq_uncurl\0002.png'
00:06.781  render           | Saved: 'C:\Users\d.grab\Desktop\the-game\ART\characters\act-1-enemies\8.forest-splitbark\production\review\animation_r01\frames\RollSeq_uncurl\0003.png'
00:06.953  render           | Saved: 'C:\Users\d.grab\Desktop\the-game\ART\characters\act-1-enemies\8.forest-splitbark\production\review\animation_r01\frames\RollSeq_uncurl\0004.png'
00:07.110  render           | Saved: 'C:\Users\d.grab\Desktop\the-game\ART\characters\act-1-enemies\8.forest-splitbark\production\review\animation_r01\frames\RollSeq_uncurl\0005.png'
00:07.266  render           | Saved: 'C:\Users\d.grab\Desktop\the-game\ART\characters\act-1-enemies\8.forest-splitbark\production\review\animation_r01\frames\RollSeq_uncurl\0006.png'
00:07.406  render           | Saved: 'C:\Users\d.grab\Desktop\the-game\ART\characters\act-1-enemies\8.forest-splitbark\production\review\animation_r01\frames\RollSeq_uncurl\0007.png'
00:07.563  render           | Saved: 'C:\Users\d.grab\Desktop\the-game\ART\characters\act-1-enemies\8.forest-splitbark\production\review\animation_r01\frames\RollSeq_uncurl\0008.png'
00:07.719  render           | Saved: 'C:\Users\d.grab\Desktop\the-game\ART\characters\act-1-enemies\8.forest-splitbark\production\review\animation_r01\frames\RollSeq_uncurl\0009.png'
00:07.875  render           | Saved: 'C:\Users\d.grab\Desktop\the-game\ART\characters\act-1-enemies\8.forest-splitbark\production\review\animation_r01\frames\RollSeq_uncurl\0010.png'
00:08.031  render           | Saved: 'C:\Users\d.grab\Desktop\the-game\ART\characters\act-1-enemies\8.forest-splitbark\production\review\animation_r01\frames\RollSeq_uncurl\0011.png'
00:08.188  render           | Saved: 'C:\Users\d.grab\Desktop\the-game\ART\characters\act-1-enemies\8.forest-splitbark\production\review\animation_r01\frames\RollSeq_uncurl\0012.png'
00:08.344  render           | Saved: 'C:\Users\d.grab\Desktop\the-game\ART\characters\act-1-enemies\8.forest-splitbark\production\review\animation_r01\frames\RollSeq_uncurl\0013.png'
00:08.485  render           | Saved: 'C:\Users\d.grab\Desktop\the-game\ART\characters\act-1-enemies\8.forest-splitbark\production\review\animation_r01\frames\RollSeq_uncurl\0014.png'
00:08.641  render           | Saved: 'C:\Users\d.grab\Desktop\the-game\ART\characters\act-1-enemies\8.forest-splitbark\production\review\animation_r01\frames\RollSeq_uncurl\0015.png'
00:08.797  render           | Saved: 'C:\Users\d.grab\Desktop\the-game\ART\characters\act-1-enemies\8.forest-splitbark\production\review\animation_r01\frames\RollSeq_uncurl\0016.png'
00:08.969  render           | Saved: 'C:\Users\d.grab\Desktop\the-game\ART\characters\act-1-enemies\8.forest-splitbark\production\review\animation_r01\frames\RollSeq_uncurl\0017.png'
00:09.156  render           | Saved: 'C:\Users\d.grab\Desktop\the-game\ART\characters\act-1-enemies\8.forest-splitbark\production\review\animation_r01\frames\RollSeq_uncurl\0018.png'
00:09.360  render           | Saved: 'C:\Users\d.grab\Desktop\the-game\ART\characters\act-1-enemies\8.forest-splitbark\production\review\animation_r01\frames\RollSeq_uncurl\0019.png'
00:09.516  render           | Saved: 'C:\Users\d.grab\Desktop\the-game\ART\characters\act-1-enemies\8.forest-splitbark\production\review\animation_r01\frames\RollSeq_uncurl\0020.png'
00:09.656  render           | Saved: 'C:\Users\d.grab\Desktop\the-game\ART\characters\act-1-enemies\8.forest-splitbark\production\review\animation_r01\frames\RollSeq_uncurl\0021.png'
00:09.828  render           | Saved: 'C:\Users\d.grab\Desktop\the-game\ART\characters\act-1-enemies\8.forest-splitbark\production\review\animation_r01\frames\RollSeq_uncurl\0022.png'
00:09.985  render           | Saved: 'C:\Users\d.grab\Desktop\the-game\ART\characters\act-1-enemies\8.forest-splitbark\production\review\animation_r01\frames\RollSeq_uncurl\0023.png'
00:10.172  render           | Saved: 'C:\Users\d.grab\Desktop\the-game\ART\characters\act-1-enemies\8.forest-splitbark\production\review\animation_r01\frames\RollSeq_uncurl\0024.png'
00:10.344  render           | Saved: 'C:\Users\d.grab\Desktop\the-game\ART\characters\act-1-enemies\8.forest-splitbark\production\review\animation_r01\frames\RollSeq_uncurl\0025.png'
00:10.500  render           | Saved: 'C:\Users\d.grab\Desktop\the-game\ART\characters\act-1-enemies\8.forest-splitbark\production\review\animation_r01\frames\RollSeq_uncurl\0026.png'
00:10.656  render           | Saved: 'C:\Users\d.grab\Desktop\the-game\ART\characters\act-1-enemies\8.forest-splitbark\production\review\animation_r01\frames\RollSeq_uncurl\0027.png'
00:10.813  render           | Saved: 'C:\Users\d.grab\Desktop\the-game\ART\characters\act-1-enemies\8.forest-splitbark\production\review\animation_r01\frames\RollSeq_uncurl\0028.png'
00:10.985  render           | Saved: 'C:\Users\d.grab\Desktop\the-game\ART\characters\act-1-enemies\8.forest-splitbark\production\review\animation_r01\frames\RollSeq_uncurl\0029.png'
00:11.141  render           | Saved: 'C:\Users\d.grab\Desktop\the-game\ART\characters\act-1-enemies\8.forest-splitbark\production\review\animation_r01\frames\RollSeq_uncurl\0030.png'
00:11.313  render           | Saved: 'C:\Users\d.grab\Desktop\the-game\ART\characters\act-1-enemies\8.forest-splitbark\production\review\animation_r01\frames\RollSeq_uncurl\0031.png'
00:11.500  render           | Saved: 'C:\Users\d.grab\Desktop\the-game\ART\characters\act-1-enemies\8.forest-splitbark\production\review\animation_r01\frames\RollSeq_uncurl\0032.png'
00:11.656  render           | Saved: 'C:\Users\d.grab\Desktop\the-game\ART\characters\act-1-enemies\8.forest-splitbark\production\review\animation_r01\frames\RollSeq_uncurl\0033.png'
00:11.797  render           | Saved: 'C:\Users\d.grab\Desktop\the-game\ART\characters\act-1-enemies\8.forest-splitbark\production\review\animation_r01\frames\RollSeq_uncurl\0034.png'
00:11.953  render           | Saved: 'C:\Users\d.grab\Desktop\the-game\ART\characters\act-1-enemies\8.forest-splitbark\production\review\animation_r01\frames\RollSeq_uncurl\0035.png'
00:12.094  render           | Saved: 'C:\Users\d.grab\Desktop\the-game\ART\characters\act-1-enemies\8.forest-splitbark\production\review\animation_r01\frames\RollSeq_uncurl\0036.png'
00:12.250  render           | Saved: 'C:\Users\d.grab\Desktop\the-game\ART\characters\act-1-enemies\8.forest-splitbark\production\review\animation_r01\frames\RollSeq_uncurl\0037.png'
00:12.391  render           | Saved: 'C:\Users\d.grab\Desktop\the-game\ART\characters\act-1-enemies\8.forest-splitbark\production\review\animation_r01\frames\RollSeq_uncurl\0038.png'
00:12.578  render           | Saved: 'C:\Users\d.grab\Desktop\the-game\ART\characters\act-1-enemies\8.forest-splitbark\production\review\animation_r01\frames\RollSeq_uncurl\0039.png'
00:12.750  render           | Saved: 'C:\Users\d.grab\Desktop\the-game\ART\characters\act-1-enemies\8.forest-splitbark\production\review\animation_r01\frames\RollSeq_uncurl\0040.png'
00:12.906  render           | Saved: 'C:\Users\d.grab\Desktop\the-game\ART\characters\act-1-enemies\8.forest-splitbark\production\review\animation_r01\frames\RollSeq_uncurl\0041.png'
00:13.047  render           | Saved: 'C:\Users\d.grab\Desktop\the-game\ART\characters\act-1-enemies\8.forest-splitbark\production\review\animation_r01\frames\RollSeq_uncurl\0042.png'
00:13.188  render           | Saved: 'C:\Users\d.grab\Desktop\the-game\ART\characters\act-1-enemies\8.forest-splitbark\production\review\animation_r01\frames\RollSeq_uncurl\0043.png'
00:13.344  render           | Saved: 'C:\Users\d.grab\Desktop\the-game\ART\characters\act-1-enemies\8.forest-splitbark\production\review\animation_r01\frames\RollSeq_uncurl\0044.png'
00:13.500  render           | Saved: 'C:\Users\d.grab\Desktop\the-game\ART\characters\act-1-enemies\8.forest-splitbark\production\review\animation_r01\frames\RollSeq_uncurl\0045.png'
00:13.656  render           | Saved: 'C:\Users\d.grab\Desktop\the-game\ART\characters\act-1-enemies\8.forest-splitbark\production\review\animation_r01\frames\RollSeq_uncurl\0046.png'
00:13.828  render           | Saved: 'C:\Users\d.grab\Desktop\the-game\ART\characters\act-1-enemies\8.forest-splitbark\production\review\animation_r01\frames\RollSeq_uncurl\0047.png'
00:13.985  render           | Saved: 'C:\Users\d.grab\Desktop\the-game\ART\characters\act-1-enemies\8.forest-splitbark\production\review\animation_r01\frames\RollSeq_uncurl\0048.png'
00:14.141  render           | Saved: 'C:\Users\d.grab\Desktop\the-game\ART\characters\act-1-enemies\8.forest-splitbark\production\review\animation_r01\frames\RollSeq_uncurl\0049.png'
00:14.281  render           | Saved: 'C:\Users\d.grab\Desktop\the-game\ART\characters\act-1-enemies\8.forest-splitbark\production\review\animation_r01\frames\RollSeq_uncurl\0050.png'
00:14.422  render           | Saved: 'C:\Users\d.grab\Desktop\the-game\ART\characters\act-1-enemies\8.forest-splitbark\production\review\animation_r01\frames\RollSeq_uncurl\0051.png'
00:14.578  render           | Saved: 'C:\Users\d.grab\Desktop\the-game\ART\characters\act-1-enemies\8.forest-splitbark\production\review\animation_r01\frames\RollSeq_uncurl\0052.png'
00:14.735  render           | Saved: 'C:\Users\d.grab\Desktop\the-game\ART\characters\act-1-enemies\8.forest-splitbark\production\review\animation_r01\frames\RollSeq_uncurl\0053.png'
00:14.891  render           | Saved: 'C:\Users\d.grab\Desktop\the-game\ART\characters\act-1-enemies\8.forest-splitbark\production\review\animation_r01\frames\RollSeq_uncurl\0054.png'
00:15.078  render           | Saved: 'C:\Users\d.grab\Desktop\the-game\ART\characters\act-1-enemies\8.forest-splitbark\production\review\animation_r01\frames\RollSeq_uncurl\0055.png'
00:15.235  render           | Saved: 'C:\Users\d.grab\Desktop\the-game\ART\characters\act-1-enemies\8.forest-splitbark\production\review\animation_r01\frames\RollSeq_uncurl\0056.png'
00:15.375  render           | Saved: 'C:\Users\d.grab\Desktop\the-game\ART\characters\act-1-enemies\8.forest-splitbark\production\review\animation_r01\frames\RollSeq_uncurl\0057.png'
00:15.531  render           | Saved: 'C:\Users\d.grab\Desktop\the-game\ART\characters\act-1-enemies\8.forest-splitbark\production\review\animation_r01\frames\RollSeq_uncurl\0058.png'
00:15.672  render           | Saved: 'C:\Users\d.grab\Desktop\the-game\ART\characters\act-1-enemies\8.forest-splitbark\production\review\animation_r01\frames\RollSeq_uncurl\0059.png'
00:15.828  render           | Saved: 'C:\Users\d.grab\Desktop\the-game\ART\characters\act-1-enemies\8.forest-splitbark\production\review\animation_r01\frames\RollSeq_uncurl\0060.png'
00:16.000  render           | Saved: 'C:\Users\d.grab\Desktop\the-game\ART\characters\act-1-enemies\8.forest-splitbark\production\review\animation_r01\frames\RollSeq_uncurl\0061.png'
00:16.172  render           | Saved: 'C:\Users\d.grab\Desktop\the-game\ART\characters\act-1-enemies\8.forest-splitbark\production\review\animation_r01\frames\RollSeq_uncurl\0062.png'
00:16.344  render           | Saved: 'C:\Users\d.grab\Desktop\the-game\ART\characters\act-1-enemies\8.forest-splitbark\production\review\animation_r01\frames\RollSeq_uncurl\0063.png'
00:16.485  render           | Saved: 'C:\Users\d.grab\Desktop\the-game\ART\characters\act-1-enemies\8.forest-splitbark\production\review\animation_r01\frames\RollSeq_uncurl\0064.png'
00:16.641  render           | Saved: 'C:\Users\d.grab\Desktop\the-game\ART\characters\act-1-enemies\8.forest-splitbark\production\review\animation_r01\frames\RollSeq_uncurl\0065.png'
00:16.781  render           | Saved: 'C:\Users\d.grab\Desktop\the-game\ART\characters\act-1-enemies\8.forest-splitbark\production\review\animation_r01\frames\RollSeq_uncurl\0066.png'
00:16.938  render           | Saved: 'C:\Users\d.grab\Desktop\the-game\ART\characters\act-1-enemies\8.forest-splitbark\production\review\animation_r01\frames\RollSeq_uncurl\0067.png'
00:17.094  render           | Saved: 'C:\Users\d.grab\Desktop\the-game\ART\characters\act-1-enemies\8.forest-splitbark\production\review\animation_r01\frames\RollSeq_uncurl\0068.png'
00:17.250  render           | Saved: 'C:\Users\d.grab\Desktop\the-game\ART\characters\act-1-enemies\8.forest-splitbark\production\review\animation_r01\frames\RollSeq_uncurl\0069.png'
00:17.422  render           | Saved: 'C:\Users\d.grab\Desktop\the-game\ART\characters\act-1-enemies\8.forest-splitbark\production\review\animation_r01\frames\RollSeq_uncurl\0070.png'
00:17.578  render           | Saved: 'C:\Users\d.grab\Desktop\the-game\ART\characters\act-1-enemies\8.forest-splitbark\production\review\animation_r01\frames\RollSeq_uncurl\0071.png'
00:17.735  render           | Saved: 'C:\Users\d.grab\Desktop\the-game\ART\characters\act-1-enemies\8.forest-splitbark\production\review\animation_r01\frames\RollSeq_uncurl\0072.png'
00:17.875  render           | Saved: 'C:\Users\d.grab\Desktop\the-game\ART\characters\act-1-enemies\8.forest-splitbark\production\review\animation_r01\frames\RollSeq_uncurl\0073.png'
00:18.016  render           | Saved: 'C:\Users\d.grab\Desktop\the-game\ART\characters\act-1-enemies\8.forest-splitbark\production\review\animation_r01\frames\RollSeq_uncurl\0074.png'
00:18.172  render           | Saved: 'C:\Users\d.grab\Desktop\the-game\ART\characters\act-1-enemies\8.forest-splitbark\production\review\animation_r01\frames\RollSeq_uncurl\0075.png'
00:18.328  render           | Saved: 'C:\Users\d.grab\Desktop\the-game\ART\characters\act-1-enemies\8.forest-splitbark\production\review\animation_r01\frames\RollSeq_uncurl\0076.png'
00:18.500  render           | Saved: 'C:\Users\d.grab\Desktop\the-game\ART\characters\act-1-enemies\8.forest-splitbark\production\review\animation_r01\frames\RollSeq_uncurl\0077.png'
00:18.672  render           | Saved: 'C:\Users\d.grab\Desktop\the-game\ART\characters\act-1-enemies\8.forest-splitbark\production\review\animation_r01\frames\RollSeq_uncurl\0078.png'
00:18.828  render           | Saved: 'C:\Users\d.grab\Desktop\the-game\ART\characters\act-1-enemies\8.forest-splitbark\production\review\animation_r01\frames\RollSeq_uncurl\0079.png'
00:18.985  render           | Saved: 'C:\Users\d.grab\Desktop\the-game\ART\characters\act-1-enemies\8.forest-splitbark\production\review\animation_r01\frames\RollSeq_uncurl\0080.png'
00:19.125  render           | Saved: 'C:\Users\d.grab\Desktop\the-game\ART\characters\act-1-enemies\8.forest-splitbark\production\review\animation_r01\frames\RollSeq_uncurl\0081.png'
00:19.266  render           | Saved: 'C:\Users\d.grab\Desktop\the-game\ART\characters\act-1-enemies\8.forest-splitbark\production\review\animation_r01\frames\RollSeq_uncurl\0082.png'
00:19.422  render           | Saved: 'C:\Users\d.grab\Desktop\the-game\ART\characters\act-1-enemies\8.forest-splitbark\production\review\animation_r01\frames\RollSeq_uncurl\0083.png'
00:19.578  render           | Saved: 'C:\Users\d.grab\Desktop\the-game\ART\characters\act-1-enemies\8.forest-splitbark\production\review\animation_r01\frames\RollSeq_uncurl\0084.png'
00:19.766  render           | Saved: 'C:\Users\d.grab\Desktop\the-game\ART\characters\act-1-enemies\8.forest-splitbark\production\review\animation_r01\frames\RollSeq_uncurl\0085.png'
00:19.938  render           | Saved: 'C:\Users\d.grab\Desktop\the-game\ART\characters\act-1-enemies\8.forest-splitbark\production\review\animation_r01\frames\RollSeq_uncurl\0086.png'
00:20.094  render           | Saved: 'C:\Users\d.grab\Desktop\the-game\ART\characters\act-1-enemies\8.forest-splitbark\production\review\animation_r01\frames\RollSeq_uncurl\0087.png'
00:20.250  render           | Saved: 'C:\Users\d.grab\Desktop\the-game\ART\characters\act-1-enemies\8.forest-splitbark\production\review\animation_r01\frames\RollSeq_uncurl\0088.png'
00:20.391  render           | Saved: 'C:\Users\d.grab\Desktop\the-game\ART\characters\act-1-enemies\8.forest-splitbark\production\review\animation_r01\frames\RollSeq_uncurl\0089.png'
Reloading external rigs...
Reloading external metarigs...
RENDERED RollSeq uncurl 90
C:\Users\d.grab\Desktop\the-game\ART\characters\act-1-enemies\8.forest-splitbark\production\animation\render_review.py:138: DeprecationWarning: 'Material.use_nodes' is expected to be removed in Blender 6.0
  mat.use_nodes = True
00:20.547  render           | Saved: 'C:\Users\d.grab\Desktop\the-game\ART\characters\act-1-enemies\8.forest-splitbark\production\review\animation_r01\frames\RollSeq_dizzy\0000.png'
00:20.703  render           | Saved: 'C:\Users\d.grab\Desktop\the-game\ART\characters\act-1-enemies\8.forest-splitbark\production\review\animation_r01\frames\RollSeq_dizzy\0001.png'
00:20.891  render           | Saved: 'C:\Users\d.grab\Desktop\the-game\ART\characters\act-1-enemies\8.forest-splitbark\production\review\animation_r01\frames\RollSeq_dizzy\0002.png'
00:21.063  render           | Saved: 'C:\Users\d.grab\Desktop\the-game\ART\characters\act-1-enemies\8.forest-splitbark\production\review\animation_r01\frames\RollSeq_dizzy\0003.png'
00:21.219  render           | Saved: 'C:\Users\d.grab\Desktop\the-game\ART\characters\act-1-enemies\8.forest-splitbark\production\review\animation_r01\frames\RollSeq_dizzy\0004.png'
00:21.360  render           | Saved: 'C:\Users\d.grab\Desktop\the-game\ART\characters\act-1-enemies\8.forest-splitbark\production\review\animation_r01\frames\RollSeq_dizzy\0005.png'
00:21.516  render           | Saved: 'C:\Users\d.grab\Desktop\the-game\ART\characters\act-1-enemies\8.forest-splitbark\production\review\animation_r01\frames\RollSeq_dizzy\0006.png'
00:21.656  render           | Saved: 'C:\Users\d.grab\Desktop\the-game\ART\characters\act-1-enemies\8.forest-splitbark\production\review\animation_r01\frames\RollSeq_dizzy\0007.png'
00:21.813  render           | Saved: 'C:\Users\d.grab\Desktop\the-game\ART\characters\act-1-enemies\8.forest-splitbark\production\review\animation_r01\frames\RollSeq_dizzy\0008.png'
00:21.969  render           | Saved: 'C:\Users\d.grab\Desktop\the-game\ART\characters\act-1-enemies\8.forest-splitbark\production\review\animation_r01\frames\RollSeq_dizzy\0009.png'
00:22.141  render           | Saved: 'C:\Users\d.grab\Desktop\the-game\ART\characters\act-1-enemies\8.forest-splitbark\production\review\animation_r01\frames\RollSeq_dizzy\0010.png'
00:22.313  render           | Saved: 'C:\Users\d.grab\Desktop\the-game\ART\characters\act-1-enemies\8.forest-splitbark\production\review\animation_r01\frames\RollSeq_dizzy\0011.png'
00:22.453  render           | Saved: 'C:\Users\d.grab\Desktop\the-game\ART\characters\act-1-enemies\8.forest-splitbark\production\review\animation_r01\frames\RollSeq_dizzy\0012.png'
00:22.625  render           | Saved: 'C:\Users\d.grab\Desktop\the-game\ART\characters\act-1-enemies\8.forest-splitbark\production\review\animation_r01\frames\RollSeq_dizzy\0013.png'
00:22.781  render           | Saved: 'C:\Users\d.grab\Desktop\the-game\ART\characters\act-1-enemies\8.forest-splitbark\production\review\animation_r01\frames\RollSeq_dizzy\0014.png'
00:22.938  render           | Saved: 'C:\Users\d.grab\Desktop\the-game\ART\characters\act-1-enemies\8.forest-splitbark\production\review\animation_r01\frames\RollSeq_dizzy\0015.png'
00:23.110  render           | Saved: 'C:\Users\d.grab\Desktop\the-game\ART\characters\act-1-enemies\8.forest-splitbark\production\review\animation_r01\frames\RollSeq_dizzy\0016.png'
00:23.281  render           | Saved: 'C:\Users\d.grab\Desktop\the-game\ART\characters\act-1-enemies\8.forest-splitbark\production\review\animation_r01\frames\RollSeq_dizzy\0017.png'
00:23.453  render           | Saved: 'C:\Users\d.grab\Desktop\the-game\ART\characters\act-1-enemies\8.forest-splitbark\production\review\animation_r01\frames\RollSeq_dizzy\0018.png'
00:23.610  render           | Saved: 'C:\Users\d.grab\Desktop\the-game\ART\characters\act-1-enemies\8.forest-splitbark\production\review\animation_r01\frames\RollSeq_dizzy\0019.png'
00:23.750  render           | Saved: 'C:\Users\d.grab\Desktop\the-game\ART\characters\act-1-enemies\8.forest-splitbark\production\review\animation_r01\frames\RollSeq_dizzy\0020.png'
00:23.906  render           | Saved: 'C:\Users\d.grab\Desktop\the-game\ART\characters\act-1-enemies\8.forest-splitbark\production\review\animation_r01\frames\RollSeq_dizzy\0021.png'
00:24.047  render           | Saved: 'C:\Users\d.grab\Desktop\the-game\ART\characters\act-1-enemies\8.forest-splitbark\production\review\animation_r01\frames\RollSeq_dizzy\0022.png'
00:24.203  render           | Saved: 'C:\Users\d.grab\Desktop\the-game\ART\characters\act-1-enemies\8.forest-splitbark\production\review\animation_r01\frames\RollSeq_dizzy\0023.png'
00:24.360  render           | Saved: 'C:\Users\d.grab\Desktop\the-game\ART\characters\act-1-enemies\8.forest-splitbark\production\review\animation_r01\frames\RollSeq_dizzy\0024.png'
00:24.531  render           | Saved: 'C:\Users\d.grab\Desktop\the-game\ART\characters\act-1-enemies\8.forest-splitbark\production\review\animation_r01\frames\RollSeq_dizzy\0025.png'
00:24.688  render           | Saved: 'C:\Users\d.grab\Desktop\the-game\ART\characters\act-1-enemies\8.forest-splitbark\production\review\animation_r01\frames\RollSeq_dizzy\0026.png'
00:24.844  render           | Saved: 'C:\Users\d.grab\Desktop\the-game\ART\characters\act-1-enemies\8.forest-splitbark\production\review\animation_r01\frames\RollSeq_dizzy\0027.png'
00:25.000  render           | Saved: 'C:\Users\d.grab\Desktop\the-game\ART\characters\act-1-enemies\8.forest-splitbark\production\review\animation_r01\frames\RollSeq_dizzy\0028.png'
00:25.156  render           | Saved: 'C:\Users\d.grab\Desktop\the-game\ART\characters\act-1-enemies\8.forest-splitbark\production\review\animation_r01\frames\RollSeq_dizzy\0029.png'
00:25.297  render           | Saved: 'C:\Users\d.grab\Desktop\the-game\ART\characters\act-1-enemies\8.forest-splitbark\production\review\animation_r01\frames\RollSeq_dizzy\0030.png'
00:25.453  render           | Saved: 'C:\Users\d.grab\Desktop\the-game\ART\characters\act-1-enemies\8.forest-splitbark\production\review\animation_r01\frames\RollSeq_dizzy\0031.png'
00:25.610  render           | Saved: 'C:\Users\d.grab\Desktop\the-game\ART\characters\act-1-enemies\8.forest-splitbark\production\review\animation_r01\frames\RollSeq_dizzy\0032.png'
00:25.766  render           | Saved: 'C:\Users\d.grab\Desktop\the-game\ART\characters\act-1-enemies\8.forest-splitbark\production\review\animation_r01\frames\RollSeq_dizzy\0033.png'
00:25.922  render           | Saved: 'C:\Users\d.grab\Desktop\the-game\ART\characters\act-1-enemies\8.forest-splitbark\production\review\animation_r01\frames\RollSeq_dizzy\0034.png'
00:26.078  render           | Saved: 'C:\Users\d.grab\Desktop\the-game\ART\characters\act-1-enemies\8.forest-splitbark\production\review\animation_r01\frames\RollSeq_dizzy\0035.png'
00:26.219  render           | Saved: 'C:\Users\d.grab\Desktop\the-game\ART\characters\act-1-enemies\8.forest-splitbark\production\review\animation_r01\frames\RollSeq_dizzy\0036.png'
00:26.360  render           | Saved: 'C:\Users\d.grab\Desktop\the-game\ART\characters\act-1-enemies\8.forest-splitbark\production\review\animation_r01\frames\RollSeq_dizzy\0037.png'
00:26.516  render           | Saved: 'C:\Users\d.grab\Desktop\the-game\ART\characters\act-1-enemies\8.forest-splitbark\production\review\animation_r01\frames\RollSeq_dizzy\0038.png'
00:26.672  render           | Saved: 'C:\Users\d.grab\Desktop\the-game\ART\characters\act-1-enemies\8.forest-splitbark\production\review\animation_r01\frames\RollSeq_dizzy\0039.png'
00:26.828  render           | Saved: 'C:\Users\d.grab\Desktop\the-game\ART\characters\act-1-enemies\8.forest-splitbark\production\review\animation_r01\frames\RollSeq_dizzy\0040.png'
00:26.985  render           | Saved: 'C:\Users\d.grab\Desktop\the-game\ART\characters\act-1-enemies\8.forest-splitbark\production\review\animation_r01\frames\RollSeq_dizzy\0041.png'
00:27.141  render           | Saved: 'C:\Users\d.grab\Desktop\the-game\ART\characters\act-1-enemies\8.forest-splitbark\production\review\animation_r01\frames\RollSeq_dizzy\0042.png'
00:27.297  render           | Saved: 'C:\Users\d.grab\Desktop\the-game\ART\characters\act-1-enemies\8.forest-splitbark\production\review\animation_r01\frames\RollSeq_dizzy\0043.png'
00:27.438  render           | Saved: 'C:\Users\d.grab\Desktop\the-game\ART\characters\act-1-enemies\8.forest-splitbark\production\review\animation_r01\frames\RollSeq_dizzy\0044.png'
00:27.594  render           | Saved: 'C:\Users\d.grab\Desktop\the-game\ART\characters\act-1-enemies\8.forest-splitbark\production\review\animation_r01\frames\RollSeq_dizzy\0045.png'
00:27.735  render           | Saved: 'C:\Users\d.grab\Desktop\the-game\ART\characters\act-1-enemies\8.forest-splitbark\production\review\animation_r01\frames\RollSeq_dizzy\0046.png'
00:27.891  render           | Saved: 'C:\Users\d.grab\Desktop\the-game\ART\characters\act-1-enemies\8.forest-splitbark\production\review\animation_r01\frames\RollSeq_dizzy\0047.png'
00:28.063  render           | Saved: 'C:\Users\d.grab\Desktop\the-game\ART\characters\act-1-enemies\8.forest-splitbark\production\review\animation_r01\frames\RollSeq_dizzy\0048.png'
00:28.235  render           | Saved: 'C:\Users\d.grab\Desktop\the-game\ART\characters\act-1-enemies\8.forest-splitbark\production\review\animation_r01\frames\RollSeq_dizzy\0049.png'
00:28.391  render           | Saved: 'C:\Users\d.grab\Desktop\the-game\ART\characters\act-1-enemies\8.forest-splitbark\production\review\animation_r01\frames\RollSeq_dizzy\0050.png'
00:28.531  render           | Saved: 'C:\Users\d.grab\Desktop\the-game\ART\characters\act-1-enemies\8.forest-splitbark\production\review\animation_r01\frames\RollSeq_dizzy\0051.png'
00:28.688  render           | Saved: 'C:\Users\d.grab\Desktop\the-game\ART\characters\act-1-enemies\8.forest-splitbark\production\review\animation_r01\frames\RollSeq_dizzy\0052.png'
00:28.828  render           | Saved: 'C:\Users\d.grab\Desktop\the-game\ART\characters\act-1-enemies\8.forest-splitbark\production\review\animation_r01\frames\RollSeq_dizzy\0053.png'
00:28.985  render           | Saved: 'C:\Users\d.grab\Desktop\the-game\ART\characters\act-1-enemies\8.forest-splitbark\production\review\animation_r01\frames\RollSeq_dizzy\0054.png'
00:29.141  render           | Saved: 'C:\Users\d.grab\Desktop\the-game\ART\characters\act-1-enemies\8.forest-splitbark\production\review\animation_r01\frames\RollSeq_dizzy\0055.png'
00:29.313  render           | Saved: 'C:\Users\d.grab\Desktop\the-game\ART\characters\act-1-enemies\8.forest-splitbark\production\review\animation_r01\frames\RollSeq_dizzy\0056.png'
00:29.469  render           | Saved: 'C:\Users\d.grab\Desktop\the-game\ART\characters\act-1-enemies\8.forest-splitbark\production\review\animation_r01\frames\RollSeq_dizzy\0057.png'
00:29.610  render           | Saved: 'C:\Users\d.grab\Desktop\the-game\ART\characters\act-1-enemies\8.forest-splitbark\production\review\animation_r01\frames\RollSeq_dizzy\0058.png'
00:29.766  render           | Saved: 'C:\Users\d.grab\Desktop\the-game\ART\characters\act-1-enemies\8.forest-splitbark\production\review\animation_r01\frames\RollSeq_dizzy\0059.png'
00:29.922  render           | Saved: 'C:\Users\d.grab\Desktop\the-game\ART\characters\act-1-enemies\8.forest-splitbark\production\review\animation_r01\frames\RollSeq_dizzy\0060.png'
00:30.078  render           | Saved: 'C:\Users\d.grab\Desktop\the-game\ART\characters\act-1-enemies\8.forest-splitbark\production\review\animation_r01\frames\RollSeq_dizzy\0061.png'
00:30.219  render           | Saved: 'C:\Users\d.grab\Desktop\the-game\ART\characters\act-1-enemies\8.forest-splitbark\production\review\animation_r01\frames\RollSeq_dizzy\0062.png'
00:30.391  render           | Saved: 'C:\Users\d.grab\Desktop\the-game\ART\characters\act-1-enemies\8.forest-splitbark\production\review\animation_r01\frames\RollSeq_dizzy\0063.png'
00:30.563  render           | Saved: 'C:\Users\d.grab\Desktop\the-game\ART\characters\act-1-enemies\8.forest-splitbark\production\review\animation_r01\frames\RollSeq_dizzy\0064.png'
00:30.719  render           | Saved: 'C:\Users\d.grab\Desktop\the-game\ART\characters\act-1-enemies\8.forest-splitbark\production\review\animation_r01\frames\RollSeq_dizzy\0065.png'
00:30.875  render           | Saved: 'C:\Users\d.grab\Desktop\the-game\ART\characters\act-1-enemies\8.forest-splitbark\production\review\animation_r01\frames\RollSeq_dizzy\0066.png'
00:31.031  render           | Saved: 'C:\Users\d.grab\Desktop\the-game\ART\characters\act-1-enemies\8.forest-splitbark\production\review\animation_r01\frames\RollSeq_dizzy\0067.png'
00:31.172  render           | Saved: 'C:\Users\d.grab\Desktop\the-game\ART\characters\act-1-enemies\8.forest-splitbark\production\review\animation_r01\frames\RollSeq_dizzy\0068.png'
00:31.328  render           | Saved: 'C:\Users\d.grab\Desktop\the-game\ART\characters\act-1-enemies\8.forest-splitbark\production\review\animation_r01\frames\RollSeq_dizzy\0069.png'
00:31.485  render           | Saved: 'C:\Users\d.grab\Desktop\the-game\ART\characters\act-1-enemies\8.forest-splitbark\production\review\animation_r01\frames\RollSeq_dizzy\0070.png'
00:31.672  render           | Saved: 'C:\Users\d.grab\Desktop\the-game\ART\characters\act-1-enemies\8.forest-splitbark\production\review\animation_r01\frames\RollSeq_dizzy\0071.png'
00:31.828  render           | Saved: 'C:\Users\d.grab\Desktop\the-game\ART\characters\act-1-enemies\8.forest-splitbark\production\review\animation_r01\frames\RollSeq_dizzy\0072.png'
00:31.985  render           | Saved: 'C:\Users\d.grab\Desktop\the-game\ART\characters\act-1-enemies\8.forest-splitbark\production\review\animation_r01\frames\RollSeq_dizzy\0073.png'
00:32.125  render           | Saved: 'C:\Users\d.grab\Desktop\the-game\ART\characters\act-1-enemies\8.forest-splitbark\production\review\animation_r01\frames\RollSeq_dizzy\0074.png'
00:32.281  render           | Saved: 'C:\Users\d.grab\Desktop\the-game\ART\characters\act-1-enemies\8.forest-splitbark\production\review\animation_r01\frames\RollSeq_dizzy\0075.png'
00:32.438  render           | Saved: 'C:\Users\d.grab\Desktop\the-game\ART\characters\act-1-enemies\8.forest-splitbark\production\review\animation_r01\frames\RollSeq_dizzy\0076.png'
00:32.594  render           | Saved: 'C:\Users\d.grab\Desktop\the-game\ART\characters\act-1-enemies\8.forest-splitbark\production\review\animation_r01\frames\RollSeq_dizzy\0077.png'
00:32.766  render           | Saved: 'C:\Users\d.grab\Desktop\the-game\ART\characters\act-1-enemies\8.forest-splitbark\production\review\animation_r01\frames\RollSeq_dizzy\0078.png'
00:32.938  render           | Saved: 'C:\Users\d.grab\Desktop\the-game\ART\characters\act-1-enemies\8.forest-splitbark\production\review\animation_r01\frames\RollSeq_dizzy\0079.png'
00:33.141  render           | Saved: 'C:\Users\d.grab\Desktop\the-game\ART\characters\act-1-enemies\8.forest-splitbark\production\review\animation_r01\frames\RollSeq_dizzy\0080.png'
00:33.297  render           | Saved: 'C:\Users\d.grab\Desktop\the-game\ART\characters\act-1-enemies\8.forest-splitbark\production\review\animation_r01\frames\RollSeq_dizzy\0081.png'
00:33.438  render           | Saved: 'C:\Users\d.grab\Desktop\the-game\ART\characters\act-1-enemies\8.forest-splitbark\production\review\animation_r01\frames\RollSeq_dizzy\0082.png'
00:33.594  render           | Saved: 'C:\Users\d.grab\Desktop\the-game\ART\characters\act-1-enemies\8.forest-splitbark\production\review\animation_r01\frames\RollSeq_dizzy\0083.png'
00:33.750  render           | Saved: 'C:\Users\d.grab\Desktop\the-game\ART\characters\act-1-enemies\8.forest-splitbark\production\review\animation_r01\frames\RollSeq_dizzy\0084.png'
00:33.906  render           | Saved: 'C:\Users\d.grab\Desktop\the-game\ART\characters\act-1-enemies\8.forest-splitbark\production\review\animation_r01\frames\RollSeq_dizzy\0085.png'
00:34.078  render           | Saved: 'C:\Users\d.grab\Desktop\the-game\ART\characters\act-1-enemies\8.forest-splitbark\production\review\animation_r01\frames\RollSeq_dizzy\0086.png'
00:34.235  render           | Saved: 'C:\Users\d.grab\Desktop\the-game\ART\characters\act-1-enemies\8.forest-splitbark\production\review\animation_r01\frames\RollSeq_dizzy\0087.png'
00:34.375  render           | Saved: 'C:\Users\d.grab\Desktop\the-game\ART\characters\act-1-enemies\8.forest-splitbark\production\review\animation_r01\frames\RollSeq_dizzy\0088.png'
00:34.531  render           | Saved: 'C:\Users\d.grab\Desktop\the-game\ART\characters\act-1-enemies\8.forest-splitbark\production\review\animation_r01\frames\RollSeq_dizzy\0089.png'
00:34.672  render           | Saved: 'C:\Users\d.grab\Desktop\the-game\ART\characters\act-1-enemies\8.forest-splitbark\production\review\animation_r01\frames\RollSeq_dizzy\0090.png'
00:34.828  render           | Saved: 'C:\Users\d.grab\Desktop\the-game\ART\characters\act-1-enemies\8.forest-splitbark\production\review\animation_r01\frames\RollSeq_dizzy\0091.png'
00:34.985  render           | Saved: 'C:\Users\d.grab\Desktop\the-game\ART\characters\act-1-enemies\8.forest-splitbark\production\review\animation_r01\frames\RollSeq_dizzy\0092.png'
00:35.141  render           | Saved: 'C:\Users\d.grab\Desktop\the-game\ART\characters\act-1-enemies\8.forest-splitbark\production\review\animation_r01\frames\RollSeq_dizzy\0093.png'
00:35.297  render           | Saved: 'C:\Users\d.grab\Desktop\the-game\ART\characters\act-1-enemies\8.forest-splitbark\production\review\animation_r01\frames\RollSeq_dizzy\0094.png'
00:35.453  render           | Saved: 'C:\Users\d.grab\Desktop\the-game\ART\characters\act-1-enemies\8.forest-splitbark\production\review\animation_r01\frames\RollSeq_dizzy\0095.png'
00:35.610  render           | Saved: 'C:\Users\d.grab\Desktop\the-game\ART\characters\act-1-enemies\8.forest-splitbark\production\review\animation_r01\frames\RollSeq_dizzy\0096.png'
00:35.750  render           | Saved: 'C:\Users\d.grab\Desktop\the-game\ART\characters\act-1-enemies\8.forest-splitbark\production\review\animation_r01\frames\RollSeq_dizzy\0097.png'
RENDERED RollSeq dizzy 98
RENDER_DONE
[a_Rodin.utils-[36mDBG[0m]: [36mRodinBridge: unregister[0m
Traceback (most recent call last):
  File "C:\Program Files\Blender Foundation\Blender 5.2\5.2\scripts\modules\addon_utils.py", line 595, in disable
    mod.unregister()
    ~~~~~~~~~~~~~~^^
  File "C:\Users\d.grab\AppData\Roaming\Blender Foundation\Blender\5.2\scripts\addons\a_Rodin\__init__.py", line 28, in unregister
    unreg()
    ~~~~~^^
  File "C:\Program Files\Blender Foundation\Blender 5.2\5.2\scripts\modules\bpy\utils\__init__.py", line 1054, in unregister
    mod.unregister()
    ~~~~~~~~~~~~~~^^
  File "C:\Program Files\Blender Foundation\Blender 5.2\5.2\scripts\modules\bpy\utils\__init__.py", line 1054, in unregister
    mod.unregister()
    ~~~~~~~~~~~~~~^^
  File "C:\Program Files\Blender Foundation\Blender 5.2\5.2\scripts\modules\bpy\utils\__init__.py", line 1054, in unregister
    mod.unregister()
    ~~~~~~~~~~~~~~^^
  File "C:\Users\d.grab\AppData\Roaming\Blender Foundation\Blender\5.2\scripts\addons\a_Rodin\src\rodin\properties.py", line 408, in unregister
    bpy.app.handlers.load_post.remove(on_scene_load)
    ~~~~~~~~~~~~~~~~~~~~~~~~~~~~~~~~~^^^^^^^^^^^^^^^
ValueError: list.remove(x): x not in list
Exception in module unregister(): 'C:\\Users\\d.grab\\AppData\\Roaming\\Blender Foundation\\Blender\\5.2\\scripts\\addons\\a_Rodin\\__init__.py'
Blender 5.2.1 LTS (hash 9e2066aef7ef built 2026-08-25 02:38:20)

Blender quit
