[Licensing::Module] Trying to connect to existing licensing client channel...
Built from '6000.5/staging' branch; Version is '6000.5.10f1 (3bd4f66ad299) revision 3921142'; Using compiler version '194234433'; Build Type 'Release'
OS: 'Windows 10  (10.0.19045) 64bit Professional' Language: 'ru' Physical Memory: 16159 MB
BatchMode: 1, IsHumanControllingUs: 0, StartBugReporterOnCrash: 0, Is64bit: 1
System  architecture: x64
Process architecture: x64
Date: 2026-08-27T13:22:20Z
[Licensing::IpcConnector] Successfully connected to: "LicenseClient-d.grab" at "2026-08-27T13:22:20.9385233Z"

COMMAND LINE ARGUMENTS:
C:\Program Files\Unity\Hub\Editor\6000.5.10f1\Editor\Unity.exe
-quit
-batchmode
-nographics
-noUpm
-projectPath
C:\Users\d.grab\Desktop\the-game\code\unity-character-validation
-executeMethod
OrvillHumanoidValidator.Run
-validationOutput
C:\Users\d.grab\Desktop\the-game\code\_build_orvill_v1\unity_humanoid_validation.json
-logFile
C:\Users\d.grab\Desktop\the-game\code\_build_orvill_v1\unity_import.log
Successfully changed project path to: C:\Users\d.grab\Desktop\the-game\code\unity-character-validation
C:/Users/d.grab/Desktop/the-game/code/unity-character-validation
[UnityMemory] Configuration Parameters - Can be set up in boot.config
    "memorysetup-temp-allocator-size-gi-baking-worker=262144"
    "memorysetup-temp-allocator-size-gi-baking-worker=262144"
    "memorysetup-temp-allocator-size-gi-baking-worker=262144"
    "memorysetup-temp-allocator-size-gi-baking-worker=262144"
    "memorysetup-temp-allocator-size-gi-baking-worker=262144"
    "memorysetup-temp-allocator-size-nav-mesh-worker=65536"
    "memorysetup-temp-allocator-size-audio-worker=65536"
    "memorysetup-temp-allocator-size-cloud-worker=32768"
    "memorysetup-temp-allocator-size-gfx=262144"
    "memorysetup-remapper-allocator-initial-capacity=32768"
    "memorysetup-temp-allocator-size-preload-manager=33554432"
    "memorysetup-allocator-temp-initial-block-size-main=262144"
    "memorysetup-allocator-temp-initial-block-size-worker=262144"
    "memorysetup-temp-allocator-size-job-worker=262144"
    "memorysetup-temp-allocator-size-background-worker=32768"
    "memorysetup-bucket-allocator-granularity=16"
    "memorysetup-bucket-allocator-bucket-count=8"
    "memorysetup-bucket-allocator-block-size=33554432"
    "memorysetup-bucket-allocator-block-count=8"
    "memorysetup-main-allocator-block-size=16777216"
    "memorysetup-thread-allocator-block-size=16777216"
    "memorysetup-main-allocator-mimalloc-enabled=0"
    "memorysetup-gfx-main-allocator-block-size=16777216"
    "memorysetup-gfx-thread-allocator-block-size=16777216"
    "memorysetup-cache-allocator-block-size=4194304"
    "memorysetup-typetree-allocator-block-size=2097152"
    "memorysetup-profiler-bucket-allocator-granularity=16"
    "memorysetup-profiler-bucket-allocator-bucket-count=8"
    "memorysetup-profiler-bucket-allocator-block-size=33554432"
    "memorysetup-profiler-bucket-allocator-block-count=8"
    "memorysetup-profiler-allocator-block-size=16777216"
    "memorysetup-profiler-editor-allocator-block-size=1048576"
    "memorysetup-temp-allocator-size-main=16777216"
    "memorysetup-job-temp-allocator-block-size=2097152"
    "memorysetup-job-temp-allocator-block-size-background=1048576"
    "memorysetup-job-temp-allocator-reduction-small-platforms=262144"
Logging is directed to a specific file, skipping project log.Player connection [41224]  Target information:

Player connection [41224]  * "[IP] 10.0.85.2 [Port] 55505 [Flags] 2 [Guid] 195599840 [EditorId] 195599840 [Version] 1048832 [Id] WindowsEditor(7,mitpc08) [Debug] 1 [PackageName] WindowsEditor [ProjectName] Editor" 

Player connection [41224]  * "[IP] 172.27.80.1 [Port] 55505 [Flags] 2 [Guid] 195599840 [EditorId] 195599840 [Version] 1048832 [Id] WindowsEditor(7,mitpc08) [Debug] 1 [PackageName] WindowsEditor [ProjectName] Editor" 

Player connection [41224]  * "[IP] 192.168.0.103 [Port] 55505 [Flags] 2 [Guid] 195599840 [EditorId] 195599840 [Version] 1048832 [Id] WindowsEditor(7,mitpc08) [Debug] 1 [PackageName] WindowsEditor [ProjectName] Editor" 

Player connection [41224] Host joined multi-casting on [225.0.0.222:54997]...
Player connection [41224] Host joined alternative multi-casting on [225.0.0.222:34997]...
Input System module state changed to: Initialized.
[Physics::Module] Initialized fallback backend.
[Physics::Module] Id: 0xdecafbad
Library Redirect Path: Library/
[Physics::Module] Selected backend.
[Physics::Module] Name: PhysX
[Physics::Module] Id: 0xf2b8ea05
[Physics::Module] SDK Version: 4.1.2
[Physics::Module] Integration Version: 1.0.0
[Physics::Module] Threading Mode: Multi-Threaded
Initialize engine version: 6000.5.10f1 (3bd4f66ad299)
[Subsystems] Discovering subsystems at path C:/Program Files/Unity/Hub/Editor/6000.5.10f1/Editor/Data/Resources/UnitySubsystems
[Subsystems] Discovering subsystems at path C:/Users/d.grab/Desktop/the-game/code/unity-character-validation/Assets
Forcing GfxDevice: Null
GfxDevice: creating device client; kGfxThreadingModeNonThreaded
NullGfxDevice:
    Version:  NULL 1.0 [1.0]
    Renderer: Null Device
    Vendor:   Unity Technologies
Initialize mono
Mono path[0] = 'C:/Program Files/Unity/Hub/Editor/6000.5.10f1/Editor/Data/Managed'
Mono path[1] = 'C:/Program Files/Unity/Hub/Editor/6000.5.10f1/Editor/Data/BCLExtensions/runtime/netstandard2.1'
Mono path[2] = 'C:/Program Files/Unity/Hub/Editor/6000.5.10f1/Editor/Data/MonoBleedingEdge/lib/mono/unityjit-win32'
Mono config path = 'C:/Program Files/Unity/Hub/Editor/6000.5.10f1/Editor/Data/MonoBleedingEdge/etc'
Using monoOptions --debugger-agent=transport=dt_socket,embedding=1,server=y,suspend=n,address=127.0.0.1:56224
CodeReloadManager initialized
ImportWorker Server TCP listen port: 0
AcceleratorClientConnectionCallback - disconnected - :0
Begin MonoManager ReloadAssembly
Registering precompiled unity dll's ...
Register platform support module: C:/Program Files/Unity/Hub/Editor/6000.5.10f1/Editor/Data/PlaybackEngines/WebGLSupport/UnityEditor.WebGL.Extensions.dll
Register platform support module: C:/Program Files/Unity/Hub/Editor/6000.5.10f1/Editor/Data/PlaybackEngines/WindowsStandaloneSupport/UnityEditor.WindowsStandalone.Extensions.dll
Registered in 0.003510 seconds.
Native extension for WindowsStandalone target not found
Native extension for WebGL target not found
[Licensing::Client] Error: HandshakeResponse reported an error:
	ResponseCode: 505
	ResponseStatus: Unsupported protocol version '1.18.3'.
[Licensing::Module] Error: Failed to handshake to channel: "LicenseClient-d.grab"
[Licensing::IpcConnector] LicenseClient-d.grab channel disconnected successfully.
[Licensing::IpcConnector] Successfully connected to: "LicenseClient-d.grab-6000.5.10" at "2026-08-27T13:22:22.8044982Z"
[Licensing::Client] Code 10 while verifying Licensing Client signature (process Id: 40048, path: "C:/Program Files/Unity/Hub/Editor/6000.5.10f1/Editor/Data/Resources/Licensing/Client/Unity.Licensing.Client.exe")
[Licensing::Module] LicensingClient has failed validation; ignoring
[Licensing::Client] Handshaking with LicensingClient:
  Version:                 1.18.3+d7ffd15
  Session Id:              61a56e98aeba41c5af5095cedad3eb0a
  Correlation Id:          520d8bcaeb61f90a965444e06f06a45e
  External correlation Id: 5546167572160637035
  Machine Id:              iKaajmvqqPQz5XYKH/fzwo0G1A4=
[Licensing::Module] Successfully connected to LicensingClient on channel: "LicenseClient-d.grab-6000.5.10" (connect: 0.00s, validation: 0.00s, handshake: 0.01s)
[Licensing::IpcConnector] Successfully connected to: "LicenseClient-d.grab-6000.5.10-notifications" at "2026-08-27T13:22:22.8133773Z"
[Licensing::Module] Error: Access token is unavailable; failed to update
[Licensing::Client] Successfully resolved entitlement details
[Licensing::Module] License group:
  Id: 6872879174980-UnityPersXXXX
  Product: Unity Personal
  Type: Assigned
  Expiration: Unlimited
[Licensing::Client] Successfully updated license, isAsync: True, time: 0.00
[Licensing::Client] Successfully resolved entitlement details
[Licensing::Module] Licensing Background thread has ended after 1.90s
Package Manager log level set to [2]
[Package Manager] Failed to launch server process. Reason: Unity was launched with the -noUpm command-line argument
[Package Manager] Unable to send message (not connected to server process).
[Package Manager] Cannot connect to Unity Package Manager local server
ScheduleIndexationOnStartup MainProcess:False IndexOnStartup:False
Mono: successfully reloaded assembly
- Finished resetting the current domain, in  0.820 seconds
Domain Reload Profiling: 1581ms
	BeginReloadAssembly (210ms)
		CreateAndSetChildDomain (18ms)
	RebuildCommonClasses (7ms)
	RebuildNativeTypeToScriptingClass (23ms)
	initialDomainReloadingComplete (109ms)
	LoadAllAssembliesAndSetupDomain (411ms)
		LoadAssemblies (187ms)
		AnalyzeDomain (308ms)
			TypeCache.Refresh (306ms)
				TypeCache.ScanAssembly (286ms)
	FinalizeReload (822ms)
		SetupLoadedEditorAssemblies (0ms)
			InitializePlatformSupportModulesInManaged (4ms)
			BeforeProcessingInitializeOnLoad (115ms)
			ProcessInitializeOnLoadAttributes (119ms)
			ProcessInitializeOnLoadMethodAttributes (499ms)
[Licensing::Client] Successfully resolved entitlement details
Application.AssetDatabase Initial Refresh Start
Starting: C:\Program Files\Unity\Hub\Editor\6000.5.10f1\Editor\Data\Tools\BuildPipeline\bee_backend.exe --ipc --defer-dag-verification --dagfile="Library/Bee/1900b0aE.dag" --continue-on-failure --profile="Library/Bee/backend1.traceevents" ScriptAssemblies
WorkingDir: C:/Users/d.grab/Desktop/the-game/code/unity-character-validation
DisplayProgressbar: Compiling Scripts
ExitCode: 0 Duration: 0s140ms
*** Tundra build success (0.06 seconds), 0 items updated, 168 evaluated
AssetDatabase: script compilation time: 0.618990s
Begin MonoManager ReloadAssembly
Native extension for WindowsStandalone target not found
Native extension for WebGL target not found
[Package Manager] Failed to launch server process. Reason: Unity was launched with the -noUpm command-line argument
[Package Manager] Unable to send message (not connected to server process).
[Package Manager] Cannot connect to Unity Package Manager local server
ScheduleIndexationOnStartup MainProcess:True IndexOnStartup:True
Mono: successfully reloaded assembly
- Finished resetting the current domain, in  0.655 seconds
Domain Reload Profiling: 1387ms
	BeginReloadAssembly (445ms)
		DisableScriptedObjects (60ms)
		CreateAndSetChildDomain (148ms)
	RebuildCommonClasses (19ms)
	RebuildNativeTypeToScriptingClass (27ms)
	initialDomainReloadingComplete (86ms)
	LoadAllAssembliesAndSetupDomain (153ms)
		LoadAssemblies (159ms)
		AnalyzeDomain (25ms)
			TypeCache.Refresh (16ms)
			BuildScriptInfoCaches (5ms)
	FinalizeReload (658ms)
		SetupLoadedEditorAssemblies (0ms)
			InitializePlatformSupportModulesInManaged (3ms)
			BeforeProcessingInitializeOnLoad (150ms)
			ProcessInitializeOnLoadAttributes (92ms)
			ProcessInitializeOnLoadMethodAttributes (93ms)
			AfterProcessingInitializeOnLoad (11ms)
		AwakeInstancesAfterBackupRestoration (32ms)
Starting new worker id: 0 with log in C:/Users/d.grab/Desktop/the-game/code/unity-character-validation/Logs/AssetImportWorkerHW0.log

Asset Pipeline Refresh (id=5042dfb7db2a1f5479ff3ece9604dfe7): Total: 2.224 seconds - Initiated by InitialRefreshV2(ForceSynchronousImport)
	(Values over 0.05ms)
	Summary:
		Imports: total=0 (actual=0, local cache=0, cache server=0)
		Asset DB Process Time: managed=0 ms, native=776 ms
		Asset DB Callback time: managed=31 ms, native=0 ms
		Scripting: domain reloads=1, domain reload time=783 ms, compile time=621 ms, other=11 ms
		Project Asset Count: scripts=27, non-scripts=9
		Asset File Changes: new=0, changed=0, moved=0, deleted=0
		Scan Filter Count: 0
	ApplyChangesToAssetFolders: 0.199ms
	Scan: 36.136ms
	Collect global state as custom dependencies: 14.114ms
	ProcessAssetsWithTransientArtifactChanges: 0.513ms
	CategorizeAssets: 0.287ms
	CompileScripts: 621.394ms
	ImportOutOfDateAssets: 676.513ms (659.241ms without children)
		UnloadImportedAssets: 0.156ms
		ImportSchedulerStart: 17.102ms
	PostProcessAllAssets: 31.936ms
		MonoPostProcessAllAssets: 31.842ms
			WindowAssetPostprocessingWatcher.OnPostprocessAllAssets 10.057ms
			SyncVS.PostprocessSyncProject 3.523ms
			EditModeScopePostprocessor.OnPostprocessAllAssets 1.278ms
			SpeedTree9Postprocessor.OnPostprocessAllAssets 1.016ms
			ReferencedClipsPostProcessor.OnPostprocessAllAssets 0.365ms
			TerrainToolbarOverlayPostProcessor.OnPostprocessAllAssets 0.232ms
			AssetDatabaseCallbacks.OnPostprocessAllAssets 0.211ms
			RenderPipelineGlobalSettingsPostprocessor.OnPostprocessAllAssets 0.111ms
	UnloadStreamsBegin: 2.897ms
	Untracked: 834.393ms

Application.AssetDatabase Initial Refresh End
Scanning for USB devices : 6.473ms
Initializing Unity extensions:
[MODES] ModeService[none].Initialize
[MODES] ModeService[none].LoadModes
[MODES] Loading mode Default (0) for mode-current-id-unity-character-validation
GetVirtualKey: Could not map char: z (122) to any virtual key
GetVirtualKey: Could not map char: y (121) to any virtual key
GetVirtualKey: Could not map char: x (120) to any virtual key
GetVirtualKey: Could not map char: c (99) to any virtual key
GetVirtualKey: Could not map char: v (118) to any virtual key
GetVirtualKey: Could not map char: V (86) to any virtual key
GetVirtualKey: Could not map char: d (100) to any virtual key
GetVirtualKey: Could not map char: f (102) to any virtual key
GetVirtualKey: Could not map char: f (102) to any virtual key
GetVirtualKey: Could not map char: a (97) to any virtual key
GetVirtualKey: Could not map char: d (100) to any virtual key
GetVirtualKey: Could not map char: c (99) to any virtual key
GetVirtualKey: Could not map char: r (114) to any virtual key
GetVirtualKey: Could not map char: i (105) to any virtual key
GetVirtualKey: Could not map char: l (108) to any virtual key
GetVirtualKey: Could not map char: f (102) to any virtual key
GetVirtualKey: Could not map char: k (107) to any virtual key
GetVirtualKey: Could not map char: p (112) to any virtual key
GetVirtualKey: Could not map char: p (112) to any virtual key
GetVirtualKey: Could not map char: p (112) to any virtual key
GetVirtualKey: Could not map char: c (99) to any virtual key
GetVirtualKey: Could not map char: r (114) to any virtual key
GetVirtualKey: Could not map char: P (80) to any virtual key
GetVirtualKey: Could not map char: n (110) to any virtual key
GetVirtualKey: Could not map char: n (110) to any virtual key
GetVirtualKey: Could not map char: g (103) to any virtual key
GetVirtualKey: Could not map char: f (102) to any virtual key
GetVirtualKey: Could not map char: f (102) to any virtual key
GetVirtualKey: Could not map char: a (97) to any virtual key
GetVirtualKey: Could not map char: a (97) to any virtual key
GetVirtualKey: Could not map char: n (110) to any virtual key
GetVirtualKey: Could not map char: o (111) to any virtual key
GetVirtualKey: Could not map char: s (115) to any virtual key
GetVirtualKey: Could not map char: s (115) to any virtual key
GetVirtualKey: Could not map char: b (98) to any virtual key
GetVirtualKey: Could not map char: b (98) to any virtual key
GetVirtualKey: Could not map char: c (99) to any virtual key
GetVirtualKey: Could not map char: u (117) to any virtual key
Unloading 4 Unused Serialized files (Serialized files now loaded: 0)
Unloading 22 unused Assets / (0.6 MB). Loaded Objects now: 797.
Memory consumption went from 197.4 MB to 196.8 MB.
Total: 10.366000 ms (FindLiveObjects: 0.122600 ms CreateObjectMapping: 0.039700 ms MarkObjects: 9.754300 ms  DeleteObjects: 0.440900 ms)

Asset Pipeline Refresh (id=cc7056dba7edfe0479af705574207e1f): Total: 0.046 seconds - Initiated by RefreshV2(NoUpdateAssetOptions)
Importing 'GUID: 20596c0d01caf624b8ecaaee0390141a - Path: Assets/Characters/Orvill_ShieldInfantry_01/Orvill_ShieldInfantry_01_LOD1_Apose.fbx' with importer (FBXImporter)
Launched and connected shader compiler UnityShaderCompiler.exe after 0.04 seconds
Imported 'GUID: 20596c0d01caf624b8ecaaee0390141a' -> (Import Result ID: '1d3db779d3721b63d661d2032a8da085') in 0.392 seconds [static and dynamic dependencies]. Details - ImportResultOutputID=5a019b8505b680946fdd8ab51fb55695 DependenciesID=83f4ef8990564e2618bf60fc6be5fe6f StaticDependenciesID=a88a7e2a614843ee6241682d0e912a7a 
Importing 'GUID: 6a83db0bf7ed12c41b4bc972003ccc5e - Path: Assets/Characters/Orvill_ShieldInfantry_01/Orvill_ShieldInfantry_01_Validated.prefab' with importer (PrefabImporter)
Imported 'GUID: 6a83db0bf7ed12c41b4bc972003ccc5e' -> (Import Result ID: '30dd568f0beb809f6949d60f867ae18e') in 0.011 seconds [static and dynamic dependencies]. Details - ImportResultOutputID=ce2ed843e658c60656ad0e8e9557f794 DependenciesID=754d24d2ec243d70ce2b3f443243ba0d StaticDependenciesID=3705750d50c179bcd4e4a56dbb830ab7 

Asset Pipeline Refresh (id=f694a1228c4e8414ca90d514a10c7e29): Total: 0.510 seconds - Initiated by StopAssetImportingV2(NoUpdateAssetOptions)
	(Values over 0.05ms)
	Summary:
		Imports: total=2 (actual=2, local cache=0, cache server=0)
		Asset DB Process Time: managed=23 ms, native=429 ms
		Asset DB Callback time: managed=55 ms, native=1 ms
		Scripting: domain reloads=0, domain reload time=0 ms, compile time=0 ms, other=0 ms
		Project Asset Count: scripts=27, non-scripts=9
		Asset File Changes: new=0, changed=1, moved=0, deleted=0
		Scan Filter Count: 4
	Scan: 22.357ms
	Collect global state as custom dependencies: 1.054ms
	OnSourceAssetsModified: 2.876ms
	CategorizeAssets: 0.162ms
	ImportOutOfDateAssets: 408.074ms (0.221ms without children)
		ImportManagerImport: 406.444ms (1.881ms without children)
		UnloadImportedAssets: 0.369ms
		ReloadImportedAssets: 0.603ms
		ImportSchedulerStart: 1.021ms
	PostProcessAllAssets: 53.859ms
		MonoPostProcessAllAssets: 53.001ms
			StyleCatalogPostProcessor.OnPostprocessAllAssets 17.788ms
			AssetPostprocessor.OnPostprocessAllAssets 13.706ms
			BuilderAssetPostprocessor.OnPostprocessAllAssets 9.681ms
			AssetChangedListener.OnPostprocessAllAssets 3.581ms
			RetainedModeAssetPostprocessor.OnPostprocessAllAssets 2.283ms
			TextAssetPostProcessor.OnPostprocessAllAssets 1.004ms
			AssetEvents.OnPostprocessAllAssets 0.761ms
			ArtifactBrowserPostProcessor.OnPostprocessAllAssets 0.748ms
			AudioMixerPostprocessor.OnPostprocessAllAssets 0.495ms
			SpeedTreePostProcessor.OnPostprocessAllAssets 0.307ms
			ScenarioDriftAssetsTracker.OnPostprocessAllAssets 0.249ms
			ConfigAssetsTracker.OnPostprocessAllAssets 0.235ms
			AudioContainerPostProcessor.OnPostprocessAllAssets 0.130ms
			SyncVS.PostprocessSyncProject 0.080ms
	PostAssetChangesProfiler: 0.335ms
	UnloadStreamsBegin: 0.117ms
	PersistCurrentRevisions: 0.070ms
	Untracked: 21.114ms

Importing 'GUID: 20596c0d01caf624b8ecaaee0390141a - Path: Assets/Characters/Orvill_ShieldInfantry_01/Orvill_ShieldInfantry_01_LOD1_Apose.fbx' with importer (FBXImporter)
Imported 'GUID: 20596c0d01caf624b8ecaaee0390141a' -> (Import Result ID: '1e0d71464d69065bc61194c52e06fda3') in 0.159 seconds [static and dynamic dependencies]. Details - ImportResultOutputID=a0e5b9c5fb7bc1fa528cd898d92beb44 DependenciesID=5b4311696bbbd4dfa11ded3b2990b3a6 StaticDependenciesID=de1579f203b401c5d4eebdc3e5df6d2e 
Asset Pipeline Refresh (id=ebefcfa09a526544596ab46dfc42cbc9): Total: 0.199 seconds - Initiated by StopAssetImportingV2(NoUpdateAssetOptions)
Asset Pipeline Refresh (id=623a1c2cb226f7c4fb722893d50dc699): Total: 0.013 seconds - Initiated by StopAssetImportingV2(NoUpdateAssetOptions)
ORVILL_UNITY_VALIDATION=C:\Users\d.grab\Desktop\the-game\code\_build_orvill_v1\unity_humanoid_validation.json
UnityEngine.Debug:ExtractStackTraceNoAlloc (byte*,int,string)
UnityEngine.StackTraceUtility:ExtractStackTrace ()
UnityEngine.DebugLogHandler:Internal_Log (UnityEngine.LogType,UnityEngine.LogOption,string,UnityEngine.Object)
UnityEngine.DebugLogHandler:LogFormat (UnityEngine.LogType,UnityEngine.Object,string,object[])
UnityEngine.Logger:Log (UnityEngine.LogType,object)
UnityEngine.Debug:Log (object)
OrvillHumanoidValidator:Run () (at Assets/Editor/OrvillHumanoidValidator.cs:174)

(Filename: Assets/Editor/OrvillHumanoidValidator.cs Line: 174)

ORVILL_UNITY_PASSED=True
UnityEngine.Debug:ExtractStackTraceNoAlloc (byte*,int,string)
UnityEngine.StackTraceUtility:ExtractStackTrace ()
UnityEngine.DebugLogHandler:Internal_Log (UnityEngine.LogType,UnityEngine.LogOption,string,UnityEngine.Object)
UnityEngine.DebugLogHandler:LogFormat (UnityEngine.LogType,UnityEngine.Object,string,object[])
UnityEngine.Logger:Log (UnityEngine.LogType,object)
UnityEngine.Debug:Log (object)
OrvillHumanoidValidator:Run () (at Assets/Editor/OrvillHumanoidValidator.cs:175)

(Filename: Assets/Editor/OrvillHumanoidValidator.cs Line: 175)

Batchmode quit successfully invoked - shutting down!
[Physics::Module] Cleanup current backend.
[Physics::Module] Id: 0xf2b8ea05
Input System module state changed to: ShutdownInProgress.
Input Polling Thread exited.
Input System module state changed to: Shutdown.
[Licensing::IpcConnector] LicenseClient-d.grab-6000.5.10-notifications channel disconnected successfully.
[Licensing::IpcConnector] LicenseClient-d.grab-6000.5.10 channel disconnected successfully.
AcceleratorClientConnectionCallback - disconnected - :0
Cleanup mono
CodeReloadManager destroyed
Exiting batchmode successfully now!
Exiting without the bug reporter. Application will terminate with return code 0